[2024-08-27T06:49:54.203+0530][gc] Using G1
[2024-08-27T06:49:54.210+0530][gc,init] Version: 17.0.8+9-LTS-211 (release)
[2024-08-27T06:49:54.210+0530][gc,init] CPUs: 8 total, 8 available
[2024-08-27T06:49:54.210+0530][gc,init] Memory: 16384M
[2024-08-27T06:49:54.210+0530][gc,init] Large Page Support: Disabled
[2024-08-27T06:49:54.210+0530][gc,init] NUMA Support: Disabled
[2024-08-27T06:49:54.210+0530][gc,init] Compressed Oops: Enabled (Zero based)
[2024-08-27T06:49:54.210+0530][gc,init] Heap Region Size: 1M
[2024-08-27T06:49:54.210+0530][gc,init] Heap Min Capacity: 1G
[2024-08-27T06:49:54.210+0530][gc,init] Heap Initial Capacity: 1G
[2024-08-27T06:49:54.210+0530][gc,init] Heap Max Capacity: 1G
[2024-08-27T06:49:54.210+0530][gc,init] Pre-touch: Disabled
[2024-08-27T06:49:54.210+0530][gc,init] Parallel Workers: 8
[2024-08-27T06:49:54.210+0530][gc,init] Concurrent Workers: 2
[2024-08-27T06:49:54.210+0530][gc,init] Concurrent Refinement Workers: 8
[2024-08-27T06:49:54.210+0530][gc,init] Periodic GC: Disabled
[2024-08-27T06:49:54.218+0530][gc,metaspace] CDS archive(s) mapped at: [0x0000000129000000-0x0000000129be4000-0x0000000129be4000), size 12468224, SharedBaseAddress: 0x0000000129000000, ArchiveRelocationMode: 1.
[2024-08-27T06:49:54.218+0530][gc,metaspace] Compressed class space mapped at: 0x000000012a000000-0x000000016a000000, reserved size: 1073741824
[2024-08-27T06:49:54.218+0530][gc,metaspace] Narrow klass base: 0x0000000129000000, Narrow klass shift: 0, Narrow klass range: 0x100000000
[2024-08-27T06:49:55.400+0530][gc,start    ] GC(0) Pause Young (Normal) (G1 Evacuation Pause)
[2024-08-27T06:49:55.400+0530][gc,task     ] GC(0) Using 8 workers of 8 for evacuation
[2024-08-27T06:49:55.406+0530][gc,phases   ] GC(0)   Pre Evacuate Collection Set: 0.1ms
[2024-08-27T06:49:55.406+0530][gc,phases   ] GC(0)   Merge Heap Roots: 0.1ms
[2024-08-27T06:49:55.406+0530][gc,phases   ] GC(0)   Evacuate Collection Set: 4.8ms
[2024-08-27T06:49:55.406+0530][gc,phases   ] GC(0)   Post Evacuate Collection Set: 0.5ms
[2024-08-27T06:49:55.406+0530][gc,phases   ] GC(0)   Other: 0.6ms
[2024-08-27T06:49:55.406+0530][gc,heap     ] GC(0) Eden regions: 51->0(44)
[2024-08-27T06:49:55.406+0530][gc,heap     ] GC(0) Survivor regions: 0->7(7)
[2024-08-27T06:49:55.406+0530][gc,heap     ] GC(0) Old regions: 0->2
[2024-08-27T06:49:55.406+0530][gc,heap     ] GC(0) Archive regions: 2->2
[2024-08-27T06:49:55.406+0530][gc,heap     ] GC(0) Humongous regions: 0->0
[2024-08-27T06:49:55.406+0530][gc,metaspace] GC(0) Metaspace: 18349K(18496K)->18349K(18496K) NonClass: 16152K(16256K)->16152K(16256K) Class: 2197K(2240K)->2197K(2240K)
[2024-08-27T06:49:55.406+0530][gc          ] GC(0) Pause Young (Normal) (G1 Evacuation Pause) 51M->9M(1024M) 6.272ms
[2024-08-27T06:49:55.406+0530][gc,cpu      ] GC(0) User=0.03s Sys=0.01s Real=0.00s
[2024-08-27T06:49:55.605+0530][gc,start    ] GC(1) Pause Young (Concurrent Start) (Metadata GC Threshold)
[2024-08-27T06:49:55.605+0530][gc,task     ] GC(1) Using 8 workers of 8 for evacuation
[2024-08-27T06:49:55.610+0530][gc,phases   ] GC(1)   Pre Evacuate Collection Set: 0.1ms
[2024-08-27T06:49:55.610+0530][gc,phases   ] GC(1)   Merge Heap Roots: 0.1ms
[2024-08-27T06:49:55.610+0530][gc,phases   ] GC(1)   Evacuate Collection Set: 3.8ms
[2024-08-27T06:49:55.610+0530][gc,phases   ] GC(1)   Post Evacuate Collection Set: 0.4ms
[2024-08-27T06:49:55.610+0530][gc,phases   ] GC(1)   Other: 0.2ms
[2024-08-27T06:49:55.610+0530][gc,heap     ] GC(1) Eden regions: 12->0(49)
[2024-08-27T06:49:55.610+0530][gc,heap     ] GC(1) Survivor regions: 7->2(7)
[2024-08-27T06:49:55.610+0530][gc,heap     ] GC(1) Old regions: 2->8
[2024-08-27T06:49:55.610+0530][gc,heap     ] GC(1) Archive regions: 2->2
[2024-08-27T06:49:55.610+0530][gc,heap     ] GC(1) Humongous regions: 0->0
[2024-08-27T06:49:55.610+0530][gc,metaspace] GC(1) Metaspace: 21294K(21504K)->21294K(21504K) NonClass: 18734K(18880K)->18734K(18880K) Class: 2560K(2624K)->2560K(2624K)
[2024-08-27T06:49:55.610+0530][gc          ] GC(1) Pause Young (Concurrent Start) (Metadata GC Threshold) 20M->10M(1024M) 4.849ms
[2024-08-27T06:49:55.610+0530][gc,cpu      ] GC(1) User=0.02s Sys=0.01s Real=0.01s
[2024-08-27T06:49:55.610+0530][gc          ] GC(2) Concurrent Mark Cycle
[2024-08-27T06:49:55.610+0530][gc,marking  ] GC(2) Concurrent Clear Claimed Marks
[2024-08-27T06:49:55.610+0530][gc,marking  ] GC(2) Concurrent Clear Claimed Marks 0.038ms
[2024-08-27T06:49:55.611+0530][gc,marking  ] GC(2) Concurrent Scan Root Regions
[2024-08-27T06:49:55.613+0530][gc,marking  ] GC(2) Concurrent Scan Root Regions 2.357ms
[2024-08-27T06:49:55.613+0530][gc,marking  ] GC(2) Concurrent Mark
[2024-08-27T06:49:55.613+0530][gc,marking  ] GC(2) Concurrent Mark From Roots
[2024-08-27T06:49:55.613+0530][gc,task     ] GC(2) Using 2 workers of 2 for marking
[2024-08-27T06:49:55.614+0530][gc,marking  ] GC(2) Concurrent Mark From Roots 1.548ms
[2024-08-27T06:49:55.614+0530][gc,marking  ] GC(2) Concurrent Preclean
[2024-08-27T06:49:55.615+0530][gc,marking  ] GC(2) Concurrent Preclean 0.030ms
[2024-08-27T06:49:55.693+0530][gc,start    ] GC(2) Pause Remark
[2024-08-27T06:49:55.697+0530][gc          ] GC(2) Pause Remark 139M->139M(1024M) 3.126ms
[2024-08-27T06:49:55.697+0530][gc,cpu      ] GC(2) User=0.01s Sys=0.00s Real=0.00s
[2024-08-27T06:49:55.697+0530][gc,marking  ] GC(2) Concurrent Mark 83.877ms
[2024-08-27T06:49:55.697+0530][gc,marking  ] GC(2) Concurrent Rebuild Remembered Sets
[2024-08-27T06:49:55.697+0530][gc,marking  ] GC(2) Concurrent Rebuild Remembered Sets 0.017ms
[2024-08-27T06:49:55.697+0530][gc,start    ] GC(2) Pause Cleanup
[2024-08-27T06:49:55.697+0530][gc          ] GC(2) Pause Cleanup 139M->139M(1024M) 0.042ms
[2024-08-27T06:49:55.697+0530][gc,cpu      ] GC(2) User=0.00s Sys=0.00s Real=0.00s
[2024-08-27T06:49:55.697+0530][gc,marking  ] GC(2) Concurrent Cleanup for Next Mark
[2024-08-27T06:49:55.706+0530][gc,marking  ] GC(2) Concurrent Cleanup for Next Mark 8.613ms
[2024-08-27T06:49:55.706+0530][gc          ] GC(2) Concurrent Mark Cycle 95.397ms
[2024-08-27T06:49:56.291+0530][gc,start    ] GC(3) Pause Young (Normal) (G1 Evacuation Pause)
[2024-08-27T06:49:56.291+0530][gc,task     ] GC(3) Using 8 workers of 8 for evacuation
[2024-08-27T06:49:56.296+0530][gc,phases   ] GC(3)   Pre Evacuate Collection Set: 0.2ms
[2024-08-27T06:49:56.296+0530][gc,phases   ] GC(3)   Merge Heap Roots: 0.1ms
[2024-08-27T06:49:56.296+0530][gc,phases   ] GC(3)   Evacuate Collection Set: 4.4ms
[2024-08-27T06:49:56.296+0530][gc,phases   ] GC(3)   Post Evacuate Collection Set: 0.4ms
[2024-08-27T06:49:56.296+0530][gc,phases   ] GC(3)   Other: 0.2ms
[2024-08-27T06:49:56.296+0530][gc,heap     ] GC(3) Eden regions: 49->0(44)
[2024-08-27T06:49:56.296+0530][gc,heap     ] GC(3) Survivor regions: 2->7(7)
[2024-08-27T06:49:56.296+0530][gc,heap     ] GC(3) Old regions: 8->8
[2024-08-27T06:49:56.296+0530][gc,heap     ] GC(3) Archive regions: 2->2
[2024-08-27T06:49:56.296+0530][gc,heap     ] GC(3) Humongous regions: 129->129
[2024-08-27T06:49:56.296+0530][gc,metaspace] GC(3) Metaspace: 32548K(32768K)->32548K(32768K) NonClass: 28953K(29056K)->28953K(29056K) Class: 3594K(3712K)->3594K(3712K)
[2024-08-27T06:49:56.296+0530][gc          ] GC(3) Pause Young (Normal) (G1 Evacuation Pause) 188M->143M(1024M) 5.393ms
[2024-08-27T06:49:56.297+0530][gc,cpu      ] GC(3) User=0.02s Sys=0.00s Real=0.00s
[2024-08-27T06:50:02.876+0530][gc,start    ] GC(4) Pause Young (Concurrent Start) (Metadata GC Threshold)
[2024-08-27T06:50:02.881+0530][gc,task     ] GC(4) Using 8 workers of 8 for evacuation
[2024-08-27T06:50:02.907+0530][gc,mmu      ] GC(4) MMU target violated: 21.0ms (20.0ms/21.0ms)
[2024-08-27T06:50:02.907+0530][gc,phases   ] GC(4)   Pre Evacuate Collection Set: 0.1ms
[2024-08-27T06:50:02.907+0530][gc,phases   ] GC(4)   Merge Heap Roots: 0.2ms
[2024-08-27T06:50:02.907+0530][gc,phases   ] GC(4)   Evacuate Collection Set: 20.5ms
[2024-08-27T06:50:02.907+0530][gc,phases   ] GC(4)   Post Evacuate Collection Set: 0.5ms
[2024-08-27T06:50:02.907+0530][gc,phases   ] GC(4)   Other: 8.9ms
[2024-08-27T06:50:02.907+0530][gc,heap     ] GC(4) Eden regions: 15->0(49)
[2024-08-27T06:50:02.907+0530][gc,heap     ] GC(4) Survivor regions: 7->2(7)
[2024-08-27T06:50:02.907+0530][gc,heap     ] GC(4) Old regions: 8->14
[2024-08-27T06:50:02.907+0530][gc,heap     ] GC(4) Archive regions: 2->2
[2024-08-27T06:50:02.907+0530][gc,heap     ] GC(4) Humongous regions: 129->129
[2024-08-27T06:50:02.907+0530][gc,metaspace] GC(4) Metaspace: 35708K(35968K)->35708K(35968K) NonClass: 31688K(31808K)->31688K(31808K) Class: 4019K(4160K)->4019K(4160K)
[2024-08-27T06:50:02.907+0530][gc          ] GC(4) Pause Young (Concurrent Start) (Metadata GC Threshold) 158M->145M(1024M) 30.447ms
[2024-08-27T06:50:02.907+0530][gc,cpu      ] GC(4) User=0.05s Sys=0.01s Real=0.03s
[2024-08-27T06:50:02.907+0530][gc          ] GC(5) Concurrent Mark Cycle
[2024-08-27T06:50:02.907+0530][gc,marking  ] GC(5) Concurrent Clear Claimed Marks
[2024-08-27T06:50:02.907+0530][gc,marking  ] GC(5) Concurrent Clear Claimed Marks 0.040ms
[2024-08-27T06:50:02.907+0530][gc,marking  ] GC(5) Concurrent Scan Root Regions
[2024-08-27T06:50:02.914+0530][gc,marking  ] GC(5) Concurrent Scan Root Regions 7.322ms
[2024-08-27T06:50:02.918+0530][gc,marking  ] GC(5) Concurrent Mark
[2024-08-27T06:50:02.918+0530][gc,marking  ] GC(5) Concurrent Mark From Roots
[2024-08-27T06:50:02.918+0530][gc,task     ] GC(5) Using 2 workers of 2 for marking
[2024-08-27T06:50:02.928+0530][gc,marking  ] GC(5) Concurrent Mark From Roots 9.695ms
[2024-08-27T06:50:02.929+0530][gc,marking  ] GC(5) Concurrent Preclean
[2024-08-27T06:50:02.929+0530][gc,marking  ] GC(5) Concurrent Preclean 0.130ms
[2024-08-27T06:50:02.930+0530][gc,start    ] GC(5) Pause Remark
[2024-08-27T06:50:02.932+0530][gc          ] GC(5) Pause Remark 146M->146M(1024M) 2.240ms
[2024-08-27T06:50:02.932+0530][gc,cpu      ] GC(5) User=0.01s Sys=0.00s Real=0.00s
[2024-08-27T06:50:02.932+0530][gc,marking  ] GC(5) Concurrent Mark 14.152ms
[2024-08-27T06:50:02.932+0530][gc,marking  ] GC(5) Concurrent Rebuild Remembered Sets
[2024-08-27T06:50:02.940+0530][gc,marking  ] GC(5) Concurrent Rebuild Remembered Sets 7.624ms
[2024-08-27T06:50:02.940+0530][gc,start    ] GC(5) Pause Cleanup
[2024-08-27T06:50:02.940+0530][gc          ] GC(5) Pause Cleanup 146M->146M(1024M) 0.182ms
[2024-08-27T06:50:02.940+0530][gc,cpu      ] GC(5) User=0.00s Sys=0.00s Real=0.00s
[2024-08-27T06:50:02.941+0530][gc,marking  ] GC(5) Concurrent Cleanup for Next Mark
[2024-08-27T06:50:02.952+0530][gc,marking  ] GC(5) Concurrent Cleanup for Next Mark 11.281ms
[2024-08-27T06:50:02.952+0530][gc          ] GC(5) Concurrent Mark Cycle 44.841ms
[2024-08-27T06:59:36.432+0530][gc,start    ] GC(6) Pause Young (Normal) (G1 Evacuation Pause)
[2024-08-27T06:59:36.434+0530][gc,task     ] GC(6) Using 8 workers of 8 for evacuation
[2024-08-27T06:59:36.451+0530][gc,phases   ] GC(6)   Pre Evacuate Collection Set: 1.5ms
[2024-08-27T06:59:36.451+0530][gc,phases   ] GC(6)   Merge Heap Roots: 0.1ms
[2024-08-27T06:59:36.451+0530][gc,phases   ] GC(6)   Evacuate Collection Set: 14.7ms
[2024-08-27T06:59:36.451+0530][gc,phases   ] GC(6)   Post Evacuate Collection Set: 0.5ms
[2024-08-27T06:59:36.451+0530][gc,phases   ] GC(6)   Other: 2.5ms
[2024-08-27T06:59:36.451+0530][gc,heap     ] GC(6) Eden regions: 49->0(48)
[2024-08-27T06:59:36.451+0530][gc,heap     ] GC(6) Survivor regions: 2->3(7)
[2024-08-27T06:59:36.451+0530][gc,heap     ] GC(6) Old regions: 14->14
[2024-08-27T06:59:36.451+0530][gc,heap     ] GC(6) Archive regions: 2->2
[2024-08-27T06:59:36.451+0530][gc,heap     ] GC(6) Humongous regions: 129->129
[2024-08-27T06:59:36.451+0530][gc,metaspace] GC(6) Metaspace: 38947K(39360K)->38947K(39360K) NonClass: 34483K(34752K)->34483K(34752K) Class: 4464K(4608K)->4464K(4608K)
[2024-08-27T06:59:36.451+0530][gc          ] GC(6) Pause Young (Normal) (G1 Evacuation Pause) 194M->145M(1024M) 19.403ms
[2024-08-27T06:59:36.451+0530][gc,cpu      ] GC(6) User=0.02s Sys=0.05s Real=0.02s
[2024-08-27T07:12:18.802+0530][gc,start    ] GC(7) Pause Young (Normal) (G1 Evacuation Pause)
[2024-08-27T07:12:18.804+0530][gc,task     ] GC(7) Using 8 workers of 8 for evacuation
[2024-08-27T07:12:18.819+0530][gc,phases   ] GC(7)   Pre Evacuate Collection Set: 1.2ms
[2024-08-27T07:12:18.820+0530][gc,phases   ] GC(7)   Merge Heap Roots: 0.4ms
[2024-08-27T07:12:18.820+0530][gc,phases   ] GC(7)   Evacuate Collection Set: 12.7ms
[2024-08-27T07:12:18.820+0530][gc,phases   ] GC(7)   Post Evacuate Collection Set: 0.5ms
[2024-08-27T07:12:18.820+0530][gc,phases   ] GC(7)   Other: 2.1ms
[2024-08-27T07:12:18.820+0530][gc,heap     ] GC(7) Eden regions: 48->0(48)
[2024-08-27T07:12:18.820+0530][gc,heap     ] GC(7) Survivor regions: 3->3(7)
[2024-08-27T07:12:18.820+0530][gc,heap     ] GC(7) Old regions: 14->14
[2024-08-27T07:12:18.820+0530][gc,heap     ] GC(7) Archive regions: 2->2
[2024-08-27T07:12:18.820+0530][gc,heap     ] GC(7) Humongous regions: 129->129
[2024-08-27T07:12:18.820+0530][gc,metaspace] GC(7) Metaspace: 40161K(40640K)->40161K(40640K) NonClass: 35500K(35776K)->35500K(35776K) Class: 4660K(4864K)->4660K(4864K)
[2024-08-27T07:12:18.820+0530][gc          ] GC(7) Pause Young (Normal) (G1 Evacuation Pause) 193M->146M(1024M) 17.190ms
[2024-08-27T07:12:18.820+0530][gc,cpu      ] GC(7) User=0.02s Sys=0.04s Real=0.02s
[2024-08-27T07:25:53.852+0530][gc,start    ] GC(8) Pause Young (Normal) (G1 Evacuation Pause)
[2024-08-27T07:25:53.854+0530][gc,task     ] GC(8) Using 8 workers of 8 for evacuation
[2024-08-27T07:25:53.859+0530][gc,phases   ] GC(8)   Pre Evacuate Collection Set: 0.2ms
[2024-08-27T07:25:53.859+0530][gc,phases   ] GC(8)   Merge Heap Roots: 0.1ms
[2024-08-27T07:25:53.859+0530][gc,phases   ] GC(8)   Evacuate Collection Set: 4.2ms
[2024-08-27T07:25:53.859+0530][gc,phases   ] GC(8)   Post Evacuate Collection Set: 0.6ms
[2024-08-27T07:25:53.859+0530][gc,phases   ] GC(8)   Other: 2.1ms
[2024-08-27T07:25:53.859+0530][gc,heap     ] GC(8) Eden regions: 48->0(47)
[2024-08-27T07:25:53.859+0530][gc,heap     ] GC(8) Survivor regions: 3->4(7)
[2024-08-27T07:25:53.859+0530][gc,heap     ] GC(8) Old regions: 14->14
[2024-08-27T07:25:53.859+0530][gc,heap     ] GC(8) Archive regions: 2->2
[2024-08-27T07:25:53.859+0530][gc,heap     ] GC(8) Humongous regions: 129->129
[2024-08-27T07:25:53.859+0530][gc,metaspace] GC(8) Metaspace: 41265K(41792K)->41265K(41792K) NonClass: 36415K(36736K)->36415K(36736K) Class: 4849K(5056K)->4849K(5056K)
[2024-08-27T07:25:53.859+0530][gc          ] GC(8) Pause Young (Normal) (G1 Evacuation Pause) 194M->147M(1024M) 7.189ms
[2024-08-27T07:25:53.859+0530][gc,cpu      ] GC(8) User=0.01s Sys=0.01s Real=0.00s
[2024-08-27T07:41:22.938+0530][gc,start    ] GC(9) Pause Young (Normal) (G1 Evacuation Pause)
[2024-08-27T07:41:22.938+0530][gc,task     ] GC(9) Using 8 workers of 8 for evacuation
[2024-08-27T07:41:22.943+0530][gc,phases   ] GC(9)   Pre Evacuate Collection Set: 0.2ms
[2024-08-27T07:41:22.943+0530][gc,phases   ] GC(9)   Merge Heap Roots: 0.1ms
[2024-08-27T07:41:22.943+0530][gc,phases   ] GC(9)   Evacuate Collection Set: 3.7ms
[2024-08-27T07:41:22.943+0530][gc,phases   ] GC(9)   Post Evacuate Collection Set: 0.8ms
[2024-08-27T07:41:22.943+0530][gc,phases   ] GC(9)   Other: 0.5ms
[2024-08-27T07:41:22.943+0530][gc,heap     ] GC(9) Eden regions: 47->0(47)
[2024-08-27T07:41:22.943+0530][gc,heap     ] GC(9) Survivor regions: 4->4(7)
[2024-08-27T07:41:22.943+0530][gc,heap     ] GC(9) Old regions: 14->14
[2024-08-27T07:41:22.943+0530][gc,heap     ] GC(9) Archive regions: 2->2
[2024-08-27T07:41:22.943+0530][gc,heap     ] GC(9) Humongous regions: 129->129
[2024-08-27T07:41:22.943+0530][gc,metaspace] GC(9) Metaspace: 41434K(41984K)->41434K(41984K) NonClass: 36584K(36928K)->36584K(36928K) Class: 4849K(5056K)->4849K(5056K)
[2024-08-27T07:41:22.943+0530][gc          ] GC(9) Pause Young (Normal) (G1 Evacuation Pause) 194M->147M(1024M) 5.543ms
[2024-08-27T07:41:22.943+0530][gc,cpu      ] GC(9) User=0.03s Sys=0.01s Real=0.01s
[2024-08-27T07:56:56.770+0530][gc,start    ] GC(10) Pause Young (Normal) (G1 Evacuation Pause)
[2024-08-27T07:56:56.770+0530][gc,task     ] GC(10) Using 8 workers of 8 for evacuation
[2024-08-27T07:56:56.773+0530][gc,phases   ] GC(10)   Pre Evacuate Collection Set: 0.1ms
[2024-08-27T07:56:56.773+0530][gc,phases   ] GC(10)   Merge Heap Roots: 0.0ms
[2024-08-27T07:56:56.773+0530][gc,phases   ] GC(10)   Evacuate Collection Set: 2.6ms
[2024-08-27T07:56:56.774+0530][gc,phases   ] GC(10)   Post Evacuate Collection Set: 0.5ms
[2024-08-27T07:56:56.774+0530][gc,phases   ] GC(10)   Other: 0.3ms
[2024-08-27T07:56:56.774+0530][gc,heap     ] GC(10) Eden regions: 47->0(53)
[2024-08-27T07:56:56.774+0530][gc,heap     ] GC(10) Survivor regions: 4->4(7)
[2024-08-27T07:56:56.774+0530][gc,heap     ] GC(10) Old regions: 14->14
[2024-08-27T07:56:56.774+0530][gc,heap     ] GC(10) Archive regions: 2->2
[2024-08-27T07:56:56.774+0530][gc,heap     ] GC(10) Humongous regions: 129->129
[2024-08-27T07:56:56.774+0530][gc,metaspace] GC(10) Metaspace: 41731K(42240K)->41731K(42240K) NonClass: 36876K(37184K)->36876K(37184K) Class: 4854K(5056K)->4854K(5056K)
[2024-08-27T07:56:56.774+0530][gc          ] GC(10) Pause Young (Normal) (G1 Evacuation Pause) 194M->147M(1024M) 4.046ms
[2024-08-27T07:56:56.774+0530][gc,cpu      ] GC(10) User=0.02s Sys=0.00s Real=0.00s
[2024-08-27T08:17:12.811+0530][gc,start    ] GC(11) Pause Young (Normal) (G1 Evacuation Pause)
[2024-08-27T08:17:12.813+0530][gc,task     ] GC(11) Using 8 workers of 8 for evacuation
[2024-08-27T08:17:12.820+0530][gc,phases   ] GC(11)   Pre Evacuate Collection Set: 0.2ms
[2024-08-27T08:17:12.820+0530][gc,phases   ] GC(11)   Merge Heap Roots: 0.1ms
[2024-08-27T08:17:12.820+0530][gc,phases   ] GC(11)   Evacuate Collection Set: 5.3ms
[2024-08-27T08:17:12.820+0530][gc,phases   ] GC(11)   Post Evacuate Collection Set: 0.6ms
[2024-08-27T08:17:12.820+0530][gc,phases   ] GC(11)   Other: 2.2ms
[2024-08-27T08:17:12.820+0530][gc,heap     ] GC(11) Eden regions: 53->0(258)
[2024-08-27T08:17:12.820+0530][gc,heap     ] GC(11) Survivor regions: 4->4(8)
[2024-08-27T08:17:12.820+0530][gc,heap     ] GC(11) Old regions: 14->14
[2024-08-27T08:17:12.820+0530][gc,heap     ] GC(11) Archive regions: 2->2
[2024-08-27T08:17:12.820+0530][gc,heap     ] GC(11) Humongous regions: 129->129
[2024-08-27T08:17:12.820+0530][gc,metaspace] GC(11) Metaspace: 41812K(42304K)->41812K(42304K) NonClass: 36957K(37248K)->36957K(37248K) Class: 4854K(5056K)->4854K(5056K)
[2024-08-27T08:17:12.820+0530][gc          ] GC(11) Pause Young (Normal) (G1 Evacuation Pause) 200M->147M(1024M) 8.577ms
[2024-08-27T08:17:12.820+0530][gc,cpu      ] GC(11) User=0.02s Sys=0.01s Real=0.01s
[2024-08-27T09:29:20.550+0530][gc,heap,exit] Heap
[2024-08-27T09:29:20.552+0530][gc,heap,exit]  garbage-first heap   total 1048576K, used 210822K [0x00000007c0000000, 0x0000000800000000)
[2024-08-27T09:29:20.552+0530][gc,heap,exit]   region size 1024K, 63 young (64512K), 4 survivors (4096K)
[2024-08-27T09:29:20.552+0530][gc,heap,exit]  Metaspace       used 43061K, committed 43712K, reserved 1114112K
[2024-08-27T09:29:20.552+0530][gc,heap,exit]   class space    used 5084K, committed 5376K, reserved 1048576K
