[2024-08-27T06:40:05.260+0530][gc] Using G1
[2024-08-27T06:40:05.266+0530][gc,init] Version: 17.0.8+9-LTS-211 (release)
[2024-08-27T06:40:05.266+0530][gc,init] CPUs: 8 total, 8 available
[2024-08-27T06:40:05.266+0530][gc,init] Memory: 16384M
[2024-08-27T06:40:05.266+0530][gc,init] Large Page Support: Disabled
[2024-08-27T06:40:05.266+0530][gc,init] NUMA Support: Disabled
[2024-08-27T06:40:05.266+0530][gc,init] Compressed Oops: Enabled (Zero based)
[2024-08-27T06:40:05.266+0530][gc,init] Heap Region Size: 1M
[2024-08-27T06:40:05.267+0530][gc,init] Heap Min Capacity: 1G
[2024-08-27T06:40:05.267+0530][gc,init] Heap Initial Capacity: 1G
[2024-08-27T06:40:05.267+0530][gc,init] Heap Max Capacity: 1G
[2024-08-27T06:40:05.267+0530][gc,init] Pre-touch: Disabled
[2024-08-27T06:40:05.267+0530][gc,init] Parallel Workers: 8
[2024-08-27T06:40:05.267+0530][gc,init] Concurrent Workers: 2
[2024-08-27T06:40:05.267+0530][gc,init] Concurrent Refinement Workers: 8
[2024-08-27T06:40:05.267+0530][gc,init] Periodic GC: Disabled
[2024-08-27T06:40:05.273+0530][gc,metaspace] CDS archive(s) mapped at: [0x0000000124000000-0x0000000124be4000-0x0000000124be4000), size 12468224, SharedBaseAddress: 0x0000000124000000, ArchiveRelocationMode: 1.
[2024-08-27T06:40:05.273+0530][gc,metaspace] Compressed class space mapped at: 0x0000000125000000-0x0000000165000000, reserved size: 1073741824
[2024-08-27T06:40:05.273+0530][gc,metaspace] Narrow klass base: 0x0000000124000000, Narrow klass shift: 0, Narrow klass range: 0x100000000
[2024-08-27T06:40:06.682+0530][gc,start    ] GC(0) Pause Young (Normal) (G1 Evacuation Pause)
[2024-08-27T06:40:06.682+0530][gc,task     ] GC(0) Using 8 workers of 8 for evacuation
[2024-08-27T06:40:06.687+0530][gc,phases   ] GC(0)   Pre Evacuate Collection Set: 0.1ms
[2024-08-27T06:40:06.687+0530][gc,phases   ] GC(0)   Merge Heap Roots: 0.1ms
[2024-08-27T06:40:06.687+0530][gc,phases   ] GC(0)   Evacuate Collection Set: 4.0ms
[2024-08-27T06:40:06.687+0530][gc,phases   ] GC(0)   Post Evacuate Collection Set: 0.5ms
[2024-08-27T06:40:06.687+0530][gc,phases   ] GC(0)   Other: 0.6ms
[2024-08-27T06:40:06.687+0530][gc,heap     ] GC(0) Eden regions: 51->0(44)
[2024-08-27T06:40:06.687+0530][gc,heap     ] GC(0) Survivor regions: 0->7(7)
[2024-08-27T06:40:06.687+0530][gc,heap     ] GC(0) Old regions: 0->1
[2024-08-27T06:40:06.687+0530][gc,heap     ] GC(0) Archive regions: 2->2
[2024-08-27T06:40:06.687+0530][gc,heap     ] GC(0) Humongous regions: 0->0
[2024-08-27T06:40:06.687+0530][gc,metaspace] GC(0) Metaspace: 18363K(18560K)->18363K(18560K) NonClass: 16164K(16320K)->16164K(16320K) Class: 2199K(2240K)->2199K(2240K)
[2024-08-27T06:40:06.687+0530][gc          ] GC(0) Pause Young (Normal) (G1 Evacuation Pause) 51M->8M(1024M) 5.525ms
[2024-08-27T06:40:06.687+0530][gc,cpu      ] GC(0) User=0.03s Sys=0.01s Real=0.00s
[2024-08-27T06:40:06.944+0530][gc,start    ] GC(1) Pause Young (Concurrent Start) (Metadata GC Threshold)
[2024-08-27T06:40:06.944+0530][gc,task     ] GC(1) Using 8 workers of 8 for evacuation
[2024-08-27T06:40:06.952+0530][gc,phases   ] GC(1)   Pre Evacuate Collection Set: 0.1ms
[2024-08-27T06:40:06.952+0530][gc,phases   ] GC(1)   Merge Heap Roots: 0.1ms
[2024-08-27T06:40:06.953+0530][gc,phases   ] GC(1)   Evacuate Collection Set: 7.5ms
[2024-08-27T06:40:06.953+0530][gc,phases   ] GC(1)   Post Evacuate Collection Set: 0.6ms
[2024-08-27T06:40:06.953+0530][gc,phases   ] GC(1)   Other: 0.3ms
[2024-08-27T06:40:06.953+0530][gc,heap     ] GC(1) Eden regions: 12->0(49)
[2024-08-27T06:40:06.953+0530][gc,heap     ] GC(1) Survivor regions: 7->2(7)
[2024-08-27T06:40:06.953+0530][gc,heap     ] GC(1) Old regions: 1->8
[2024-08-27T06:40:06.953+0530][gc,heap     ] GC(1) Archive regions: 2->2
[2024-08-27T06:40:06.953+0530][gc,heap     ] GC(1) Humongous regions: 0->0
[2024-08-27T06:40:06.953+0530][gc,metaspace] GC(1) Metaspace: 21283K(21504K)->21283K(21504K) NonClass: 18713K(18816K)->18713K(18816K) Class: 2570K(2688K)->2570K(2688K)
[2024-08-27T06:40:06.953+0530][gc          ] GC(1) Pause Young (Concurrent Start) (Metadata GC Threshold) 20M->10M(1024M) 8.716ms
[2024-08-27T06:40:06.953+0530][gc,cpu      ] GC(1) User=0.04s Sys=0.02s Real=0.01s
[2024-08-27T06:40:06.953+0530][gc          ] GC(2) Concurrent Mark Cycle
[2024-08-27T06:40:06.953+0530][gc,marking  ] GC(2) Concurrent Clear Claimed Marks
[2024-08-27T06:40:06.953+0530][gc,marking  ] GC(2) Concurrent Clear Claimed Marks 0.060ms
[2024-08-27T06:40:06.953+0530][gc,marking  ] GC(2) Concurrent Scan Root Regions
[2024-08-27T06:40:06.957+0530][gc,marking  ] GC(2) Concurrent Scan Root Regions 3.578ms
[2024-08-27T06:40:06.957+0530][gc,marking  ] GC(2) Concurrent Mark
[2024-08-27T06:40:06.957+0530][gc,marking  ] GC(2) Concurrent Mark From Roots
[2024-08-27T06:40:06.957+0530][gc,task     ] GC(2) Using 2 workers of 2 for marking
[2024-08-27T06:40:06.959+0530][gc,marking  ] GC(2) Concurrent Mark From Roots 1.698ms
[2024-08-27T06:40:06.959+0530][gc,marking  ] GC(2) Concurrent Preclean
[2024-08-27T06:40:06.959+0530][gc,marking  ] GC(2) Concurrent Preclean 0.032ms
[2024-08-27T06:40:06.959+0530][gc,start    ] GC(2) Pause Remark
[2024-08-27T06:40:06.960+0530][gc          ] GC(2) Pause Remark 10M->10M(1024M) 1.467ms
[2024-08-27T06:40:06.960+0530][gc,cpu      ] GC(2) User=0.00s Sys=0.00s Real=0.01s
[2024-08-27T06:40:06.960+0530][gc,marking  ] GC(2) Concurrent Mark 3.573ms
[2024-08-27T06:40:06.960+0530][gc,marking  ] GC(2) Concurrent Rebuild Remembered Sets
[2024-08-27T06:40:06.963+0530][gc,marking  ] GC(2) Concurrent Rebuild Remembered Sets 2.418ms
[2024-08-27T06:40:06.963+0530][gc,start    ] GC(2) Pause Cleanup
[2024-08-27T06:40:06.963+0530][gc          ] GC(2) Pause Cleanup 10M->10M(1024M) 0.179ms
[2024-08-27T06:40:06.963+0530][gc,cpu      ] GC(2) User=0.00s Sys=0.00s Real=0.00s
[2024-08-27T06:40:06.963+0530][gc,marking  ] GC(2) Concurrent Cleanup for Next Mark
[2024-08-27T06:40:06.968+0530][gc,marking  ] GC(2) Concurrent Cleanup for Next Mark 5.299ms
[2024-08-27T06:40:06.969+0530][gc          ] GC(2) Concurrent Mark Cycle 15.600ms
[2024-08-27T06:40:07.801+0530][gc,start    ] GC(3) Pause Young (Normal) (G1 Evacuation Pause)
[2024-08-27T06:40:07.801+0530][gc,task     ] GC(3) Using 8 workers of 8 for evacuation
[2024-08-27T06:40:07.805+0530][gc,phases   ] GC(3)   Pre Evacuate Collection Set: 0.2ms
[2024-08-27T06:40:07.805+0530][gc,phases   ] GC(3)   Merge Heap Roots: 0.1ms
[2024-08-27T06:40:07.805+0530][gc,phases   ] GC(3)   Evacuate Collection Set: 3.6ms
[2024-08-27T06:40:07.805+0530][gc,phases   ] GC(3)   Post Evacuate Collection Set: 0.4ms
[2024-08-27T06:40:07.805+0530][gc,phases   ] GC(3)   Other: 0.2ms
[2024-08-27T06:40:07.805+0530][gc,heap     ] GC(3) Eden regions: 49->0(44)
[2024-08-27T06:40:07.805+0530][gc,heap     ] GC(3) Survivor regions: 2->7(7)
[2024-08-27T06:40:07.805+0530][gc,heap     ] GC(3) Old regions: 8->8
[2024-08-27T06:40:07.805+0530][gc,heap     ] GC(3) Archive regions: 2->2
[2024-08-27T06:40:07.805+0530][gc,heap     ] GC(3) Humongous regions: 129->129
[2024-08-27T06:40:07.805+0530][gc,metaspace] GC(3) Metaspace: 32403K(32704K)->32403K(32704K) NonClass: 28753K(28928K)->28753K(28928K) Class: 3649K(3776K)->3649K(3776K)
[2024-08-27T06:40:07.805+0530][gc          ] GC(3) Pause Young (Normal) (G1 Evacuation Pause) 188M->144M(1024M) 4.530ms
[2024-08-27T06:40:07.805+0530][gc,cpu      ] GC(3) User=0.03s Sys=0.00s Real=0.00s
[2024-08-27T06:40:08.212+0530][gc,start    ] GC(4) Pause Young (Concurrent Start) (Metadata GC Threshold)
[2024-08-27T06:40:08.212+0530][gc,task     ] GC(4) Using 8 workers of 8 for evacuation
[2024-08-27T06:40:08.219+0530][gc,phases   ] GC(4)   Pre Evacuate Collection Set: 0.1ms
[2024-08-27T06:40:08.220+0530][gc,phases   ] GC(4)   Merge Heap Roots: 0.1ms
[2024-08-27T06:40:08.220+0530][gc,phases   ] GC(4)   Evacuate Collection Set: 6.4ms
[2024-08-27T06:40:08.220+0530][gc,phases   ] GC(4)   Post Evacuate Collection Set: 0.4ms
[2024-08-27T06:40:08.220+0530][gc,phases   ] GC(4)   Other: 0.2ms
[2024-08-27T06:40:08.220+0530][gc,heap     ] GC(4) Eden regions: 17->0(49)
[2024-08-27T06:40:08.220+0530][gc,heap     ] GC(4) Survivor regions: 7->2(7)
[2024-08-27T06:40:08.220+0530][gc,heap     ] GC(4) Old regions: 8->14
[2024-08-27T06:40:08.221+0530][gc,heap     ] GC(4) Archive regions: 2->2
[2024-08-27T06:40:08.221+0530][gc,heap     ] GC(4) Humongous regions: 129->129
[2024-08-27T06:40:08.221+0530][gc,metaspace] GC(4) Metaspace: 35680K(35968K)->35680K(35968K) NonClass: 31626K(31744K)->31626K(31744K) Class: 4054K(4224K)->4054K(4224K)
[2024-08-27T06:40:08.221+0530][gc          ] GC(4) Pause Young (Concurrent Start) (Metadata GC Threshold) 160M->145M(1024M) 8.731ms
[2024-08-27T06:40:08.221+0530][gc,cpu      ] GC(4) User=0.04s Sys=0.01s Real=0.01s
[2024-08-27T06:40:08.221+0530][gc          ] GC(5) Concurrent Mark Cycle
[2024-08-27T06:40:08.221+0530][gc,marking  ] GC(5) Concurrent Clear Claimed Marks
[2024-08-27T06:40:08.221+0530][gc,marking  ] GC(5) Concurrent Clear Claimed Marks 0.035ms
[2024-08-27T06:40:08.221+0530][gc,marking  ] GC(5) Concurrent Scan Root Regions
[2024-08-27T06:40:08.224+0530][gc,marking  ] GC(5) Concurrent Scan Root Regions 3.477ms
[2024-08-27T06:40:08.224+0530][gc,marking  ] GC(5) Concurrent Mark
[2024-08-27T06:40:08.224+0530][gc,marking  ] GC(5) Concurrent Mark From Roots
[2024-08-27T06:40:08.224+0530][gc,task     ] GC(5) Using 2 workers of 2 for marking
[2024-08-27T06:40:08.231+0530][gc,marking  ] GC(5) Concurrent Mark From Roots 6.321ms
[2024-08-27T06:40:08.232+0530][gc,marking  ] GC(5) Concurrent Preclean
[2024-08-27T06:40:08.232+0530][gc,marking  ] GC(5) Concurrent Preclean 0.118ms
[2024-08-27T06:40:08.232+0530][gc,start    ] GC(5) Pause Remark
[2024-08-27T06:40:08.233+0530][gc          ] GC(5) Pause Remark 146M->146M(1024M) 1.661ms
[2024-08-27T06:40:08.234+0530][gc,cpu      ] GC(5) User=0.01s Sys=0.00s Real=0.00s
[2024-08-27T06:40:08.234+0530][gc,marking  ] GC(5) Concurrent Mark 9.235ms
[2024-08-27T06:40:08.234+0530][gc,marking  ] GC(5) Concurrent Rebuild Remembered Sets
[2024-08-27T06:40:08.234+0530][gc,marking  ] GC(5) Concurrent Rebuild Remembered Sets 0.011ms
[2024-08-27T06:40:08.234+0530][gc,start    ] GC(5) Pause Cleanup
[2024-08-27T06:40:08.234+0530][gc          ] GC(5) Pause Cleanup 146M->146M(1024M) 0.039ms
[2024-08-27T06:40:08.234+0530][gc,cpu      ] GC(5) User=0.00s Sys=0.00s Real=0.00s
[2024-08-27T06:40:08.234+0530][gc,marking  ] GC(5) Concurrent Cleanup for Next Mark
[2024-08-27T06:40:08.238+0530][gc,marking  ] GC(5) Concurrent Cleanup for Next Mark 4.564ms
[2024-08-27T06:40:08.239+0530][gc          ] GC(5) Concurrent Mark Cycle 17.778ms
[2024-08-27T06:45:35.335+0530][gc,start    ] GC(6) Pause Young (Normal) (G1 Evacuation Pause)
[2024-08-27T06:45:35.335+0530][gc,task     ] GC(6) Using 8 workers of 8 for evacuation
[2024-08-27T06:45:35.340+0530][gc,phases   ] GC(6)   Pre Evacuate Collection Set: 0.1ms
[2024-08-27T06:45:35.340+0530][gc,phases   ] GC(6)   Merge Heap Roots: 0.1ms
[2024-08-27T06:45:35.340+0530][gc,phases   ] GC(6)   Evacuate Collection Set: 4.0ms
[2024-08-27T06:45:35.340+0530][gc,phases   ] GC(6)   Post Evacuate Collection Set: 0.6ms
[2024-08-27T06:45:35.340+0530][gc,phases   ] GC(6)   Other: 0.3ms
[2024-08-27T06:45:35.340+0530][gc,heap     ] GC(6) Eden regions: 49->0(47)
[2024-08-27T06:45:35.340+0530][gc,heap     ] GC(6) Survivor regions: 2->4(7)
[2024-08-27T06:45:35.340+0530][gc,heap     ] GC(6) Old regions: 14->14
[2024-08-27T06:45:35.340+0530][gc,heap     ] GC(6) Archive regions: 2->2
[2024-08-27T06:45:35.340+0530][gc,heap     ] GC(6) Humongous regions: 129->129
[2024-08-27T06:45:35.340+0530][gc,metaspace] GC(6) Metaspace: 40971K(41472K)->40971K(41472K) NonClass: 36042K(36352K)->36042K(36352K) Class: 4929K(5120K)->4929K(5120K)
[2024-08-27T06:45:35.340+0530][gc          ] GC(6) Pause Young (Normal) (G1 Evacuation Pause) 194M->147M(1024M) 5.339ms
[2024-08-27T06:45:35.340+0530][gc,cpu      ] GC(6) User=0.03s Sys=0.00s Real=0.01s
[2024-08-27T06:45:35.660+0530][gc,heap,exit] Heap
[2024-08-27T06:45:35.660+0530][gc,heap,exit]  garbage-first heap   total 1048576K, used 163039K [0x00000007c0000000, 0x0000000800000000)
[2024-08-27T06:45:35.660+0530][gc,heap,exit]   region size 1024K, 17 young (17408K), 4 survivors (4096K)
[2024-08-27T06:45:35.660+0530][gc,heap,exit]  Metaspace       used 41842K, committed 42304K, reserved 1114112K
[2024-08-27T06:45:35.660+0530][gc,heap,exit]   class space    used 5115K, committed 5312K, reserved 1048576K
