[2024-08-27T06:45:52.043+0530][gc] Using G1
[2024-08-27T06:45:52.049+0530][gc,init] Version: 17.0.8+9-LTS-211 (release)
[2024-08-27T06:45:52.049+0530][gc,init] CPUs: 8 total, 8 available
[2024-08-27T06:45:52.049+0530][gc,init] Memory: 16384M
[2024-08-27T06:45:52.049+0530][gc,init] Large Page Support: Disabled
[2024-08-27T06:45:52.049+0530][gc,init] NUMA Support: Disabled
[2024-08-27T06:45:52.049+0530][gc,init] Compressed Oops: Enabled (Zero based)
[2024-08-27T06:45:52.049+0530][gc,init] Heap Region Size: 1M
[2024-08-27T06:45:52.049+0530][gc,init] Heap Min Capacity: 1G
[2024-08-27T06:45:52.049+0530][gc,init] Heap Initial Capacity: 1G
[2024-08-27T06:45:52.049+0530][gc,init] Heap Max Capacity: 1G
[2024-08-27T06:45:52.049+0530][gc,init] Pre-touch: Disabled
[2024-08-27T06:45:52.049+0530][gc,init] Parallel Workers: 8
[2024-08-27T06:45:52.049+0530][gc,init] Concurrent Workers: 2
[2024-08-27T06:45:52.049+0530][gc,init] Concurrent Refinement Workers: 8
[2024-08-27T06:45:52.049+0530][gc,init] Periodic GC: Disabled
[2024-08-27T06:45:52.057+0530][gc,metaspace] CDS archive(s) mapped at: [0x0000000124000000-0x0000000124be4000-0x0000000124be4000), size 12468224, SharedBaseAddress: 0x0000000124000000, ArchiveRelocationMode: 1.
[2024-08-27T06:45:52.057+0530][gc,metaspace] Compressed class space mapped at: 0x0000000125000000-0x0000000165000000, reserved size: 1073741824
[2024-08-27T06:45:52.057+0530][gc,metaspace] Narrow klass base: 0x0000000124000000, Narrow klass shift: 0, Narrow klass range: 0x100000000
[2024-08-27T06:45:53.523+0530][gc,start    ] GC(0) Pause Young (Normal) (G1 Evacuation Pause)
[2024-08-27T06:45:53.524+0530][gc,task     ] GC(0) Using 8 workers of 8 for evacuation
[2024-08-27T06:45:53.529+0530][gc,phases   ] GC(0)   Pre Evacuate Collection Set: 0.1ms
[2024-08-27T06:45:53.529+0530][gc,phases   ] GC(0)   Merge Heap Roots: 0.1ms
[2024-08-27T06:45:53.529+0530][gc,phases   ] GC(0)   Evacuate Collection Set: 4.2ms
[2024-08-27T06:45:53.529+0530][gc,phases   ] GC(0)   Post Evacuate Collection Set: 0.4ms
[2024-08-27T06:45:53.529+0530][gc,phases   ] GC(0)   Other: 0.6ms
[2024-08-27T06:45:53.529+0530][gc,heap     ] GC(0) Eden regions: 51->0(44)
[2024-08-27T06:45:53.529+0530][gc,heap     ] GC(0) Survivor regions: 0->7(7)
[2024-08-27T06:45:53.529+0530][gc,heap     ] GC(0) Old regions: 0->1
[2024-08-27T06:45:53.529+0530][gc,heap     ] GC(0) Archive regions: 2->2
[2024-08-27T06:45:53.529+0530][gc,heap     ] GC(0) Humongous regions: 0->0
[2024-08-27T06:45:53.529+0530][gc,metaspace] GC(0) Metaspace: 18375K(18560K)->18375K(18560K) NonClass: 16177K(16320K)->16177K(16320K) Class: 2198K(2240K)->2198K(2240K)
[2024-08-27T06:45:53.529+0530][gc          ] GC(0) Pause Young (Normal) (G1 Evacuation Pause) 51M->8M(1024M) 5.594ms
[2024-08-27T06:45:53.529+0530][gc,cpu      ] GC(0) User=0.03s Sys=0.00s Real=0.00s
[2024-08-27T06:45:53.740+0530][gc,start    ] GC(1) Pause Young (Concurrent Start) (Metadata GC Threshold)
[2024-08-27T06:45:53.740+0530][gc,task     ] GC(1) Using 8 workers of 8 for evacuation
[2024-08-27T06:45:53.745+0530][gc,phases   ] GC(1)   Pre Evacuate Collection Set: 0.1ms
[2024-08-27T06:45:53.745+0530][gc,phases   ] GC(1)   Merge Heap Roots: 0.1ms
[2024-08-27T06:45:53.745+0530][gc,phases   ] GC(1)   Evacuate Collection Set: 4.1ms
[2024-08-27T06:45:53.745+0530][gc,phases   ] GC(1)   Post Evacuate Collection Set: 0.3ms
[2024-08-27T06:45:53.745+0530][gc,phases   ] GC(1)   Other: 0.2ms
[2024-08-27T06:45:53.745+0530][gc,heap     ] GC(1) Eden regions: 12->0(49)
[2024-08-27T06:45:53.745+0530][gc,heap     ] GC(1) Survivor regions: 7->2(7)
[2024-08-27T06:45:53.745+0530][gc,heap     ] GC(1) Old regions: 1->8
[2024-08-27T06:45:53.745+0530][gc,heap     ] GC(1) Archive regions: 2->2
[2024-08-27T06:45:53.745+0530][gc,heap     ] GC(1) Humongous regions: 0->0
[2024-08-27T06:45:53.745+0530][gc,metaspace] GC(1) Metaspace: 21285K(21504K)->21285K(21504K) NonClass: 18712K(18816K)->18712K(18816K) Class: 2572K(2688K)->2572K(2688K)
[2024-08-27T06:45:53.745+0530][gc          ] GC(1) Pause Young (Concurrent Start) (Metadata GC Threshold) 20M->9M(1024M) 4.940ms
[2024-08-27T06:45:53.745+0530][gc,cpu      ] GC(1) User=0.02s Sys=0.01s Real=0.00s
[2024-08-27T06:45:53.745+0530][gc          ] GC(2) Concurrent Mark Cycle
[2024-08-27T06:45:53.745+0530][gc,marking  ] GC(2) Concurrent Clear Claimed Marks
[2024-08-27T06:45:53.745+0530][gc,marking  ] GC(2) Concurrent Clear Claimed Marks 0.017ms
[2024-08-27T06:45:53.745+0530][gc,marking  ] GC(2) Concurrent Scan Root Regions
[2024-08-27T06:45:53.747+0530][gc,marking  ] GC(2) Concurrent Scan Root Regions 2.378ms
[2024-08-27T06:45:53.747+0530][gc,marking  ] GC(2) Concurrent Mark
[2024-08-27T06:45:53.747+0530][gc,marking  ] GC(2) Concurrent Mark From Roots
[2024-08-27T06:45:53.747+0530][gc,task     ] GC(2) Using 2 workers of 2 for marking
[2024-08-27T06:45:53.749+0530][gc,marking  ] GC(2) Concurrent Mark From Roots 1.416ms
[2024-08-27T06:45:53.749+0530][gc,marking  ] GC(2) Concurrent Preclean
[2024-08-27T06:45:53.749+0530][gc,marking  ] GC(2) Concurrent Preclean 0.030ms
[2024-08-27T06:45:53.749+0530][gc,start    ] GC(2) Pause Remark
[2024-08-27T06:45:53.750+0530][gc          ] GC(2) Pause Remark 10M->10M(1024M) 1.449ms
[2024-08-27T06:45:53.751+0530][gc,cpu      ] GC(2) User=0.00s Sys=0.00s Real=0.01s
[2024-08-27T06:45:53.751+0530][gc,marking  ] GC(2) Concurrent Mark 3.190ms
[2024-08-27T06:45:53.751+0530][gc,marking  ] GC(2) Concurrent Rebuild Remembered Sets
[2024-08-27T06:45:53.753+0530][gc,marking  ] GC(2) Concurrent Rebuild Remembered Sets 2.808ms
[2024-08-27T06:45:53.754+0530][gc,start    ] GC(2) Pause Cleanup
[2024-08-27T06:45:53.754+0530][gc          ] GC(2) Pause Cleanup 10M->10M(1024M) 0.124ms
[2024-08-27T06:45:53.754+0530][gc,cpu      ] GC(2) User=0.00s Sys=0.00s Real=0.00s
[2024-08-27T06:45:53.754+0530][gc,marking  ] GC(2) Concurrent Cleanup for Next Mark
[2024-08-27T06:45:53.759+0530][gc,marking  ] GC(2) Concurrent Cleanup for Next Mark 4.752ms
[2024-08-27T06:45:53.759+0530][gc          ] GC(2) Concurrent Mark Cycle 13.679ms
[2024-08-27T06:45:54.776+0530][gc,start    ] GC(3) Pause Young (Normal) (G1 Evacuation Pause)
[2024-08-27T06:45:54.776+0530][gc,task     ] GC(3) Using 8 workers of 8 for evacuation
[2024-08-27T06:45:54.779+0530][gc,phases   ] GC(3)   Pre Evacuate Collection Set: 0.1ms
[2024-08-27T06:45:54.779+0530][gc,phases   ] GC(3)   Merge Heap Roots: 0.1ms
[2024-08-27T06:45:54.779+0530][gc,phases   ] GC(3)   Evacuate Collection Set: 2.7ms
[2024-08-27T06:45:54.779+0530][gc,phases   ] GC(3)   Post Evacuate Collection Set: 0.4ms
[2024-08-27T06:45:54.779+0530][gc,phases   ] GC(3)   Other: 0.1ms
[2024-08-27T06:45:54.779+0530][gc,heap     ] GC(3) Eden regions: 49->0(46)
[2024-08-27T06:45:54.779+0530][gc,heap     ] GC(3) Survivor regions: 2->5(7)
[2024-08-27T06:45:54.779+0530][gc,heap     ] GC(3) Old regions: 8->8
[2024-08-27T06:45:54.779+0530][gc,heap     ] GC(3) Archive regions: 2->2
[2024-08-27T06:45:54.779+0530][gc,heap     ] GC(3) Humongous regions: 129->129
[2024-08-27T06:45:54.779+0530][gc,metaspace] GC(3) Metaspace: 29099K(29312K)->29099K(29312K) NonClass: 25780K(25920K)->25780K(25920K) Class: 3318K(3392K)->3318K(3392K)
[2024-08-27T06:45:54.779+0530][gc          ] GC(3) Pause Young (Normal) (G1 Evacuation Pause) 187M->141M(1024M) 3.540ms
[2024-08-27T06:45:54.779+0530][gc,cpu      ] GC(3) User=0.02s Sys=0.00s Real=0.00s
[2024-08-27T06:45:55.160+0530][gc,start    ] GC(4) Pause Young (Concurrent Start) (Metadata GC Threshold)
[2024-08-27T06:45:55.160+0530][gc,task     ] GC(4) Using 8 workers of 8 for evacuation
[2024-08-27T06:45:55.167+0530][gc,phases   ] GC(4)   Pre Evacuate Collection Set: 0.1ms
[2024-08-27T06:45:55.167+0530][gc,phases   ] GC(4)   Merge Heap Roots: 0.1ms
[2024-08-27T06:45:55.167+0530][gc,phases   ] GC(4)   Evacuate Collection Set: 5.9ms
[2024-08-27T06:45:55.167+0530][gc,phases   ] GC(4)   Post Evacuate Collection Set: 0.5ms
[2024-08-27T06:45:55.167+0530][gc,phases   ] GC(4)   Other: 0.2ms
[2024-08-27T06:45:55.167+0530][gc,heap     ] GC(4) Eden regions: 33->0(47)
[2024-08-27T06:45:55.167+0530][gc,heap     ] GC(4) Survivor regions: 5->4(7)
[2024-08-27T06:45:55.167+0530][gc,heap     ] GC(4) Old regions: 8->12
[2024-08-27T06:45:55.167+0530][gc,heap     ] GC(4) Archive regions: 2->2
[2024-08-27T06:45:55.167+0530][gc,heap     ] GC(4) Humongous regions: 129->129
[2024-08-27T06:45:55.167+0530][gc,metaspace] GC(4) Metaspace: 35845K(36096K)->35845K(36096K) NonClass: 31810K(31936K)->31810K(31936K) Class: 4035K(4160K)->4035K(4160K)
[2024-08-27T06:45:55.168+0530][gc          ] GC(4) Pause Young (Concurrent Start) (Metadata GC Threshold) 174M->145M(1024M) 7.108ms
[2024-08-27T06:45:55.168+0530][gc,cpu      ] GC(4) User=0.05s Sys=0.01s Real=0.00s
[2024-08-27T06:45:55.168+0530][gc          ] GC(5) Concurrent Mark Cycle
[2024-08-27T06:45:55.168+0530][gc,marking  ] GC(5) Concurrent Clear Claimed Marks
[2024-08-27T06:45:55.168+0530][gc,marking  ] GC(5) Concurrent Clear Claimed Marks 0.034ms
[2024-08-27T06:45:55.168+0530][gc,marking  ] GC(5) Concurrent Scan Root Regions
[2024-08-27T06:45:55.172+0530][gc,marking  ] GC(5) Concurrent Scan Root Regions 4.646ms
[2024-08-27T06:45:55.172+0530][gc,marking  ] GC(5) Concurrent Mark
[2024-08-27T06:45:55.172+0530][gc,marking  ] GC(5) Concurrent Mark From Roots
[2024-08-27T06:45:55.172+0530][gc,task     ] GC(5) Using 2 workers of 2 for marking
[2024-08-27T06:45:55.179+0530][gc,marking  ] GC(5) Concurrent Mark From Roots 6.354ms
[2024-08-27T06:45:55.179+0530][gc,marking  ] GC(5) Concurrent Preclean
[2024-08-27T06:45:55.179+0530][gc,marking  ] GC(5) Concurrent Preclean 0.071ms
[2024-08-27T06:45:55.179+0530][gc,start    ] GC(5) Pause Remark
[2024-08-27T06:45:55.180+0530][gc          ] GC(5) Pause Remark 146M->146M(1024M) 1.421ms
[2024-08-27T06:45:55.181+0530][gc,cpu      ] GC(5) User=0.01s Sys=0.00s Real=0.01s
[2024-08-27T06:45:55.181+0530][gc,marking  ] GC(5) Concurrent Mark 8.167ms
[2024-08-27T06:45:55.181+0530][gc,marking  ] GC(5) Concurrent Rebuild Remembered Sets
[2024-08-27T06:45:55.181+0530][gc,marking  ] GC(5) Concurrent Rebuild Remembered Sets 0.042ms
[2024-08-27T06:45:55.181+0530][gc,start    ] GC(5) Pause Cleanup
[2024-08-27T06:45:55.181+0530][gc          ] GC(5) Pause Cleanup 146M->146M(1024M) 0.040ms
[2024-08-27T06:45:55.181+0530][gc,cpu      ] GC(5) User=0.00s Sys=0.00s Real=0.00s
[2024-08-27T06:45:55.181+0530][gc,marking  ] GC(5) Concurrent Cleanup for Next Mark
[2024-08-27T06:45:55.188+0530][gc,marking  ] GC(5) Concurrent Cleanup for Next Mark 6.614ms
[2024-08-27T06:45:55.188+0530][gc          ] GC(5) Concurrent Mark Cycle 19.953ms
[2024-08-27T06:45:57.352+0530][gc,start    ] GC(6) Pause Young (Normal) (G1 Evacuation Pause)
[2024-08-27T06:45:57.352+0530][gc,task     ] GC(6) Using 8 workers of 8 for evacuation
[2024-08-27T06:45:57.357+0530][gc,phases   ] GC(6)   Pre Evacuate Collection Set: 0.1ms
[2024-08-27T06:45:57.357+0530][gc,phases   ] GC(6)   Merge Heap Roots: 0.1ms
[2024-08-27T06:45:57.357+0530][gc,phases   ] GC(6)   Evacuate Collection Set: 4.0ms
[2024-08-27T06:45:57.357+0530][gc,phases   ] GC(6)   Post Evacuate Collection Set: 0.4ms
[2024-08-27T06:45:57.357+0530][gc,phases   ] GC(6)   Other: 0.1ms
[2024-08-27T06:45:57.357+0530][gc,heap     ] GC(6) Eden regions: 47->0(45)
[2024-08-27T06:45:57.357+0530][gc,heap     ] GC(6) Survivor regions: 4->6(7)
[2024-08-27T06:45:57.357+0530][gc,heap     ] GC(6) Old regions: 12->12
[2024-08-27T06:45:57.357+0530][gc,heap     ] GC(6) Archive regions: 2->2
[2024-08-27T06:45:57.357+0530][gc,heap     ] GC(6) Humongous regions: 147->141
[2024-08-27T06:45:57.357+0530][gc,metaspace] GC(6) Metaspace: 39560K(40000K)->39560K(40000K) NonClass: 34941K(35200K)->34941K(35200K) Class: 4618K(4800K)->4618K(4800K)
[2024-08-27T06:45:57.357+0530][gc          ] GC(6) Pause Young (Normal) (G1 Evacuation Pause) 210M->159M(1024M) 4.921ms
[2024-08-27T06:45:57.357+0530][gc,cpu      ] GC(6) User=0.03s Sys=0.00s Real=0.00s
[2024-08-27T06:45:57.494+0530][gc,start    ] GC(7) Pause Young (Normal) (G1 Evacuation Pause)
[2024-08-27T06:45:57.494+0530][gc,task     ] GC(7) Using 8 workers of 8 for evacuation
[2024-08-27T06:45:57.500+0530][gc,phases   ] GC(7)   Pre Evacuate Collection Set: 0.1ms
[2024-08-27T06:45:57.500+0530][gc,phases   ] GC(7)   Merge Heap Roots: 0.1ms
[2024-08-27T06:45:57.500+0530][gc,phases   ] GC(7)   Evacuate Collection Set: 4.3ms
[2024-08-27T06:45:57.501+0530][gc,phases   ] GC(7)   Post Evacuate Collection Set: 0.8ms
[2024-08-27T06:45:57.501+0530][gc,phases   ] GC(7)   Other: 0.2ms
[2024-08-27T06:45:57.501+0530][gc,heap     ] GC(7) Eden regions: 45->0(48)
[2024-08-27T06:45:57.501+0530][gc,heap     ] GC(7) Survivor regions: 6->3(7)
[2024-08-27T06:45:57.501+0530][gc,heap     ] GC(7) Old regions: 12->16
[2024-08-27T06:45:57.501+0530][gc,heap     ] GC(7) Archive regions: 2->2
[2024-08-27T06:45:57.501+0530][gc,heap     ] GC(7) Humongous regions: 153->141
[2024-08-27T06:45:57.501+0530][gc,metaspace] GC(7) Metaspace: 39570K(40064K)->39570K(40064K) NonClass: 34950K(35200K)->34950K(35200K) Class: 4619K(4864K)->4619K(4864K)
[2024-08-27T06:45:57.501+0530][gc          ] GC(7) Pause Young (Normal) (G1 Evacuation Pause) 216M->159M(1024M) 7.132ms
[2024-08-27T06:45:57.501+0530][gc,cpu      ] GC(7) User=0.03s Sys=0.00s Real=0.01s
[2024-08-27T06:45:57.700+0530][gc,start    ] GC(8) Pause Young (Normal) (G1 Evacuation Pause)
[2024-08-27T06:45:57.700+0530][gc,task     ] GC(8) Using 8 workers of 8 for evacuation
[2024-08-27T06:45:57.702+0530][gc,phases   ] GC(8)   Pre Evacuate Collection Set: 0.1ms
[2024-08-27T06:45:57.702+0530][gc,phases   ] GC(8)   Merge Heap Roots: 0.1ms
[2024-08-27T06:45:57.703+0530][gc,phases   ] GC(8)   Evacuate Collection Set: 2.0ms
[2024-08-27T06:45:57.703+0530][gc,phases   ] GC(8)   Post Evacuate Collection Set: 0.3ms
[2024-08-27T06:45:57.703+0530][gc,phases   ] GC(8)   Other: 0.1ms
[2024-08-27T06:45:57.703+0530][gc,heap     ] GC(8) Eden regions: 48->0(59)
[2024-08-27T06:45:57.703+0530][gc,heap     ] GC(8) Survivor regions: 3->3(7)
[2024-08-27T06:45:57.703+0530][gc,heap     ] GC(8) Old regions: 16->16
[2024-08-27T06:45:57.703+0530][gc,heap     ] GC(8) Archive regions: 2->2
[2024-08-27T06:45:57.703+0530][gc,heap     ] GC(8) Humongous regions: 153->135
[2024-08-27T06:45:57.703+0530][gc,metaspace] GC(8) Metaspace: 39597K(40064K)->39597K(40064K) NonClass: 34977K(35200K)->34977K(35200K) Class: 4619K(4864K)->4619K(4864K)
[2024-08-27T06:45:57.703+0530][gc          ] GC(8) Pause Young (Normal) (G1 Evacuation Pause) 219M->153M(1024M) 2.832ms
[2024-08-27T06:45:57.703+0530][gc,cpu      ] GC(8) User=0.01s Sys=0.00s Real=0.00s
[2024-08-27T06:45:57.852+0530][gc,start    ] GC(9) Pause Young (Normal) (G1 Evacuation Pause)
[2024-08-27T06:45:57.852+0530][gc,task     ] GC(9) Using 8 workers of 8 for evacuation
[2024-08-27T06:45:57.854+0530][gc,phases   ] GC(9)   Pre Evacuate Collection Set: 0.1ms
[2024-08-27T06:45:57.854+0530][gc,phases   ] GC(9)   Merge Heap Roots: 0.0ms
[2024-08-27T06:45:57.854+0530][gc,phases   ] GC(9)   Evacuate Collection Set: 2.1ms
[2024-08-27T06:45:57.854+0530][gc,phases   ] GC(9)   Post Evacuate Collection Set: 0.4ms
[2024-08-27T06:45:57.854+0530][gc,phases   ] GC(9)   Other: 0.2ms
[2024-08-27T06:45:57.854+0530][gc,heap     ] GC(9) Eden regions: 59->0(456)
[2024-08-27T06:45:57.854+0530][gc,heap     ] GC(9) Survivor regions: 3->3(8)
[2024-08-27T06:45:57.855+0530][gc,heap     ] GC(9) Old regions: 16->16
[2024-08-27T06:45:57.855+0530][gc,heap     ] GC(9) Archive regions: 2->2
[2024-08-27T06:45:57.855+0530][gc,heap     ] GC(9) Humongous regions: 141->135
[2024-08-27T06:45:57.855+0530][gc,metaspace] GC(9) Metaspace: 39597K(40064K)->39597K(40064K) NonClass: 34977K(35200K)->34977K(35200K) Class: 4619K(4864K)->4619K(4864K)
[2024-08-27T06:45:57.855+0530][gc          ] GC(9) Pause Young (Normal) (G1 Evacuation Pause) 218M->153M(1024M) 2.984ms
[2024-08-27T06:45:57.855+0530][gc,cpu      ] GC(9) User=0.01s Sys=0.00s Real=0.00s
[2024-08-27T06:49:22.773+0530][gc,heap,exit] Heap
[2024-08-27T06:49:22.775+0530][gc,heap,exit]  garbage-first heap   total 1048576K, used 428092K [0x00000007c0000000, 0x0000000800000000)
[2024-08-27T06:49:22.775+0530][gc,heap,exit]   region size 1024K, 268 young (274432K), 3 survivors (3072K)
[2024-08-27T06:49:22.775+0530][gc,heap,exit]  Metaspace       used 44360K, committed 44864K, reserved 1114112K
[2024-08-27T06:49:22.775+0530][gc,heap,exit]   class space    used 5288K, committed 5504K, reserved 1048576K
