[2024-08-27T06:46:06.136+0530][gc] Using G1
[2024-08-27T06:46:06.143+0530][gc,init] Version: 17.0.8+9-LTS-211 (release)
[2024-08-27T06:46:06.143+0530][gc,init] CPUs: 8 total, 8 available
[2024-08-27T06:46:06.143+0530][gc,init] Memory: 16384M
[2024-08-27T06:46:06.143+0530][gc,init] Large Page Support: Disabled
[2024-08-27T06:46:06.143+0530][gc,init] NUMA Support: Disabled
[2024-08-27T06:46:06.143+0530][gc,init] Compressed Oops: Enabled (Zero based)
[2024-08-27T06:46:06.143+0530][gc,init] Heap Region Size: 1M
[2024-08-27T06:46:06.143+0530][gc,init] Heap Min Capacity: 1G
[2024-08-27T06:46:06.143+0530][gc,init] Heap Initial Capacity: 1G
[2024-08-27T06:46:06.143+0530][gc,init] Heap Max Capacity: 1G
[2024-08-27T06:46:06.143+0530][gc,init] Pre-touch: Disabled
[2024-08-27T06:46:06.143+0530][gc,init] Parallel Workers: 8
[2024-08-27T06:46:06.143+0530][gc,init] Concurrent Workers: 2
[2024-08-27T06:46:06.143+0530][gc,init] Concurrent Refinement Workers: 8
[2024-08-27T06:46:06.143+0530][gc,init] Periodic GC: Disabled
[2024-08-27T06:46:06.150+0530][gc,metaspace] CDS archive(s) mapped at: [0x0000000122000000-0x0000000122be4000-0x0000000122be4000), size 12468224, SharedBaseAddress: 0x0000000122000000, ArchiveRelocationMode: 1.
[2024-08-27T06:46:06.151+0530][gc,metaspace] Compressed class space mapped at: 0x0000000123000000-0x0000000163000000, reserved size: 1073741824
[2024-08-27T06:46:06.151+0530][gc,metaspace] Narrow klass base: 0x0000000122000000, Narrow klass shift: 0, Narrow klass range: 0x100000000
[2024-08-27T06:46:07.441+0530][gc,start    ] GC(0) Pause Young (Normal) (G1 Evacuation Pause)
[2024-08-27T06:46:07.442+0530][gc,task     ] GC(0) Using 8 workers of 8 for evacuation
[2024-08-27T06:46:07.448+0530][gc,phases   ] GC(0)   Pre Evacuate Collection Set: 0.1ms
[2024-08-27T06:46:07.448+0530][gc,phases   ] GC(0)   Merge Heap Roots: 0.1ms
[2024-08-27T06:46:07.448+0530][gc,phases   ] GC(0)   Evacuate Collection Set: 5.2ms
[2024-08-27T06:46:07.448+0530][gc,phases   ] GC(0)   Post Evacuate Collection Set: 0.4ms
[2024-08-27T06:46:07.448+0530][gc,phases   ] GC(0)   Other: 0.5ms
[2024-08-27T06:46:07.448+0530][gc,heap     ] GC(0) Eden regions: 51->0(44)
[2024-08-27T06:46:07.448+0530][gc,heap     ] GC(0) Survivor regions: 0->7(7)
[2024-08-27T06:46:07.448+0530][gc,heap     ] GC(0) Old regions: 0->2
[2024-08-27T06:46:07.448+0530][gc,heap     ] GC(0) Archive regions: 2->2
[2024-08-27T06:46:07.448+0530][gc,heap     ] GC(0) Humongous regions: 0->0
[2024-08-27T06:46:07.448+0530][gc,metaspace] GC(0) Metaspace: 18341K(18432K)->18341K(18432K) NonClass: 16144K(16192K)->16144K(16192K) Class: 2197K(2240K)->2197K(2240K)
[2024-08-27T06:46:07.448+0530][gc          ] GC(0) Pause Young (Normal) (G1 Evacuation Pause) 51M->9M(1024M) 6.553ms
[2024-08-27T06:46:07.448+0530][gc,cpu      ] GC(0) User=0.02s Sys=0.00s Real=0.00s
[2024-08-27T06:46:07.709+0530][gc,start    ] GC(1) Pause Young (Concurrent Start) (Metadata GC Threshold)
[2024-08-27T06:46:07.709+0530][gc,task     ] GC(1) Using 8 workers of 8 for evacuation
[2024-08-27T06:46:07.714+0530][gc,phases   ] GC(1)   Pre Evacuate Collection Set: 0.1ms
[2024-08-27T06:46:07.714+0530][gc,phases   ] GC(1)   Merge Heap Roots: 0.1ms
[2024-08-27T06:46:07.714+0530][gc,phases   ] GC(1)   Evacuate Collection Set: 4.1ms
[2024-08-27T06:46:07.714+0530][gc,phases   ] GC(1)   Post Evacuate Collection Set: 0.5ms
[2024-08-27T06:46:07.714+0530][gc,phases   ] GC(1)   Other: 0.2ms
[2024-08-27T06:46:07.714+0530][gc,heap     ] GC(1) Eden regions: 12->0(50)
[2024-08-27T06:46:07.714+0530][gc,heap     ] GC(1) Survivor regions: 7->1(7)
[2024-08-27T06:46:07.714+0530][gc,heap     ] GC(1) Old regions: 2->8
[2024-08-27T06:46:07.714+0530][gc,heap     ] GC(1) Archive regions: 2->2
[2024-08-27T06:46:07.714+0530][gc,heap     ] GC(1) Humongous regions: 0->0
[2024-08-27T06:46:07.714+0530][gc,metaspace] GC(1) Metaspace: 21319K(21504K)->21319K(21504K) NonClass: 18743K(18816K)->18743K(18816K) Class: 2576K(2688K)->2576K(2688K)
[2024-08-27T06:46:07.714+0530][gc          ] GC(1) Pause Young (Concurrent Start) (Metadata GC Threshold) 20M->9M(1024M) 5.222ms
[2024-08-27T06:46:07.714+0530][gc,cpu      ] GC(1) User=0.02s Sys=0.01s Real=0.01s
[2024-08-27T06:46:07.714+0530][gc          ] GC(2) Concurrent Mark Cycle
[2024-08-27T06:46:07.714+0530][gc,marking  ] GC(2) Concurrent Clear Claimed Marks
[2024-08-27T06:46:07.714+0530][gc,marking  ] GC(2) Concurrent Clear Claimed Marks 0.018ms
[2024-08-27T06:46:07.714+0530][gc,marking  ] GC(2) Concurrent Scan Root Regions
[2024-08-27T06:46:07.717+0530][gc,marking  ] GC(2) Concurrent Scan Root Regions 2.559ms
[2024-08-27T06:46:07.717+0530][gc,marking  ] GC(2) Concurrent Mark
[2024-08-27T06:46:07.717+0530][gc,marking  ] GC(2) Concurrent Mark From Roots
[2024-08-27T06:46:07.717+0530][gc,task     ] GC(2) Using 2 workers of 2 for marking
[2024-08-27T06:46:07.719+0530][gc,marking  ] GC(2) Concurrent Mark From Roots 2.656ms
[2024-08-27T06:46:07.719+0530][gc,marking  ] GC(2) Concurrent Preclean
[2024-08-27T06:46:07.719+0530][gc,marking  ] GC(2) Concurrent Preclean 0.052ms
[2024-08-27T06:46:07.720+0530][gc,start    ] GC(2) Pause Remark
[2024-08-27T06:46:07.721+0530][gc          ] GC(2) Pause Remark 9M->9M(1024M) 1.523ms
[2024-08-27T06:46:07.721+0530][gc,cpu      ] GC(2) User=0.00s Sys=0.00s Real=0.00s
[2024-08-27T06:46:07.721+0530][gc,marking  ] GC(2) Concurrent Mark 4.568ms
[2024-08-27T06:46:07.721+0530][gc,marking  ] GC(2) Concurrent Rebuild Remembered Sets
[2024-08-27T06:46:07.724+0530][gc,marking  ] GC(2) Concurrent Rebuild Remembered Sets 2.785ms
[2024-08-27T06:46:07.724+0530][gc,start    ] GC(2) Pause Cleanup
[2024-08-27T06:46:07.724+0530][gc          ] GC(2) Pause Cleanup 10M->10M(1024M) 0.111ms
[2024-08-27T06:46:07.724+0530][gc,cpu      ] GC(2) User=0.00s Sys=0.00s Real=0.00s
[2024-08-27T06:46:07.724+0530][gc,marking  ] GC(2) Concurrent Cleanup for Next Mark
[2024-08-27T06:46:07.729+0530][gc,marking  ] GC(2) Concurrent Cleanup for Next Mark 4.627ms
[2024-08-27T06:46:07.729+0530][gc          ] GC(2) Concurrent Mark Cycle 15.067ms
[2024-08-27T06:46:08.686+0530][gc,start    ] GC(3) Pause Young (Normal) (G1 Evacuation Pause)
[2024-08-27T06:46:08.687+0530][gc,task     ] GC(3) Using 8 workers of 8 for evacuation
[2024-08-27T06:46:08.691+0530][gc,phases   ] GC(3)   Pre Evacuate Collection Set: 0.1ms
[2024-08-27T06:46:08.691+0530][gc,phases   ] GC(3)   Merge Heap Roots: 0.1ms
[2024-08-27T06:46:08.691+0530][gc,phases   ] GC(3)   Evacuate Collection Set: 3.6ms
[2024-08-27T06:46:08.691+0530][gc,phases   ] GC(3)   Post Evacuate Collection Set: 0.4ms
[2024-08-27T06:46:08.691+0530][gc,phases   ] GC(3)   Other: 0.1ms
[2024-08-27T06:46:08.691+0530][gc,heap     ] GC(3) Eden regions: 50->0(45)
[2024-08-27T06:46:08.691+0530][gc,heap     ] GC(3) Survivor regions: 1->6(7)
[2024-08-27T06:46:08.691+0530][gc,heap     ] GC(3) Old regions: 8->8
[2024-08-27T06:46:08.691+0530][gc,heap     ] GC(3) Archive regions: 2->2
[2024-08-27T06:46:08.691+0530][gc,heap     ] GC(3) Humongous regions: 129->129
[2024-08-27T06:46:08.691+0530][gc,metaspace] GC(3) Metaspace: 29129K(29376K)->29129K(29376K) NonClass: 25807K(25984K)->25807K(25984K) Class: 3321K(3392K)->3321K(3392K)
[2024-08-27T06:46:08.691+0530][gc          ] GC(3) Pause Young (Normal) (G1 Evacuation Pause) 188M->142M(1024M) 4.383ms
[2024-08-27T06:46:08.691+0530][gc,cpu      ] GC(3) User=0.02s Sys=0.00s Real=0.01s
[2024-08-27T06:46:09.101+0530][gc,start    ] GC(4) Pause Young (Concurrent Start) (Metadata GC Threshold)
[2024-08-27T06:46:09.101+0530][gc,task     ] GC(4) Using 8 workers of 8 for evacuation
[2024-08-27T06:46:09.106+0530][gc,phases   ] GC(4)   Pre Evacuate Collection Set: 0.1ms
[2024-08-27T06:46:09.106+0530][gc,phases   ] GC(4)   Merge Heap Roots: 0.1ms
[2024-08-27T06:46:09.106+0530][gc,phases   ] GC(4)   Evacuate Collection Set: 4.8ms
[2024-08-27T06:46:09.106+0530][gc,phases   ] GC(4)   Post Evacuate Collection Set: 0.4ms
[2024-08-27T06:46:09.106+0530][gc,phases   ] GC(4)   Other: 0.2ms
[2024-08-27T06:46:09.106+0530][gc,heap     ] GC(4) Eden regions: 28->0(48)
[2024-08-27T06:46:09.106+0530][gc,heap     ] GC(4) Survivor regions: 6->3(7)
[2024-08-27T06:46:09.106+0530][gc,heap     ] GC(4) Old regions: 8->13
[2024-08-27T06:46:09.106+0530][gc,heap     ] GC(4) Archive regions: 2->2
[2024-08-27T06:46:09.106+0530][gc,heap     ] GC(4) Humongous regions: 129->129
[2024-08-27T06:46:09.106+0530][gc,metaspace] GC(4) Metaspace: 35717K(35968K)->35717K(35968K) NonClass: 31738K(31872K)->31738K(31872K) Class: 3978K(4096K)->3978K(4096K)
[2024-08-27T06:46:09.106+0530][gc          ] GC(4) Pause Young (Concurrent Start) (Metadata GC Threshold) 169M->145M(1024M) 5.807ms
[2024-08-27T06:46:09.107+0530][gc,cpu      ] GC(4) User=0.04s Sys=0.00s Real=0.00s
[2024-08-27T06:46:09.107+0530][gc          ] GC(5) Concurrent Mark Cycle
[2024-08-27T06:46:09.107+0530][gc,marking  ] GC(5) Concurrent Clear Claimed Marks
[2024-08-27T06:46:09.107+0530][gc,marking  ] GC(5) Concurrent Clear Claimed Marks 0.023ms
[2024-08-27T06:46:09.107+0530][gc,marking  ] GC(5) Concurrent Scan Root Regions
[2024-08-27T06:46:09.110+0530][gc,marking  ] GC(5) Concurrent Scan Root Regions 2.983ms
[2024-08-27T06:46:09.110+0530][gc,marking  ] GC(5) Concurrent Mark
[2024-08-27T06:46:09.110+0530][gc,marking  ] GC(5) Concurrent Mark From Roots
[2024-08-27T06:46:09.110+0530][gc,task     ] GC(5) Using 2 workers of 2 for marking
[2024-08-27T06:46:09.115+0530][gc,marking  ] GC(5) Concurrent Mark From Roots 5.453ms
[2024-08-27T06:46:09.115+0530][gc,marking  ] GC(5) Concurrent Preclean
[2024-08-27T06:46:09.115+0530][gc,marking  ] GC(5) Concurrent Preclean 0.061ms
[2024-08-27T06:46:09.115+0530][gc,start    ] GC(5) Pause Remark
[2024-08-27T06:46:09.117+0530][gc          ] GC(5) Pause Remark 146M->146M(1024M) 1.511ms
[2024-08-27T06:46:09.117+0530][gc,cpu      ] GC(5) User=0.01s Sys=0.00s Real=0.00s
[2024-08-27T06:46:09.117+0530][gc,marking  ] GC(5) Concurrent Mark 7.320ms
[2024-08-27T06:46:09.117+0530][gc,marking  ] GC(5) Concurrent Rebuild Remembered Sets
[2024-08-27T06:46:09.121+0530][gc,marking  ] GC(5) Concurrent Rebuild Remembered Sets 4.293ms
[2024-08-27T06:46:09.122+0530][gc,start    ] GC(5) Pause Cleanup
[2024-08-27T06:46:09.122+0530][gc          ] GC(5) Pause Cleanup 146M->146M(1024M) 0.151ms
[2024-08-27T06:46:09.122+0530][gc,cpu      ] GC(5) User=0.00s Sys=0.00s Real=0.00s
[2024-08-27T06:46:09.122+0530][gc,marking  ] GC(5) Concurrent Cleanup for Next Mark
[2024-08-27T06:46:09.127+0530][gc,marking  ] GC(5) Concurrent Cleanup for Next Mark 5.710ms
[2024-08-27T06:46:09.128+0530][gc          ] GC(5) Concurrent Mark Cycle 20.981ms
[2024-08-27T06:49:09.550+0530][gc,start    ] GC(6) Pause Young (Prepare Mixed) (G1 Evacuation Pause)
[2024-08-27T06:49:09.550+0530][gc,task     ] GC(6) Using 8 workers of 8 for evacuation
[2024-08-27T06:49:09.555+0530][gc,phases   ] GC(6)   Pre Evacuate Collection Set: 0.2ms
[2024-08-27T06:49:09.555+0530][gc,phases   ] GC(6)   Merge Heap Roots: 0.1ms
[2024-08-27T06:49:09.555+0530][gc,phases   ] GC(6)   Evacuate Collection Set: 3.5ms
[2024-08-27T06:49:09.555+0530][gc,phases   ] GC(6)   Post Evacuate Collection Set: 0.4ms
[2024-08-27T06:49:09.555+0530][gc,phases   ] GC(6)   Other: 1.3ms
[2024-08-27T06:49:09.555+0530][gc,heap     ] GC(6) Eden regions: 48->0(46)
[2024-08-27T06:49:09.555+0530][gc,heap     ] GC(6) Survivor regions: 3->5(7)
[2024-08-27T06:49:09.555+0530][gc,heap     ] GC(6) Old regions: 13->13
[2024-08-27T06:49:09.555+0530][gc,heap     ] GC(6) Archive regions: 2->2
[2024-08-27T06:49:09.555+0530][gc,heap     ] GC(6) Humongous regions: 129->129
[2024-08-27T06:49:09.555+0530][gc,metaspace] GC(6) Metaspace: 39331K(39744K)->39331K(39744K) NonClass: 34799K(35008K)->34799K(35008K) Class: 4532K(4736K)->4532K(4736K)
[2024-08-27T06:49:09.555+0530][gc          ] GC(6) Pause Young (Prepare Mixed) (G1 Evacuation Pause) 193M->146M(1024M) 5.778ms
[2024-08-27T06:49:09.555+0530][gc,cpu      ] GC(6) User=0.03s Sys=0.00s Real=0.00s
[2024-08-27T06:49:14.051+0530][gc,heap,exit] Heap
[2024-08-27T06:49:14.051+0530][gc,heap,exit]  garbage-first heap   total 1048576K, used 163309K [0x00000007c0000000, 0x0000000800000000)
[2024-08-27T06:49:14.051+0530][gc,heap,exit]   region size 1024K, 18 young (18432K), 5 survivors (5120K)
[2024-08-27T06:49:14.052+0530][gc,heap,exit]  Metaspace       used 40308K, committed 40768K, reserved 1114112K
[2024-08-27T06:49:14.052+0530][gc,heap,exit]   class space    used 4726K, committed 4928K, reserved 1048576K
