[2024-08-27T06:49:51.478+0530][gc] Using G1
[2024-08-27T06:49:51.484+0530][gc,init] Version: 17.0.8+9-LTS-211 (release)
[2024-08-27T06:49:51.484+0530][gc,init] CPUs: 8 total, 8 available
[2024-08-27T06:49:51.484+0530][gc,init] Memory: 16384M
[2024-08-27T06:49:51.484+0530][gc,init] Large Page Support: Disabled
[2024-08-27T06:49:51.484+0530][gc,init] NUMA Support: Disabled
[2024-08-27T06:49:51.484+0530][gc,init] Compressed Oops: Enabled (Zero based)
[2024-08-27T06:49:51.484+0530][gc,init] Heap Region Size: 1M
[2024-08-27T06:49:51.484+0530][gc,init] Heap Min Capacity: 1G
[2024-08-27T06:49:51.484+0530][gc,init] Heap Initial Capacity: 1G
[2024-08-27T06:49:51.484+0530][gc,init] Heap Max Capacity: 1G
[2024-08-27T06:49:51.484+0530][gc,init] Pre-touch: Disabled
[2024-08-27T06:49:51.484+0530][gc,init] Parallel Workers: 8
[2024-08-27T06:49:51.484+0530][gc,init] Concurrent Workers: 2
[2024-08-27T06:49:51.484+0530][gc,init] Concurrent Refinement Workers: 8
[2024-08-27T06:49:51.484+0530][gc,init] Periodic GC: Disabled
[2024-08-27T06:49:51.492+0530][gc,metaspace] CDS archive(s) mapped at: [0x0000000120000000-0x0000000120be4000-0x0000000120be4000), size 12468224, SharedBaseAddress: 0x0000000120000000, ArchiveRelocationMode: 1.
[2024-08-27T06:49:51.492+0530][gc,metaspace] Compressed class space mapped at: 0x0000000121000000-0x0000000161000000, reserved size: 1073741824
[2024-08-27T06:49:51.492+0530][gc,metaspace] Narrow klass base: 0x0000000120000000, Narrow klass shift: 0, Narrow klass range: 0x100000000
[2024-08-27T06:49:52.878+0530][gc,start    ] GC(0) Pause Young (Normal) (G1 Evacuation Pause)
[2024-08-27T06:49:52.879+0530][gc,task     ] GC(0) Using 8 workers of 8 for evacuation
[2024-08-27T06:49:52.885+0530][gc,phases   ] GC(0)   Pre Evacuate Collection Set: 0.1ms
[2024-08-27T06:49:52.885+0530][gc,phases   ] GC(0)   Merge Heap Roots: 0.1ms
[2024-08-27T06:49:52.885+0530][gc,phases   ] GC(0)   Evacuate Collection Set: 5.5ms
[2024-08-27T06:49:52.886+0530][gc,phases   ] GC(0)   Post Evacuate Collection Set: 0.5ms
[2024-08-27T06:49:52.886+0530][gc,phases   ] GC(0)   Other: 0.9ms
[2024-08-27T06:49:52.886+0530][gc,heap     ] GC(0) Eden regions: 51->0(44)
[2024-08-27T06:49:52.886+0530][gc,heap     ] GC(0) Survivor regions: 0->7(7)
[2024-08-27T06:49:52.886+0530][gc,heap     ] GC(0) Old regions: 0->1
[2024-08-27T06:49:52.886+0530][gc,heap     ] GC(0) Archive regions: 2->2
[2024-08-27T06:49:52.886+0530][gc,heap     ] GC(0) Humongous regions: 0->0
[2024-08-27T06:49:52.886+0530][gc,metaspace] GC(0) Metaspace: 18396K(18496K)->18396K(18496K) NonClass: 16194K(16256K)->16194K(16256K) Class: 2202K(2240K)->2202K(2240K)
[2024-08-27T06:49:52.886+0530][gc          ] GC(0) Pause Young (Normal) (G1 Evacuation Pause) 51M->8M(1024M) 7.379ms
[2024-08-27T06:49:52.886+0530][gc,cpu      ] GC(0) User=0.03s Sys=0.01s Real=0.01s
[2024-08-27T06:49:53.137+0530][gc,start    ] GC(1) Pause Young (Concurrent Start) (Metadata GC Threshold)
[2024-08-27T06:49:53.137+0530][gc,task     ] GC(1) Using 8 workers of 8 for evacuation
[2024-08-27T06:49:53.142+0530][gc,phases   ] GC(1)   Pre Evacuate Collection Set: 0.1ms
[2024-08-27T06:49:53.142+0530][gc,phases   ] GC(1)   Merge Heap Roots: 0.1ms
[2024-08-27T06:49:53.142+0530][gc,phases   ] GC(1)   Evacuate Collection Set: 3.9ms
[2024-08-27T06:49:53.142+0530][gc,phases   ] GC(1)   Post Evacuate Collection Set: 0.4ms
[2024-08-27T06:49:53.142+0530][gc,phases   ] GC(1)   Other: 0.2ms
[2024-08-27T06:49:53.142+0530][gc,heap     ] GC(1) Eden regions: 12->0(49)
[2024-08-27T06:49:53.142+0530][gc,heap     ] GC(1) Survivor regions: 7->2(7)
[2024-08-27T06:49:53.142+0530][gc,heap     ] GC(1) Old regions: 1->8
[2024-08-27T06:49:53.142+0530][gc,heap     ] GC(1) Archive regions: 2->2
[2024-08-27T06:49:53.142+0530][gc,heap     ] GC(1) Humongous regions: 0->0
[2024-08-27T06:49:53.142+0530][gc,metaspace] GC(1) Metaspace: 21288K(21504K)->21288K(21504K) NonClass: 18720K(18816K)->18720K(18816K) Class: 2567K(2688K)->2567K(2688K)
[2024-08-27T06:49:53.142+0530][gc          ] GC(1) Pause Young (Concurrent Start) (Metadata GC Threshold) 20M->10M(1024M) 4.847ms
[2024-08-27T06:49:53.142+0530][gc,cpu      ] GC(1) User=0.02s Sys=0.01s Real=0.01s
[2024-08-27T06:49:53.142+0530][gc          ] GC(2) Concurrent Mark Cycle
[2024-08-27T06:49:53.142+0530][gc,marking  ] GC(2) Concurrent Clear Claimed Marks
[2024-08-27T06:49:53.142+0530][gc,marking  ] GC(2) Concurrent Clear Claimed Marks 0.018ms
[2024-08-27T06:49:53.142+0530][gc,marking  ] GC(2) Concurrent Scan Root Regions
[2024-08-27T06:49:53.145+0530][gc,marking  ] GC(2) Concurrent Scan Root Regions 2.574ms
[2024-08-27T06:49:53.145+0530][gc,marking  ] GC(2) Concurrent Mark
[2024-08-27T06:49:53.145+0530][gc,marking  ] GC(2) Concurrent Mark From Roots
[2024-08-27T06:49:53.145+0530][gc,task     ] GC(2) Using 2 workers of 2 for marking
[2024-08-27T06:49:53.146+0530][gc,marking  ] GC(2) Concurrent Mark From Roots 1.595ms
[2024-08-27T06:49:53.146+0530][gc,marking  ] GC(2) Concurrent Preclean
[2024-08-27T06:49:53.146+0530][gc,marking  ] GC(2) Concurrent Preclean 0.079ms
[2024-08-27T06:49:53.147+0530][gc,start    ] GC(2) Pause Remark
[2024-08-27T06:49:53.148+0530][gc          ] GC(2) Pause Remark 10M->10M(1024M) 1.403ms
[2024-08-27T06:49:53.148+0530][gc,cpu      ] GC(2) User=0.00s Sys=0.00s Real=0.00s
[2024-08-27T06:49:53.148+0530][gc,marking  ] GC(2) Concurrent Mark 3.401ms
[2024-08-27T06:49:53.148+0530][gc,marking  ] GC(2) Concurrent Rebuild Remembered Sets
[2024-08-27T06:49:53.150+0530][gc,marking  ] GC(2) Concurrent Rebuild Remembered Sets 2.353ms
[2024-08-27T06:49:53.151+0530][gc,start    ] GC(2) Pause Cleanup
[2024-08-27T06:49:53.151+0530][gc          ] GC(2) Pause Cleanup 10M->10M(1024M) 0.109ms
[2024-08-27T06:49:53.151+0530][gc,cpu      ] GC(2) User=0.00s Sys=0.00s Real=0.00s
[2024-08-27T06:49:53.151+0530][gc,marking  ] GC(2) Concurrent Cleanup for Next Mark
[2024-08-27T06:49:53.155+0530][gc,marking  ] GC(2) Concurrent Cleanup for Next Mark 4.635ms
[2024-08-27T06:49:53.155+0530][gc          ] GC(2) Concurrent Mark Cycle 13.520ms
[2024-08-27T06:49:53.895+0530][gc,start    ] GC(3) Pause Young (Normal) (G1 Evacuation Pause)
[2024-08-27T06:49:53.895+0530][gc,task     ] GC(3) Using 8 workers of 8 for evacuation
[2024-08-27T06:49:53.900+0530][gc,phases   ] GC(3)   Pre Evacuate Collection Set: 0.1ms
[2024-08-27T06:49:53.900+0530][gc,phases   ] GC(3)   Merge Heap Roots: 0.1ms
[2024-08-27T06:49:53.900+0530][gc,phases   ] GC(3)   Evacuate Collection Set: 4.2ms
[2024-08-27T06:49:53.900+0530][gc,phases   ] GC(3)   Post Evacuate Collection Set: 0.4ms
[2024-08-27T06:49:53.900+0530][gc,phases   ] GC(3)   Other: 0.1ms
[2024-08-27T06:49:53.900+0530][gc,heap     ] GC(3) Eden regions: 49->0(44)
[2024-08-27T06:49:53.900+0530][gc,heap     ] GC(3) Survivor regions: 2->7(7)
[2024-08-27T06:49:53.900+0530][gc,heap     ] GC(3) Old regions: 8->8
[2024-08-27T06:49:53.900+0530][gc,heap     ] GC(3) Archive regions: 2->2
[2024-08-27T06:49:53.900+0530][gc,heap     ] GC(3) Humongous regions: 129->129
[2024-08-27T06:49:53.900+0530][gc,metaspace] GC(3) Metaspace: 32590K(32832K)->32590K(32832K) NonClass: 28988K(29120K)->28988K(29120K) Class: 3602K(3712K)->3602K(3712K)
[2024-08-27T06:49:53.900+0530][gc          ] GC(3) Pause Young (Normal) (G1 Evacuation Pause) 188M->143M(1024M) 5.091ms
[2024-08-27T06:49:53.900+0530][gc,cpu      ] GC(3) User=0.03s Sys=0.00s Real=0.01s
[2024-08-27T06:49:56.186+0530][gc,start    ] GC(4) Pause Young (Concurrent Start) (Metadata GC Threshold)
[2024-08-27T06:49:56.186+0530][gc,task     ] GC(4) Using 8 workers of 8 for evacuation
[2024-08-27T06:49:56.194+0530][gc,phases   ] GC(4)   Pre Evacuate Collection Set: 0.1ms
[2024-08-27T06:49:56.194+0530][gc,phases   ] GC(4)   Merge Heap Roots: 0.1ms
[2024-08-27T06:49:56.194+0530][gc,phases   ] GC(4)   Evacuate Collection Set: 6.5ms
[2024-08-27T06:49:56.194+0530][gc,phases   ] GC(4)   Post Evacuate Collection Set: 0.3ms
[2024-08-27T06:49:56.194+0530][gc,phases   ] GC(4)   Other: 0.2ms
[2024-08-27T06:49:56.194+0530][gc,heap     ] GC(4) Eden regions: 15->0(49)
[2024-08-27T06:49:56.194+0530][gc,heap     ] GC(4) Survivor regions: 7->2(7)
[2024-08-27T06:49:56.194+0530][gc,heap     ] GC(4) Old regions: 8->14
[2024-08-27T06:49:56.194+0530][gc,heap     ] GC(4) Archive regions: 2->2
[2024-08-27T06:49:56.194+0530][gc,heap     ] GC(4) Humongous regions: 129->129
[2024-08-27T06:49:56.194+0530][gc,metaspace] GC(4) Metaspace: 35712K(35968K)->35712K(35968K) NonClass: 31609K(31744K)->31609K(31744K) Class: 4103K(4224K)->4103K(4224K)
[2024-08-27T06:49:56.194+0530][gc          ] GC(4) Pause Young (Concurrent Start) (Metadata GC Threshold) 158M->145M(1024M) 7.453ms
[2024-08-27T06:49:56.194+0530][gc,cpu      ] GC(4) User=0.03s Sys=0.01s Real=0.01s
[2024-08-27T06:49:56.194+0530][gc          ] GC(5) Concurrent Mark Cycle
[2024-08-27T06:49:56.194+0530][gc,marking  ] GC(5) Concurrent Clear Claimed Marks
[2024-08-27T06:49:56.194+0530][gc,marking  ] GC(5) Concurrent Clear Claimed Marks 0.046ms
[2024-08-27T06:49:56.194+0530][gc,marking  ] GC(5) Concurrent Scan Root Regions
[2024-08-27T06:49:56.199+0530][gc,marking  ] GC(5) Concurrent Scan Root Regions 4.981ms
[2024-08-27T06:49:56.199+0530][gc,marking  ] GC(5) Concurrent Mark
[2024-08-27T06:49:56.199+0530][gc,marking  ] GC(5) Concurrent Mark From Roots
[2024-08-27T06:49:56.199+0530][gc,task     ] GC(5) Using 2 workers of 2 for marking
[2024-08-27T06:49:56.207+0530][gc,marking  ] GC(5) Concurrent Mark From Roots 7.456ms
[2024-08-27T06:49:56.207+0530][gc,marking  ] GC(5) Concurrent Preclean
[2024-08-27T06:49:56.207+0530][gc,marking  ] GC(5) Concurrent Preclean 0.135ms
[2024-08-27T06:49:56.207+0530][gc,start    ] GC(5) Pause Remark
[2024-08-27T06:49:56.209+0530][gc          ] GC(5) Pause Remark 145M->145M(1024M) 1.910ms
[2024-08-27T06:49:56.209+0530][gc,cpu      ] GC(5) User=0.01s Sys=0.00s Real=0.00s
[2024-08-27T06:49:56.209+0530][gc,marking  ] GC(5) Concurrent Mark 9.871ms
[2024-08-27T06:49:56.209+0530][gc,marking  ] GC(5) Concurrent Rebuild Remembered Sets
[2024-08-27T06:49:56.215+0530][gc,marking  ] GC(5) Concurrent Rebuild Remembered Sets 6.365ms
[2024-08-27T06:49:56.216+0530][gc,start    ] GC(5) Pause Cleanup
[2024-08-27T06:49:56.216+0530][gc          ] GC(5) Pause Cleanup 145M->145M(1024M) 0.143ms
[2024-08-27T06:49:56.216+0530][gc,cpu      ] GC(5) User=0.00s Sys=0.00s Real=0.00s
[2024-08-27T06:49:56.216+0530][gc,marking  ] GC(5) Concurrent Cleanup for Next Mark
[2024-08-27T06:49:56.222+0530][gc,marking  ] GC(5) Concurrent Cleanup for Next Mark 6.252ms
[2024-08-27T06:49:56.222+0530][gc          ] GC(5) Concurrent Mark Cycle 28.174ms
[2024-08-27T06:51:23.834+0530][gc,start    ] GC(6) Pause Young (Normal) (G1 Evacuation Pause)
[2024-08-27T06:51:23.836+0530][gc,task     ] GC(6) Using 8 workers of 8 for evacuation
[2024-08-27T06:51:23.841+0530][gc,phases   ] GC(6)   Pre Evacuate Collection Set: 0.1ms
[2024-08-27T06:51:23.841+0530][gc,phases   ] GC(6)   Merge Heap Roots: 0.1ms
[2024-08-27T06:51:23.841+0530][gc,phases   ] GC(6)   Evacuate Collection Set: 3.7ms
[2024-08-27T06:51:23.841+0530][gc,phases   ] GC(6)   Post Evacuate Collection Set: 1.0ms
[2024-08-27T06:51:23.841+0530][gc,phases   ] GC(6)   Other: 2.1ms
[2024-08-27T06:51:23.841+0530][gc,heap     ] GC(6) Eden regions: 49->0(46)
[2024-08-27T06:51:23.841+0530][gc,heap     ] GC(6) Survivor regions: 2->5(7)
[2024-08-27T06:51:23.841+0530][gc,heap     ] GC(6) Old regions: 14->14
[2024-08-27T06:51:23.841+0530][gc,heap     ] GC(6) Archive regions: 2->2
[2024-08-27T06:51:23.841+0530][gc,heap     ] GC(6) Humongous regions: 129->129
[2024-08-27T06:51:23.841+0530][gc,metaspace] GC(6) Metaspace: 41959K(42560K)->41959K(42560K) NonClass: 36890K(37248K)->36890K(37248K) Class: 5068K(5312K)->5068K(5312K)
[2024-08-27T06:51:23.841+0530][gc          ] GC(6) Pause Young (Normal) (G1 Evacuation Pause) 194M->148M(1024M) 7.166ms
[2024-08-27T06:51:23.842+0530][gc,cpu      ] GC(6) User=0.03s Sys=0.00s Real=0.01s
[2024-08-27T06:55:34.750+0530][gc,start    ] GC(7) Pause Young (Normal) (G1 Evacuation Pause)
[2024-08-27T06:55:34.752+0530][gc,task     ] GC(7) Using 8 workers of 8 for evacuation
[2024-08-27T06:55:34.770+0530][gc,phases   ] GC(7)   Pre Evacuate Collection Set: 1.6ms
[2024-08-27T06:55:34.770+0530][gc,phases   ] GC(7)   Merge Heap Roots: 0.2ms
[2024-08-27T06:55:34.770+0530][gc,phases   ] GC(7)   Evacuate Collection Set: 15.3ms
[2024-08-27T06:55:34.771+0530][gc,phases   ] GC(7)   Post Evacuate Collection Set: 0.6ms
[2024-08-27T06:55:34.771+0530][gc,phases   ] GC(7)   Other: 2.9ms
[2024-08-27T06:55:34.771+0530][gc,heap     ] GC(7) Eden regions: 46->0(48)
[2024-08-27T06:55:34.771+0530][gc,heap     ] GC(7) Survivor regions: 5->3(7)
[2024-08-27T06:55:34.771+0530][gc,heap     ] GC(7) Old regions: 14->18
[2024-08-27T06:55:34.771+0530][gc,heap     ] GC(7) Archive regions: 2->2
[2024-08-27T06:55:34.771+0530][gc,heap     ] GC(7) Humongous regions: 129->129
[2024-08-27T06:55:34.771+0530][gc,metaspace] GC(7) Metaspace: 42316K(42880K)->42316K(42880K) NonClass: 37237K(37504K)->37237K(37504K) Class: 5078K(5376K)->5078K(5376K)
[2024-08-27T06:55:34.771+0530][gc          ] GC(7) Pause Young (Normal) (G1 Evacuation Pause) 194M->150M(1024M) 20.597ms
[2024-08-27T06:55:34.771+0530][gc,cpu      ] GC(7) User=0.04s Sys=0.04s Real=0.02s
[2024-08-27T07:00:25.676+0530][gc,start    ] GC(8) Pause Young (Normal) (G1 Evacuation Pause)
[2024-08-27T07:00:25.678+0530][gc,task     ] GC(8) Using 8 workers of 8 for evacuation
[2024-08-27T07:00:25.689+0530][gc,phases   ] GC(8)   Pre Evacuate Collection Set: 0.3ms
[2024-08-27T07:00:25.689+0530][gc,phases   ] GC(8)   Merge Heap Roots: 0.1ms
[2024-08-27T07:00:25.689+0530][gc,phases   ] GC(8)   Evacuate Collection Set: 10.0ms
[2024-08-27T07:00:25.689+0530][gc,phases   ] GC(8)   Post Evacuate Collection Set: 0.4ms
[2024-08-27T07:00:25.689+0530][gc,phases   ] GC(8)   Other: 2.2ms
[2024-08-27T07:00:25.689+0530][gc,heap     ] GC(8) Eden regions: 48->0(44)
[2024-08-27T07:00:25.689+0530][gc,heap     ] GC(8) Survivor regions: 3->7(7)
[2024-08-27T07:00:25.689+0530][gc,heap     ] GC(8) Old regions: 18->18
[2024-08-27T07:00:25.689+0530][gc,heap     ] GC(8) Archive regions: 2->2
[2024-08-27T07:00:25.689+0530][gc,heap     ] GC(8) Humongous regions: 129->129
[2024-08-27T07:00:25.689+0530][gc,metaspace] GC(8) Metaspace: 42468K(43072K)->42468K(43072K) NonClass: 37385K(37696K)->37385K(37696K) Class: 5082K(5376K)->5082K(5376K)
[2024-08-27T07:00:25.689+0530][gc          ] GC(8) Pause Young (Normal) (G1 Evacuation Pause) 198M->153M(1024M) 13.153ms
[2024-08-27T07:00:25.689+0530][gc,cpu      ] GC(8) User=0.05s Sys=0.02s Real=0.01s
[2024-08-27T07:04:50.551+0530][gc,start    ] GC(9) Pause Young (Normal) (G1 Evacuation Pause)
[2024-08-27T07:04:50.552+0530][gc,task     ] GC(9) Using 8 workers of 8 for evacuation
[2024-08-27T07:04:50.564+0530][gc,phases   ] GC(9)   Pre Evacuate Collection Set: 0.4ms
[2024-08-27T07:04:50.564+0530][gc,phases   ] GC(9)   Merge Heap Roots: 0.2ms
[2024-08-27T07:04:50.564+0530][gc,phases   ] GC(9)   Evacuate Collection Set: 10.7ms
[2024-08-27T07:04:50.564+0530][gc,phases   ] GC(9)   Post Evacuate Collection Set: 0.4ms
[2024-08-27T07:04:50.564+0530][gc,phases   ] GC(9)   Other: 0.6ms
[2024-08-27T07:04:50.564+0530][gc,heap     ] GC(9) Eden regions: 44->0(47)
[2024-08-27T07:04:50.564+0530][gc,heap     ] GC(9) Survivor regions: 7->4(7)
[2024-08-27T07:04:50.564+0530][gc,heap     ] GC(9) Old regions: 18->22
[2024-08-27T07:04:50.564+0530][gc,heap     ] GC(9) Archive regions: 2->2
[2024-08-27T07:04:50.564+0530][gc,heap     ] GC(9) Humongous regions: 129->129
[2024-08-27T07:04:50.564+0530][gc,metaspace] GC(9) Metaspace: 42657K(43264K)->42657K(43264K) NonClass: 37554K(37888K)->37554K(37888K) Class: 5102K(5376K)->5102K(5376K)
[2024-08-27T07:04:50.564+0530][gc          ] GC(9) Pause Young (Normal) (G1 Evacuation Pause) 197M->155M(1024M) 12.430ms
[2024-08-27T07:04:50.564+0530][gc,cpu      ] GC(9) User=0.05s Sys=0.02s Real=0.01s
[2024-08-27T07:09:45.227+0530][gc,start    ] GC(10) Pause Young (Normal) (G1 Evacuation Pause)
[2024-08-27T07:09:45.229+0530][gc,task     ] GC(10) Using 8 workers of 8 for evacuation
[2024-08-27T07:09:45.240+0530][gc,phases   ] GC(10)   Pre Evacuate Collection Set: 0.2ms
[2024-08-27T07:09:45.240+0530][gc,phases   ] GC(10)   Merge Heap Roots: 0.1ms
[2024-08-27T07:09:45.240+0530][gc,phases   ] GC(10)   Evacuate Collection Set: 9.9ms
[2024-08-27T07:09:45.240+0530][gc,phases   ] GC(10)   Post Evacuate Collection Set: 0.4ms
[2024-08-27T07:09:45.240+0530][gc,phases   ] GC(10)   Other: 2.2ms
[2024-08-27T07:09:45.240+0530][gc,heap     ] GC(10) Eden regions: 47->0(44)
[2024-08-27T07:09:45.240+0530][gc,heap     ] GC(10) Survivor regions: 4->7(7)
[2024-08-27T07:09:45.240+0530][gc,heap     ] GC(10) Old regions: 22->23
[2024-08-27T07:09:45.240+0530][gc,heap     ] GC(10) Archive regions: 2->2
[2024-08-27T07:09:45.240+0530][gc,heap     ] GC(10) Humongous regions: 129->129
[2024-08-27T07:09:45.240+0530][gc,metaspace] GC(10) Metaspace: 42703K(43328K)->42703K(43328K) NonClass: 37600K(37952K)->37600K(37952K) Class: 5102K(5376K)->5102K(5376K)
[2024-08-27T07:09:45.240+0530][gc          ] GC(10) Pause Young (Normal) (G1 Evacuation Pause) 202M->159M(1024M) 12.964ms
[2024-08-27T07:09:45.240+0530][gc,cpu      ] GC(10) User=0.04s Sys=0.02s Real=0.02s
[2024-08-27T07:14:22.420+0530][gc,start    ] GC(11) Pause Young (Normal) (G1 Evacuation Pause)
[2024-08-27T07:14:22.425+0530][gc,task     ] GC(11) Using 8 workers of 8 for evacuation
[2024-08-27T07:14:22.438+0530][gc,phases   ] GC(11)   Pre Evacuate Collection Set: 0.2ms
[2024-08-27T07:14:22.438+0530][gc,phases   ] GC(11)   Merge Heap Roots: 0.1ms
[2024-08-27T07:14:22.438+0530][gc,phases   ] GC(11)   Evacuate Collection Set: 10.0ms
[2024-08-27T07:14:22.438+0530][gc,phases   ] GC(11)   Post Evacuate Collection Set: 0.4ms
[2024-08-27T07:14:22.438+0530][gc,phases   ] GC(11)   Other: 7.4ms
[2024-08-27T07:14:22.438+0530][gc,heap     ] GC(11) Eden regions: 44->0(46)
[2024-08-27T07:14:22.438+0530][gc,heap     ] GC(11) Survivor regions: 7->5(7)
[2024-08-27T07:14:22.438+0530][gc,heap     ] GC(11) Old regions: 23->29
[2024-08-27T07:14:22.438+0530][gc,heap     ] GC(11) Archive regions: 2->2
[2024-08-27T07:14:22.438+0530][gc,heap     ] GC(11) Humongous regions: 129->129
[2024-08-27T07:14:22.438+0530][gc,metaspace] GC(11) Metaspace: 42756K(43328K)->42756K(43328K) NonClass: 37653K(37952K)->37653K(37952K) Class: 5102K(5376K)->5102K(5376K)
[2024-08-27T07:14:22.439+0530][gc          ] GC(11) Pause Young (Normal) (G1 Evacuation Pause) 203M->163M(1024M) 18.390ms
[2024-08-27T07:14:22.439+0530][gc,cpu      ] GC(11) User=0.06s Sys=0.02s Real=0.01s
[2024-08-27T07:19:17.624+0530][gc,start    ] GC(12) Pause Young (Normal) (G1 Evacuation Pause)
[2024-08-27T07:19:17.628+0530][gc,task     ] GC(12) Using 8 workers of 8 for evacuation
[2024-08-27T07:19:17.636+0530][gc,phases   ] GC(12)   Pre Evacuate Collection Set: 0.2ms
[2024-08-27T07:19:17.636+0530][gc,phases   ] GC(12)   Merge Heap Roots: 0.1ms
[2024-08-27T07:19:17.636+0530][gc,phases   ] GC(12)   Evacuate Collection Set: 7.1ms
[2024-08-27T07:19:17.636+0530][gc,phases   ] GC(12)   Post Evacuate Collection Set: 0.3ms
[2024-08-27T07:19:17.636+0530][gc,phases   ] GC(12)   Other: 3.8ms
[2024-08-27T07:19:17.636+0530][gc,heap     ] GC(12) Eden regions: 46->0(50)
[2024-08-27T07:19:17.636+0530][gc,heap     ] GC(12) Survivor regions: 5->6(7)
[2024-08-27T07:19:17.636+0530][gc,heap     ] GC(12) Old regions: 29->33
[2024-08-27T07:19:17.636+0530][gc,heap     ] GC(12) Archive regions: 2->2
[2024-08-27T07:19:17.636+0530][gc,heap     ] GC(12) Humongous regions: 129->129
[2024-08-27T07:19:17.636+0530][gc,metaspace] GC(12) Metaspace: 42798K(43392K)->42798K(43392K) NonClass: 37695K(38016K)->37695K(38016K) Class: 5102K(5376K)->5102K(5376K)
[2024-08-27T07:19:17.636+0530][gc          ] GC(12) Pause Young (Normal) (G1 Evacuation Pause) 209M->167M(1024M) 11.626ms
[2024-08-27T07:19:17.636+0530][gc,cpu      ] GC(12) User=0.06s Sys=0.00s Real=0.01s
[2024-08-27T07:24:19.961+0530][gc,start    ] GC(13) Pause Young (Normal) (G1 Evacuation Pause)
[2024-08-27T07:24:19.962+0530][gc,task     ] GC(13) Using 8 workers of 8 for evacuation
[2024-08-27T07:24:19.975+0530][gc,phases   ] GC(13)   Pre Evacuate Collection Set: 0.2ms
[2024-08-27T07:24:19.975+0530][gc,phases   ] GC(13)   Merge Heap Roots: 0.1ms
[2024-08-27T07:24:19.975+0530][gc,phases   ] GC(13)   Evacuate Collection Set: 11.4ms
[2024-08-27T07:24:19.975+0530][gc,phases   ] GC(13)   Post Evacuate Collection Set: 0.4ms
[2024-08-27T07:24:19.975+0530][gc,phases   ] GC(13)   Other: 2.2ms
[2024-08-27T07:24:19.975+0530][gc,heap     ] GC(13) Eden regions: 47->0(66)
[2024-08-27T07:24:19.975+0530][gc,heap     ] GC(13) Survivor regions: 6->5(7)
[2024-08-27T07:24:19.975+0530][gc,heap     ] GC(13) Old regions: 33->37
[2024-08-27T07:24:19.975+0530][gc,heap     ] GC(13) Archive regions: 2->2
[2024-08-27T07:24:19.975+0530][gc,heap     ] GC(13) Humongous regions: 129->129
[2024-08-27T07:24:19.975+0530][gc,metaspace] GC(13) Metaspace: 42839K(43456K)->42839K(43456K) NonClass: 37736K(38080K)->37736K(38080K) Class: 5102K(5376K)->5102K(5376K)
[2024-08-27T07:24:19.975+0530][gc          ] GC(13) Pause Young (Normal) (G1 Evacuation Pause) 214M->170M(1024M) 14.483ms
[2024-08-27T07:24:19.975+0530][gc,cpu      ] GC(13) User=0.05s Sys=0.01s Real=0.01s
[2024-08-27T07:31:20.838+0530][gc,start    ] GC(14) Pause Young (Normal) (G1 Evacuation Pause)
[2024-08-27T07:31:20.838+0530][gc,task     ] GC(14) Using 8 workers of 8 for evacuation
[2024-08-27T07:31:20.851+0530][gc,phases   ] GC(14)   Pre Evacuate Collection Set: 0.1ms
[2024-08-27T07:31:20.851+0530][gc,phases   ] GC(14)   Merge Heap Roots: 0.1ms
[2024-08-27T07:31:20.851+0530][gc,phases   ] GC(14)   Evacuate Collection Set: 11.8ms
[2024-08-27T07:31:20.851+0530][gc,phases   ] GC(14)   Post Evacuate Collection Set: 0.4ms
[2024-08-27T07:31:20.851+0530][gc,phases   ] GC(14)   Other: 0.2ms
[2024-08-27T07:31:20.851+0530][gc,heap     ] GC(14) Eden regions: 66->0(52)
[2024-08-27T07:31:20.851+0530][gc,heap     ] GC(14) Survivor regions: 5->9(9)
[2024-08-27T07:31:20.851+0530][gc,heap     ] GC(14) Old regions: 37->38
[2024-08-27T07:31:20.851+0530][gc,heap     ] GC(14) Archive regions: 2->2
[2024-08-27T07:31:20.851+0530][gc,heap     ] GC(14) Humongous regions: 129->129
[2024-08-27T07:31:20.851+0530][gc,metaspace] GC(14) Metaspace: 42923K(43520K)->42923K(43520K) NonClass: 37820K(38144K)->37820K(38144K) Class: 5102K(5376K)->5102K(5376K)
[2024-08-27T07:31:20.851+0530][gc          ] GC(14) Pause Young (Normal) (G1 Evacuation Pause) 236M->176M(1024M) 12.728ms
[2024-08-27T07:31:20.851+0530][gc,cpu      ] GC(14) User=0.05s Sys=0.01s Real=0.02s
[2024-08-27T07:36:49.680+0530][gc,start    ] GC(15) Pause Young (Normal) (G1 Evacuation Pause)
[2024-08-27T07:36:49.680+0530][gc,task     ] GC(15) Using 8 workers of 8 for evacuation
[2024-08-27T07:36:49.693+0530][gc,phases   ] GC(15)   Pre Evacuate Collection Set: 0.2ms
[2024-08-27T07:36:49.693+0530][gc,phases   ] GC(15)   Merge Heap Roots: 0.1ms
[2024-08-27T07:36:49.693+0530][gc,phases   ] GC(15)   Evacuate Collection Set: 12.1ms
[2024-08-27T07:36:49.693+0530][gc,phases   ] GC(15)   Post Evacuate Collection Set: 0.3ms
[2024-08-27T07:36:49.693+0530][gc,phases   ] GC(15)   Other: 0.2ms
[2024-08-27T07:36:49.693+0530][gc,heap     ] GC(15) Eden regions: 52->0(74)
[2024-08-27T07:36:49.693+0530][gc,heap     ] GC(15) Survivor regions: 9->5(8)
[2024-08-27T07:36:49.693+0530][gc,heap     ] GC(15) Old regions: 38->46
[2024-08-27T07:36:49.693+0530][gc,heap     ] GC(15) Archive regions: 2->2
[2024-08-27T07:36:49.693+0530][gc,heap     ] GC(15) Humongous regions: 129->129
[2024-08-27T07:36:49.693+0530][gc,metaspace] GC(15) Metaspace: 42959K(43584K)->42959K(43584K) NonClass: 37856K(38208K)->37856K(38208K) Class: 5102K(5376K)->5102K(5376K)
[2024-08-27T07:36:49.693+0530][gc          ] GC(15) Pause Young (Normal) (G1 Evacuation Pause) 228M->180M(1024M) 13.116ms
[2024-08-27T07:36:49.693+0530][gc,cpu      ] GC(15) User=0.07s Sys=0.01s Real=0.01s
[2024-08-27T07:44:36.256+0530][gc,start    ] GC(16) Pause Young (Normal) (G1 Evacuation Pause)
[2024-08-27T07:44:36.260+0530][gc,task     ] GC(16) Using 8 workers of 8 for evacuation
[2024-08-27T07:44:36.278+0530][gc,phases   ] GC(16)   Pre Evacuate Collection Set: 1.0ms
[2024-08-27T07:44:36.282+0530][gc,phases   ] GC(16)   Merge Heap Roots: 3.7ms
[2024-08-27T07:44:36.282+0530][gc,phases   ] GC(16)   Evacuate Collection Set: 9.5ms
[2024-08-27T07:44:36.282+0530][gc,phases   ] GC(16)   Post Evacuate Collection Set: 0.3ms
[2024-08-27T07:44:36.282+0530][gc,phases   ] GC(16)   Other: 7.7ms
[2024-08-27T07:44:36.282+0530][gc,heap     ] GC(16) Eden regions: 74->0(41)
[2024-08-27T07:44:36.282+0530][gc,heap     ] GC(16) Survivor regions: 5->10(10)
[2024-08-27T07:44:36.282+0530][gc,heap     ] GC(16) Old regions: 46->47
[2024-08-27T07:44:36.282+0530][gc,heap     ] GC(16) Archive regions: 2->2
[2024-08-27T07:44:36.282+0530][gc,heap     ] GC(16) Humongous regions: 129->129
[2024-08-27T07:44:36.282+0530][gc,metaspace] GC(16) Metaspace: 43036K(43648K)->43036K(43648K) NonClass: 37933K(38272K)->37933K(38272K) Class: 5102K(5376K)->5102K(5376K)
[2024-08-27T07:44:36.282+0530][gc          ] GC(16) Pause Young (Normal) (G1 Evacuation Pause) 254M->186M(1024M) 25.950ms
[2024-08-27T07:44:36.282+0530][gc,cpu      ] GC(16) User=0.05s Sys=0.01s Real=0.03s
[2024-08-27T07:48:55.715+0530][gc,start    ] GC(17) Pause Young (Normal) (G1 Evacuation Pause)
[2024-08-27T07:48:55.717+0530][gc,task     ] GC(17) Using 8 workers of 8 for evacuation
[2024-08-27T07:48:55.729+0530][gc,phases   ] GC(17)   Pre Evacuate Collection Set: 0.2ms
[2024-08-27T07:48:55.729+0530][gc,phases   ] GC(17)   Merge Heap Roots: 0.1ms
[2024-08-27T07:48:55.729+0530][gc,phases   ] GC(17)   Evacuate Collection Set: 10.9ms
[2024-08-27T07:48:55.729+0530][gc,phases   ] GC(17)   Post Evacuate Collection Set: 0.4ms
[2024-08-27T07:48:55.729+0530][gc,phases   ] GC(17)   Other: 2.1ms
[2024-08-27T07:48:55.729+0530][gc,heap     ] GC(17) Eden regions: 41->0(92)
[2024-08-27T07:48:55.729+0530][gc,heap     ] GC(17) Survivor regions: 10->4(7)
[2024-08-27T07:48:55.729+0530][gc,heap     ] GC(17) Old regions: 47->56
[2024-08-27T07:48:55.729+0530][gc,heap     ] GC(17) Archive regions: 2->2
[2024-08-27T07:48:55.729+0530][gc,heap     ] GC(17) Humongous regions: 129->129
[2024-08-27T07:48:55.729+0530][gc,metaspace] GC(17) Metaspace: 43085K(43648K)->43085K(43648K) NonClass: 37978K(38272K)->37978K(38272K) Class: 5107K(5376K)->5107K(5376K)
[2024-08-27T07:48:55.729+0530][gc          ] GC(17) Pause Young (Normal) (G1 Evacuation Pause) 227M->189M(1024M) 13.752ms
[2024-08-27T07:48:55.729+0530][gc,cpu      ] GC(17) User=0.07s Sys=0.01s Real=0.01s
[2024-08-27T07:58:18.588+0530][gc,start    ] GC(18) Pause Young (Normal) (G1 Evacuation Pause)
[2024-08-27T07:58:18.588+0530][gc,task     ] GC(18) Using 8 workers of 8 for evacuation
[2024-08-27T07:58:18.596+0530][gc,phases   ] GC(18)   Pre Evacuate Collection Set: 0.2ms
[2024-08-27T07:58:18.597+0530][gc,phases   ] GC(18)   Merge Heap Roots: 0.1ms
[2024-08-27T07:58:18.597+0530][gc,phases   ] GC(18)   Evacuate Collection Set: 7.9ms
[2024-08-27T07:58:18.597+0530][gc,phases   ] GC(18)   Post Evacuate Collection Set: 0.3ms
[2024-08-27T07:58:18.597+0530][gc,phases   ] GC(18)   Other: 0.4ms
[2024-08-27T07:58:18.597+0530][gc,heap     ] GC(18) Eden regions: 92->0(81)
[2024-08-27T07:58:18.597+0530][gc,heap     ] GC(18) Survivor regions: 4->8(12)
[2024-08-27T07:58:18.597+0530][gc,heap     ] GC(18) Old regions: 56->56
[2024-08-27T07:58:18.597+0530][gc,heap     ] GC(18) Archive regions: 2->2
[2024-08-27T07:58:18.597+0530][gc,heap     ] GC(18) Humongous regions: 129->129
[2024-08-27T07:58:18.597+0530][gc,metaspace] GC(18) Metaspace: 43155K(43776K)->43155K(43776K) NonClass: 38045K(38400K)->38045K(38400K) Class: 5110K(5376K)->5110K(5376K)
[2024-08-27T07:58:18.597+0530][gc          ] GC(18) Pause Young (Normal) (G1 Evacuation Pause) 281M->193M(1024M) 9.023ms
[2024-08-27T07:58:18.597+0530][gc,cpu      ] GC(18) User=0.05s Sys=0.01s Real=0.01s
[2024-08-27T08:08:24.514+0530][gc,start    ] GC(19) Pause Young (Normal) (G1 Evacuation Pause)
[2024-08-27T08:08:24.516+0530][gc,task     ] GC(19) Using 8 workers of 8 for evacuation
[2024-08-27T08:08:24.531+0530][gc,phases   ] GC(19)   Pre Evacuate Collection Set: 0.3ms
[2024-08-27T08:08:24.531+0530][gc,phases   ] GC(19)   Merge Heap Roots: 0.2ms
[2024-08-27T08:08:24.531+0530][gc,phases   ] GC(19)   Evacuate Collection Set: 14.1ms
[2024-08-27T08:08:24.531+0530][gc,phases   ] GC(19)   Post Evacuate Collection Set: 0.4ms
[2024-08-27T08:08:24.531+0530][gc,phases   ] GC(19)   Other: 2.4ms
[2024-08-27T08:08:24.531+0530][gc,heap     ] GC(19) Eden regions: 81->0(96)
[2024-08-27T08:08:24.531+0530][gc,heap     ] GC(19) Survivor regions: 8->5(12)
[2024-08-27T08:08:24.531+0530][gc,heap     ] GC(19) Old regions: 56->59
[2024-08-27T08:08:24.531+0530][gc,heap     ] GC(19) Archive regions: 2->2
[2024-08-27T08:08:24.531+0530][gc,heap     ] GC(19) Humongous regions: 129->129
[2024-08-27T08:08:24.531+0530][gc,metaspace] GC(19) Metaspace: 43209K(43840K)->43209K(43840K) NonClass: 38099K(38464K)->38099K(38464K) Class: 5110K(5376K)->5110K(5376K)
[2024-08-27T08:08:24.531+0530][gc          ] GC(19) Pause Young (Normal) (G1 Evacuation Pause) 274M->193M(1024M) 17.428ms
[2024-08-27T08:08:24.531+0530][gc,cpu      ] GC(19) User=0.05s Sys=0.04s Real=0.02s
[2024-08-27T08:19:01.889+0530][gc,start    ] GC(20) Pause Young (Normal) (G1 Evacuation Pause)
[2024-08-27T08:19:01.891+0530][gc,task     ] GC(20) Using 8 workers of 8 for evacuation
[2024-08-27T08:19:01.896+0530][gc,phases   ] GC(20)   Pre Evacuate Collection Set: 0.2ms
[2024-08-27T08:19:01.896+0530][gc,phases   ] GC(20)   Merge Heap Roots: 0.1ms
[2024-08-27T08:19:01.896+0530][gc,phases   ] GC(20)   Evacuate Collection Set: 4.4ms
[2024-08-27T08:19:01.896+0530][gc,phases   ] GC(20)   Post Evacuate Collection Set: 0.3ms
[2024-08-27T08:19:01.896+0530][gc,phases   ] GC(20)   Other: 2.1ms
[2024-08-27T08:19:01.896+0530][gc,heap     ] GC(20) Eden regions: 94->0(609)
[2024-08-27T08:19:01.896+0530][gc,heap     ] GC(20) Survivor regions: 5->5(13)
[2024-08-27T08:19:01.896+0530][gc,heap     ] GC(20) Old regions: 59->59
[2024-08-27T08:19:01.896+0530][gc,heap     ] GC(20) Archive regions: 2->2
[2024-08-27T08:19:01.896+0530][gc,heap     ] GC(20) Humongous regions: 129->129
[2024-08-27T08:19:01.896+0530][gc,metaspace] GC(20) Metaspace: 43313K(43904K)->43313K(43904K) NonClass: 38203K(38528K)->38203K(38528K) Class: 5110K(5376K)->5110K(5376K)
[2024-08-27T08:19:01.896+0530][gc          ] GC(20) Pause Young (Normal) (G1 Evacuation Pause) 287M->193M(1024M) 7.217ms
[2024-08-27T08:19:01.896+0530][gc,cpu      ] GC(20) User=0.03s Sys=0.00s Real=0.01s
[2024-08-27T09:29:31.807+0530][gc,heap,exit] Heap
[2024-08-27T09:29:31.807+0530][gc,heap,exit]  garbage-first heap   total 1048576K, used 350018K [0x00000007c0000000, 0x0000000800000000)
[2024-08-27T09:29:31.807+0530][gc,heap,exit]   region size 1024K, 154 young (157696K), 5 survivors (5120K)
[2024-08-27T09:29:31.807+0530][gc,heap,exit]  Metaspace       used 44877K, committed 45504K, reserved 1114112K
[2024-08-27T09:29:31.808+0530][gc,heap,exit]   class space    used 5426K, committed 5696K, reserved 1048576K
