[2024-08-27T10:39:10.715+0530][gc] Using G1
[2024-08-27T10:39:10.717+0530][gc,init] Version: 17.0.8+9-LTS-211 (release)
[2024-08-27T10:39:10.717+0530][gc,init] CPUs: 8 total, 8 available
[2024-08-27T10:39:10.717+0530][gc,init] Memory: 16384M
[2024-08-27T10:39:10.717+0530][gc,init] Large Page Support: Disabled
[2024-08-27T10:39:10.717+0530][gc,init] NUMA Support: Disabled
[2024-08-27T10:39:10.717+0530][gc,init] Compressed Oops: Enabled (Zero based)
[2024-08-27T10:39:10.717+0530][gc,init] Heap Region Size: 2M
[2024-08-27T10:39:10.717+0530][gc,init] Heap Min Capacity: 8M
[2024-08-27T10:39:10.717+0530][gc,init] Heap Initial Capacity: 256M
[2024-08-27T10:39:10.717+0530][gc,init] Heap Max Capacity: 3G
[2024-08-27T10:39:10.717+0530][gc,init] Pre-touch: Disabled
[2024-08-27T10:39:10.717+0530][gc,init] Parallel Workers: 8
[2024-08-27T10:39:10.717+0530][gc,init] Concurrent Workers: 2
[2024-08-27T10:39:10.717+0530][gc,init] Concurrent Refinement Workers: 8
[2024-08-27T10:39:10.717+0530][gc,init] Periodic GC: Disabled
[2024-08-27T10:39:10.725+0530][gc,metaspace] CDS archive(s) mapped at: [0x0000000124000000-0x0000000124be4000-0x0000000124be4000), size 12468224, SharedBaseAddress: 0x0000000124000000, ArchiveRelocationMode: 1.
[2024-08-27T10:39:10.725+0530][gc,metaspace] Compressed class space mapped at: 0x0000000125000000-0x0000000165000000, reserved size: 1073741824
[2024-08-27T10:39:10.725+0530][gc,metaspace] Narrow klass base: 0x0000000124000000, Narrow klass shift: 0, Narrow klass range: 0x100000000
[2024-08-27T10:39:12.207+0530][gc,start    ] GC(0) Pause Young (Normal) (G1 Evacuation Pause)
[2024-08-27T10:39:12.207+0530][gc,task     ] GC(0) Using 6 workers of 8 for evacuation
[2024-08-27T10:39:12.219+0530][gc,phases   ] GC(0)   Pre Evacuate Collection Set: 0.1ms
[2024-08-27T10:39:12.219+0530][gc,phases   ] GC(0)   Merge Heap Roots: 0.1ms
[2024-08-27T10:39:12.219+0530][gc,phases   ] GC(0)   Evacuate Collection Set: 11.0ms
[2024-08-27T10:39:12.219+0530][gc,phases   ] GC(0)   Post Evacuate Collection Set: 0.8ms
[2024-08-27T10:39:12.219+0530][gc,phases   ] GC(0)   Other: 0.6ms
[2024-08-27T10:39:12.219+0530][gc,heap     ] GC(0) Eden regions: 64->0(56)
[2024-08-27T10:39:12.219+0530][gc,heap     ] GC(0) Survivor regions: 0->8(8)
[2024-08-27T10:39:12.219+0530][gc,heap     ] GC(0) Old regions: 0->2
[2024-08-27T10:39:12.219+0530][gc,heap     ] GC(0) Archive regions: 2->2
[2024-08-27T10:39:12.219+0530][gc,heap     ] GC(0) Humongous regions: 1->1
[2024-08-27T10:39:12.219+0530][gc,metaspace] GC(0) Metaspace: 15406K(15680K)->15406K(15680K) NonClass: 13518K(13696K)->13518K(13696K) Class: 1887K(1984K)->1887K(1984K)
[2024-08-27T10:39:12.219+0530][gc          ] GC(0) Pause Young (Normal) (G1 Evacuation Pause) 131M->22M(260M) 12.696ms
[2024-08-27T10:39:12.219+0530][gc,cpu      ] GC(0) User=0.04s Sys=0.02s Real=0.01s
[2024-08-27T10:39:12.688+0530][gc,start    ] GC(1) Pause Young (Concurrent Start) (Metadata GC Threshold)
[2024-08-27T10:39:12.688+0530][gc,task     ] GC(1) Using 6 workers of 8 for evacuation
[2024-08-27T10:39:12.699+0530][gc,phases   ] GC(1)   Pre Evacuate Collection Set: 0.1ms
[2024-08-27T10:39:12.699+0530][gc,phases   ] GC(1)   Merge Heap Roots: 0.1ms
[2024-08-27T10:39:12.699+0530][gc,phases   ] GC(1)   Evacuate Collection Set: 9.7ms
[2024-08-27T10:39:12.699+0530][gc,phases   ] GC(1)   Post Evacuate Collection Set: 0.4ms
[2024-08-27T10:39:12.699+0530][gc,phases   ] GC(1)   Other: 0.4ms
[2024-08-27T10:39:12.699+0530][gc,heap     ] GC(1) Eden regions: 15->0(62)
[2024-08-27T10:39:12.699+0530][gc,heap     ] GC(1) Survivor regions: 8->2(8)
[2024-08-27T10:39:12.699+0530][gc,heap     ] GC(1) Old regions: 2->9
[2024-08-27T10:39:12.699+0530][gc,heap     ] GC(1) Archive regions: 2->2
[2024-08-27T10:39:12.699+0530][gc,heap     ] GC(1) Humongous regions: 1->1
[2024-08-27T10:39:12.699+0530][gc,metaspace] GC(1) Metaspace: 21251K(21504K)->21251K(21504K) NonClass: 18555K(18688K)->18555K(18688K) Class: 2696K(2816K)->2696K(2816K)
[2024-08-27T10:39:12.699+0530][gc          ] GC(1) Pause Young (Concurrent Start) (Metadata GC Threshold) 52M->24M(260M) 10.854ms
[2024-08-27T10:39:12.699+0530][gc,cpu      ] GC(1) User=0.05s Sys=0.02s Real=0.01s
[2024-08-27T10:39:12.699+0530][gc          ] GC(2) Concurrent Mark Cycle
[2024-08-27T10:39:12.699+0530][gc,marking  ] GC(2) Concurrent Clear Claimed Marks
[2024-08-27T10:39:12.699+0530][gc,marking  ] GC(2) Concurrent Clear Claimed Marks 0.028ms
[2024-08-27T10:39:12.699+0530][gc,marking  ] GC(2) Concurrent Scan Root Regions
[2024-08-27T10:39:12.703+0530][gc,marking  ] GC(2) Concurrent Scan Root Regions 3.999ms
[2024-08-27T10:39:12.703+0530][gc,marking  ] GC(2) Concurrent Mark
[2024-08-27T10:39:12.703+0530][gc,marking  ] GC(2) Concurrent Mark From Roots
[2024-08-27T10:39:12.703+0530][gc,task     ] GC(2) Using 2 workers of 2 for marking
[2024-08-27T10:39:12.706+0530][gc,marking  ] GC(2) Concurrent Mark From Roots 2.748ms
[2024-08-27T10:39:12.706+0530][gc,marking  ] GC(2) Concurrent Preclean
[2024-08-27T10:39:12.706+0530][gc,marking  ] GC(2) Concurrent Preclean 0.034ms
[2024-08-27T10:39:12.707+0530][gc,start    ] GC(2) Pause Remark
[2024-08-27T10:39:12.708+0530][gc          ] GC(2) Pause Remark 25M->25M(100M) 1.538ms
[2024-08-27T10:39:12.708+0530][gc,cpu      ] GC(2) User=0.00s Sys=0.01s Real=0.00s
[2024-08-27T10:39:12.708+0530][gc,marking  ] GC(2) Concurrent Mark 5.197ms
[2024-08-27T10:39:12.708+0530][gc,marking  ] GC(2) Concurrent Rebuild Remembered Sets
[2024-08-27T10:39:12.714+0530][gc,marking  ] GC(2) Concurrent Rebuild Remembered Sets 6.009ms
[2024-08-27T10:39:12.714+0530][gc,start    ] GC(2) Pause Cleanup
[2024-08-27T10:39:12.715+0530][gc          ] GC(2) Pause Cleanup 25M->25M(100M) 0.091ms
[2024-08-27T10:39:12.715+0530][gc,cpu      ] GC(2) User=0.01s Sys=0.00s Real=0.00s
[2024-08-27T10:39:12.715+0530][gc,marking  ] GC(2) Concurrent Cleanup for Next Mark
[2024-08-27T10:39:12.715+0530][gc,marking  ] GC(2) Concurrent Cleanup for Next Mark 0.779ms
[2024-08-27T10:39:12.716+0530][gc          ] GC(2) Concurrent Mark Cycle 16.569ms
[2024-08-27T10:39:13.459+0530][gc,start    ] GC(3) Pause Young (Prepare Mixed) (G1 Preventive Collection)
[2024-08-27T10:39:13.459+0530][gc,task     ] GC(3) Using 5 workers of 8 for evacuation
[2024-08-27T10:39:13.464+0530][gc,phases   ] GC(3)   Pre Evacuate Collection Set: 0.1ms
[2024-08-27T10:39:13.464+0530][gc,phases   ] GC(3)   Merge Heap Roots: 0.1ms
[2024-08-27T10:39:13.464+0530][gc,phases   ] GC(3)   Evacuate Collection Set: 4.5ms
[2024-08-27T10:39:13.464+0530][gc,phases   ] GC(3)   Post Evacuate Collection Set: 0.3ms
[2024-08-27T10:39:13.464+0530][gc,phases   ] GC(3)   Other: 0.1ms
[2024-08-27T10:39:13.464+0530][gc,heap     ] GC(3) Eden regions: 31->0(22)
[2024-08-27T10:39:13.464+0530][gc,heap     ] GC(3) Survivor regions: 2->3(8)
[2024-08-27T10:39:13.464+0530][gc,heap     ] GC(3) Old regions: 9->9
[2024-08-27T10:39:13.464+0530][gc,heap     ] GC(3) Archive regions: 2->2
[2024-08-27T10:39:13.464+0530][gc,heap     ] GC(3) Humongous regions: 1->1
[2024-08-27T10:39:13.464+0530][gc,metaspace] GC(3) Metaspace: 33297K(33600K)->33297K(33600K) NonClass: 29514K(29696K)->29514K(29696K) Class: 3782K(3904K)->3782K(3904K)
[2024-08-27T10:39:13.464+0530][gc          ] GC(3) Pause Young (Prepare Mixed) (G1 Preventive Collection) 86M->26M(100M) 5.302ms
[2024-08-27T10:39:13.464+0530][gc,cpu      ] GC(3) User=0.02s Sys=0.00s Real=0.01s
[2024-08-27T10:39:13.736+0530][gc,start    ] GC(4) Pause Young (Mixed) (Metadata GC Threshold)
[2024-08-27T10:39:13.736+0530][gc,task     ] GC(4) Using 8 workers of 8 for evacuation
[2024-08-27T10:39:13.742+0530][gc,phases   ] GC(4)   Pre Evacuate Collection Set: 0.1ms
[2024-08-27T10:39:13.742+0530][gc,phases   ] GC(4)   Merge Heap Roots: 0.1ms
[2024-08-27T10:39:13.742+0530][gc,phases   ] GC(4)   Evacuate Collection Set: 5.4ms
[2024-08-27T10:39:13.742+0530][gc,phases   ] GC(4)   Post Evacuate Collection Set: 0.4ms
[2024-08-27T10:39:13.742+0530][gc,phases   ] GC(4)   Other: 0.1ms
[2024-08-27T10:39:13.742+0530][gc,heap     ] GC(4) Eden regions: 12->0(22)
[2024-08-27T10:39:13.742+0530][gc,heap     ] GC(4) Survivor regions: 3->3(4)
[2024-08-27T10:39:13.742+0530][gc,heap     ] GC(4) Old regions: 9->10
[2024-08-27T10:39:13.742+0530][gc,heap     ] GC(4) Archive regions: 2->2
[2024-08-27T10:39:13.742+0530][gc,heap     ] GC(4) Humongous regions: 1->1
[2024-08-27T10:39:13.742+0530][gc,metaspace] GC(4) Metaspace: 35865K(36096K)->35865K(36096K) NonClass: 31622K(31744K)->31622K(31744K) Class: 4243K(4352K)->4243K(4352K)
[2024-08-27T10:39:13.742+0530][gc          ] GC(4) Pause Young (Mixed) (Metadata GC Threshold) 49M->27M(100M) 6.320ms
[2024-08-27T10:39:13.742+0530][gc,cpu      ] GC(4) User=0.03s Sys=0.01s Real=0.01s
[2024-08-27T10:39:13.765+0530][gc,start    ] GC(5) Pause Young (Concurrent Start) (Metadata GC Threshold)
[2024-08-27T10:39:13.765+0530][gc,task     ] GC(5) Using 8 workers of 8 for evacuation
[2024-08-27T10:39:13.768+0530][gc,phases   ] GC(5)   Pre Evacuate Collection Set: 0.1ms
[2024-08-27T10:39:13.768+0530][gc,phases   ] GC(5)   Merge Heap Roots: 0.1ms
[2024-08-27T10:39:13.768+0530][gc,phases   ] GC(5)   Evacuate Collection Set: 2.8ms
[2024-08-27T10:39:13.768+0530][gc,phases   ] GC(5)   Post Evacuate Collection Set: 0.3ms
[2024-08-27T10:39:13.768+0530][gc,phases   ] GC(5)   Other: 0.1ms
[2024-08-27T10:39:13.768+0530][gc,heap     ] GC(5) Eden regions: 1->0(24)
[2024-08-27T10:39:13.768+0530][gc,heap     ] GC(5) Survivor regions: 3->1(4)
[2024-08-27T10:39:13.768+0530][gc,heap     ] GC(5) Old regions: 10->12
[2024-08-27T10:39:13.768+0530][gc,heap     ] GC(5) Archive regions: 2->2
[2024-08-27T10:39:13.768+0530][gc,heap     ] GC(5) Humongous regions: 1->1
[2024-08-27T10:39:13.768+0530][gc,metaspace] GC(5) Metaspace: 36154K(36416K)->36154K(36416K) NonClass: 31875K(32000K)->31875K(32000K) Class: 4278K(4416K)->4278K(4416K)
[2024-08-27T10:39:13.768+0530][gc          ] GC(5) Pause Young (Concurrent Start) (Metadata GC Threshold) 29M->27M(100M) 3.551ms
[2024-08-27T10:39:13.768+0530][gc,cpu      ] GC(5) User=0.02s Sys=0.00s Real=0.00s
[2024-08-27T10:39:13.768+0530][gc          ] GC(6) Concurrent Mark Cycle
[2024-08-27T10:39:13.768+0530][gc,marking  ] GC(6) Concurrent Clear Claimed Marks
[2024-08-27T10:39:13.768+0530][gc,marking  ] GC(6) Concurrent Clear Claimed Marks 0.027ms
[2024-08-27T10:39:13.768+0530][gc,marking  ] GC(6) Concurrent Scan Root Regions
[2024-08-27T10:39:13.771+0530][gc,marking  ] GC(6) Concurrent Scan Root Regions 3.089ms
[2024-08-27T10:39:13.772+0530][gc,marking  ] GC(6) Concurrent Mark
[2024-08-27T10:39:13.772+0530][gc,marking  ] GC(6) Concurrent Mark From Roots
[2024-08-27T10:39:13.772+0530][gc,task     ] GC(6) Using 2 workers of 2 for marking
[2024-08-27T10:39:13.786+0530][gc,marking  ] GC(6) Concurrent Mark From Roots 14.275ms
[2024-08-27T10:39:13.786+0530][gc,marking  ] GC(6) Concurrent Preclean
[2024-08-27T10:39:13.786+0530][gc,marking  ] GC(6) Concurrent Preclean 0.138ms
[2024-08-27T10:39:13.786+0530][gc,start    ] GC(6) Pause Remark
[2024-08-27T10:39:13.791+0530][gc          ] GC(6) Pause Remark 28M->28M(100M) 5.174ms
[2024-08-27T10:39:13.791+0530][gc,cpu      ] GC(6) User=0.03s Sys=0.00s Real=0.01s
[2024-08-27T10:39:13.791+0530][gc,marking  ] GC(6) Concurrent Mark 19.934ms
[2024-08-27T10:39:13.791+0530][gc,marking  ] GC(6) Concurrent Rebuild Remembered Sets
[2024-08-27T10:39:13.798+0530][gc,marking  ] GC(6) Concurrent Rebuild Remembered Sets 6.907ms
[2024-08-27T10:39:13.799+0530][gc,start    ] GC(6) Pause Cleanup
[2024-08-27T10:39:13.799+0530][gc          ] GC(6) Pause Cleanup 29M->29M(100M) 0.111ms
[2024-08-27T10:39:13.799+0530][gc,cpu      ] GC(6) User=0.00s Sys=0.00s Real=0.00s
[2024-08-27T10:39:13.799+0530][gc,marking  ] GC(6) Concurrent Cleanup for Next Mark
[2024-08-27T10:39:13.799+0530][gc,marking  ] GC(6) Concurrent Cleanup for Next Mark 0.575ms
[2024-08-27T10:39:13.799+0530][gc          ] GC(6) Concurrent Mark Cycle 31.089ms
[2024-08-27T10:39:14.943+0530][gc,start    ] GC(7) Pause Young (Normal) (G1 Evacuation Pause)
[2024-08-27T10:39:14.943+0530][gc,task     ] GC(7) Using 8 workers of 8 for evacuation
[2024-08-27T10:39:14.950+0530][gc,phases   ] GC(7)   Pre Evacuate Collection Set: 0.1ms
[2024-08-27T10:39:14.950+0530][gc,phases   ] GC(7)   Merge Heap Roots: 0.1ms
[2024-08-27T10:39:14.950+0530][gc,phases   ] GC(7)   Evacuate Collection Set: 6.1ms
[2024-08-27T10:39:14.950+0530][gc,phases   ] GC(7)   Post Evacuate Collection Set: 0.8ms
[2024-08-27T10:39:14.950+0530][gc,phases   ] GC(7)   Other: 0.3ms
[2024-08-27T10:39:14.950+0530][gc,heap     ] GC(7) Eden regions: 24->0(22)
[2024-08-27T10:39:14.950+0530][gc,heap     ] GC(7) Survivor regions: 1->3(4)
[2024-08-27T10:39:14.950+0530][gc,heap     ] GC(7) Old regions: 12->12
[2024-08-27T10:39:14.950+0530][gc,heap     ] GC(7) Archive regions: 2->2
[2024-08-27T10:39:14.950+0530][gc,heap     ] GC(7) Humongous regions: 1->1
[2024-08-27T10:39:14.950+0530][gc,metaspace] GC(7) Metaspace: 45218K(45568K)->45218K(45568K) NonClass: 39701K(39872K)->39701K(39872K) Class: 5517K(5696K)->5517K(5696K)
[2024-08-27T10:39:14.951+0530][gc          ] GC(7) Pause Young (Normal) (G1 Evacuation Pause) 75M->31M(100M) 7.617ms
[2024-08-27T10:39:14.951+0530][gc,cpu      ] GC(7) User=0.04s Sys=0.00s Real=0.01s
[2024-08-27T10:39:16.166+0530][gc,start    ] GC(8) Pause Young (Normal) (G1 Evacuation Pause)
[2024-08-27T10:39:16.166+0530][gc,task     ] GC(8) Using 8 workers of 8 for evacuation
[2024-08-27T10:39:16.176+0530][gc,phases   ] GC(8)   Pre Evacuate Collection Set: 0.1ms
[2024-08-27T10:39:16.176+0530][gc,phases   ] GC(8)   Merge Heap Roots: 0.1ms
[2024-08-27T10:39:16.176+0530][gc,phases   ] GC(8)   Evacuate Collection Set: 8.1ms
[2024-08-27T10:39:16.176+0530][gc,phases   ] GC(8)   Post Evacuate Collection Set: 1.4ms
[2024-08-27T10:39:16.176+0530][gc,phases   ] GC(8)   Other: 0.2ms
[2024-08-27T10:39:16.176+0530][gc,heap     ] GC(8) Eden regions: 22->0(21)
[2024-08-27T10:39:16.176+0530][gc,heap     ] GC(8) Survivor regions: 3->4(4)
[2024-08-27T10:39:16.176+0530][gc,heap     ] GC(8) Old regions: 12->12
[2024-08-27T10:39:16.177+0530][gc,heap     ] GC(8) Archive regions: 2->2
[2024-08-27T10:39:16.177+0530][gc,heap     ] GC(8) Humongous regions: 1->1
[2024-08-27T10:39:16.177+0530][gc,metaspace] GC(8) Metaspace: 53319K(53760K)->53319K(53760K) NonClass: 46742K(46976K)->46742K(46976K) Class: 6577K(6784K)->6577K(6784K)
[2024-08-27T10:39:16.177+0530][gc          ] GC(8) Pause Young (Normal) (G1 Evacuation Pause) 75M->34M(100M) 10.276ms
[2024-08-27T10:39:16.177+0530][gc,cpu      ] GC(8) User=0.05s Sys=0.00s Real=0.01s
[2024-08-27T10:39:16.631+0530][gc,start    ] GC(9) Pause Young (Normal) (G1 Evacuation Pause)
[2024-08-27T10:39:16.631+0530][gc,task     ] GC(9) Using 8 workers of 8 for evacuation
[2024-08-27T10:39:16.639+0530][gc,phases   ] GC(9)   Pre Evacuate Collection Set: 0.1ms
[2024-08-27T10:39:16.640+0530][gc,phases   ] GC(9)   Merge Heap Roots: 0.1ms
[2024-08-27T10:39:16.640+0530][gc,phases   ] GC(9)   Evacuate Collection Set: 6.9ms
[2024-08-27T10:39:16.640+0530][gc,phases   ] GC(9)   Post Evacuate Collection Set: 0.9ms
[2024-08-27T10:39:16.640+0530][gc,phases   ] GC(9)   Other: 0.2ms
[2024-08-27T10:39:16.640+0530][gc,heap     ] GC(9) Eden regions: 21->0(21)
[2024-08-27T10:39:16.640+0530][gc,heap     ] GC(9) Survivor regions: 4->4(4)
[2024-08-27T10:39:16.640+0530][gc,heap     ] GC(9) Old regions: 12->14
[2024-08-27T10:39:16.640+0530][gc,heap     ] GC(9) Archive regions: 2->2
[2024-08-27T10:39:16.640+0530][gc,heap     ] GC(9) Humongous regions: 1->1
[2024-08-27T10:39:16.640+0530][gc,metaspace] GC(9) Metaspace: 56002K(56512K)->56002K(56512K) NonClass: 49122K(49408K)->49122K(49408K) Class: 6880K(7104K)->6880K(7104K)
[2024-08-27T10:39:16.640+0530][gc          ] GC(9) Pause Young (Normal) (G1 Evacuation Pause) 76M->37M(100M) 8.421ms
[2024-08-27T10:39:16.640+0530][gc,cpu      ] GC(9) User=0.04s Sys=0.00s Real=0.01s
[2024-08-27T10:39:17.021+0530][gc,start    ] GC(10) Pause Young (Normal) (G1 Evacuation Pause)
[2024-08-27T10:39:17.021+0530][gc,task     ] GC(10) Using 8 workers of 8 for evacuation
[2024-08-27T10:39:17.029+0530][gc,phases   ] GC(10)   Pre Evacuate Collection Set: 0.1ms
[2024-08-27T10:39:17.029+0530][gc,phases   ] GC(10)   Merge Heap Roots: 0.1ms
[2024-08-27T10:39:17.029+0530][gc,phases   ] GC(10)   Evacuate Collection Set: 7.0ms
[2024-08-27T10:39:17.029+0530][gc,phases   ] GC(10)   Post Evacuate Collection Set: 0.4ms
[2024-08-27T10:39:17.029+0530][gc,phases   ] GC(10)   Other: 0.2ms
[2024-08-27T10:39:17.029+0530][gc,heap     ] GC(10) Eden regions: 21->0(21)
[2024-08-27T10:39:17.029+0530][gc,heap     ] GC(10) Survivor regions: 4->4(4)
[2024-08-27T10:39:17.029+0530][gc,heap     ] GC(10) Old regions: 14->16
[2024-08-27T10:39:17.029+0530][gc,heap     ] GC(10) Archive regions: 2->2
[2024-08-27T10:39:17.029+0530][gc,heap     ] GC(10) Humongous regions: 1->1
[2024-08-27T10:39:17.029+0530][gc,metaspace] GC(10) Metaspace: 58511K(59008K)->58511K(59008K) NonClass: 51295K(51584K)->51295K(51584K) Class: 7216K(7424K)->7216K(7424K)
[2024-08-27T10:39:17.029+0530][gc          ] GC(10) Pause Young (Normal) (G1 Evacuation Pause) 79M->41M(100M) 7.994ms
[2024-08-27T10:39:17.029+0530][gc,cpu      ] GC(10) User=0.05s Sys=0.00s Real=0.00s
[2024-08-27T10:39:17.719+0530][gc,start    ] GC(11) Pause Young (Concurrent Start) (Metadata GC Threshold)
[2024-08-27T10:39:17.720+0530][gc,task     ] GC(11) Using 8 workers of 8 for evacuation
[2024-08-27T10:39:17.725+0530][gc,phases   ] GC(11)   Pre Evacuate Collection Set: 0.1ms
[2024-08-27T10:39:17.725+0530][gc,phases   ] GC(11)   Merge Heap Roots: 0.1ms
[2024-08-27T10:39:17.725+0530][gc,phases   ] GC(11)   Evacuate Collection Set: 5.0ms
[2024-08-27T10:39:17.725+0530][gc,phases   ] GC(11)   Post Evacuate Collection Set: 0.4ms
[2024-08-27T10:39:17.725+0530][gc,phases   ] GC(11)   Other: 0.2ms
[2024-08-27T10:39:17.725+0530][gc,heap     ] GC(11) Eden regions: 7->0(22)
[2024-08-27T10:39:17.725+0530][gc,heap     ] GC(11) Survivor regions: 4->3(4)
[2024-08-27T10:39:17.725+0530][gc,heap     ] GC(11) Old regions: 16->17
[2024-08-27T10:39:17.725+0530][gc,heap     ] GC(11) Archive regions: 2->2
[2024-08-27T10:39:17.725+0530][gc,heap     ] GC(11) Humongous regions: 1->1
[2024-08-27T10:39:17.725+0530][gc,metaspace] GC(11) Metaspace: 60607K(61056K)->60607K(61056K) NonClass: 53051K(53312K)->53051K(53312K) Class: 7556K(7744K)->7556K(7744K)
[2024-08-27T10:39:17.725+0530][gc          ] GC(11) Pause Young (Concurrent Start) (Metadata GC Threshold) 53M->42M(100M) 5.982ms
[2024-08-27T10:39:17.726+0530][gc,cpu      ] GC(11) User=0.04s Sys=0.00s Real=0.01s
[2024-08-27T10:39:17.726+0530][gc          ] GC(12) Concurrent Mark Cycle
[2024-08-27T10:39:17.726+0530][gc,marking  ] GC(12) Concurrent Clear Claimed Marks
[2024-08-27T10:39:17.726+0530][gc,marking  ] GC(12) Concurrent Clear Claimed Marks 0.027ms
[2024-08-27T10:39:17.726+0530][gc,marking  ] GC(12) Concurrent Scan Root Regions
[2024-08-27T10:39:17.729+0530][gc,marking  ] GC(12) Concurrent Scan Root Regions 3.845ms
[2024-08-27T10:39:17.730+0530][gc,marking  ] GC(12) Concurrent Mark
[2024-08-27T10:39:17.730+0530][gc,marking  ] GC(12) Concurrent Mark From Roots
[2024-08-27T10:39:17.730+0530][gc,task     ] GC(12) Using 2 workers of 2 for marking
[2024-08-27T10:39:17.751+0530][gc,marking  ] GC(12) Concurrent Mark From Roots 21.341ms
[2024-08-27T10:39:17.751+0530][gc,marking  ] GC(12) Concurrent Preclean
[2024-08-27T10:39:17.751+0530][gc,marking  ] GC(12) Concurrent Preclean 0.218ms
[2024-08-27T10:39:17.751+0530][gc,start    ] GC(12) Pause Remark
[2024-08-27T10:39:17.756+0530][gc          ] GC(12) Pause Remark 43M->43M(100M) 4.641ms
[2024-08-27T10:39:17.756+0530][gc,cpu      ] GC(12) User=0.03s Sys=0.00s Real=0.00s
[2024-08-27T10:39:17.756+0530][gc,marking  ] GC(12) Concurrent Mark 26.513ms
[2024-08-27T10:39:17.756+0530][gc,marking  ] GC(12) Concurrent Rebuild Remembered Sets
[2024-08-27T10:39:17.769+0530][gc,marking  ] GC(12) Concurrent Rebuild Remembered Sets 13.188ms
[2024-08-27T10:39:17.769+0530][gc,start    ] GC(12) Pause Cleanup
[2024-08-27T10:39:17.770+0530][gc          ] GC(12) Pause Cleanup 43M->43M(100M) 0.095ms
[2024-08-27T10:39:17.770+0530][gc,cpu      ] GC(12) User=0.00s Sys=0.00s Real=0.01s
[2024-08-27T10:39:17.770+0530][gc,marking  ] GC(12) Concurrent Cleanup for Next Mark
[2024-08-27T10:39:17.770+0530][gc,marking  ] GC(12) Concurrent Cleanup for Next Mark 0.207ms
[2024-08-27T10:39:17.770+0530][gc          ] GC(12) Concurrent Mark Cycle 44.284ms
[2024-08-27T10:39:46.644+0530][gc,start    ] GC(13) Pause Young (Prepare Mixed) (G1 Preventive Collection)
[2024-08-27T10:39:46.646+0530][gc,task     ] GC(13) Using 8 workers of 8 for evacuation
[2024-08-27T10:39:46.652+0530][gc,phases   ] GC(13)   Pre Evacuate Collection Set: 0.1ms
[2024-08-27T10:39:46.652+0530][gc,phases   ] GC(13)   Merge Heap Roots: 0.1ms
[2024-08-27T10:39:46.652+0530][gc,phases   ] GC(13)   Evacuate Collection Set: 5.3ms
[2024-08-27T10:39:46.652+0530][gc,phases   ] GC(13)   Post Evacuate Collection Set: 0.7ms
[2024-08-27T10:39:46.652+0530][gc,phases   ] GC(13)   Other: 2.3ms
[2024-08-27T10:39:46.652+0530][gc,heap     ] GC(13) Eden regions: 22->0(23)
[2024-08-27T10:39:46.652+0530][gc,heap     ] GC(13) Survivor regions: 3->2(4)
[2024-08-27T10:39:46.653+0530][gc,heap     ] GC(13) Old regions: 17->19
[2024-08-27T10:39:46.653+0530][gc,heap     ] GC(13) Archive regions: 2->2
[2024-08-27T10:39:46.653+0530][gc,heap     ] GC(13) Humongous regions: 1->1
[2024-08-27T10:39:46.653+0530][gc,metaspace] GC(13) Metaspace: 64462K(64896K)->64462K(64896K) NonClass: 56415K(56640K)->56415K(56640K) Class: 8046K(8256K)->8046K(8256K)
[2024-08-27T10:39:46.653+0530][gc          ] GC(13) Pause Young (Prepare Mixed) (G1 Preventive Collection) 86M->43M(100M) 8.621ms
[2024-08-27T10:39:46.653+0530][gc,cpu      ] GC(13) User=0.04s Sys=0.00s Real=0.01s
[2024-08-27T10:40:26.709+0530][gc,start    ] GC(14) Pause Young (Mixed) (G1 Preventive Collection)
[2024-08-27T10:40:26.711+0530][gc,task     ] GC(14) Using 8 workers of 8 for evacuation
[2024-08-27T10:40:26.718+0530][gc,phases   ] GC(14)   Pre Evacuate Collection Set: 0.2ms
[2024-08-27T10:40:26.718+0530][gc,phases   ] GC(14)   Merge Heap Roots: 0.3ms
[2024-08-27T10:40:26.718+0530][gc,phases   ] GC(14)   Evacuate Collection Set: 6.3ms
[2024-08-27T10:40:26.718+0530][gc,phases   ] GC(14)   Post Evacuate Collection Set: 0.5ms
[2024-08-27T10:40:26.718+0530][gc,phases   ] GC(14)   Other: 2.3ms
[2024-08-27T10:40:26.718+0530][gc,heap     ] GC(14) Eden regions: 21->0(23)
[2024-08-27T10:40:26.719+0530][gc,heap     ] GC(14) Survivor regions: 2->2(4)
[2024-08-27T10:40:26.719+0530][gc,heap     ] GC(14) Old regions: 19->19
[2024-08-27T10:40:26.719+0530][gc,heap     ] GC(14) Archive regions: 2->2
[2024-08-27T10:40:26.719+0530][gc,heap     ] GC(14) Humongous regions: 1->1
[2024-08-27T10:40:26.719+0530][gc,metaspace] GC(14) Metaspace: 64650K(65088K)->64650K(65088K) NonClass: 56590K(56832K)->56590K(56832K) Class: 8059K(8256K)->8059K(8256K)
[2024-08-27T10:40:26.719+0530][gc          ] GC(14) Pause Young (Mixed) (G1 Preventive Collection) 85M->43M(100M) 9.697ms
[2024-08-27T10:40:26.719+0530][gc,cpu      ] GC(14) User=0.05s Sys=0.00s Real=0.01s
[2024-08-27T10:41:13.810+0530][gc,start    ] GC(15) Pause Young (Concurrent Start) (G1 Preventive Collection)
[2024-08-27T10:41:13.812+0530][gc,task     ] GC(15) Using 8 workers of 8 for evacuation
[2024-08-27T10:41:13.816+0530][gc,phases   ] GC(15)   Pre Evacuate Collection Set: 0.2ms
[2024-08-27T10:41:13.816+0530][gc,phases   ] GC(15)   Merge Heap Roots: 0.1ms
[2024-08-27T10:41:13.817+0530][gc,phases   ] GC(15)   Evacuate Collection Set: 3.5ms
[2024-08-27T10:41:13.817+0530][gc,phases   ] GC(15)   Post Evacuate Collection Set: 0.4ms
[2024-08-27T10:41:13.817+0530][gc,phases   ] GC(15)   Other: 2.3ms
[2024-08-27T10:41:13.817+0530][gc,heap     ] GC(15) Eden regions: 23->0(23)
[2024-08-27T10:41:13.817+0530][gc,heap     ] GC(15) Survivor regions: 2->2(4)
[2024-08-27T10:41:13.817+0530][gc,heap     ] GC(15) Old regions: 19->19
[2024-08-27T10:41:13.817+0530][gc,heap     ] GC(15) Archive regions: 2->2
[2024-08-27T10:41:13.817+0530][gc,heap     ] GC(15) Humongous regions: 1->1
[2024-08-27T10:41:13.817+0530][gc,metaspace] GC(15) Metaspace: 64765K(65280K)->64765K(65280K) NonClass: 56705K(57024K)->56705K(57024K) Class: 8059K(8256K)->8059K(8256K)
[2024-08-27T10:41:13.817+0530][gc          ] GC(15) Pause Young (Concurrent Start) (G1 Preventive Collection) 89M->43M(100M) 6.483ms
[2024-08-27T10:41:13.817+0530][gc,cpu      ] GC(15) User=0.02s Sys=0.00s Real=0.00s
[2024-08-27T10:41:13.817+0530][gc          ] GC(16) Concurrent Mark Cycle
[2024-08-27T10:41:13.817+0530][gc,marking  ] GC(16) Concurrent Clear Claimed Marks
[2024-08-27T10:41:13.817+0530][gc,marking  ] GC(16) Concurrent Clear Claimed Marks 0.062ms
[2024-08-27T10:41:13.817+0530][gc,marking  ] GC(16) Concurrent Scan Root Regions
[2024-08-27T10:41:13.821+0530][gc,marking  ] GC(16) Concurrent Scan Root Regions 4.151ms
[2024-08-27T10:41:13.821+0530][gc,marking  ] GC(16) Concurrent Mark
[2024-08-27T10:41:13.821+0530][gc,marking  ] GC(16) Concurrent Mark From Roots
[2024-08-27T10:41:13.821+0530][gc,task     ] GC(16) Using 2 workers of 2 for marking
[2024-08-27T10:41:13.860+0530][gc,marking  ] GC(16) Concurrent Mark From Roots 38.387ms
[2024-08-27T10:41:13.860+0530][gc,marking  ] GC(16) Concurrent Preclean
[2024-08-27T10:41:13.860+0530][gc,marking  ] GC(16) Concurrent Preclean 0.156ms
[2024-08-27T10:41:13.860+0530][gc,start    ] GC(16) Pause Remark
[2024-08-27T10:41:13.888+0530][gc          ] GC(16) Pause Remark 44M->44M(100M) 28.003ms
[2024-08-27T10:41:13.888+0530][gc,cpu      ] GC(16) User=0.04s Sys=0.10s Real=0.02s
[2024-08-27T10:41:13.888+0530][gc,marking  ] GC(16) Concurrent Mark 67.335ms
[2024-08-27T10:41:13.888+0530][gc,marking  ] GC(16) Concurrent Rebuild Remembered Sets
[2024-08-27T10:41:13.901+0530][gc,marking  ] GC(16) Concurrent Rebuild Remembered Sets 12.761ms
[2024-08-27T10:41:13.902+0530][gc,start    ] GC(16) Pause Cleanup
[2024-08-27T10:41:13.902+0530][gc          ] GC(16) Pause Cleanup 45M->45M(100M) 0.130ms
[2024-08-27T10:41:13.902+0530][gc,cpu      ] GC(16) User=0.00s Sys=0.00s Real=0.00s
[2024-08-27T10:41:13.902+0530][gc,marking  ] GC(16) Concurrent Cleanup for Next Mark
[2024-08-27T10:41:13.903+0530][gc,marking  ] GC(16) Concurrent Cleanup for Next Mark 0.689ms
[2024-08-27T10:41:13.903+0530][gc          ] GC(16) Concurrent Mark Cycle 86.499ms
[2024-08-27T10:41:26.382+0530][gc,start    ] GC(17) Pause Young (Prepare Mixed) (G1 Preventive Collection)
[2024-08-27T10:41:26.382+0530][gc,task     ] GC(17) Using 8 workers of 8 for evacuation
[2024-08-27T10:41:26.387+0530][gc,phases   ] GC(17)   Pre Evacuate Collection Set: 0.1ms
[2024-08-27T10:41:26.387+0530][gc,phases   ] GC(17)   Merge Heap Roots: 0.1ms
[2024-08-27T10:41:26.387+0530][gc,phases   ] GC(17)   Evacuate Collection Set: 4.0ms
[2024-08-27T10:41:26.387+0530][gc,phases   ] GC(17)   Post Evacuate Collection Set: 0.3ms
[2024-08-27T10:41:26.387+0530][gc,phases   ] GC(17)   Other: 0.2ms
[2024-08-27T10:41:26.387+0530][gc,heap     ] GC(17) Eden regions: 23->0(23)
[2024-08-27T10:41:26.387+0530][gc,heap     ] GC(17) Survivor regions: 2->2(4)
[2024-08-27T10:41:26.387+0530][gc,heap     ] GC(17) Old regions: 19->19
[2024-08-27T10:41:26.387+0530][gc,heap     ] GC(17) Archive regions: 2->2
[2024-08-27T10:41:26.387+0530][gc,heap     ] GC(17) Humongous regions: 1->1
[2024-08-27T10:41:26.387+0530][gc,metaspace] GC(17) Metaspace: 64923K(65408K)->64923K(65408K) NonClass: 56826K(57088K)->56826K(57088K) Class: 8096K(8320K)->8096K(8320K)
[2024-08-27T10:41:26.387+0530][gc          ] GC(17) Pause Young (Prepare Mixed) (G1 Preventive Collection) 89M->43M(100M) 4.891ms
[2024-08-27T10:41:26.387+0530][gc,cpu      ] GC(17) User=0.03s Sys=0.00s Real=0.00s
[2024-08-27T10:41:27.059+0530][gc,heap,exit] Heap
[2024-08-27T10:41:27.059+0530][gc,heap,exit]  garbage-first heap   total 102400K, used 55977K [0x0000000740000000, 0x0000000800000000)
[2024-08-27T10:41:27.059+0530][gc,heap,exit]   region size 2048K, 8 young (16384K), 2 survivors (4096K)
[2024-08-27T10:41:27.060+0530][gc,heap,exit]  Metaspace       used 65015K, committed 65472K, reserved 1114112K
[2024-08-27T10:41:27.060+0530][gc,heap,exit]   class space    used 8112K, committed 8320K, reserved 1048576K
