[2024-08-27T09:59:40.860+0530][gc] Using G1
[2024-08-27T09:59:40.861+0530][gc,init] Version: 17.0.8+9-LTS-211 (release)
[2024-08-27T09:59:40.861+0530][gc,init] CPUs: 8 total, 8 available
[2024-08-27T09:59:40.861+0530][gc,init] Memory: 16384M
[2024-08-27T09:59:40.861+0530][gc,init] Large Page Support: Disabled
[2024-08-27T09:59:40.861+0530][gc,init] NUMA Support: Disabled
[2024-08-27T09:59:40.861+0530][gc,init] Compressed Oops: Enabled (Zero based)
[2024-08-27T09:59:40.861+0530][gc,init] Heap Region Size: 2M
[2024-08-27T09:59:40.861+0530][gc,init] Heap Min Capacity: 8M
[2024-08-27T09:59:40.861+0530][gc,init] Heap Initial Capacity: 256M
[2024-08-27T09:59:40.861+0530][gc,init] Heap Max Capacity: 3G
[2024-08-27T09:59:40.861+0530][gc,init] Pre-touch: Disabled
[2024-08-27T09:59:40.861+0530][gc,init] Parallel Workers: 8
[2024-08-27T09:59:40.861+0530][gc,init] Concurrent Workers: 2
[2024-08-27T09:59:40.861+0530][gc,init] Concurrent Refinement Workers: 8
[2024-08-27T09:59:40.861+0530][gc,init] Periodic GC: Disabled
[2024-08-27T09:59:40.869+0530][gc,metaspace] CDS archive(s) mapped at: [0x0000000130000000-0x0000000130be4000-0x0000000130be4000), size 12468224, SharedBaseAddress: 0x0000000130000000, ArchiveRelocationMode: 1.
[2024-08-27T09:59:40.869+0530][gc,metaspace] Compressed class space mapped at: 0x0000000131000000-0x0000000171000000, reserved size: 1073741824
[2024-08-27T09:59:40.869+0530][gc,metaspace] Narrow klass base: 0x0000000130000000, Narrow klass shift: 0, Narrow klass range: 0x100000000
[2024-08-27T09:59:42.696+0530][gc,start    ] GC(0) Pause Young (Normal) (G1 Evacuation Pause)
[2024-08-27T09:59:42.696+0530][gc,task     ] GC(0) Using 6 workers of 8 for evacuation
[2024-08-27T09:59:42.709+0530][gc,phases   ] GC(0)   Pre Evacuate Collection Set: 0.1ms
[2024-08-27T09:59:42.709+0530][gc,phases   ] GC(0)   Merge Heap Roots: 0.1ms
[2024-08-27T09:59:42.709+0530][gc,phases   ] GC(0)   Evacuate Collection Set: 11.7ms
[2024-08-27T09:59:42.709+0530][gc,phases   ] GC(0)   Post Evacuate Collection Set: 0.9ms
[2024-08-27T09:59:42.709+0530][gc,phases   ] GC(0)   Other: 0.5ms
[2024-08-27T09:59:42.709+0530][gc,heap     ] GC(0) Eden regions: 64->0(56)
[2024-08-27T09:59:42.709+0530][gc,heap     ] GC(0) Survivor regions: 0->8(8)
[2024-08-27T09:59:42.709+0530][gc,heap     ] GC(0) Old regions: 0->2
[2024-08-27T09:59:42.709+0530][gc,heap     ] GC(0) Archive regions: 2->2
[2024-08-27T09:59:42.709+0530][gc,heap     ] GC(0) Humongous regions: 1->1
[2024-08-27T09:59:42.709+0530][gc,metaspace] GC(0) Metaspace: 15298K(15552K)->15298K(15552K) NonClass: 13421K(13568K)->13421K(13568K) Class: 1876K(1984K)->1876K(1984K)
[2024-08-27T09:59:42.709+0530][gc          ] GC(0) Pause Young (Normal) (G1 Evacuation Pause) 131M->22M(260M) 13.363ms
[2024-08-27T09:59:42.709+0530][gc,cpu      ] GC(0) User=0.05s Sys=0.02s Real=0.01s
[2024-08-27T09:59:43.256+0530][gc,start    ] GC(1) Pause Young (Concurrent Start) (Metadata GC Threshold)
[2024-08-27T09:59:43.256+0530][gc,task     ] GC(1) Using 6 workers of 8 for evacuation
[2024-08-27T09:59:43.272+0530][gc,phases   ] GC(1)   Pre Evacuate Collection Set: 0.1ms
[2024-08-27T09:59:43.272+0530][gc,phases   ] GC(1)   Merge Heap Roots: 0.1ms
[2024-08-27T09:59:43.272+0530][gc,phases   ] GC(1)   Evacuate Collection Set: 15.1ms
[2024-08-27T09:59:43.272+0530][gc,phases   ] GC(1)   Post Evacuate Collection Set: 0.4ms
[2024-08-27T09:59:43.272+0530][gc,phases   ] GC(1)   Other: 0.4ms
[2024-08-27T09:59:43.272+0530][gc,heap     ] GC(1) Eden regions: 16->0(62)
[2024-08-27T09:59:43.272+0530][gc,heap     ] GC(1) Survivor regions: 8->2(8)
[2024-08-27T09:59:43.272+0530][gc,heap     ] GC(1) Old regions: 2->9
[2024-08-27T09:59:43.272+0530][gc,heap     ] GC(1) Archive regions: 2->2
[2024-08-27T09:59:43.273+0530][gc,heap     ] GC(1) Humongous regions: 1->1
[2024-08-27T09:59:43.273+0530][gc,metaspace] GC(1) Metaspace: 21255K(21504K)->21255K(21504K) NonClass: 18558K(18688K)->18558K(18688K) Class: 2697K(2816K)->2697K(2816K)
[2024-08-27T09:59:43.273+0530][gc          ] GC(1) Pause Young (Concurrent Start) (Metadata GC Threshold) 53M->24M(260M) 16.342ms
[2024-08-27T09:59:43.273+0530][gc,cpu      ] GC(1) User=0.06s Sys=0.02s Real=0.02s
[2024-08-27T09:59:43.273+0530][gc          ] GC(2) Concurrent Mark Cycle
[2024-08-27T09:59:43.273+0530][gc,marking  ] GC(2) Concurrent Clear Claimed Marks
[2024-08-27T09:59:43.273+0530][gc,marking  ] GC(2) Concurrent Clear Claimed Marks 0.019ms
[2024-08-27T09:59:43.273+0530][gc,marking  ] GC(2) Concurrent Scan Root Regions
[2024-08-27T09:59:43.276+0530][gc,marking  ] GC(2) Concurrent Scan Root Regions 2.988ms
[2024-08-27T09:59:43.276+0530][gc,marking  ] GC(2) Concurrent Mark
[2024-08-27T09:59:43.276+0530][gc,marking  ] GC(2) Concurrent Mark From Roots
[2024-08-27T09:59:43.276+0530][gc,task     ] GC(2) Using 2 workers of 2 for marking
[2024-08-27T09:59:43.279+0530][gc,marking  ] GC(2) Concurrent Mark From Roots 3.371ms
[2024-08-27T09:59:43.279+0530][gc,marking  ] GC(2) Concurrent Preclean
[2024-08-27T09:59:43.279+0530][gc,marking  ] GC(2) Concurrent Preclean 0.036ms
[2024-08-27T09:59:43.279+0530][gc,start    ] GC(2) Pause Remark
[2024-08-27T09:59:43.281+0530][gc          ] GC(2) Pause Remark 25M->25M(100M) 1.807ms
[2024-08-27T09:59:43.281+0530][gc,cpu      ] GC(2) User=0.00s Sys=0.00s Real=0.01s
[2024-08-27T09:59:43.281+0530][gc,marking  ] GC(2) Concurrent Mark 5.470ms
[2024-08-27T09:59:43.281+0530][gc,marking  ] GC(2) Concurrent Rebuild Remembered Sets
[2024-08-27T09:59:43.281+0530][gc,marking  ] GC(2) Concurrent Rebuild Remembered Sets 0.014ms
[2024-08-27T09:59:43.284+0530][gc,start    ] GC(2) Pause Cleanup
[2024-08-27T09:59:43.284+0530][gc          ] GC(2) Pause Cleanup 25M->25M(100M) 0.048ms
[2024-08-27T09:59:43.284+0530][gc,cpu      ] GC(2) User=0.00s Sys=0.00s Real=0.00s
[2024-08-27T09:59:43.284+0530][gc,marking  ] GC(2) Concurrent Cleanup for Next Mark
[2024-08-27T09:59:43.285+0530][gc,marking  ] GC(2) Concurrent Cleanup for Next Mark 0.697ms
[2024-08-27T09:59:43.285+0530][gc          ] GC(2) Concurrent Mark Cycle 12.467ms
[2024-08-27T09:59:44.023+0530][gc,start    ] GC(3) Pause Young (Normal) (G1 Preventive Collection)
[2024-08-27T09:59:44.023+0530][gc,task     ] GC(3) Using 5 workers of 8 for evacuation
[2024-08-27T09:59:44.028+0530][gc,phases   ] GC(3)   Pre Evacuate Collection Set: 0.1ms
[2024-08-27T09:59:44.028+0530][gc,phases   ] GC(3)   Merge Heap Roots: 0.1ms
[2024-08-27T09:59:44.028+0530][gc,phases   ] GC(3)   Evacuate Collection Set: 4.3ms
[2024-08-27T09:59:44.028+0530][gc,phases   ] GC(3)   Post Evacuate Collection Set: 0.3ms
[2024-08-27T09:59:44.028+0530][gc,phases   ] GC(3)   Other: 0.1ms
[2024-08-27T09:59:44.028+0530][gc,heap     ] GC(3) Eden regions: 31->0(22)
[2024-08-27T09:59:44.028+0530][gc,heap     ] GC(3) Survivor regions: 2->3(8)
[2024-08-27T09:59:44.028+0530][gc,heap     ] GC(3) Old regions: 9->9
[2024-08-27T09:59:44.028+0530][gc,heap     ] GC(3) Archive regions: 2->2
[2024-08-27T09:59:44.028+0530][gc,heap     ] GC(3) Humongous regions: 1->1
[2024-08-27T09:59:44.028+0530][gc,metaspace] GC(3) Metaspace: 32680K(32896K)->32680K(32896K) NonClass: 28960K(29056K)->28960K(29056K) Class: 3720K(3840K)->3720K(3840K)
[2024-08-27T09:59:44.028+0530][gc          ] GC(3) Pause Young (Normal) (G1 Preventive Collection) 86M->27M(100M) 4.956ms
[2024-08-27T09:59:44.028+0530][gc,cpu      ] GC(3) User=0.02s Sys=0.00s Real=0.00s
[2024-08-27T09:59:44.329+0530][gc,start    ] GC(4) Pause Young (Concurrent Start) (Metadata GC Threshold)
[2024-08-27T09:59:44.330+0530][gc,task     ] GC(4) Using 8 workers of 8 for evacuation
[2024-08-27T09:59:44.336+0530][gc,phases   ] GC(4)   Pre Evacuate Collection Set: 0.1ms
[2024-08-27T09:59:44.336+0530][gc,phases   ] GC(4)   Merge Heap Roots: 0.1ms
[2024-08-27T09:59:44.336+0530][gc,phases   ] GC(4)   Evacuate Collection Set: 5.8ms
[2024-08-27T09:59:44.336+0530][gc,phases   ] GC(4)   Post Evacuate Collection Set: 0.5ms
[2024-08-27T09:59:44.336+0530][gc,phases   ] GC(4)   Other: 0.1ms
[2024-08-27T09:59:44.336+0530][gc,heap     ] GC(4) Eden regions: 13->0(22)
[2024-08-27T09:59:44.336+0530][gc,heap     ] GC(4) Survivor regions: 3->3(4)
[2024-08-27T09:59:44.336+0530][gc,heap     ] GC(4) Old regions: 9->11
[2024-08-27T09:59:44.336+0530][gc,heap     ] GC(4) Archive regions: 2->2
[2024-08-27T09:59:44.336+0530][gc,heap     ] GC(4) Humongous regions: 1->1
[2024-08-27T09:59:44.336+0530][gc,metaspace] GC(4) Metaspace: 35884K(36096K)->35884K(36096K) NonClass: 31635K(31744K)->31635K(31744K) Class: 4248K(4352K)->4248K(4352K)
[2024-08-27T09:59:44.336+0530][gc          ] GC(4) Pause Young (Concurrent Start) (Metadata GC Threshold) 53M->28M(100M) 6.754ms
[2024-08-27T09:59:44.336+0530][gc,cpu      ] GC(4) User=0.04s Sys=0.01s Real=0.01s
[2024-08-27T09:59:44.336+0530][gc          ] GC(5) Concurrent Mark Cycle
[2024-08-27T09:59:44.336+0530][gc,marking  ] GC(5) Concurrent Clear Claimed Marks
[2024-08-27T09:59:44.336+0530][gc,marking  ] GC(5) Concurrent Clear Claimed Marks 0.020ms
[2024-08-27T09:59:44.336+0530][gc,marking  ] GC(5) Concurrent Scan Root Regions
[2024-08-27T09:59:44.339+0530][gc,marking  ] GC(5) Concurrent Scan Root Regions 2.909ms
[2024-08-27T09:59:44.339+0530][gc,marking  ] GC(5) Concurrent Mark
[2024-08-27T09:59:44.339+0530][gc,marking  ] GC(5) Concurrent Mark From Roots
[2024-08-27T09:59:44.339+0530][gc,task     ] GC(5) Using 2 workers of 2 for marking
[2024-08-27T09:59:44.348+0530][gc,marking  ] GC(5) Concurrent Mark From Roots 8.257ms
[2024-08-27T09:59:44.348+0530][gc,marking  ] GC(5) Concurrent Preclean
[2024-08-27T09:59:44.348+0530][gc,marking  ] GC(5) Concurrent Preclean 0.151ms
[2024-08-27T09:59:44.348+0530][gc,start    ] GC(5) Pause Remark
[2024-08-27T09:59:44.355+0530][gc          ] GC(5) Pause Remark 29M->29M(100M) 6.499ms
[2024-08-27T09:59:44.355+0530][gc,cpu      ] GC(5) User=0.04s Sys=0.00s Real=0.01s
[2024-08-27T09:59:44.355+0530][gc,marking  ] GC(5) Concurrent Mark 15.395ms
[2024-08-27T09:59:44.355+0530][gc,marking  ] GC(5) Concurrent Rebuild Remembered Sets
[2024-08-27T09:59:44.361+0530][gc,marking  ] GC(5) Concurrent Rebuild Remembered Sets 6.200ms
[2024-08-27T09:59:44.362+0530][gc,start    ] GC(5) Pause Cleanup
[2024-08-27T09:59:44.362+0530][gc          ] GC(5) Pause Cleanup 29M->29M(100M) 0.163ms
[2024-08-27T09:59:44.362+0530][gc,cpu      ] GC(5) User=0.00s Sys=0.00s Real=0.00s
[2024-08-27T09:59:44.362+0530][gc,marking  ] GC(5) Concurrent Cleanup for Next Mark
[2024-08-27T09:59:44.363+0530][gc,marking  ] GC(5) Concurrent Cleanup for Next Mark 1.150ms
[2024-08-27T09:59:44.363+0530][gc          ] GC(5) Concurrent Mark Cycle 26.715ms
[2024-08-27T09:59:45.517+0530][gc,start    ] GC(6) Pause Young (Normal) (G1 Evacuation Pause)
[2024-08-27T09:59:45.517+0530][gc,task     ] GC(6) Using 8 workers of 8 for evacuation
[2024-08-27T09:59:45.524+0530][gc,phases   ] GC(6)   Pre Evacuate Collection Set: 0.1ms
[2024-08-27T09:59:45.524+0530][gc,phases   ] GC(6)   Merge Heap Roots: 0.1ms
[2024-08-27T09:59:45.524+0530][gc,phases   ] GC(6)   Evacuate Collection Set: 5.6ms
[2024-08-27T09:59:45.524+0530][gc,phases   ] GC(6)   Post Evacuate Collection Set: 0.5ms
[2024-08-27T09:59:45.524+0530][gc,phases   ] GC(6)   Other: 0.1ms
[2024-08-27T09:59:45.524+0530][gc,heap     ] GC(6) Eden regions: 22->0(22)
[2024-08-27T09:59:45.524+0530][gc,heap     ] GC(6) Survivor regions: 3->3(4)
[2024-08-27T09:59:45.524+0530][gc,heap     ] GC(6) Old regions: 11->12
[2024-08-27T09:59:45.524+0530][gc,heap     ] GC(6) Archive regions: 2->2
[2024-08-27T09:59:45.524+0530][gc,heap     ] GC(6) Humongous regions: 1->1
[2024-08-27T09:59:45.524+0530][gc,metaspace] GC(6) Metaspace: 44551K(44992K)->44551K(44992K) NonClass: 39130K(39360K)->39130K(39360K) Class: 5420K(5632K)->5420K(5632K)
[2024-08-27T09:59:45.524+0530][gc          ] GC(6) Pause Young (Normal) (G1 Evacuation Pause) 72M->31M(100M) 6.464ms
[2024-08-27T09:59:45.524+0530][gc,cpu      ] GC(6) User=0.04s Sys=0.00s Real=0.01s
[2024-08-27T09:59:52.813+0530][gc,start    ] GC(7) Pause Young (Normal) (G1 Evacuation Pause)
[2024-08-27T09:59:52.813+0530][gc,task     ] GC(7) Using 8 workers of 8 for evacuation
[2024-08-27T09:59:52.819+0530][gc,phases   ] GC(7)   Pre Evacuate Collection Set: 0.1ms
[2024-08-27T09:59:52.819+0530][gc,phases   ] GC(7)   Merge Heap Roots: 0.1ms
[2024-08-27T09:59:52.819+0530][gc,phases   ] GC(7)   Evacuate Collection Set: 5.2ms
[2024-08-27T09:59:52.819+0530][gc,phases   ] GC(7)   Post Evacuate Collection Set: 0.4ms
[2024-08-27T09:59:52.819+0530][gc,phases   ] GC(7)   Other: 0.3ms
[2024-08-27T09:59:52.819+0530][gc,heap     ] GC(7) Eden regions: 22->0(22)
[2024-08-27T09:59:52.819+0530][gc,heap     ] GC(7) Survivor regions: 3->3(4)
[2024-08-27T09:59:52.819+0530][gc,heap     ] GC(7) Old regions: 12->13
[2024-08-27T09:59:52.819+0530][gc,heap     ] GC(7) Archive regions: 2->2
[2024-08-27T09:59:52.819+0530][gc,heap     ] GC(7) Humongous regions: 1->1
[2024-08-27T09:59:52.819+0530][gc,metaspace] GC(7) Metaspace: 50813K(51200K)->50813K(51200K) NonClass: 44578K(44800K)->44578K(44800K) Class: 6234K(6400K)->6234K(6400K)
[2024-08-27T09:59:52.819+0530][gc          ] GC(7) Pause Young (Normal) (G1 Evacuation Pause) 75M->33M(100M) 6.399ms
[2024-08-27T09:59:52.820+0530][gc,cpu      ] GC(7) User=0.03s Sys=0.00s Real=0.01s
[2024-08-27T10:04:43.848+0530][gc,start    ] GC(8) Pause Young (Normal) (G1 Evacuation Pause)
[2024-08-27T10:04:43.848+0530][gc,task     ] GC(8) Using 8 workers of 8 for evacuation
[2024-08-27T10:04:43.856+0530][gc,phases   ] GC(8)   Pre Evacuate Collection Set: 0.1ms
[2024-08-27T10:04:43.856+0530][gc,phases   ] GC(8)   Merge Heap Roots: 0.1ms
[2024-08-27T10:04:43.856+0530][gc,phases   ] GC(8)   Evacuate Collection Set: 6.7ms
[2024-08-27T10:04:43.856+0530][gc,phases   ] GC(8)   Post Evacuate Collection Set: 0.6ms
[2024-08-27T10:04:43.856+0530][gc,phases   ] GC(8)   Other: 0.3ms
[2024-08-27T10:04:43.856+0530][gc,heap     ] GC(8) Eden regions: 22->0(22)
[2024-08-27T10:04:43.856+0530][gc,heap     ] GC(8) Survivor regions: 3->3(4)
[2024-08-27T10:04:43.856+0530][gc,heap     ] GC(8) Old regions: 13->14
[2024-08-27T10:04:43.856+0530][gc,heap     ] GC(8) Archive regions: 2->2
[2024-08-27T10:04:43.856+0530][gc,heap     ] GC(8) Humongous regions: 1->1
[2024-08-27T10:04:43.856+0530][gc,metaspace] GC(8) Metaspace: 58281K(58688K)->58281K(58688K) NonClass: 51122K(51392K)->51122K(51392K) Class: 7158K(7296K)->7158K(7296K)
[2024-08-27T10:04:43.856+0530][gc          ] GC(8) Pause Young (Normal) (G1 Evacuation Pause) 77M->36M(100M) 7.844ms
[2024-08-27T10:04:43.856+0530][gc,cpu      ] GC(8) User=0.04s Sys=0.00s Real=0.01s
[2024-08-27T10:06:15.231+0530][gc,start    ] GC(9) Pause Young (Concurrent Start) (Metadata GC Threshold)
[2024-08-27T10:06:15.231+0530][gc,task     ] GC(9) Using 8 workers of 8 for evacuation
[2024-08-27T10:06:15.237+0530][gc,phases   ] GC(9)   Pre Evacuate Collection Set: 0.1ms
[2024-08-27T10:06:15.237+0530][gc,phases   ] GC(9)   Merge Heap Roots: 0.1ms
[2024-08-27T10:06:15.237+0530][gc,phases   ] GC(9)   Evacuate Collection Set: 5.0ms
[2024-08-27T10:06:15.237+0530][gc,phases   ] GC(9)   Post Evacuate Collection Set: 0.3ms
[2024-08-27T10:06:15.237+0530][gc,phases   ] GC(9)   Other: 0.3ms
[2024-08-27T10:06:15.237+0530][gc,heap     ] GC(9) Eden regions: 16->0(22)
[2024-08-27T10:06:15.237+0530][gc,heap     ] GC(9) Survivor regions: 3->3(4)
[2024-08-27T10:06:15.237+0530][gc,heap     ] GC(9) Old regions: 14->15
[2024-08-27T10:06:15.237+0530][gc,heap     ] GC(9) Archive regions: 2->2
[2024-08-27T10:06:15.237+0530][gc,heap     ] GC(9) Humongous regions: 1->1
[2024-08-27T10:06:15.237+0530][gc,metaspace] GC(9) Metaspace: 60061K(60416K)->60061K(60416K) NonClass: 52699K(52928K)->52699K(52928K) Class: 7361K(7488K)->7361K(7488K)
[2024-08-27T10:06:15.237+0530][gc          ] GC(9) Pause Young (Concurrent Start) (Metadata GC Threshold) 67M->38M(100M) 6.016ms
[2024-08-27T10:06:15.237+0530][gc,cpu      ] GC(9) User=0.04s Sys=0.00s Real=0.00s
[2024-08-27T10:06:15.237+0530][gc          ] GC(10) Concurrent Mark Cycle
[2024-08-27T10:06:15.237+0530][gc,marking  ] GC(10) Concurrent Clear Claimed Marks
[2024-08-27T10:06:15.237+0530][gc,marking  ] GC(10) Concurrent Clear Claimed Marks 0.028ms
[2024-08-27T10:06:15.237+0530][gc,marking  ] GC(10) Concurrent Scan Root Regions
[2024-08-27T10:06:15.241+0530][gc,marking  ] GC(10) Concurrent Scan Root Regions 3.512ms
[2024-08-27T10:06:15.241+0530][gc,marking  ] GC(10) Concurrent Mark
[2024-08-27T10:06:15.241+0530][gc,marking  ] GC(10) Concurrent Mark From Roots
[2024-08-27T10:06:15.241+0530][gc,task     ] GC(10) Using 2 workers of 2 for marking
[2024-08-27T10:06:15.257+0530][gc,marking  ] GC(10) Concurrent Mark From Roots 16.090ms
[2024-08-27T10:06:15.257+0530][gc,marking  ] GC(10) Concurrent Preclean
[2024-08-27T10:06:15.257+0530][gc,marking  ] GC(10) Concurrent Preclean 0.107ms
[2024-08-27T10:06:15.257+0530][gc,start    ] GC(10) Pause Remark
[2024-08-27T10:06:15.270+0530][gc          ] GC(10) Pause Remark 39M->39M(100M) 13.160ms
[2024-08-27T10:06:15.270+0530][gc,cpu      ] GC(10) User=0.03s Sys=0.04s Real=0.02s
[2024-08-27T10:06:15.270+0530][gc,marking  ] GC(10) Concurrent Mark 29.700ms
[2024-08-27T10:06:15.270+0530][gc,marking  ] GC(10) Concurrent Rebuild Remembered Sets
[2024-08-27T10:06:15.280+0530][gc,marking  ] GC(10) Concurrent Rebuild Remembered Sets 9.496ms
[2024-08-27T10:06:15.280+0530][gc,start    ] GC(10) Pause Cleanup
[2024-08-27T10:06:15.280+0530][gc          ] GC(10) Pause Cleanup 39M->39M(100M) 0.086ms
[2024-08-27T10:06:15.280+0530][gc,cpu      ] GC(10) User=0.00s Sys=0.00s Real=0.00s
[2024-08-27T10:06:15.280+0530][gc,marking  ] GC(10) Concurrent Cleanup for Next Mark
[2024-08-27T10:06:15.281+0530][gc,marking  ] GC(10) Concurrent Cleanup for Next Mark 0.741ms
[2024-08-27T10:06:15.281+0530][gc          ] GC(10) Concurrent Mark Cycle 43.932ms
[2024-08-27T10:07:57.631+0530][gc,start    ] GC(11) Pause Young (Concurrent Start) (G1 Evacuation Pause)
[2024-08-27T10:07:57.631+0530][gc,task     ] GC(11) Using 8 workers of 8 for evacuation
[2024-08-27T10:07:57.638+0530][gc,phases   ] GC(11)   Pre Evacuate Collection Set: 0.1ms
[2024-08-27T10:07:57.638+0530][gc,phases   ] GC(11)   Merge Heap Roots: 0.1ms
[2024-08-27T10:07:57.638+0530][gc,phases   ] GC(11)   Evacuate Collection Set: 6.0ms
[2024-08-27T10:07:57.638+0530][gc,phases   ] GC(11)   Post Evacuate Collection Set: 0.4ms
[2024-08-27T10:07:57.638+0530][gc,phases   ] GC(11)   Other: 0.3ms
[2024-08-27T10:07:57.638+0530][gc,heap     ] GC(11) Eden regions: 22->0(23)
[2024-08-27T10:07:57.638+0530][gc,heap     ] GC(11) Survivor regions: 3->2(4)
[2024-08-27T10:07:57.638+0530][gc,heap     ] GC(11) Old regions: 15->17
[2024-08-27T10:07:57.638+0530][gc,heap     ] GC(11) Archive regions: 2->2
[2024-08-27T10:07:57.638+0530][gc,heap     ] GC(11) Humongous regions: 1->1
[2024-08-27T10:07:57.638+0530][gc,metaspace] GC(11) Metaspace: 65576K(66048K)->65576K(66048K) NonClass: 57515K(57792K)->57515K(57792K) Class: 8061K(8256K)->8061K(8256K)
[2024-08-27T10:07:57.638+0530][gc          ] GC(11) Pause Young (Concurrent Start) (G1 Evacuation Pause) 82M->40M(100M) 6.933ms
[2024-08-27T10:07:57.638+0530][gc,cpu      ] GC(11) User=0.04s Sys=0.01s Real=0.00s
[2024-08-27T10:07:57.638+0530][gc          ] GC(12) Concurrent Mark Cycle
[2024-08-27T10:07:57.638+0530][gc,marking  ] GC(12) Concurrent Clear Claimed Marks
[2024-08-27T10:07:57.638+0530][gc,marking  ] GC(12) Concurrent Clear Claimed Marks 0.032ms
[2024-08-27T10:07:57.638+0530][gc,marking  ] GC(12) Concurrent Scan Root Regions
[2024-08-27T10:07:57.642+0530][gc,marking  ] GC(12) Concurrent Scan Root Regions 3.867ms
[2024-08-27T10:07:57.642+0530][gc,marking  ] GC(12) Concurrent Mark
[2024-08-27T10:07:57.642+0530][gc,marking  ] GC(12) Concurrent Mark From Roots
[2024-08-27T10:07:57.642+0530][gc,task     ] GC(12) Using 2 workers of 2 for marking
[2024-08-27T10:07:57.663+0530][gc,marking  ] GC(12) Concurrent Mark From Roots 20.273ms
[2024-08-27T10:07:57.663+0530][gc,marking  ] GC(12) Concurrent Preclean
[2024-08-27T10:07:57.663+0530][gc,marking  ] GC(12) Concurrent Preclean 0.208ms
[2024-08-27T10:07:57.663+0530][gc,start    ] GC(12) Pause Remark
[2024-08-27T10:07:57.665+0530][gc          ] GC(12) Pause Remark 43M->43M(100M) 2.381ms
[2024-08-27T10:07:57.665+0530][gc,cpu      ] GC(12) User=0.02s Sys=0.00s Real=0.00s
[2024-08-27T10:07:57.665+0530][gc,marking  ] GC(12) Concurrent Mark 23.188ms
[2024-08-27T10:07:57.665+0530][gc,marking  ] GC(12) Concurrent Rebuild Remembered Sets
[2024-08-27T10:07:57.674+0530][gc,marking  ] GC(12) Concurrent Rebuild Remembered Sets 8.882ms
[2024-08-27T10:07:57.675+0530][gc,start    ] GC(12) Pause Cleanup
[2024-08-27T10:07:57.675+0530][gc          ] GC(12) Pause Cleanup 45M->45M(100M) 0.098ms
[2024-08-27T10:07:57.675+0530][gc,cpu      ] GC(12) User=0.00s Sys=0.00s Real=0.00s
[2024-08-27T10:07:57.675+0530][gc,marking  ] GC(12) Concurrent Cleanup for Next Mark
[2024-08-27T10:07:57.675+0530][gc,marking  ] GC(12) Concurrent Cleanup for Next Mark 0.535ms
[2024-08-27T10:07:57.675+0530][gc          ] GC(12) Concurrent Mark Cycle 37.060ms
[2024-08-27T10:08:13.600+0530][gc,start    ] GC(13) Pause Young (Normal) (G1 Evacuation Pause)
[2024-08-27T10:08:13.601+0530][gc,task     ] GC(13) Using 8 workers of 8 for evacuation
[2024-08-27T10:08:13.608+0530][gc,phases   ] GC(13)   Pre Evacuate Collection Set: 0.1ms
[2024-08-27T10:08:13.608+0530][gc,phases   ] GC(13)   Merge Heap Roots: 0.1ms
[2024-08-27T10:08:13.608+0530][gc,phases   ] GC(13)   Evacuate Collection Set: 7.0ms
[2024-08-27T10:08:13.608+0530][gc,phases   ] GC(13)   Post Evacuate Collection Set: 0.4ms
[2024-08-27T10:08:13.608+0530][gc,phases   ] GC(13)   Other: 0.2ms
[2024-08-27T10:08:13.608+0530][gc,heap     ] GC(13) Eden regions: 23->0(21)
[2024-08-27T10:08:13.608+0530][gc,heap     ] GC(13) Survivor regions: 2->4(4)
[2024-08-27T10:08:13.608+0530][gc,heap     ] GC(13) Old regions: 17->17
[2024-08-27T10:08:13.608+0530][gc,heap     ] GC(13) Archive regions: 2->2
[2024-08-27T10:08:13.608+0530][gc,heap     ] GC(13) Humongous regions: 1->1
[2024-08-27T10:08:13.609+0530][gc,metaspace] GC(13) Metaspace: 67766K(68288K)->67766K(68288K) NonClass: 59412K(59712K)->59412K(59712K) Class: 8354K(8576K)->8354K(8576K)
[2024-08-27T10:08:13.609+0530][gc          ] GC(13) Pause Young (Normal) (G1 Evacuation Pause) 86M->43M(100M) 8.101ms
[2024-08-27T10:08:13.609+0530][gc,cpu      ] GC(13) User=0.04s Sys=0.01s Real=0.00s
[2024-08-27T10:09:09.962+0530][gc,start    ] GC(14) Pause Young (Normal) (G1 Preventive Collection)
[2024-08-27T10:09:09.964+0530][gc,task     ] GC(14) Using 8 workers of 8 for evacuation
[2024-08-27T10:09:09.971+0530][gc,phases   ] GC(14)   Pre Evacuate Collection Set: 0.1ms
[2024-08-27T10:09:09.971+0530][gc,phases   ] GC(14)   Merge Heap Roots: 0.1ms
[2024-08-27T10:09:09.971+0530][gc,phases   ] GC(14)   Evacuate Collection Set: 6.2ms
[2024-08-27T10:09:09.971+0530][gc,phases   ] GC(14)   Post Evacuate Collection Set: 0.4ms
[2024-08-27T10:09:09.971+0530][gc,phases   ] GC(14)   Other: 2.0ms
[2024-08-27T10:09:09.971+0530][gc,heap     ] GC(14) Eden regions: 20->0(23)
[2024-08-27T10:09:09.971+0530][gc,heap     ] GC(14) Survivor regions: 4->2(4)
[2024-08-27T10:09:09.971+0530][gc,heap     ] GC(14) Old regions: 17->19
[2024-08-27T10:09:09.971+0530][gc,heap     ] GC(14) Archive regions: 2->2
[2024-08-27T10:09:09.971+0530][gc,heap     ] GC(14) Humongous regions: 1->1
[2024-08-27T10:09:09.971+0530][gc,metaspace] GC(14) Metaspace: 68372K(68800K)->68372K(68800K) NonClass: 59925K(60160K)->59925K(60160K) Class: 8447K(8640K)->8447K(8640K)
[2024-08-27T10:09:09.971+0530][gc          ] GC(14) Pause Young (Normal) (G1 Preventive Collection) 83M->44M(100M) 8.802ms
[2024-08-27T10:09:09.971+0530][gc,cpu      ] GC(14) User=0.03s Sys=0.00s Real=0.01s
[2024-08-27T10:10:07.928+0530][gc,start    ] GC(15) Pause Young (Normal) (G1 Preventive Collection)
[2024-08-27T10:10:07.928+0530][gc,task     ] GC(15) Using 8 workers of 8 for evacuation
[2024-08-27T10:10:07.931+0530][gc,phases   ] GC(15)   Pre Evacuate Collection Set: 0.1ms
[2024-08-27T10:10:07.931+0530][gc,phases   ] GC(15)   Merge Heap Roots: 0.1ms
[2024-08-27T10:10:07.931+0530][gc,phases   ] GC(15)   Evacuate Collection Set: 2.4ms
[2024-08-27T10:10:07.931+0530][gc,phases   ] GC(15)   Post Evacuate Collection Set: 0.4ms
[2024-08-27T10:10:07.931+0530][gc,phases   ] GC(15)   Other: 0.4ms
[2024-08-27T10:10:07.931+0530][gc,heap     ] GC(15) Eden regions: 22->0(22)
[2024-08-27T10:10:07.931+0530][gc,heap     ] GC(15) Survivor regions: 2->3(4)
[2024-08-27T10:10:07.931+0530][gc,heap     ] GC(15) Old regions: 19->19
[2024-08-27T10:10:07.931+0530][gc,heap     ] GC(15) Archive regions: 2->2
[2024-08-27T10:10:07.931+0530][gc,heap     ] GC(15) Humongous regions: 1->1
[2024-08-27T10:10:07.931+0530][gc,metaspace] GC(15) Metaspace: 68492K(68992K)->68492K(68992K) NonClass: 60037K(60352K)->60037K(60352K) Class: 8454K(8640K)->8454K(8640K)
[2024-08-27T10:10:07.931+0530][gc          ] GC(15) Pause Young (Normal) (G1 Preventive Collection) 88M->44M(100M) 3.578ms
[2024-08-27T10:10:07.931+0530][gc,cpu      ] GC(15) User=0.02s Sys=0.00s Real=0.01s
[2024-08-27T10:11:23.703+0530][gc,start    ] GC(16) Pause Young (Normal) (G1 Preventive Collection)
[2024-08-27T10:11:23.703+0530][gc,task     ] GC(16) Using 8 workers of 8 for evacuation
[2024-08-27T10:11:23.707+0530][gc,phases   ] GC(16)   Pre Evacuate Collection Set: 0.1ms
[2024-08-27T10:11:23.707+0530][gc,phases   ] GC(16)   Merge Heap Roots: 0.1ms
[2024-08-27T10:11:23.707+0530][gc,phases   ] GC(16)   Evacuate Collection Set: 4.0ms
[2024-08-27T10:11:23.707+0530][gc,phases   ] GC(16)   Post Evacuate Collection Set: 0.5ms
[2024-08-27T10:11:23.708+0530][gc,phases   ] GC(16)   Other: 0.2ms
[2024-08-27T10:11:23.708+0530][gc,heap     ] GC(16) Eden regions: 21->0(22)
[2024-08-27T10:11:23.708+0530][gc,heap     ] GC(16) Survivor regions: 3->3(4)
[2024-08-27T10:11:23.708+0530][gc,heap     ] GC(16) Old regions: 19->19
[2024-08-27T10:11:23.708+0530][gc,heap     ] GC(16) Archive regions: 2->2
[2024-08-27T10:11:23.708+0530][gc,heap     ] GC(16) Humongous regions: 1->1
[2024-08-27T10:11:23.708+0530][gc,metaspace] GC(16) Metaspace: 68589K(69056K)->68589K(69056K) NonClass: 60134K(60416K)->60134K(60416K) Class: 8454K(8640K)->8454K(8640K)
[2024-08-27T10:11:23.708+0530][gc          ] GC(16) Pause Young (Normal) (G1 Preventive Collection) 86M->44M(100M) 5.076ms
[2024-08-27T10:11:23.708+0530][gc,cpu      ] GC(16) User=0.03s Sys=0.00s Real=0.00s
[2024-08-27T10:12:32.495+0530][gc,start    ] GC(17) Pause Young (Normal) (G1 Preventive Collection)
[2024-08-27T10:12:32.495+0530][gc,task     ] GC(17) Using 8 workers of 8 for evacuation
[2024-08-27T10:12:32.499+0530][gc,phases   ] GC(17)   Pre Evacuate Collection Set: 0.1ms
[2024-08-27T10:12:32.499+0530][gc,phases   ] GC(17)   Merge Heap Roots: 0.1ms
[2024-08-27T10:12:32.499+0530][gc,phases   ] GC(17)   Evacuate Collection Set: 3.2ms
[2024-08-27T10:12:32.499+0530][gc,phases   ] GC(17)   Post Evacuate Collection Set: 0.3ms
[2024-08-27T10:12:32.499+0530][gc,phases   ] GC(17)   Other: 0.2ms
[2024-08-27T10:12:32.499+0530][gc,heap     ] GC(17) Eden regions: 21->0(23)
[2024-08-27T10:12:32.499+0530][gc,heap     ] GC(17) Survivor regions: 3->2(4)
[2024-08-27T10:12:32.499+0530][gc,heap     ] GC(17) Old regions: 19->19
[2024-08-27T10:12:32.499+0530][gc,heap     ] GC(17) Archive regions: 2->2
[2024-08-27T10:12:32.499+0530][gc,heap     ] GC(17) Humongous regions: 1->1
[2024-08-27T10:12:32.499+0530][gc,metaspace] GC(17) Metaspace: 68716K(69248K)->68716K(69248K) NonClass: 60241K(60544K)->60241K(60544K) Class: 8475K(8704K)->8475K(8704K)
[2024-08-27T10:12:32.499+0530][gc          ] GC(17) Pause Young (Normal) (G1 Preventive Collection) 86M->44M(100M) 4.043ms
[2024-08-27T10:12:32.499+0530][gc,cpu      ] GC(17) User=0.02s Sys=0.01s Real=0.00s
[2024-08-27T10:12:41.946+0530][gc,start    ] GC(18) Pause Young (Normal) (G1 Preventive Collection)
[2024-08-27T10:12:41.947+0530][gc,task     ] GC(18) Using 8 workers of 8 for evacuation
[2024-08-27T10:12:41.952+0530][gc,phases   ] GC(18)   Pre Evacuate Collection Set: 0.1ms
[2024-08-27T10:12:41.952+0530][gc,phases   ] GC(18)   Merge Heap Roots: 0.1ms
[2024-08-27T10:12:41.953+0530][gc,phases   ] GC(18)   Evacuate Collection Set: 4.5ms
[2024-08-27T10:12:41.953+0530][gc,phases   ] GC(18)   Post Evacuate Collection Set: 0.3ms
[2024-08-27T10:12:41.953+0530][gc,phases   ] GC(18)   Other: 0.2ms
[2024-08-27T10:12:41.953+0530][gc,heap     ] GC(18) Eden regions: 23->0(22)
[2024-08-27T10:12:41.953+0530][gc,heap     ] GC(18) Survivor regions: 2->3(4)
[2024-08-27T10:12:41.953+0530][gc,heap     ] GC(18) Old regions: 19->19
[2024-08-27T10:12:41.953+0530][gc,heap     ] GC(18) Archive regions: 2->2
[2024-08-27T10:12:41.954+0530][gc,heap     ] GC(18) Humongous regions: 1->1
[2024-08-27T10:12:41.954+0530][gc,metaspace] GC(18) Metaspace: 69025K(69568K)->69025K(69568K) NonClass: 60501K(60800K)->60501K(60800K) Class: 8523K(8768K)->8523K(8768K)
[2024-08-27T10:12:41.954+0530][gc          ] GC(18) Pause Young (Normal) (G1 Preventive Collection) 90M->46M(100M) 7.186ms
[2024-08-27T10:12:41.954+0530][gc,cpu      ] GC(18) User=0.02s Sys=0.01s Real=0.01s
[2024-08-27T10:14:05.669+0530][gc,start    ] GC(19) Pause Young (Normal) (G1 Preventive Collection)
[2024-08-27T10:14:05.669+0530][gc,task     ] GC(19) Using 8 workers of 8 for evacuation
[2024-08-27T10:14:05.673+0530][gc,phases   ] GC(19)   Pre Evacuate Collection Set: 0.1ms
[2024-08-27T10:14:05.673+0530][gc,phases   ] GC(19)   Merge Heap Roots: 0.1ms
[2024-08-27T10:14:05.673+0530][gc,phases   ] GC(19)   Evacuate Collection Set: 3.8ms
[2024-08-27T10:14:05.673+0530][gc,phases   ] GC(19)   Post Evacuate Collection Set: 0.3ms
[2024-08-27T10:14:05.673+0530][gc,phases   ] GC(19)   Other: 0.2ms
[2024-08-27T10:14:05.673+0530][gc,heap     ] GC(19) Eden regions: 21->0(23)
[2024-08-27T10:14:05.673+0530][gc,heap     ] GC(19) Survivor regions: 3->2(4)
[2024-08-27T10:14:05.673+0530][gc,heap     ] GC(19) Old regions: 19->20
[2024-08-27T10:14:05.673+0530][gc,heap     ] GC(19) Archive regions: 2->2
[2024-08-27T10:14:05.673+0530][gc,heap     ] GC(19) Humongous regions: 1->1
[2024-08-27T10:14:05.673+0530][gc,metaspace] GC(19) Metaspace: 69131K(69696K)->69131K(69696K) NonClass: 60600K(60928K)->60600K(60928K) Class: 8531K(8768K)->8531K(8768K)
[2024-08-27T10:14:05.673+0530][gc          ] GC(19) Pause Young (Normal) (G1 Preventive Collection) 88M->46M(100M) 4.577ms
[2024-08-27T10:14:05.673+0530][gc,cpu      ] GC(19) User=0.03s Sys=0.00s Real=0.01s
[2024-08-27T10:14:06.275+0530][gc,start    ] GC(20) Pause Young (Concurrent Start) (G1 Preventive Collection)
[2024-08-27T10:14:06.275+0530][gc,task     ] GC(20) Using 8 workers of 8 for evacuation
[2024-08-27T10:14:06.279+0530][gc,phases   ] GC(20)   Pre Evacuate Collection Set: 0.1ms
[2024-08-27T10:14:06.279+0530][gc,phases   ] GC(20)   Merge Heap Roots: 0.1ms
[2024-08-27T10:14:06.279+0530][gc,phases   ] GC(20)   Evacuate Collection Set: 3.7ms
[2024-08-27T10:14:06.279+0530][gc,phases   ] GC(20)   Post Evacuate Collection Set: 0.4ms
[2024-08-27T10:14:06.279+0530][gc,phases   ] GC(20)   Other: 0.2ms
[2024-08-27T10:14:06.279+0530][gc,heap     ] GC(20) Eden regions: 22->0(21)
[2024-08-27T10:14:06.279+0530][gc,heap     ] GC(20) Survivor regions: 2->4(4)
[2024-08-27T10:14:06.279+0530][gc,heap     ] GC(20) Old regions: 20->20
[2024-08-27T10:14:06.279+0530][gc,heap     ] GC(20) Archive regions: 2->2
[2024-08-27T10:14:06.279+0530][gc,heap     ] GC(20) Humongous regions: 1->1
[2024-08-27T10:14:06.279+0530][gc,metaspace] GC(20) Metaspace: 70024K(70592K)->70024K(70592K) NonClass: 61366K(61696K)->61366K(61696K) Class: 8658K(8896K)->8658K(8896K)
[2024-08-27T10:14:06.279+0530][gc          ] GC(20) Pause Young (Concurrent Start) (G1 Preventive Collection) 90M->48M(102M) 4.569ms
[2024-08-27T10:14:06.280+0530][gc,cpu      ] GC(20) User=0.03s Sys=0.00s Real=0.01s
[2024-08-27T10:14:06.280+0530][gc          ] GC(21) Concurrent Mark Cycle
[2024-08-27T10:14:06.280+0530][gc,marking  ] GC(21) Concurrent Clear Claimed Marks
[2024-08-27T10:14:06.280+0530][gc,marking  ] GC(21) Concurrent Clear Claimed Marks 0.036ms
[2024-08-27T10:14:06.280+0530][gc,marking  ] GC(21) Concurrent Scan Root Regions
[2024-08-27T10:14:06.283+0530][gc,marking  ] GC(21) Concurrent Scan Root Regions 3.130ms
[2024-08-27T10:14:06.283+0530][gc,marking  ] GC(21) Concurrent Mark
[2024-08-27T10:14:06.283+0530][gc,marking  ] GC(21) Concurrent Mark From Roots
[2024-08-27T10:14:06.283+0530][gc,task     ] GC(21) Using 2 workers of 2 for marking
[2024-08-27T10:14:06.313+0530][gc,marking  ] GC(21) Concurrent Mark From Roots 30.271ms
[2024-08-27T10:14:06.313+0530][gc,marking  ] GC(21) Concurrent Preclean
[2024-08-27T10:14:06.313+0530][gc,marking  ] GC(21) Concurrent Preclean 0.098ms
[2024-08-27T10:14:06.313+0530][gc,start    ] GC(21) Pause Remark
[2024-08-27T10:14:06.319+0530][gc          ] GC(21) Pause Remark 55M->55M(104M) 5.382ms
[2024-08-27T10:14:06.319+0530][gc,cpu      ] GC(21) User=0.03s Sys=0.00s Real=0.00s
[2024-08-27T10:14:06.319+0530][gc,marking  ] GC(21) Concurrent Mark 36.061ms
[2024-08-27T10:14:06.319+0530][gc,marking  ] GC(21) Concurrent Rebuild Remembered Sets
[2024-08-27T10:14:06.332+0530][gc,marking  ] GC(21) Concurrent Rebuild Remembered Sets 13.243ms
[2024-08-27T10:14:06.332+0530][gc,start    ] GC(21) Pause Cleanup
[2024-08-27T10:14:06.332+0530][gc          ] GC(21) Pause Cleanup 57M->57M(104M) 0.114ms
[2024-08-27T10:14:06.332+0530][gc,cpu      ] GC(21) User=0.00s Sys=0.01s Real=0.00s
[2024-08-27T10:14:06.333+0530][gc,marking  ] GC(21) Concurrent Cleanup for Next Mark
[2024-08-27T10:14:06.333+0530][gc,marking  ] GC(21) Concurrent Cleanup for Next Mark 0.178ms
[2024-08-27T10:14:06.333+0530][gc          ] GC(21) Concurrent Mark Cycle 53.175ms
[2024-08-27T10:14:47.004+0530][gc,start    ] GC(22) Pause Young (Normal) (G1 Preventive Collection)
[2024-08-27T10:14:47.006+0530][gc,task     ] GC(22) Using 8 workers of 8 for evacuation
[2024-08-27T10:14:47.012+0530][gc,phases   ] GC(22)   Pre Evacuate Collection Set: 0.2ms
[2024-08-27T10:14:47.012+0530][gc,phases   ] GC(22)   Merge Heap Roots: 0.1ms
[2024-08-27T10:14:47.012+0530][gc,phases   ] GC(22)   Evacuate Collection Set: 4.7ms
[2024-08-27T10:14:47.012+0530][gc,phases   ] GC(22)   Post Evacuate Collection Set: 0.5ms
[2024-08-27T10:14:47.012+0530][gc,phases   ] GC(22)   Other: 2.3ms
[2024-08-27T10:14:47.012+0530][gc,heap     ] GC(22) Eden regions: 20->0(23)
[2024-08-27T10:14:47.012+0530][gc,heap     ] GC(22) Survivor regions: 4->3(4)
[2024-08-27T10:14:47.012+0530][gc,heap     ] GC(22) Old regions: 20->21
[2024-08-27T10:14:47.012+0530][gc,heap     ] GC(22) Archive regions: 2->2
[2024-08-27T10:14:47.012+0530][gc,heap     ] GC(22) Humongous regions: 1->1
[2024-08-27T10:14:47.012+0530][gc,metaspace] GC(22) Metaspace: 70157K(70720K)->70157K(70720K) NonClass: 61488K(61824K)->61488K(61824K) Class: 8669K(8896K)->8669K(8896K)
[2024-08-27T10:14:47.012+0530][gc          ] GC(22) Pause Young (Normal) (G1 Preventive Collection) 88M->47M(104M) 7.906ms
[2024-08-27T10:14:47.012+0530][gc,cpu      ] GC(22) User=0.04s Sys=0.00s Real=0.01s
[2024-08-27T10:15:31.496+0530][gc,start    ] GC(23) Pause Young (Concurrent Start) (G1 Preventive Collection)
[2024-08-27T10:15:31.498+0530][gc,task     ] GC(23) Using 8 workers of 8 for evacuation
[2024-08-27T10:15:31.502+0530][gc,phases   ] GC(23)   Pre Evacuate Collection Set: 0.1ms
[2024-08-27T10:15:31.502+0530][gc,phases   ] GC(23)   Merge Heap Roots: 0.1ms
[2024-08-27T10:15:31.502+0530][gc,phases   ] GC(23)   Evacuate Collection Set: 2.7ms
[2024-08-27T10:15:31.502+0530][gc,phases   ] GC(23)   Post Evacuate Collection Set: 0.4ms
[2024-08-27T10:15:31.502+0530][gc,phases   ] GC(23)   Other: 2.0ms
[2024-08-27T10:15:31.502+0530][gc,heap     ] GC(23) Eden regions: 21->0(23)
[2024-08-27T10:15:31.502+0530][gc,heap     ] GC(23) Survivor regions: 3->3(4)
[2024-08-27T10:15:31.502+0530][gc,heap     ] GC(23) Old regions: 21->21
[2024-08-27T10:15:31.502+0530][gc,heap     ] GC(23) Archive regions: 2->2
[2024-08-27T10:15:31.502+0530][gc,heap     ] GC(23) Humongous regions: 1->1
[2024-08-27T10:15:31.502+0530][gc,metaspace] GC(23) Metaspace: 70262K(70912K)->70262K(70912K) NonClass: 61581K(61952K)->61581K(61952K) Class: 8681K(8960K)->8681K(8960K)
[2024-08-27T10:15:31.502+0530][gc          ] GC(23) Pause Young (Concurrent Start) (G1 Preventive Collection) 89M->48M(104M) 5.698ms
[2024-08-27T10:15:31.502+0530][gc,cpu      ] GC(23) User=0.02s Sys=0.00s Real=0.01s
[2024-08-27T10:15:31.502+0530][gc          ] GC(24) Concurrent Mark Cycle
[2024-08-27T10:15:31.502+0530][gc,marking  ] GC(24) Concurrent Clear Claimed Marks
[2024-08-27T10:15:31.502+0530][gc,marking  ] GC(24) Concurrent Clear Claimed Marks 0.036ms
[2024-08-27T10:15:31.502+0530][gc,marking  ] GC(24) Concurrent Scan Root Regions
[2024-08-27T10:15:31.504+0530][gc,marking  ] GC(24) Concurrent Scan Root Regions 2.156ms
[2024-08-27T10:15:31.504+0530][gc,marking  ] GC(24) Concurrent Mark
[2024-08-27T10:15:31.504+0530][gc,marking  ] GC(24) Concurrent Mark From Roots
[2024-08-27T10:15:31.504+0530][gc,task     ] GC(24) Using 2 workers of 2 for marking
[2024-08-27T10:15:31.535+0530][gc,marking  ] GC(24) Concurrent Mark From Roots 30.327ms
[2024-08-27T10:15:31.535+0530][gc,marking  ] GC(24) Concurrent Preclean
[2024-08-27T10:15:31.535+0530][gc,marking  ] GC(24) Concurrent Preclean 0.160ms
[2024-08-27T10:15:31.535+0530][gc,start    ] GC(24) Pause Remark
[2024-08-27T10:15:31.541+0530][gc          ] GC(24) Pause Remark 48M->48M(104M) 6.093ms
[2024-08-27T10:15:31.541+0530][gc,cpu      ] GC(24) User=0.04s Sys=0.01s Real=0.01s
[2024-08-27T10:15:31.541+0530][gc,marking  ] GC(24) Concurrent Mark 37.030ms
[2024-08-27T10:15:31.541+0530][gc,marking  ] GC(24) Concurrent Rebuild Remembered Sets
[2024-08-27T10:15:31.553+0530][gc,marking  ] GC(24) Concurrent Rebuild Remembered Sets 11.356ms
[2024-08-27T10:15:31.553+0530][gc,start    ] GC(24) Pause Cleanup
[2024-08-27T10:15:31.553+0530][gc          ] GC(24) Pause Cleanup 48M->48M(104M) 0.087ms
[2024-08-27T10:15:31.553+0530][gc,cpu      ] GC(24) User=0.01s Sys=0.00s Real=0.00s
[2024-08-27T10:15:31.553+0530][gc,marking  ] GC(24) Concurrent Cleanup for Next Mark
[2024-08-27T10:15:31.553+0530][gc,marking  ] GC(24) Concurrent Cleanup for Next Mark 0.245ms
[2024-08-27T10:15:31.553+0530][gc          ] GC(24) Concurrent Mark Cycle 51.353ms
[2024-08-27T10:16:46.228+0530][gc,start    ] GC(25) Pause Young (Normal) (G1 Preventive Collection)
[2024-08-27T10:16:46.228+0530][gc,task     ] GC(25) Using 8 workers of 8 for evacuation
[2024-08-27T10:16:46.232+0530][gc,phases   ] GC(25)   Pre Evacuate Collection Set: 0.1ms
[2024-08-27T10:16:46.232+0530][gc,phases   ] GC(25)   Merge Heap Roots: 0.1ms
[2024-08-27T10:16:46.232+0530][gc,phases   ] GC(25)   Evacuate Collection Set: 2.9ms
[2024-08-27T10:16:46.232+0530][gc,phases   ] GC(25)   Post Evacuate Collection Set: 0.3ms
[2024-08-27T10:16:46.232+0530][gc,phases   ] GC(25)   Other: 0.2ms
[2024-08-27T10:16:46.232+0530][gc,heap     ] GC(25) Eden regions: 21->0(23)
[2024-08-27T10:16:46.232+0530][gc,heap     ] GC(25) Survivor regions: 3->3(4)
[2024-08-27T10:16:46.232+0530][gc,heap     ] GC(25) Old regions: 21->21
[2024-08-27T10:16:46.232+0530][gc,heap     ] GC(25) Archive regions: 2->2
[2024-08-27T10:16:46.232+0530][gc,heap     ] GC(25) Humongous regions: 1->1
[2024-08-27T10:16:46.232+0530][gc,metaspace] GC(25) Metaspace: 70256K(70912K)->70256K(70912K) NonClass: 61586K(61952K)->61586K(61952K) Class: 8670K(8960K)->8670K(8960K)
[2024-08-27T10:16:46.232+0530][gc          ] GC(25) Pause Young (Normal) (G1 Preventive Collection) 90M->48M(104M) 3.682ms
[2024-08-27T10:16:46.232+0530][gc,cpu      ] GC(25) User=0.02s Sys=0.00s Real=0.01s
[2024-08-27T10:18:02.741+0530][gc,start    ] GC(26) Pause Young (Concurrent Start) (G1 Preventive Collection)
[2024-08-27T10:18:02.741+0530][gc,task     ] GC(26) Using 8 workers of 8 for evacuation
[2024-08-27T10:18:02.747+0530][gc,phases   ] GC(26)   Pre Evacuate Collection Set: 0.1ms
[2024-08-27T10:18:02.747+0530][gc,phases   ] GC(26)   Merge Heap Roots: 0.1ms
[2024-08-27T10:18:02.747+0530][gc,phases   ] GC(26)   Evacuate Collection Set: 4.8ms
[2024-08-27T10:18:02.747+0530][gc,phases   ] GC(26)   Post Evacuate Collection Set: 0.5ms
[2024-08-27T10:18:02.747+0530][gc,phases   ] GC(26)   Other: 0.3ms
[2024-08-27T10:18:02.747+0530][gc,heap     ] GC(26) Eden regions: 21->0(23)
[2024-08-27T10:18:02.747+0530][gc,heap     ] GC(26) Survivor regions: 3->3(4)
[2024-08-27T10:18:02.747+0530][gc,heap     ] GC(26) Old regions: 21->21
[2024-08-27T10:18:02.747+0530][gc,heap     ] GC(26) Archive regions: 2->2
[2024-08-27T10:18:02.747+0530][gc,heap     ] GC(26) Humongous regions: 1->1
[2024-08-27T10:18:02.747+0530][gc,metaspace] GC(26) Metaspace: 70264K(70912K)->70264K(70912K) NonClass: 61593K(61952K)->61593K(61952K) Class: 8670K(8960K)->8670K(8960K)
[2024-08-27T10:18:02.747+0530][gc          ] GC(26) Pause Young (Concurrent Start) (G1 Preventive Collection) 90M->48M(104M) 6.151ms
[2024-08-27T10:18:02.747+0530][gc,cpu      ] GC(26) User=0.03s Sys=0.00s Real=0.00s
[2024-08-27T10:18:02.747+0530][gc          ] GC(27) Concurrent Mark Cycle
[2024-08-27T10:18:02.747+0530][gc,marking  ] GC(27) Concurrent Clear Claimed Marks
[2024-08-27T10:18:02.747+0530][gc,marking  ] GC(27) Concurrent Clear Claimed Marks 0.077ms
[2024-08-27T10:18:02.747+0530][gc,marking  ] GC(27) Concurrent Scan Root Regions
[2024-08-27T10:18:02.750+0530][gc,marking  ] GC(27) Concurrent Scan Root Regions 2.641ms
[2024-08-27T10:18:02.750+0530][gc,marking  ] GC(27) Concurrent Mark
[2024-08-27T10:18:02.750+0530][gc,marking  ] GC(27) Concurrent Mark From Roots
[2024-08-27T10:18:02.750+0530][gc,task     ] GC(27) Using 2 workers of 2 for marking
[2024-08-27T10:18:02.776+0530][gc,marking  ] GC(27) Concurrent Mark From Roots 25.992ms
[2024-08-27T10:18:02.776+0530][gc,marking  ] GC(27) Concurrent Preclean
[2024-08-27T10:18:02.776+0530][gc,marking  ] GC(27) Concurrent Preclean 0.127ms
[2024-08-27T10:18:02.776+0530][gc,start    ] GC(27) Pause Remark
[2024-08-27T10:18:02.782+0530][gc          ] GC(27) Pause Remark 48M->48M(104M) 5.879ms
[2024-08-27T10:18:02.782+0530][gc,cpu      ] GC(27) User=0.04s Sys=0.00s Real=0.01s
[2024-08-27T10:18:02.782+0530][gc,marking  ] GC(27) Concurrent Mark 32.319ms
[2024-08-27T10:18:02.782+0530][gc,marking  ] GC(27) Concurrent Rebuild Remembered Sets
[2024-08-27T10:18:02.794+0530][gc,marking  ] GC(27) Concurrent Rebuild Remembered Sets 11.464ms
[2024-08-27T10:18:02.794+0530][gc,start    ] GC(27) Pause Cleanup
[2024-08-27T10:18:02.794+0530][gc          ] GC(27) Pause Cleanup 48M->48M(104M) 0.123ms
[2024-08-27T10:18:02.794+0530][gc,cpu      ] GC(27) User=0.00s Sys=0.00s Real=0.00s
[2024-08-27T10:18:02.794+0530][gc,marking  ] GC(27) Concurrent Cleanup for Next Mark
[2024-08-27T10:18:02.794+0530][gc,marking  ] GC(27) Concurrent Cleanup for Next Mark 0.205ms
[2024-08-27T10:18:02.794+0530][gc          ] GC(27) Concurrent Mark Cycle 47.232ms
[2024-08-27T10:19:20.028+0530][gc,start    ] GC(28) Pause Young (Normal) (G1 Preventive Collection)
[2024-08-27T10:19:20.028+0530][gc,task     ] GC(28) Using 8 workers of 8 for evacuation
[2024-08-27T10:19:20.032+0530][gc,phases   ] GC(28)   Pre Evacuate Collection Set: 0.1ms
[2024-08-27T10:19:20.032+0530][gc,phases   ] GC(28)   Merge Heap Roots: 0.1ms
[2024-08-27T10:19:20.032+0530][gc,phases   ] GC(28)   Evacuate Collection Set: 3.3ms
[2024-08-27T10:19:20.032+0530][gc,phases   ] GC(28)   Post Evacuate Collection Set: 0.4ms
[2024-08-27T10:19:20.032+0530][gc,phases   ] GC(28)   Other: 0.2ms
[2024-08-27T10:19:20.032+0530][gc,heap     ] GC(28) Eden regions: 22->0(23)
[2024-08-27T10:19:20.032+0530][gc,heap     ] GC(28) Survivor regions: 3->3(4)
[2024-08-27T10:19:20.032+0530][gc,heap     ] GC(28) Old regions: 21->21
[2024-08-27T10:19:20.032+0530][gc,heap     ] GC(28) Archive regions: 2->2
[2024-08-27T10:19:20.032+0530][gc,heap     ] GC(28) Humongous regions: 1->1
[2024-08-27T10:19:20.032+0530][gc,metaspace] GC(28) Metaspace: 70281K(70912K)->70281K(70912K) NonClass: 61612K(61952K)->61612K(61952K) Class: 8668K(8960K)->8668K(8960K)
[2024-08-27T10:19:20.032+0530][gc          ] GC(28) Pause Young (Normal) (G1 Preventive Collection) 92M->48M(104M) 4.258ms
[2024-08-27T10:19:20.032+0530][gc,cpu      ] GC(28) User=0.02s Sys=0.00s Real=0.01s
[2024-08-27T10:20:39.345+0530][gc,start    ] GC(29) Pause Young (Concurrent Start) (G1 Preventive Collection)
[2024-08-27T10:20:39.346+0530][gc,task     ] GC(29) Using 8 workers of 8 for evacuation
[2024-08-27T10:20:39.351+0530][gc,phases   ] GC(29)   Pre Evacuate Collection Set: 0.1ms
[2024-08-27T10:20:39.351+0530][gc,phases   ] GC(29)   Merge Heap Roots: 0.1ms
[2024-08-27T10:20:39.351+0530][gc,phases   ] GC(29)   Evacuate Collection Set: 4.6ms
[2024-08-27T10:20:39.351+0530][gc,phases   ] GC(29)   Post Evacuate Collection Set: 0.4ms
[2024-08-27T10:20:39.351+0530][gc,phases   ] GC(29)   Other: 0.3ms
[2024-08-27T10:20:39.351+0530][gc,heap     ] GC(29) Eden regions: 22->0(24)
[2024-08-27T10:20:39.351+0530][gc,heap     ] GC(29) Survivor regions: 3->2(4)
[2024-08-27T10:20:39.351+0530][gc,heap     ] GC(29) Old regions: 21->22
[2024-08-27T10:20:39.351+0530][gc,heap     ] GC(29) Archive regions: 2->2
[2024-08-27T10:20:39.351+0530][gc,heap     ] GC(29) Humongous regions: 1->1
[2024-08-27T10:20:39.351+0530][gc,metaspace] GC(29) Metaspace: 70293K(70912K)->70293K(70912K) NonClass: 61624K(61952K)->61624K(61952K) Class: 8669K(8960K)->8669K(8960K)
[2024-08-27T10:20:39.351+0530][gc          ] GC(29) Pause Young (Concurrent Start) (G1 Preventive Collection) 92M->48M(104M) 5.801ms
[2024-08-27T10:20:39.351+0530][gc,cpu      ] GC(29) User=0.03s Sys=0.00s Real=0.01s
[2024-08-27T10:20:39.351+0530][gc          ] GC(30) Concurrent Mark Cycle
[2024-08-27T10:20:39.351+0530][gc,marking  ] GC(30) Concurrent Clear Claimed Marks
[2024-08-27T10:20:39.351+0530][gc,marking  ] GC(30) Concurrent Clear Claimed Marks 0.028ms
[2024-08-27T10:20:39.351+0530][gc,marking  ] GC(30) Concurrent Scan Root Regions
[2024-08-27T10:20:39.354+0530][gc,marking  ] GC(30) Concurrent Scan Root Regions 2.808ms
[2024-08-27T10:20:39.354+0530][gc,marking  ] GC(30) Concurrent Mark
[2024-08-27T10:20:39.354+0530][gc,marking  ] GC(30) Concurrent Mark From Roots
[2024-08-27T10:20:39.354+0530][gc,task     ] GC(30) Using 2 workers of 2 for marking
[2024-08-27T10:20:39.379+0530][gc,marking  ] GC(30) Concurrent Mark From Roots 24.611ms
[2024-08-27T10:20:39.379+0530][gc,marking  ] GC(30) Concurrent Preclean
[2024-08-27T10:20:39.379+0530][gc,marking  ] GC(30) Concurrent Preclean 0.156ms
[2024-08-27T10:20:39.379+0530][gc,start    ] GC(30) Pause Remark
[2024-08-27T10:20:39.382+0530][gc          ] GC(30) Pause Remark 48M->48M(104M) 3.191ms
[2024-08-27T10:20:39.383+0530][gc,cpu      ] GC(30) User=0.02s Sys=0.00s Real=0.01s
[2024-08-27T10:20:39.383+0530][gc,marking  ] GC(30) Concurrent Mark 28.282ms
[2024-08-27T10:20:39.383+0530][gc,marking  ] GC(30) Concurrent Rebuild Remembered Sets
[2024-08-27T10:20:39.395+0530][gc,marking  ] GC(30) Concurrent Rebuild Remembered Sets 12.636ms
[2024-08-27T10:20:39.395+0530][gc,start    ] GC(30) Pause Cleanup
[2024-08-27T10:20:39.395+0530][gc          ] GC(30) Pause Cleanup 48M->48M(104M) 0.140ms
[2024-08-27T10:20:39.396+0530][gc,cpu      ] GC(30) User=0.00s Sys=0.00s Real=0.00s
[2024-08-27T10:20:39.396+0530][gc,marking  ] GC(30) Concurrent Cleanup for Next Mark
[2024-08-27T10:20:39.396+0530][gc,marking  ] GC(30) Concurrent Cleanup for Next Mark 0.157ms
[2024-08-27T10:20:39.396+0530][gc          ] GC(30) Concurrent Mark Cycle 44.419ms
[2024-08-27T10:21:48.278+0530][gc,start    ] GC(31) Pause Young (Normal) (G1 Preventive Collection)
[2024-08-27T10:21:48.278+0530][gc,task     ] GC(31) Using 8 workers of 8 for evacuation
[2024-08-27T10:21:48.281+0530][gc,phases   ] GC(31)   Pre Evacuate Collection Set: 0.1ms
[2024-08-27T10:21:48.281+0530][gc,phases   ] GC(31)   Merge Heap Roots: 0.1ms
[2024-08-27T10:21:48.281+0530][gc,phases   ] GC(31)   Evacuate Collection Set: 2.3ms
[2024-08-27T10:21:48.281+0530][gc,phases   ] GC(31)   Post Evacuate Collection Set: 0.4ms
[2024-08-27T10:21:48.281+0530][gc,phases   ] GC(31)   Other: 0.2ms
[2024-08-27T10:21:48.281+0530][gc,heap     ] GC(31) Eden regions: 23->0(24)
[2024-08-27T10:21:48.281+0530][gc,heap     ] GC(31) Survivor regions: 2->2(4)
[2024-08-27T10:21:48.281+0530][gc,heap     ] GC(31) Old regions: 22->22
[2024-08-27T10:21:48.281+0530][gc,heap     ] GC(31) Archive regions: 2->2
[2024-08-27T10:21:48.281+0530][gc,heap     ] GC(31) Humongous regions: 1->1
[2024-08-27T10:21:48.281+0530][gc,metaspace] GC(31) Metaspace: 70699K(71296K)->70699K(71296K) NonClass: 61954K(62336K)->61954K(62336K) Class: 8745K(8960K)->8745K(8960K)
[2024-08-27T10:21:48.281+0530][gc          ] GC(31) Pause Young (Normal) (G1 Preventive Collection) 94M->48M(104M) 3.360ms
[2024-08-27T10:21:48.281+0530][gc,cpu      ] GC(31) User=0.02s Sys=0.00s Real=0.01s
[2024-08-27T10:22:52.680+0530][gc,start    ] GC(32) Pause Young (Concurrent Start) (G1 Preventive Collection)
[2024-08-27T10:22:52.682+0530][gc,task     ] GC(32) Using 8 workers of 8 for evacuation
[2024-08-27T10:22:52.686+0530][gc,phases   ] GC(32)   Pre Evacuate Collection Set: 0.1ms
[2024-08-27T10:22:52.686+0530][gc,phases   ] GC(32)   Merge Heap Roots: 0.1ms
[2024-08-27T10:22:52.686+0530][gc,phases   ] GC(32)   Evacuate Collection Set: 2.8ms
[2024-08-27T10:22:52.686+0530][gc,phases   ] GC(32)   Post Evacuate Collection Set: 0.5ms
[2024-08-27T10:22:52.686+0530][gc,phases   ] GC(32)   Other: 2.3ms
[2024-08-27T10:22:52.686+0530][gc,heap     ] GC(32) Eden regions: 23->0(24)
[2024-08-27T10:22:52.686+0530][gc,heap     ] GC(32) Survivor regions: 2->2(4)
[2024-08-27T10:22:52.686+0530][gc,heap     ] GC(32) Old regions: 22->22
[2024-08-27T10:22:52.686+0530][gc,heap     ] GC(32) Archive regions: 2->2
[2024-08-27T10:22:52.686+0530][gc,heap     ] GC(32) Humongous regions: 1->1
[2024-08-27T10:22:52.686+0530][gc,metaspace] GC(32) Metaspace: 70780K(71424K)->70780K(71424K) NonClass: 62028K(62400K)->62028K(62400K) Class: 8751K(9024K)->8751K(9024K)
[2024-08-27T10:22:52.686+0530][gc          ] GC(32) Pause Young (Concurrent Start) (G1 Preventive Collection) 94M->48M(104M) 5.974ms
[2024-08-27T10:22:52.686+0530][gc,cpu      ] GC(32) User=0.02s Sys=0.00s Real=0.00s
[2024-08-27T10:22:52.686+0530][gc          ] GC(33) Concurrent Mark Cycle
[2024-08-27T10:22:52.686+0530][gc,marking  ] GC(33) Concurrent Clear Claimed Marks
[2024-08-27T10:22:52.686+0530][gc,marking  ] GC(33) Concurrent Clear Claimed Marks 0.033ms
[2024-08-27T10:22:52.686+0530][gc,marking  ] GC(33) Concurrent Scan Root Regions
[2024-08-27T10:22:52.688+0530][gc,marking  ] GC(33) Concurrent Scan Root Regions 2.127ms
[2024-08-27T10:22:52.688+0530][gc,marking  ] GC(33) Concurrent Mark
[2024-08-27T10:22:52.688+0530][gc,marking  ] GC(33) Concurrent Mark From Roots
[2024-08-27T10:22:52.688+0530][gc,task     ] GC(33) Using 2 workers of 2 for marking
[2024-08-27T10:22:52.716+0530][gc,marking  ] GC(33) Concurrent Mark From Roots 28.179ms
[2024-08-27T10:22:52.716+0530][gc,marking  ] GC(33) Concurrent Preclean
[2024-08-27T10:22:52.717+0530][gc,marking  ] GC(33) Concurrent Preclean 0.140ms
[2024-08-27T10:22:52.717+0530][gc,start    ] GC(33) Pause Remark
[2024-08-27T10:22:52.723+0530][gc          ] GC(33) Pause Remark 49M->49M(104M) 6.344ms
[2024-08-27T10:22:52.723+0530][gc,cpu      ] GC(33) User=0.04s Sys=0.00s Real=0.01s
[2024-08-27T10:22:52.723+0530][gc,marking  ] GC(33) Concurrent Mark 35.048ms
[2024-08-27T10:22:52.723+0530][gc,marking  ] GC(33) Concurrent Rebuild Remembered Sets
[2024-08-27T10:22:52.737+0530][gc,marking  ] GC(33) Concurrent Rebuild Remembered Sets 13.536ms
[2024-08-27T10:22:52.737+0530][gc,start    ] GC(33) Pause Cleanup
[2024-08-27T10:22:52.737+0530][gc          ] GC(33) Pause Cleanup 49M->49M(104M) 0.117ms
[2024-08-27T10:22:52.737+0530][gc,cpu      ] GC(33) User=0.00s Sys=0.00s Real=0.00s
[2024-08-27T10:22:52.737+0530][gc,marking  ] GC(33) Concurrent Cleanup for Next Mark
[2024-08-27T10:22:52.737+0530][gc,marking  ] GC(33) Concurrent Cleanup for Next Mark 0.152ms
[2024-08-27T10:22:52.737+0530][gc          ] GC(33) Concurrent Mark Cycle 51.449ms
[2024-08-27T10:23:05.382+0530][gc,heap,exit] Heap
[2024-08-27T10:23:05.382+0530][gc,heap,exit]  garbage-first heap   total 106496K, used 88817K [0x0000000740000000, 0x0000000800000000)
[2024-08-27T10:23:05.382+0530][gc,heap,exit]   region size 2048K, 21 young (43008K), 2 survivors (4096K)
[2024-08-27T10:23:05.382+0530][gc,heap,exit]  Metaspace       used 70886K, committed 71488K, reserved 1114112K
[2024-08-27T10:23:05.382+0530][gc,heap,exit]   class space    used 8775K, committed 9024K, reserved 1048576K
