[2024-08-27T06:39:35.409+0530][gc] Using G1
[2024-08-27T06:39:35.412+0530][gc,init] Version: 17.0.8+9-LTS-211 (release)
[2024-08-27T06:39:35.412+0530][gc,init] CPUs: 8 total, 8 available
[2024-08-27T06:39:35.412+0530][gc,init] Memory: 16384M
[2024-08-27T06:39:35.412+0530][gc,init] Large Page Support: Disabled
[2024-08-27T06:39:35.412+0530][gc,init] NUMA Support: Disabled
[2024-08-27T06:39:35.412+0530][gc,init] Compressed Oops: Enabled (Zero based)
[2024-08-27T06:39:35.412+0530][gc,init] Heap Region Size: 1M
[2024-08-27T06:39:35.412+0530][gc,init] Heap Min Capacity: 512M
[2024-08-27T06:39:35.412+0530][gc,init] Heap Initial Capacity: 512M
[2024-08-27T06:39:35.412+0530][gc,init] Heap Max Capacity: 512M
[2024-08-27T06:39:35.412+0530][gc,init] Pre-touch: Disabled
[2024-08-27T06:39:35.412+0530][gc,init] Parallel Workers: 8
[2024-08-27T06:39:35.412+0530][gc,init] Concurrent Workers: 2
[2024-08-27T06:39:35.412+0530][gc,init] Concurrent Refinement Workers: 8
[2024-08-27T06:39:35.412+0530][gc,init] Periodic GC: Disabled
[2024-08-27T06:39:35.419+0530][gc,metaspace] CDS archive(s) mapped at: [0x0000000122000000-0x0000000122be4000-0x0000000122be4000), size 12468224, SharedBaseAddress: 0x0000000122000000, ArchiveRelocationMode: 1.
[2024-08-27T06:39:35.419+0530][gc,metaspace] Compressed class space mapped at: 0x0000000123000000-0x0000000163000000, reserved size: 1073741824
[2024-08-27T06:39:35.419+0530][gc,metaspace] Narrow klass base: 0x0000000122000000, Narrow klass shift: 0, Narrow klass range: 0x100000000
[2024-08-27T06:39:36.268+0530][gc,start    ] GC(0) Pause Young (Normal) (G1 Evacuation Pause)
[2024-08-27T06:39:36.268+0530][gc,task     ] GC(0) Using 8 workers of 8 for evacuation
[2024-08-27T06:39:36.274+0530][gc,phases   ] GC(0)   Pre Evacuate Collection Set: 0.1ms
[2024-08-27T06:39:36.274+0530][gc,phases   ] GC(0)   Merge Heap Roots: 0.2ms
[2024-08-27T06:39:36.274+0530][gc,phases   ] GC(0)   Evacuate Collection Set: 4.4ms
[2024-08-27T06:39:36.274+0530][gc,phases   ] GC(0)   Post Evacuate Collection Set: 0.5ms
[2024-08-27T06:39:36.274+0530][gc,phases   ] GC(0)   Other: 0.7ms
[2024-08-27T06:39:36.274+0530][gc,heap     ] GC(0) Eden regions: 25->0(21)
[2024-08-27T06:39:36.274+0530][gc,heap     ] GC(0) Survivor regions: 0->4(4)
[2024-08-27T06:39:36.274+0530][gc,heap     ] GC(0) Old regions: 0->5
[2024-08-27T06:39:36.274+0530][gc,heap     ] GC(0) Archive regions: 2->2
[2024-08-27T06:39:36.274+0530][gc,heap     ] GC(0) Humongous regions: 0->0
[2024-08-27T06:39:36.274+0530][gc,metaspace] GC(0) Metaspace: 7530K(7744K)->7530K(7744K) NonClass: 6708K(6784K)->6708K(6784K) Class: 822K(960K)->822K(960K)
[2024-08-27T06:39:36.274+0530][gc          ] GC(0) Pause Young (Normal) (G1 Evacuation Pause) 25M->9M(512M) 6.006ms
[2024-08-27T06:39:36.274+0530][gc,cpu      ] GC(0) User=0.02s Sys=0.02s Real=0.01s
[2024-08-27T06:46:09.471+0530][gc,start    ] GC(1) Pause Young (Normal) (G1 Evacuation Pause)
[2024-08-27T06:46:09.475+0530][gc,task     ] GC(1) Using 8 workers of 8 for evacuation
[2024-08-27T06:46:09.479+0530][gc,phases   ] GC(1)   Pre Evacuate Collection Set: 0.1ms
[2024-08-27T06:46:09.479+0530][gc,phases   ] GC(1)   Merge Heap Roots: 0.1ms
[2024-08-27T06:46:09.479+0530][gc,phases   ] GC(1)   Evacuate Collection Set: 4.0ms
[2024-08-27T06:46:09.479+0530][gc,phases   ] GC(1)   Post Evacuate Collection Set: 0.3ms
[2024-08-27T06:46:09.479+0530][gc,phases   ] GC(1)   Other: 4.0ms
[2024-08-27T06:46:09.479+0530][gc,heap     ] GC(1) Eden regions: 21->0(23)
[2024-08-27T06:46:09.479+0530][gc,heap     ] GC(1) Survivor regions: 4->2(4)
[2024-08-27T06:46:09.479+0530][gc,heap     ] GC(1) Old regions: 5->9
[2024-08-27T06:46:09.479+0530][gc,heap     ] GC(1) Archive regions: 2->2
[2024-08-27T06:46:09.479+0530][gc,heap     ] GC(1) Humongous regions: 0->0
[2024-08-27T06:46:09.479+0530][gc,metaspace] GC(1) Metaspace: 8839K(9024K)->8839K(9024K) NonClass: 7908K(8000K)->7908K(8000K) Class: 931K(1024K)->931K(1024K)
[2024-08-27T06:46:09.479+0530][gc          ] GC(1) Pause Young (Normal) (G1 Evacuation Pause) 30M->10M(512M) 8.644ms
[2024-08-27T06:46:09.479+0530][gc,cpu      ] GC(1) User=0.01s Sys=0.01s Real=0.00s
[2024-08-27T06:49:25.178+0530][gc,heap,exit] Heap
[2024-08-27T06:49:25.180+0530][gc,heap,exit]  garbage-first heap   total 524288K, used 29042K [0x00000007e0000000, 0x0000000800000000)
[2024-08-27T06:49:25.180+0530][gc,heap,exit]   region size 1024K, 20 young (20480K), 2 survivors (2048K)
[2024-08-27T06:49:25.180+0530][gc,heap,exit]  Metaspace       used 8855K, committed 9024K, reserved 1114112K
[2024-08-27T06:49:25.180+0530][gc,heap,exit]   class space    used 932K, committed 1024K, reserved 1048576K
