[2024-08-22T12:07:58.438+0530][gc] Using G1
[2024-08-22T12:07:58.444+0530][gc,init] Version: 17.0.8+9-LTS-211 (release)
[2024-08-22T12:07:58.444+0530][gc,init] CPUs: 8 total, 8 available
[2024-08-22T12:07:58.444+0530][gc,init] Memory: 16384M
[2024-08-22T12:07:58.444+0530][gc,init] Large Page Support: Disabled
[2024-08-22T12:07:58.444+0530][gc,init] NUMA Support: Disabled
[2024-08-22T12:07:58.444+0530][gc,init] Compressed Oops: Enabled (Zero based)
[2024-08-22T12:07:58.444+0530][gc,init] Heap Region Size: 1M
[2024-08-22T12:07:58.444+0530][gc,init] Heap Min Capacity: 1G
[2024-08-22T12:07:58.444+0530][gc,init] Heap Initial Capacity: 1G
[2024-08-22T12:07:58.444+0530][gc,init] Heap Max Capacity: 1G
[2024-08-22T12:07:58.444+0530][gc,init] Pre-touch: Disabled
[2024-08-22T12:07:58.444+0530][gc,init] Parallel Workers: 8
[2024-08-22T12:07:58.444+0530][gc,init] Concurrent Workers: 2
[2024-08-22T12:07:58.444+0530][gc,init] Concurrent Refinement Workers: 8
[2024-08-22T12:07:58.444+0530][gc,init] Periodic GC: Disabled
[2024-08-22T12:07:58.451+0530][gc,metaspace] CDS archive(s) mapped at: [0x000000011f000000-0x000000011fbe4000-0x000000011fbe4000), size 12468224, SharedBaseAddress: 0x000000011f000000, ArchiveRelocationMode: 1.
[2024-08-22T12:07:58.451+0530][gc,metaspace] Compressed class space mapped at: 0x0000000120000000-0x0000000160000000, reserved size: 1073741824
[2024-08-22T12:07:58.451+0530][gc,metaspace] Narrow klass base: 0x000000011f000000, Narrow klass shift: 0, Narrow klass range: 0x100000000
[2024-08-22T12:07:59.650+0530][gc,start    ] GC(0) Pause Young (Normal) (G1 Evacuation Pause)
[2024-08-22T12:07:59.650+0530][gc,task     ] GC(0) Using 8 workers of 8 for evacuation
[2024-08-22T12:07:59.658+0530][gc,phases   ] GC(0)   Pre Evacuate Collection Set: 0.1ms
[2024-08-22T12:07:59.658+0530][gc,phases   ] GC(0)   Merge Heap Roots: 0.1ms
[2024-08-22T12:07:59.658+0530][gc,phases   ] GC(0)   Evacuate Collection Set: 6.9ms
[2024-08-22T12:07:59.658+0530][gc,phases   ] GC(0)   Post Evacuate Collection Set: 0.8ms
[2024-08-22T12:07:59.659+0530][gc,phases   ] GC(0)   Other: 0.8ms
[2024-08-22T12:07:59.659+0530][gc,heap     ] GC(0) Eden regions: 51->0(44)
[2024-08-22T12:07:59.659+0530][gc,heap     ] GC(0) Survivor regions: 0->7(7)
[2024-08-22T12:07:59.659+0530][gc,heap     ] GC(0) Old regions: 0->1
[2024-08-22T12:07:59.659+0530][gc,heap     ] GC(0) Archive regions: 2->2
[2024-08-22T12:07:59.659+0530][gc,heap     ] GC(0) Humongous regions: 0->0
[2024-08-22T12:07:59.659+0530][gc,metaspace] GC(0) Metaspace: 18246K(18368K)->18246K(18368K) NonClass: 16063K(16128K)->16063K(16128K) Class: 2182K(2240K)->2182K(2240K)
[2024-08-22T12:07:59.659+0530][gc          ] GC(0) Pause Young (Normal) (G1 Evacuation Pause) 51M->8M(1024M) 9.012ms
[2024-08-22T12:07:59.659+0530][gc,cpu      ] GC(0) User=0.04s Sys=0.01s Real=0.00s
[2024-08-22T12:07:59.941+0530][gc,start    ] GC(1) Pause Young (Concurrent Start) (Metadata GC Threshold)
[2024-08-22T12:07:59.941+0530][gc,task     ] GC(1) Using 8 workers of 8 for evacuation
[2024-08-22T12:07:59.947+0530][gc,phases   ] GC(1)   Pre Evacuate Collection Set: 0.1ms
[2024-08-22T12:07:59.947+0530][gc,phases   ] GC(1)   Merge Heap Roots: 0.1ms
[2024-08-22T12:07:59.947+0530][gc,phases   ] GC(1)   Evacuate Collection Set: 4.9ms
[2024-08-22T12:07:59.947+0530][gc,phases   ] GC(1)   Post Evacuate Collection Set: 0.3ms
[2024-08-22T12:07:59.947+0530][gc,phases   ] GC(1)   Other: 0.3ms
[2024-08-22T12:07:59.947+0530][gc,heap     ] GC(1) Eden regions: 12->0(49)
[2024-08-22T12:07:59.947+0530][gc,heap     ] GC(1) Survivor regions: 7->2(7)
[2024-08-22T12:07:59.947+0530][gc,heap     ] GC(1) Old regions: 1->8
[2024-08-22T12:07:59.947+0530][gc,heap     ] GC(1) Archive regions: 2->2
[2024-08-22T12:07:59.947+0530][gc,heap     ] GC(1) Humongous regions: 129->129
[2024-08-22T12:07:59.947+0530][gc,metaspace] GC(1) Metaspace: 21316K(21504K)->21316K(21504K) NonClass: 18754K(18816K)->18754K(18816K) Class: 2561K(2688K)->2561K(2688K)
[2024-08-22T12:07:59.947+0530][gc          ] GC(1) Pause Young (Concurrent Start) (Metadata GC Threshold) 149M->139M(1024M) 5.919ms
[2024-08-22T12:07:59.947+0530][gc,cpu      ] GC(1) User=0.03s Sys=0.00s Real=0.00s
[2024-08-22T12:07:59.947+0530][gc          ] GC(2) Concurrent Mark Cycle
[2024-08-22T12:07:59.947+0530][gc,marking  ] GC(2) Concurrent Clear Claimed Marks
[2024-08-22T12:07:59.947+0530][gc,marking  ] GC(2) Concurrent Clear Claimed Marks 0.024ms
[2024-08-22T12:07:59.947+0530][gc,marking  ] GC(2) Concurrent Scan Root Regions
[2024-08-22T12:07:59.950+0530][gc,marking  ] GC(2) Concurrent Scan Root Regions 2.730ms
[2024-08-22T12:07:59.950+0530][gc,marking  ] GC(2) Concurrent Mark
[2024-08-22T12:07:59.950+0530][gc,marking  ] GC(2) Concurrent Mark From Roots
[2024-08-22T12:07:59.950+0530][gc,task     ] GC(2) Using 2 workers of 2 for marking
[2024-08-22T12:07:59.953+0530][gc,marking  ] GC(2) Concurrent Mark From Roots 2.883ms
[2024-08-22T12:07:59.953+0530][gc,marking  ] GC(2) Concurrent Preclean
[2024-08-22T12:07:59.953+0530][gc,marking  ] GC(2) Concurrent Preclean 0.053ms
[2024-08-22T12:07:59.953+0530][gc,start    ] GC(2) Pause Remark
[2024-08-22T12:07:59.955+0530][gc          ] GC(2) Pause Remark 140M->140M(1024M) 1.535ms
[2024-08-22T12:07:59.955+0530][gc,cpu      ] GC(2) User=0.00s Sys=0.00s Real=0.00s
[2024-08-22T12:07:59.955+0530][gc,marking  ] GC(2) Concurrent Mark 4.933ms
[2024-08-22T12:07:59.955+0530][gc,marking  ] GC(2) Concurrent Rebuild Remembered Sets
[2024-08-22T12:07:59.958+0530][gc,marking  ] GC(2) Concurrent Rebuild Remembered Sets 2.993ms
[2024-08-22T12:07:59.958+0530][gc,start    ] GC(2) Pause Cleanup
[2024-08-22T12:07:59.958+0530][gc          ] GC(2) Pause Cleanup 141M->141M(1024M) 0.147ms
[2024-08-22T12:07:59.958+0530][gc,cpu      ] GC(2) User=0.00s Sys=0.00s Real=0.00s
[2024-08-22T12:07:59.958+0530][gc,marking  ] GC(2) Concurrent Cleanup for Next Mark
[2024-08-22T12:07:59.964+0530][gc,marking  ] GC(2) Concurrent Cleanup for Next Mark 6.124ms
[2024-08-22T12:07:59.964+0530][gc          ] GC(2) Concurrent Mark Cycle 17.492ms
[2024-08-22T12:08:00.644+0530][gc,start    ] GC(3) Pause Young (Normal) (G1 Evacuation Pause)
[2024-08-22T12:08:00.644+0530][gc,task     ] GC(3) Using 8 workers of 8 for evacuation
[2024-08-22T12:08:00.648+0530][gc,phases   ] GC(3)   Pre Evacuate Collection Set: 0.1ms
[2024-08-22T12:08:00.649+0530][gc,phases   ] GC(3)   Merge Heap Roots: 0.1ms
[2024-08-22T12:08:00.649+0530][gc,phases   ] GC(3)   Evacuate Collection Set: 3.6ms
[2024-08-22T12:08:00.649+0530][gc,phases   ] GC(3)   Post Evacuate Collection Set: 0.3ms
[2024-08-22T12:08:00.649+0530][gc,phases   ] GC(3)   Other: 0.1ms
[2024-08-22T12:08:00.649+0530][gc,heap     ] GC(3) Eden regions: 49->0(44)
[2024-08-22T12:08:00.649+0530][gc,heap     ] GC(3) Survivor regions: 2->7(7)
[2024-08-22T12:08:00.649+0530][gc,heap     ] GC(3) Old regions: 8->8
[2024-08-22T12:08:00.649+0530][gc,heap     ] GC(3) Archive regions: 2->2
[2024-08-22T12:08:00.649+0530][gc,heap     ] GC(3) Humongous regions: 129->129
[2024-08-22T12:08:00.649+0530][gc,metaspace] GC(3) Metaspace: 32775K(33024K)->32775K(33024K) NonClass: 29169K(29312K)->29169K(29312K) Class: 3606K(3712K)->3606K(3712K)
[2024-08-22T12:08:00.649+0530][gc          ] GC(3) Pause Young (Normal) (G1 Evacuation Pause) 188M->144M(1024M) 4.393ms
[2024-08-22T12:08:00.649+0530][gc,cpu      ] GC(3) User=0.02s Sys=0.00s Real=0.00s
[2024-08-22T12:08:20.385+0530][gc,start    ] GC(4) Pause Young (Concurrent Start) (Metadata GC Threshold)
[2024-08-22T12:08:20.385+0530][gc,task     ] GC(4) Using 8 workers of 8 for evacuation
[2024-08-22T12:08:20.391+0530][gc,phases   ] GC(4)   Pre Evacuate Collection Set: 0.1ms
[2024-08-22T12:08:20.391+0530][gc,phases   ] GC(4)   Merge Heap Roots: 0.0ms
[2024-08-22T12:08:20.391+0530][gc,phases   ] GC(4)   Evacuate Collection Set: 5.5ms
[2024-08-22T12:08:20.391+0530][gc,phases   ] GC(4)   Post Evacuate Collection Set: 0.3ms
[2024-08-22T12:08:20.391+0530][gc,phases   ] GC(4)   Other: 0.2ms
[2024-08-22T12:08:20.391+0530][gc,heap     ] GC(4) Eden regions: 15->0(49)
[2024-08-22T12:08:20.391+0530][gc,heap     ] GC(4) Survivor regions: 7->2(7)
[2024-08-22T12:08:20.391+0530][gc,heap     ] GC(4) Old regions: 8->14
[2024-08-22T12:08:20.392+0530][gc,heap     ] GC(4) Archive regions: 2->2
[2024-08-22T12:08:20.392+0530][gc,heap     ] GC(4) Humongous regions: 129->129
[2024-08-22T12:08:20.392+0530][gc,metaspace] GC(4) Metaspace: 35807K(36160K)->35807K(36160K) NonClass: 31766K(31936K)->31766K(31936K) Class: 4040K(4224K)->4040K(4224K)
[2024-08-22T12:08:20.392+0530][gc          ] GC(4) Pause Young (Concurrent Start) (Metadata GC Threshold) 158M->145M(1024M) 6.493ms
[2024-08-22T12:08:20.392+0530][gc,cpu      ] GC(4) User=0.03s Sys=0.00s Real=0.01s
[2024-08-22T12:08:20.392+0530][gc          ] GC(5) Concurrent Mark Cycle
[2024-08-22T12:08:20.392+0530][gc,marking  ] GC(5) Concurrent Clear Claimed Marks
[2024-08-22T12:08:20.392+0530][gc,marking  ] GC(5) Concurrent Clear Claimed Marks 0.030ms
[2024-08-22T12:08:20.392+0530][gc,marking  ] GC(5) Concurrent Scan Root Regions
[2024-08-22T12:08:20.396+0530][gc,marking  ] GC(5) Concurrent Scan Root Regions 4.265ms
[2024-08-22T12:08:20.396+0530][gc,marking  ] GC(5) Concurrent Mark
[2024-08-22T12:08:20.396+0530][gc,marking  ] GC(5) Concurrent Mark From Roots
[2024-08-22T12:08:20.396+0530][gc,task     ] GC(5) Using 2 workers of 2 for marking
[2024-08-22T12:08:20.405+0530][gc,marking  ] GC(5) Concurrent Mark From Roots 8.414ms
[2024-08-22T12:08:20.411+0530][gc,marking  ] GC(5) Concurrent Preclean
[2024-08-22T12:08:20.412+0530][gc,marking  ] GC(5) Concurrent Preclean 0.270ms
[2024-08-22T12:08:20.412+0530][gc,start    ] GC(5) Pause Remark
[2024-08-22T12:08:20.413+0530][gc          ] GC(5) Pause Remark 146M->146M(1024M) 1.304ms
[2024-08-22T12:08:20.413+0530][gc,cpu      ] GC(5) User=0.01s Sys=0.00s Real=0.00s
[2024-08-22T12:08:20.418+0530][gc,marking  ] GC(5) Concurrent Mark 22.122ms
[2024-08-22T12:08:20.420+0530][gc,marking  ] GC(5) Concurrent Rebuild Remembered Sets
[2024-08-22T12:08:20.428+0530][gc,marking  ] GC(5) Concurrent Rebuild Remembered Sets 7.520ms
[2024-08-22T12:08:20.428+0530][gc,start    ] GC(5) Pause Cleanup
[2024-08-22T12:08:20.428+0530][gc          ] GC(5) Pause Cleanup 146M->146M(1024M) 0.125ms
[2024-08-22T12:08:20.428+0530][gc,cpu      ] GC(5) User=0.00s Sys=0.00s Real=0.00s
[2024-08-22T12:08:20.428+0530][gc,marking  ] GC(5) Concurrent Cleanup for Next Mark
[2024-08-22T12:08:20.434+0530][gc,marking  ] GC(5) Concurrent Cleanup for Next Mark 6.352ms
[2024-08-22T12:08:20.435+0530][gc          ] GC(5) Concurrent Mark Cycle 42.825ms
[2024-08-22T12:08:59.410+0530][gc,start    ] GC(6) Pause Young (Normal) (G1 Evacuation Pause)
[2024-08-22T12:08:59.410+0530][gc,task     ] GC(6) Using 8 workers of 8 for evacuation
[2024-08-22T12:08:59.413+0530][gc,phases   ] GC(6)   Pre Evacuate Collection Set: 0.1ms
[2024-08-22T12:08:59.413+0530][gc,phases   ] GC(6)   Merge Heap Roots: 0.1ms
[2024-08-22T12:08:59.413+0530][gc,phases   ] GC(6)   Evacuate Collection Set: 2.2ms
[2024-08-22T12:08:59.413+0530][gc,phases   ] GC(6)   Post Evacuate Collection Set: 0.3ms
[2024-08-22T12:08:59.413+0530][gc,phases   ] GC(6)   Other: 0.1ms
[2024-08-22T12:08:59.413+0530][gc,heap     ] GC(6) Eden regions: 49->0(48)
[2024-08-22T12:08:59.413+0530][gc,heap     ] GC(6) Survivor regions: 2->3(7)
[2024-08-22T12:08:59.413+0530][gc,heap     ] GC(6) Old regions: 14->14
[2024-08-22T12:08:59.413+0530][gc,heap     ] GC(6) Archive regions: 2->2
[2024-08-22T12:08:59.413+0530][gc,heap     ] GC(6) Humongous regions: 129->129
[2024-08-22T12:08:59.413+0530][gc,metaspace] GC(6) Metaspace: 38716K(39168K)->38716K(39168K) NonClass: 34305K(34560K)->34305K(34560K) Class: 4410K(4608K)->4410K(4608K)
[2024-08-22T12:08:59.413+0530][gc          ] GC(6) Pause Young (Normal) (G1 Evacuation Pause) 194M->145M(1024M) 2.920ms
[2024-08-22T12:08:59.413+0530][gc,cpu      ] GC(6) User=0.02s Sys=0.00s Real=0.00s
[2024-08-22T12:09:40.659+0530][gc,start    ] GC(7) Pause Young (Normal) (G1 Evacuation Pause)
[2024-08-22T12:09:40.659+0530][gc,task     ] GC(7) Using 8 workers of 8 for evacuation
[2024-08-22T12:09:40.663+0530][gc,phases   ] GC(7)   Pre Evacuate Collection Set: 0.2ms
[2024-08-22T12:09:40.663+0530][gc,phases   ] GC(7)   Merge Heap Roots: 0.1ms
[2024-08-22T12:09:40.663+0530][gc,phases   ] GC(7)   Evacuate Collection Set: 2.9ms
[2024-08-22T12:09:40.663+0530][gc,phases   ] GC(7)   Post Evacuate Collection Set: 0.4ms
[2024-08-22T12:09:40.663+0530][gc,phases   ] GC(7)   Other: 0.2ms
[2024-08-22T12:09:40.663+0530][gc,heap     ] GC(7) Eden regions: 48->0(48)
[2024-08-22T12:09:40.663+0530][gc,heap     ] GC(7) Survivor regions: 3->3(7)
[2024-08-22T12:09:40.663+0530][gc,heap     ] GC(7) Old regions: 14->14
[2024-08-22T12:09:40.663+0530][gc,heap     ] GC(7) Archive regions: 2->2
[2024-08-22T12:09:40.663+0530][gc,heap     ] GC(7) Humongous regions: 129->129
[2024-08-22T12:09:40.663+0530][gc,metaspace] GC(7) Metaspace: 38838K(39232K)->38838K(39232K) NonClass: 34407K(34624K)->34407K(34624K) Class: 4430K(4608K)->4430K(4608K)
[2024-08-22T12:09:40.663+0530][gc          ] GC(7) Pause Young (Normal) (G1 Evacuation Pause) 193M->145M(1024M) 3.992ms
[2024-08-22T12:09:40.663+0530][gc,cpu      ] GC(7) User=0.02s Sys=0.00s Real=0.01s
[2024-08-22T12:09:51.715+0530][gc,start    ] GC(8) Pause Young (Normal) (G1 Evacuation Pause)
[2024-08-22T12:09:51.715+0530][gc,task     ] GC(8) Using 8 workers of 8 for evacuation
[2024-08-22T12:09:51.720+0530][gc,phases   ] GC(8)   Pre Evacuate Collection Set: 0.1ms
[2024-08-22T12:09:51.720+0530][gc,phases   ] GC(8)   Merge Heap Roots: 0.1ms
[2024-08-22T12:09:51.720+0530][gc,phases   ] GC(8)   Evacuate Collection Set: 3.2ms
[2024-08-22T12:09:51.720+0530][gc,phases   ] GC(8)   Post Evacuate Collection Set: 0.8ms
[2024-08-22T12:09:51.720+0530][gc,phases   ] GC(8)   Other: 0.2ms
[2024-08-22T12:09:51.720+0530][gc,heap     ] GC(8) Eden regions: 48->0(56)
[2024-08-22T12:09:51.720+0530][gc,heap     ] GC(8) Survivor regions: 3->3(7)
[2024-08-22T12:09:51.720+0530][gc,heap     ] GC(8) Old regions: 14->14
[2024-08-22T12:09:51.720+0530][gc,heap     ] GC(8) Archive regions: 2->2
[2024-08-22T12:09:51.720+0530][gc,heap     ] GC(8) Humongous regions: 129->129
[2024-08-22T12:09:51.720+0530][gc,metaspace] GC(8) Metaspace: 38838K(39232K)->38838K(39232K) NonClass: 34407K(34624K)->34407K(34624K) Class: 4430K(4608K)->4430K(4608K)
[2024-08-22T12:09:51.720+0530][gc          ] GC(8) Pause Young (Normal) (G1 Evacuation Pause) 193M->146M(1024M) 4.809ms
[2024-08-22T12:09:51.720+0530][gc,cpu      ] GC(8) User=0.02s Sys=0.00s Real=0.01s
[2024-08-22T12:10:04.113+0530][gc,start    ] GC(9) Pause Young (Normal) (G1 Evacuation Pause)
[2024-08-22T12:10:04.113+0530][gc,task     ] GC(9) Using 8 workers of 8 for evacuation
[2024-08-22T12:10:04.116+0530][gc,phases   ] GC(9)   Pre Evacuate Collection Set: 0.1ms
[2024-08-22T12:10:04.116+0530][gc,phases   ] GC(9)   Merge Heap Roots: 0.1ms
[2024-08-22T12:10:04.116+0530][gc,phases   ] GC(9)   Evacuate Collection Set: 2.1ms
[2024-08-22T12:10:04.116+0530][gc,phases   ] GC(9)   Post Evacuate Collection Set: 0.3ms
[2024-08-22T12:10:04.116+0530][gc,phases   ] GC(9)   Other: 0.1ms
[2024-08-22T12:10:04.116+0530][gc,heap     ] GC(9) Eden regions: 56->0(272)
[2024-08-22T12:10:04.116+0530][gc,heap     ] GC(9) Survivor regions: 3->3(8)
[2024-08-22T12:10:04.116+0530][gc,heap     ] GC(9) Old regions: 14->14
[2024-08-22T12:10:04.116+0530][gc,heap     ] GC(9) Archive regions: 2->2
[2024-08-22T12:10:04.116+0530][gc,heap     ] GC(9) Humongous regions: 129->129
[2024-08-22T12:10:04.116+0530][gc,metaspace] GC(9) Metaspace: 38849K(39232K)->38849K(39232K) NonClass: 34418K(34624K)->34418K(34624K) Class: 4431K(4608K)->4431K(4608K)
[2024-08-22T12:10:04.116+0530][gc          ] GC(9) Pause Young (Normal) (G1 Evacuation Pause) 202M->145M(1024M) 2.850ms
[2024-08-22T12:10:04.116+0530][gc,cpu      ] GC(9) User=0.01s Sys=0.00s Real=0.00s
[2024-08-22T12:10:48.168+0530][gc,start    ] GC(10) Pause Young (Normal) (G1 Evacuation Pause)
[2024-08-22T12:10:48.168+0530][gc,task     ] GC(10) Using 8 workers of 8 for evacuation
[2024-08-22T12:10:48.176+0530][gc,phases   ] GC(10)   Pre Evacuate Collection Set: 0.1ms
[2024-08-22T12:10:48.176+0530][gc,phases   ] GC(10)   Merge Heap Roots: 0.1ms
[2024-08-22T12:10:48.176+0530][gc,phases   ] GC(10)   Evacuate Collection Set: 6.2ms
[2024-08-22T12:10:48.176+0530][gc,phases   ] GC(10)   Post Evacuate Collection Set: 0.6ms
[2024-08-22T12:10:48.176+0530][gc,phases   ] GC(10)   Other: 0.2ms
[2024-08-22T12:10:48.176+0530][gc,heap     ] GC(10) Eden regions: 272->0(150)
[2024-08-22T12:10:48.176+0530][gc,heap     ] GC(10) Survivor regions: 3->6(35)
[2024-08-22T12:10:48.176+0530][gc,heap     ] GC(10) Old regions: 14->14
[2024-08-22T12:10:48.176+0530][gc,heap     ] GC(10) Archive regions: 2->2
[2024-08-22T12:10:48.176+0530][gc,heap     ] GC(10) Humongous regions: 129->129
[2024-08-22T12:10:48.176+0530][gc,metaspace] GC(10) Metaspace: 41172K(41600K)->41172K(41600K) NonClass: 36443K(36672K)->36443K(36672K) Class: 4728K(4928K)->4728K(4928K)
[2024-08-22T12:10:48.176+0530][gc          ] GC(10) Pause Young (Normal) (G1 Evacuation Pause) 417M->148M(1024M) 7.462ms
[2024-08-22T12:10:48.176+0530][gc,cpu      ] GC(10) User=0.04s Sys=0.00s Real=0.01s
[2024-08-22T12:11:08.188+0530][gc,start    ] GC(11) Pause Young (Normal) (G1 Evacuation Pause)
[2024-08-22T12:11:08.188+0530][gc,task     ] GC(11) Using 8 workers of 8 for evacuation
[2024-08-22T12:11:08.193+0530][gc,phases   ] GC(11)   Pre Evacuate Collection Set: 0.1ms
[2024-08-22T12:11:08.193+0530][gc,phases   ] GC(11)   Merge Heap Roots: 0.1ms
[2024-08-22T12:11:08.193+0530][gc,phases   ] GC(11)   Evacuate Collection Set: 4.4ms
[2024-08-22T12:11:08.194+0530][gc,phases   ] GC(11)   Post Evacuate Collection Set: 0.4ms
[2024-08-22T12:11:08.194+0530][gc,phases   ] GC(11)   Other: 0.2ms
[2024-08-22T12:11:08.194+0530][gc,heap     ] GC(11) Eden regions: 150->0(215)
[2024-08-22T12:11:08.194+0530][gc,heap     ] GC(11) Survivor regions: 6->6(20)
[2024-08-22T12:11:08.194+0530][gc,heap     ] GC(11) Old regions: 14->14
[2024-08-22T12:11:08.194+0530][gc,heap     ] GC(11) Archive regions: 2->2
[2024-08-22T12:11:08.194+0530][gc,heap     ] GC(11) Humongous regions: 129->129
[2024-08-22T12:11:08.194+0530][gc,metaspace] GC(11) Metaspace: 41230K(41728K)->41230K(41728K) NonClass: 36501K(36800K)->36501K(36800K) Class: 4728K(4928K)->4728K(4928K)
[2024-08-22T12:11:08.194+0530][gc          ] GC(11) Pause Young (Normal) (G1 Evacuation Pause) 298M->149M(1024M) 5.303ms
[2024-08-22T12:11:08.194+0530][gc,cpu      ] GC(11) User=0.03s Sys=0.01s Real=0.01s
[2024-08-22T12:11:34.606+0530][gc,start    ] GC(12) Pause Young (Normal) (G1 Evacuation Pause)
[2024-08-22T12:11:34.606+0530][gc,task     ] GC(12) Using 8 workers of 8 for evacuation
[2024-08-22T12:11:34.611+0530][gc,phases   ] GC(12)   Pre Evacuate Collection Set: 0.1ms
[2024-08-22T12:11:34.611+0530][gc,phases   ] GC(12)   Merge Heap Roots: 0.1ms
[2024-08-22T12:11:34.611+0530][gc,phases   ] GC(12)   Evacuate Collection Set: 4.2ms
[2024-08-22T12:11:34.611+0530][gc,phases   ] GC(12)   Post Evacuate Collection Set: 0.6ms
[2024-08-22T12:11:34.611+0530][gc,phases   ] GC(12)   Other: 0.2ms
[2024-08-22T12:11:34.611+0530][gc,heap     ] GC(12) Eden regions: 215->0(431)
[2024-08-22T12:11:34.611+0530][gc,heap     ] GC(12) Survivor regions: 6->6(28)
[2024-08-22T12:11:34.611+0530][gc,heap     ] GC(12) Old regions: 14->14
[2024-08-22T12:11:34.611+0530][gc,heap     ] GC(12) Archive regions: 2->2
[2024-08-22T12:11:34.611+0530][gc,heap     ] GC(12) Humongous regions: 129->129
[2024-08-22T12:11:34.611+0530][gc,metaspace] GC(12) Metaspace: 41310K(41792K)->41310K(41792K) NonClass: 36581K(36864K)->36581K(36864K) Class: 4728K(4928K)->4728K(4928K)
[2024-08-22T12:11:34.611+0530][gc          ] GC(12) Pause Young (Normal) (G1 Evacuation Pause) 364M->149M(1024M) 5.285ms
[2024-08-22T12:11:34.611+0530][gc,cpu      ] GC(12) User=0.02s Sys=0.00s Real=0.01s
[2024-08-22T12:12:32.373+0530][gc,start    ] GC(13) Pause Young (Normal) (G1 Evacuation Pause)
[2024-08-22T12:12:32.373+0530][gc,task     ] GC(13) Using 8 workers of 8 for evacuation
[2024-08-22T12:12:32.379+0530][gc,phases   ] GC(13)   Pre Evacuate Collection Set: 0.1ms
[2024-08-22T12:12:32.379+0530][gc,phases   ] GC(13)   Merge Heap Roots: 0.1ms
[2024-08-22T12:12:32.379+0530][gc,phases   ] GC(13)   Evacuate Collection Set: 5.3ms
[2024-08-22T12:12:32.380+0530][gc,phases   ] GC(13)   Post Evacuate Collection Set: 0.6ms
[2024-08-22T12:12:32.380+0530][gc,phases   ] GC(13)   Other: 0.2ms
[2024-08-22T12:12:32.380+0530][gc,heap     ] GC(13) Eden regions: 431->0(608)
[2024-08-22T12:12:32.380+0530][gc,heap     ] GC(13) Survivor regions: 6->6(55)
[2024-08-22T12:12:32.380+0530][gc,heap     ] GC(13) Old regions: 14->14
[2024-08-22T12:12:32.380+0530][gc,heap     ] GC(13) Archive regions: 2->2
[2024-08-22T12:12:32.380+0530][gc,heap     ] GC(13) Humongous regions: 129->129
[2024-08-22T12:12:32.380+0530][gc,metaspace] GC(13) Metaspace: 41475K(41920K)->41475K(41920K) NonClass: 36746K(36992K)->36746K(36992K) Class: 4729K(4928K)->4729K(4928K)
[2024-08-22T12:12:32.380+0530][gc          ] GC(13) Pause Young (Normal) (G1 Evacuation Pause) 580M->149M(1024M) 6.454ms
[2024-08-22T12:12:32.380+0530][gc,cpu      ] GC(13) User=0.03s Sys=0.01s Real=0.01s
[2024-08-22T12:13:52.101+0530][gc,start    ] GC(14) Pause Young (Normal) (G1 Evacuation Pause)
[2024-08-22T12:13:52.101+0530][gc,task     ] GC(14) Using 8 workers of 8 for evacuation
[2024-08-22T12:13:52.107+0530][gc,phases   ] GC(14)   Pre Evacuate Collection Set: 0.2ms
[2024-08-22T12:13:52.107+0530][gc,phases   ] GC(14)   Merge Heap Roots: 0.1ms
[2024-08-22T12:13:52.107+0530][gc,phases   ] GC(14)   Evacuate Collection Set: 5.5ms
[2024-08-22T12:13:52.107+0530][gc,phases   ] GC(14)   Post Evacuate Collection Set: 0.8ms
[2024-08-22T12:13:52.107+0530][gc,phases   ] GC(14)   Other: 0.3ms
[2024-08-22T12:13:52.108+0530][gc,heap     ] GC(14) Eden regions: 608->0(608)
[2024-08-22T12:13:52.108+0530][gc,heap     ] GC(14) Survivor regions: 6->6(77)
[2024-08-22T12:13:52.108+0530][gc,heap     ] GC(14) Old regions: 14->14
[2024-08-22T12:13:52.108+0530][gc,heap     ] GC(14) Archive regions: 2->2
[2024-08-22T12:13:52.108+0530][gc,heap     ] GC(14) Humongous regions: 129->129
[2024-08-22T12:13:52.108+0530][gc,metaspace] GC(14) Metaspace: 41577K(42048K)->41577K(42048K) NonClass: 36846K(37120K)->36846K(37120K) Class: 4730K(4928K)->4730K(4928K)
[2024-08-22T12:13:52.108+0530][gc          ] GC(14) Pause Young (Normal) (G1 Evacuation Pause) 757M->149M(1024M) 7.016ms
[2024-08-22T12:13:52.108+0530][gc,cpu      ] GC(14) User=0.03s Sys=0.00s Real=0.00s
[2024-08-22T12:15:33.272+0530][gc,start    ] GC(15) Pause Young (Normal) (G1 Evacuation Pause)
[2024-08-22T12:15:33.272+0530][gc,task     ] GC(15) Using 8 workers of 8 for evacuation
[2024-08-22T12:15:33.277+0530][gc,phases   ] GC(15)   Pre Evacuate Collection Set: 0.1ms
[2024-08-22T12:15:33.278+0530][gc,phases   ] GC(15)   Merge Heap Roots: 0.1ms
[2024-08-22T12:15:33.278+0530][gc,phases   ] GC(15)   Evacuate Collection Set: 4.7ms
[2024-08-22T12:15:33.278+0530][gc,phases   ] GC(15)   Post Evacuate Collection Set: 0.7ms
[2024-08-22T12:15:33.278+0530][gc,phases   ] GC(15)   Other: 0.2ms
[2024-08-22T12:15:33.278+0530][gc,heap     ] GC(15) Eden regions: 608->0(608)
[2024-08-22T12:15:33.278+0530][gc,heap     ] GC(15) Survivor regions: 6->6(77)
[2024-08-22T12:15:33.278+0530][gc,heap     ] GC(15) Old regions: 14->14
[2024-08-22T12:15:33.278+0530][gc,heap     ] GC(15) Archive regions: 2->2
[2024-08-22T12:15:33.278+0530][gc,heap     ] GC(15) Humongous regions: 129->129
[2024-08-22T12:15:33.278+0530][gc,metaspace] GC(15) Metaspace: 41654K(42112K)->41654K(42112K) NonClass: 36915K(37184K)->36915K(37184K) Class: 4739K(4928K)->4739K(4928K)
[2024-08-22T12:15:33.278+0530][gc          ] GC(15) Pause Young (Normal) (G1 Evacuation Pause) 757M->149M(1024M) 5.912ms
[2024-08-22T12:15:33.278+0530][gc,cpu      ] GC(15) User=0.03s Sys=0.00s Real=0.00s
[2024-08-22T12:16:51.989+0530][gc,start    ] GC(16) Pause Young (Normal) (G1 Evacuation Pause)
[2024-08-22T12:16:51.989+0530][gc,task     ] GC(16) Using 8 workers of 8 for evacuation
[2024-08-22T12:16:51.994+0530][gc,phases   ] GC(16)   Pre Evacuate Collection Set: 0.1ms
[2024-08-22T12:16:51.994+0530][gc,phases   ] GC(16)   Merge Heap Roots: 0.1ms
[2024-08-22T12:16:51.994+0530][gc,phases   ] GC(16)   Evacuate Collection Set: 4.1ms
[2024-08-22T12:16:51.994+0530][gc,phases   ] GC(16)   Post Evacuate Collection Set: 0.6ms
[2024-08-22T12:16:51.994+0530][gc,phases   ] GC(16)   Other: 0.2ms
[2024-08-22T12:16:51.994+0530][gc,heap     ] GC(16) Eden regions: 608->0(608)
[2024-08-22T12:16:51.994+0530][gc,heap     ] GC(16) Survivor regions: 6->6(77)
[2024-08-22T12:16:51.994+0530][gc,heap     ] GC(16) Old regions: 14->14
[2024-08-22T12:16:51.994+0530][gc,heap     ] GC(16) Archive regions: 2->2
[2024-08-22T12:16:51.994+0530][gc,heap     ] GC(16) Humongous regions: 129->129
[2024-08-22T12:16:51.994+0530][gc,metaspace] GC(16) Metaspace: 41665K(42176K)->41665K(42176K) NonClass: 36925K(37248K)->36925K(37248K) Class: 4739K(4928K)->4739K(4928K)
[2024-08-22T12:16:51.994+0530][gc          ] GC(16) Pause Young (Normal) (G1 Evacuation Pause) 757M->149M(1024M) 5.337ms
[2024-08-22T12:16:51.994+0530][gc,cpu      ] GC(16) User=0.04s Sys=0.00s Real=0.01s
[2024-08-22T12:18:15.442+0530][gc,start    ] GC(17) Pause Young (Normal) (G1 Evacuation Pause)
[2024-08-22T12:18:15.442+0530][gc,task     ] GC(17) Using 8 workers of 8 for evacuation
[2024-08-22T12:18:15.448+0530][gc,phases   ] GC(17)   Pre Evacuate Collection Set: 0.1ms
[2024-08-22T12:18:15.448+0530][gc,phases   ] GC(17)   Merge Heap Roots: 0.1ms
[2024-08-22T12:18:15.448+0530][gc,phases   ] GC(17)   Evacuate Collection Set: 4.7ms
[2024-08-22T12:18:15.448+0530][gc,phases   ] GC(17)   Post Evacuate Collection Set: 1.0ms
[2024-08-22T12:18:15.448+0530][gc,phases   ] GC(17)   Other: 0.2ms
[2024-08-22T12:18:15.448+0530][gc,heap     ] GC(17) Eden regions: 608->0(608)
[2024-08-22T12:18:15.448+0530][gc,heap     ] GC(17) Survivor regions: 6->6(77)
[2024-08-22T12:18:15.448+0530][gc,heap     ] GC(17) Old regions: 14->14
[2024-08-22T12:18:15.448+0530][gc,heap     ] GC(17) Archive regions: 2->2
[2024-08-22T12:18:15.448+0530][gc,heap     ] GC(17) Humongous regions: 129->129
[2024-08-22T12:18:15.448+0530][gc,metaspace] GC(17) Metaspace: 41681K(42176K)->41681K(42176K) NonClass: 36941K(37248K)->36941K(37248K) Class: 4739K(4928K)->4739K(4928K)
[2024-08-22T12:18:15.448+0530][gc          ] GC(17) Pause Young (Normal) (G1 Evacuation Pause) 757M->149M(1024M) 6.304ms
[2024-08-22T12:18:15.448+0530][gc,cpu      ] GC(17) User=0.04s Sys=0.00s Real=0.00s
[2024-08-22T12:20:09.016+0530][gc,start    ] GC(18) Pause Young (Normal) (G1 Evacuation Pause)
[2024-08-22T12:20:09.016+0530][gc,task     ] GC(18) Using 8 workers of 8 for evacuation
[2024-08-22T12:20:09.022+0530][gc,phases   ] GC(18)   Pre Evacuate Collection Set: 0.1ms
[2024-08-22T12:20:09.022+0530][gc,phases   ] GC(18)   Merge Heap Roots: 0.1ms
[2024-08-22T12:20:09.022+0530][gc,phases   ] GC(18)   Evacuate Collection Set: 5.0ms
[2024-08-22T12:20:09.022+0530][gc,phases   ] GC(18)   Post Evacuate Collection Set: 0.5ms
[2024-08-22T12:20:09.022+0530][gc,phases   ] GC(18)   Other: 0.3ms
[2024-08-22T12:20:09.022+0530][gc,heap     ] GC(18) Eden regions: 608->0(607)
[2024-08-22T12:20:09.022+0530][gc,heap     ] GC(18) Survivor regions: 6->7(77)
[2024-08-22T12:20:09.022+0530][gc,heap     ] GC(18) Old regions: 14->14
[2024-08-22T12:20:09.022+0530][gc,heap     ] GC(18) Archive regions: 2->2
[2024-08-22T12:20:09.022+0530][gc,heap     ] GC(18) Humongous regions: 129->129
[2024-08-22T12:20:09.022+0530][gc,metaspace] GC(18) Metaspace: 41727K(42240K)->41727K(42240K) NonClass: 36983K(37248K)->36983K(37248K) Class: 4744K(4992K)->4744K(4992K)
[2024-08-22T12:20:09.022+0530][gc          ] GC(18) Pause Young (Normal) (G1 Evacuation Pause) 757M->150M(1024M) 6.176ms
[2024-08-22T12:20:09.022+0530][gc,cpu      ] GC(18) User=0.04s Sys=0.00s Real=0.01s
[2024-08-22T12:36:15.695+0530][gc,start    ] GC(19) Pause Young (Normal) (G1 Evacuation Pause)
[2024-08-22T12:36:15.696+0530][gc,task     ] GC(19) Using 8 workers of 8 for evacuation
[2024-08-22T12:36:15.707+0530][gc,phases   ] GC(19)   Pre Evacuate Collection Set: 0.1ms
[2024-08-22T12:36:15.707+0530][gc,phases   ] GC(19)   Merge Heap Roots: 0.2ms
[2024-08-22T12:36:15.707+0530][gc,phases   ] GC(19)   Evacuate Collection Set: 9.1ms
[2024-08-22T12:36:15.707+0530][gc,phases   ] GC(19)   Post Evacuate Collection Set: 1.1ms
[2024-08-22T12:36:15.707+0530][gc,phases   ] GC(19)   Other: 1.4ms
[2024-08-22T12:36:15.707+0530][gc,heap     ] GC(19) Eden regions: 607->0(607)
[2024-08-22T12:36:15.707+0530][gc,heap     ] GC(19) Survivor regions: 7->7(77)
[2024-08-22T12:36:15.707+0530][gc,heap     ] GC(19) Old regions: 14->14
[2024-08-22T12:36:15.707+0530][gc,heap     ] GC(19) Archive regions: 2->2
[2024-08-22T12:36:15.707+0530][gc,heap     ] GC(19) Humongous regions: 129->129
[2024-08-22T12:36:15.707+0530][gc,metaspace] GC(19) Metaspace: 41927K(42496K)->41927K(42496K) NonClass: 37183K(37504K)->37183K(37504K) Class: 4744K(4992K)->4744K(4992K)
[2024-08-22T12:36:15.707+0530][gc          ] GC(19) Pause Young (Normal) (G1 Evacuation Pause) 757M->150M(1024M) 12.386ms
[2024-08-22T12:36:15.707+0530][gc,cpu      ] GC(19) User=0.04s Sys=0.00s Real=0.01s
[2024-08-22T12:37:31.357+0530][gc,start    ] GC(20) Pause Young (Normal) (G1 Evacuation Pause)
[2024-08-22T12:37:31.359+0530][gc,task     ] GC(20) Using 8 workers of 8 for evacuation
[2024-08-22T12:37:31.373+0530][gc,phases   ] GC(20)   Pre Evacuate Collection Set: 0.3ms
[2024-08-22T12:37:31.373+0530][gc,phases   ] GC(20)   Merge Heap Roots: 0.2ms
[2024-08-22T12:37:31.373+0530][gc,phases   ] GC(20)   Evacuate Collection Set: 11.0ms
[2024-08-22T12:37:31.373+0530][gc,phases   ] GC(20)   Post Evacuate Collection Set: 2.1ms
[2024-08-22T12:37:31.373+0530][gc,phases   ] GC(20)   Other: 2.7ms
[2024-08-22T12:37:31.373+0530][gc,heap     ] GC(20) Eden regions: 607->0(607)
[2024-08-22T12:37:31.373+0530][gc,heap     ] GC(20) Survivor regions: 7->7(77)
[2024-08-22T12:37:31.373+0530][gc,heap     ] GC(20) Old regions: 14->15
[2024-08-22T12:37:31.373+0530][gc,heap     ] GC(20) Archive regions: 2->2
[2024-08-22T12:37:31.373+0530][gc,heap     ] GC(20) Humongous regions: 129->129
[2024-08-22T12:37:31.373+0530][gc,metaspace] GC(20) Metaspace: 41937K(42496K)->41937K(42496K) NonClass: 37193K(37504K)->37193K(37504K) Class: 4744K(4992K)->4744K(4992K)
[2024-08-22T12:37:31.373+0530][gc          ] GC(20) Pause Young (Normal) (G1 Evacuation Pause) 757M->151M(1024M) 16.530ms
[2024-08-22T12:37:31.373+0530][gc,cpu      ] GC(20) User=0.08s Sys=0.00s Real=0.02s
[2024-08-22T12:38:36.112+0530][gc,start    ] GC(21) Pause Young (Normal) (G1 Evacuation Pause)
[2024-08-22T12:38:36.114+0530][gc,task     ] GC(21) Using 8 workers of 8 for evacuation
[2024-08-22T12:38:36.135+0530][gc,mmu      ] GC(21) MMU target violated: 20.6ms (20.0ms/21.0ms)
[2024-08-22T12:38:36.136+0530][gc,phases   ] GC(21)   Pre Evacuate Collection Set: 0.6ms
[2024-08-22T12:38:36.136+0530][gc,phases   ] GC(21)   Merge Heap Roots: 0.7ms
[2024-08-22T12:38:36.136+0530][gc,phases   ] GC(21)   Evacuate Collection Set: 17.4ms
[2024-08-22T12:38:36.136+0530][gc,phases   ] GC(21)   Post Evacuate Collection Set: 2.0ms
[2024-08-22T12:38:36.136+0530][gc,phases   ] GC(21)   Other: 3.3ms
[2024-08-22T12:38:36.136+0530][gc,heap     ] GC(21) Eden regions: 607->0(608)
[2024-08-22T12:38:36.136+0530][gc,heap     ] GC(21) Survivor regions: 7->6(77)
[2024-08-22T12:38:36.136+0530][gc,heap     ] GC(21) Old regions: 15->16
[2024-08-22T12:38:36.136+0530][gc,heap     ] GC(21) Archive regions: 2->2
[2024-08-22T12:38:36.136+0530][gc,heap     ] GC(21) Humongous regions: 129->129
[2024-08-22T12:38:36.136+0530][gc,metaspace] GC(21) Metaspace: 41942K(42496K)->41942K(42496K) NonClass: 37198K(37504K)->37198K(37504K) Class: 4744K(4992K)->4744K(4992K)
[2024-08-22T12:38:36.136+0530][gc          ] GC(21) Pause Young (Normal) (G1 Evacuation Pause) 758M->150M(1024M) 23.975ms
[2024-08-22T12:38:36.136+0530][gc,cpu      ] GC(21) User=0.07s Sys=0.01s Real=0.02s
[2024-08-22T12:39:35.738+0530][gc,start    ] GC(22) Pause Young (Normal) (G1 Evacuation Pause)
[2024-08-22T12:39:35.740+0530][gc,task     ] GC(22) Using 8 workers of 8 for evacuation
[2024-08-22T12:39:35.751+0530][gc,phases   ] GC(22)   Pre Evacuate Collection Set: 0.2ms
[2024-08-22T12:39:35.751+0530][gc,phases   ] GC(22)   Merge Heap Roots: 0.2ms
[2024-08-22T12:39:35.751+0530][gc,phases   ] GC(22)   Evacuate Collection Set: 8.7ms
[2024-08-22T12:39:35.751+0530][gc,phases   ] GC(22)   Post Evacuate Collection Set: 1.4ms
[2024-08-22T12:39:35.751+0530][gc,phases   ] GC(22)   Other: 2.1ms
[2024-08-22T12:39:35.751+0530][gc,heap     ] GC(22) Eden regions: 608->0(608)
[2024-08-22T12:39:35.751+0530][gc,heap     ] GC(22) Survivor regions: 6->6(77)
[2024-08-22T12:39:35.751+0530][gc,heap     ] GC(22) Old regions: 16->16
[2024-08-22T12:39:35.751+0530][gc,heap     ] GC(22) Archive regions: 2->2
[2024-08-22T12:39:35.751+0530][gc,heap     ] GC(22) Humongous regions: 129->129
[2024-08-22T12:39:35.751+0530][gc,metaspace] GC(22) Metaspace: 41948K(42496K)->41948K(42496K) NonClass: 37203K(37504K)->37203K(37504K) Class: 4744K(4992K)->4744K(4992K)
[2024-08-22T12:39:35.751+0530][gc          ] GC(22) Pause Young (Normal) (G1 Evacuation Pause) 758M->150M(1024M) 13.049ms
[2024-08-22T12:39:35.751+0530][gc,cpu      ] GC(22) User=0.05s Sys=0.00s Real=0.02s
[2024-08-22T12:40:34.416+0530][gc,start    ] GC(23) Pause Young (Normal) (G1 Evacuation Pause)
[2024-08-22T12:40:34.419+0530][gc,task     ] GC(23) Using 8 workers of 8 for evacuation
[2024-08-22T12:40:34.430+0530][gc,phases   ] GC(23)   Pre Evacuate Collection Set: 0.4ms
[2024-08-22T12:40:34.430+0530][gc,phases   ] GC(23)   Merge Heap Roots: 0.3ms
[2024-08-22T12:40:34.430+0530][gc,phases   ] GC(23)   Evacuate Collection Set: 8.2ms
[2024-08-22T12:40:34.430+0530][gc,phases   ] GC(23)   Post Evacuate Collection Set: 1.7ms
[2024-08-22T12:40:34.430+0530][gc,phases   ] GC(23)   Other: 2.5ms
[2024-08-22T12:40:34.430+0530][gc,heap     ] GC(23) Eden regions: 608->0(608)
[2024-08-22T12:40:34.430+0530][gc,heap     ] GC(23) Survivor regions: 6->6(77)
[2024-08-22T12:40:34.430+0530][gc,heap     ] GC(23) Old regions: 16->16
[2024-08-22T12:40:34.430+0530][gc,heap     ] GC(23) Archive regions: 2->2
[2024-08-22T12:40:34.430+0530][gc,heap     ] GC(23) Humongous regions: 129->129
[2024-08-22T12:40:34.430+0530][gc,metaspace] GC(23) Metaspace: 41951K(42496K)->41951K(42496K) NonClass: 37207K(37504K)->37207K(37504K) Class: 4744K(4992K)->4744K(4992K)
[2024-08-22T12:40:34.430+0530][gc          ] GC(23) Pause Young (Normal) (G1 Evacuation Pause) 758M->150M(1024M) 13.456ms
[2024-08-22T12:40:34.430+0530][gc,cpu      ] GC(23) User=0.07s Sys=0.00s Real=0.02s
[2024-08-22T12:41:33.847+0530][gc,start    ] GC(24) Pause Young (Normal) (G1 Evacuation Pause)
[2024-08-22T12:41:33.848+0530][gc,task     ] GC(24) Using 8 workers of 8 for evacuation
[2024-08-22T12:41:33.859+0530][gc,phases   ] GC(24)   Pre Evacuate Collection Set: 0.2ms
[2024-08-22T12:41:33.859+0530][gc,phases   ] GC(24)   Merge Heap Roots: 0.2ms
[2024-08-22T12:41:33.859+0530][gc,phases   ] GC(24)   Evacuate Collection Set: 8.6ms
[2024-08-22T12:41:33.859+0530][gc,phases   ] GC(24)   Post Evacuate Collection Set: 1.8ms
[2024-08-22T12:41:33.859+0530][gc,phases   ] GC(24)   Other: 0.4ms
[2024-08-22T12:41:33.859+0530][gc,heap     ] GC(24) Eden regions: 608->0(609)
[2024-08-22T12:41:33.859+0530][gc,heap     ] GC(24) Survivor regions: 6->5(77)
[2024-08-22T12:41:33.859+0530][gc,heap     ] GC(24) Old regions: 16->16
[2024-08-22T12:41:33.859+0530][gc,heap     ] GC(24) Archive regions: 2->2
[2024-08-22T12:41:33.859+0530][gc,heap     ] GC(24) Humongous regions: 129->129
[2024-08-22T12:41:33.859+0530][gc,metaspace] GC(24) Metaspace: 41967K(42496K)->41967K(42496K) NonClass: 37222K(37504K)->37222K(37504K) Class: 4744K(4992K)->4744K(4992K)
[2024-08-22T12:41:33.859+0530][gc          ] GC(24) Pause Young (Normal) (G1 Evacuation Pause) 758M->150M(1024M) 11.441ms
[2024-08-22T12:41:33.859+0530][gc,cpu      ] GC(24) User=0.05s Sys=0.00s Real=0.01s
[2024-08-22T12:42:24.440+0530][gc,start    ] GC(25) Pause Young (Normal) (G1 Evacuation Pause)
[2024-08-22T12:42:24.440+0530][gc,task     ] GC(25) Using 8 workers of 8 for evacuation
[2024-08-22T12:42:24.447+0530][gc,phases   ] GC(25)   Pre Evacuate Collection Set: 0.1ms
[2024-08-22T12:42:24.448+0530][gc,phases   ] GC(25)   Merge Heap Roots: 0.1ms
[2024-08-22T12:42:24.448+0530][gc,phases   ] GC(25)   Evacuate Collection Set: 5.9ms
[2024-08-22T12:42:24.448+0530][gc,phases   ] GC(25)   Post Evacuate Collection Set: 0.8ms
[2024-08-22T12:42:24.448+0530][gc,phases   ] GC(25)   Other: 0.5ms
[2024-08-22T12:42:24.448+0530][gc,heap     ] GC(25) Eden regions: 609->0(611)
[2024-08-22T12:42:24.448+0530][gc,heap     ] GC(25) Survivor regions: 5->3(77)
[2024-08-22T12:42:24.448+0530][gc,heap     ] GC(25) Old regions: 16->18
[2024-08-22T12:42:24.448+0530][gc,heap     ] GC(25) Archive regions: 2->2
[2024-08-22T12:42:24.448+0530][gc,heap     ] GC(25) Humongous regions: 129->129
[2024-08-22T12:42:24.448+0530][gc,metaspace] GC(25) Metaspace: 41968K(42496K)->41968K(42496K) NonClass: 37224K(37504K)->37224K(37504K) Class: 4744K(4992K)->4744K(4992K)
[2024-08-22T12:42:24.448+0530][gc          ] GC(25) Pause Young (Normal) (G1 Evacuation Pause) 759M->150M(1024M) 7.738ms
[2024-08-22T12:42:24.448+0530][gc,cpu      ] GC(25) User=0.03s Sys=0.01s Real=0.00s
[2024-08-22T12:48:39.139+0530][gc,start    ] GC(26) Pause Young (Normal) (G1 Evacuation Pause)
[2024-08-22T12:48:39.141+0530][gc,task     ] GC(26) Using 8 workers of 8 for evacuation
[2024-08-22T12:48:39.149+0530][gc,phases   ] GC(26)   Pre Evacuate Collection Set: 0.3ms
[2024-08-22T12:48:39.149+0530][gc,phases   ] GC(26)   Merge Heap Roots: 0.2ms
[2024-08-22T12:48:39.149+0530][gc,phases   ] GC(26)   Evacuate Collection Set: 6.6ms
[2024-08-22T12:48:39.149+0530][gc,phases   ] GC(26)   Post Evacuate Collection Set: 0.7ms
[2024-08-22T12:48:39.149+0530][gc,phases   ] GC(26)   Other: 2.3ms
[2024-08-22T12:48:39.149+0530][gc,heap     ] GC(26) Eden regions: 611->0(608)
[2024-08-22T12:48:39.149+0530][gc,heap     ] GC(26) Survivor regions: 3->6(77)
[2024-08-22T12:48:39.149+0530][gc,heap     ] GC(26) Old regions: 18->18
[2024-08-22T12:48:39.149+0530][gc,heap     ] GC(26) Archive regions: 2->2
[2024-08-22T12:48:39.149+0530][gc,heap     ] GC(26) Humongous regions: 129->129
[2024-08-22T12:48:39.150+0530][gc,metaspace] GC(26) Metaspace: 42004K(42496K)->42004K(42496K) NonClass: 37260K(37504K)->37260K(37504K) Class: 4744K(4992K)->4744K(4992K)
[2024-08-22T12:48:39.150+0530][gc          ] GC(26) Pause Young (Normal) (G1 Evacuation Pause) 761M->153M(1024M) 10.263ms
[2024-08-22T12:48:39.150+0530][gc,cpu      ] GC(26) User=0.05s Sys=0.01s Real=0.02s
[2024-08-22T12:53:32.555+0530][gc,start    ] GC(27) Pause Young (Normal) (G1 Evacuation Pause)
[2024-08-22T12:53:32.557+0530][gc,task     ] GC(27) Using 8 workers of 8 for evacuation
[2024-08-22T12:53:32.566+0530][gc,phases   ] GC(27)   Pre Evacuate Collection Set: 0.2ms
[2024-08-22T12:53:32.566+0530][gc,phases   ] GC(27)   Merge Heap Roots: 0.2ms
[2024-08-22T12:53:32.566+0530][gc,phases   ] GC(27)   Evacuate Collection Set: 7.5ms
[2024-08-22T12:53:32.566+0530][gc,phases   ] GC(27)   Post Evacuate Collection Set: 1.6ms
[2024-08-22T12:53:32.567+0530][gc,phases   ] GC(27)   Other: 2.2ms
[2024-08-22T12:53:32.567+0530][gc,heap     ] GC(27) Eden regions: 608->0(610)
[2024-08-22T12:53:32.567+0530][gc,heap     ] GC(27) Survivor regions: 6->4(77)
[2024-08-22T12:53:32.567+0530][gc,heap     ] GC(27) Old regions: 18->18
[2024-08-22T12:53:32.567+0530][gc,heap     ] GC(27) Archive regions: 2->2
[2024-08-22T12:53:32.567+0530][gc,heap     ] GC(27) Humongous regions: 129->129
[2024-08-22T12:53:32.567+0530][gc,metaspace] GC(27) Metaspace: 42044K(42560K)->42044K(42560K) NonClass: 37300K(37568K)->37300K(37568K) Class: 4744K(4992K)->4744K(4992K)
[2024-08-22T12:53:32.567+0530][gc          ] GC(27) Pause Young (Normal) (G1 Evacuation Pause) 761M->151M(1024M) 12.016ms
[2024-08-22T12:53:32.567+0530][gc,cpu      ] GC(27) User=0.05s Sys=0.00s Real=0.01s
[2024-08-22T12:54:20.658+0530][gc,start    ] GC(28) Pause Young (Normal) (G1 Evacuation Pause)
[2024-08-22T12:54:20.658+0530][gc,task     ] GC(28) Using 8 workers of 8 for evacuation
[2024-08-22T12:54:20.668+0530][gc,phases   ] GC(28)   Pre Evacuate Collection Set: 0.3ms
[2024-08-22T12:54:20.668+0530][gc,phases   ] GC(28)   Merge Heap Roots: 0.3ms
[2024-08-22T12:54:20.668+0530][gc,phases   ] GC(28)   Evacuate Collection Set: 6.7ms
[2024-08-22T12:54:20.668+0530][gc,phases   ] GC(28)   Post Evacuate Collection Set: 2.3ms
[2024-08-22T12:54:20.668+0530][gc,phases   ] GC(28)   Other: 0.6ms
[2024-08-22T12:54:20.668+0530][gc,heap     ] GC(28) Eden regions: 610->0(611)
[2024-08-22T12:54:20.669+0530][gc,heap     ] GC(28) Survivor regions: 4->3(77)
[2024-08-22T12:54:20.669+0530][gc,heap     ] GC(28) Old regions: 18->18
[2024-08-22T12:54:20.669+0530][gc,heap     ] GC(28) Archive regions: 2->2
[2024-08-22T12:54:20.669+0530][gc,heap     ] GC(28) Humongous regions: 129->129
[2024-08-22T12:54:20.669+0530][gc,metaspace] GC(28) Metaspace: 42058K(42560K)->42058K(42560K) NonClass: 37314K(37568K)->37314K(37568K) Class: 4744K(4992K)->4744K(4992K)
[2024-08-22T12:54:20.669+0530][gc          ] GC(28) Pause Young (Normal) (G1 Evacuation Pause) 761M->150M(1024M) 10.748ms
[2024-08-22T12:54:20.669+0530][gc,cpu      ] GC(28) User=0.04s Sys=0.00s Real=0.01s
[2024-08-22T12:54:56.347+0530][gc,start    ] GC(29) Pause Young (Normal) (G1 Evacuation Pause)
[2024-08-22T12:54:56.347+0530][gc,task     ] GC(29) Using 8 workers of 8 for evacuation
[2024-08-22T12:54:56.350+0530][gc,phases   ] GC(29)   Pre Evacuate Collection Set: 0.1ms
[2024-08-22T12:54:56.350+0530][gc,phases   ] GC(29)   Merge Heap Roots: 0.1ms
[2024-08-22T12:54:56.350+0530][gc,phases   ] GC(29)   Evacuate Collection Set: 2.3ms
[2024-08-22T12:54:56.350+0530][gc,phases   ] GC(29)   Post Evacuate Collection Set: 0.5ms
[2024-08-22T12:54:56.350+0530][gc,phases   ] GC(29)   Other: 0.2ms
[2024-08-22T12:54:56.350+0530][gc,heap     ] GC(29) Eden regions: 611->0(611)
[2024-08-22T12:54:56.350+0530][gc,heap     ] GC(29) Survivor regions: 3->3(77)
[2024-08-22T12:54:56.350+0530][gc,heap     ] GC(29) Old regions: 18->18
[2024-08-22T12:54:56.350+0530][gc,heap     ] GC(29) Archive regions: 2->2
[2024-08-22T12:54:56.350+0530][gc,heap     ] GC(29) Humongous regions: 129->129
[2024-08-22T12:54:56.350+0530][gc,metaspace] GC(29) Metaspace: 42059K(42560K)->42059K(42560K) NonClass: 37315K(37568K)->37315K(37568K) Class: 4744K(4992K)->4744K(4992K)
[2024-08-22T12:54:56.350+0530][gc          ] GC(29) Pause Young (Normal) (G1 Evacuation Pause) 761M->150M(1024M) 3.346ms
[2024-08-22T12:54:56.350+0530][gc,cpu      ] GC(29) User=0.02s Sys=0.00s Real=0.01s
[2024-08-22T12:55:27.916+0530][gc,start    ] GC(30) Pause Young (Normal) (G1 Evacuation Pause)
[2024-08-22T12:55:27.916+0530][gc,task     ] GC(30) Using 8 workers of 8 for evacuation
[2024-08-22T12:55:27.919+0530][gc,phases   ] GC(30)   Pre Evacuate Collection Set: 0.1ms
[2024-08-22T12:55:27.919+0530][gc,phases   ] GC(30)   Merge Heap Roots: 0.1ms
[2024-08-22T12:55:27.919+0530][gc,phases   ] GC(30)   Evacuate Collection Set: 2.0ms
[2024-08-22T12:55:27.919+0530][gc,phases   ] GC(30)   Post Evacuate Collection Set: 0.4ms
[2024-08-22T12:55:27.919+0530][gc,phases   ] GC(30)   Other: 0.2ms
[2024-08-22T12:55:27.919+0530][gc,heap     ] GC(30) Eden regions: 611->0(611)
[2024-08-22T12:55:27.919+0530][gc,heap     ] GC(30) Survivor regions: 3->3(77)
[2024-08-22T12:55:27.919+0530][gc,heap     ] GC(30) Old regions: 18->18
[2024-08-22T12:55:27.919+0530][gc,heap     ] GC(30) Archive regions: 2->2
[2024-08-22T12:55:27.919+0530][gc,heap     ] GC(30) Humongous regions: 129->129
[2024-08-22T12:55:27.919+0530][gc,metaspace] GC(30) Metaspace: 42063K(42560K)->42063K(42560K) NonClass: 37318K(37568K)->37318K(37568K) Class: 4744K(4992K)->4744K(4992K)
[2024-08-22T12:55:27.919+0530][gc          ] GC(30) Pause Young (Normal) (G1 Evacuation Pause) 761M->150M(1024M) 2.885ms
[2024-08-22T12:55:27.919+0530][gc,cpu      ] GC(30) User=0.02s Sys=0.00s Real=0.00s
[2024-08-22T12:56:05.569+0530][gc,start    ] GC(31) Pause Young (Normal) (G1 Evacuation Pause)
[2024-08-22T12:56:05.569+0530][gc,task     ] GC(31) Using 8 workers of 8 for evacuation
[2024-08-22T12:56:05.573+0530][gc,phases   ] GC(31)   Pre Evacuate Collection Set: 0.2ms
[2024-08-22T12:56:05.573+0530][gc,phases   ] GC(31)   Merge Heap Roots: 0.2ms
[2024-08-22T12:56:05.573+0530][gc,phases   ] GC(31)   Evacuate Collection Set: 2.7ms
[2024-08-22T12:56:05.573+0530][gc,phases   ] GC(31)   Post Evacuate Collection Set: 0.6ms
[2024-08-22T12:56:05.573+0530][gc,phases   ] GC(31)   Other: 0.5ms
[2024-08-22T12:56:05.573+0530][gc,heap     ] GC(31) Eden regions: 611->0(611)
[2024-08-22T12:56:05.573+0530][gc,heap     ] GC(31) Survivor regions: 3->3(77)
[2024-08-22T12:56:05.573+0530][gc,heap     ] GC(31) Old regions: 18->18
[2024-08-22T12:56:05.573+0530][gc,heap     ] GC(31) Archive regions: 2->2
[2024-08-22T12:56:05.573+0530][gc,heap     ] GC(31) Humongous regions: 129->129
[2024-08-22T12:56:05.573+0530][gc,metaspace] GC(31) Metaspace: 42064K(42560K)->42064K(42560K) NonClass: 37320K(37568K)->37320K(37568K) Class: 4744K(4992K)->4744K(4992K)
[2024-08-22T12:56:05.573+0530][gc          ] GC(31) Pause Young (Normal) (G1 Evacuation Pause) 761M->150M(1024M) 4.374ms
[2024-08-22T12:56:05.573+0530][gc,cpu      ] GC(31) User=0.02s Sys=0.01s Real=0.01s
[2024-08-22T12:56:43.013+0530][gc,start    ] GC(32) Pause Young (Normal) (G1 Evacuation Pause)
[2024-08-22T12:56:43.013+0530][gc,task     ] GC(32) Using 8 workers of 8 for evacuation
[2024-08-22T12:56:43.016+0530][gc,phases   ] GC(32)   Pre Evacuate Collection Set: 0.1ms
[2024-08-22T12:56:43.016+0530][gc,phases   ] GC(32)   Merge Heap Roots: 0.1ms
[2024-08-22T12:56:43.016+0530][gc,phases   ] GC(32)   Evacuate Collection Set: 2.3ms
[2024-08-22T12:56:43.016+0530][gc,phases   ] GC(32)   Post Evacuate Collection Set: 0.6ms
[2024-08-22T12:56:43.016+0530][gc,phases   ] GC(32)   Other: 0.2ms
[2024-08-22T12:56:43.016+0530][gc,heap     ] GC(32) Eden regions: 611->0(611)
[2024-08-22T12:56:43.016+0530][gc,heap     ] GC(32) Survivor regions: 3->3(77)
[2024-08-22T12:56:43.016+0530][gc,heap     ] GC(32) Old regions: 18->18
[2024-08-22T12:56:43.016+0530][gc,heap     ] GC(32) Archive regions: 2->2
[2024-08-22T12:56:43.017+0530][gc,heap     ] GC(32) Humongous regions: 129->129
[2024-08-22T12:56:43.017+0530][gc,metaspace] GC(32) Metaspace: 42067K(42560K)->42067K(42560K) NonClass: 37322K(37568K)->37322K(37568K) Class: 4744K(4992K)->4744K(4992K)
[2024-08-22T12:56:43.017+0530][gc          ] GC(32) Pause Young (Normal) (G1 Evacuation Pause) 761M->150M(1024M) 3.642ms
[2024-08-22T12:56:43.017+0530][gc,cpu      ] GC(32) User=0.02s Sys=0.00s Real=0.00s
[2024-08-22T12:57:36.423+0530][gc,start    ] GC(33) Pause Young (Normal) (G1 Evacuation Pause)
[2024-08-22T12:57:36.425+0530][gc,task     ] GC(33) Using 8 workers of 8 for evacuation
[2024-08-22T12:57:36.432+0530][gc,phases   ] GC(33)   Pre Evacuate Collection Set: 0.2ms
[2024-08-22T12:57:36.432+0530][gc,phases   ] GC(33)   Merge Heap Roots: 0.2ms
[2024-08-22T12:57:36.432+0530][gc,phases   ] GC(33)   Evacuate Collection Set: 5.1ms
[2024-08-22T12:57:36.432+0530][gc,phases   ] GC(33)   Post Evacuate Collection Set: 1.3ms
[2024-08-22T12:57:36.432+0530][gc,phases   ] GC(33)   Other: 2.4ms
[2024-08-22T12:57:36.432+0530][gc,heap     ] GC(33) Eden regions: 611->0(610)
[2024-08-22T12:57:36.432+0530][gc,heap     ] GC(33) Survivor regions: 3->4(77)
[2024-08-22T12:57:36.432+0530][gc,heap     ] GC(33) Old regions: 18->18
[2024-08-22T12:57:36.432+0530][gc,heap     ] GC(33) Archive regions: 2->2
[2024-08-22T12:57:36.432+0530][gc,heap     ] GC(33) Humongous regions: 129->129
[2024-08-22T12:57:36.432+0530][gc,metaspace] GC(33) Metaspace: 42072K(42560K)->42072K(42560K) NonClass: 37328K(37568K)->37328K(37568K) Class: 4744K(4992K)->4744K(4992K)
[2024-08-22T12:57:36.432+0530][gc          ] GC(33) Pause Young (Normal) (G1 Evacuation Pause) 761M->150M(1024M) 9.585ms
[2024-08-22T12:57:36.433+0530][gc,cpu      ] GC(33) User=0.03s Sys=0.00s Real=0.01s
[2024-08-22T12:59:28.666+0530][gc,start    ] GC(34) Pause Young (Normal) (G1 Evacuation Pause)
[2024-08-22T12:59:28.667+0530][gc,task     ] GC(34) Using 8 workers of 8 for evacuation
[2024-08-22T12:59:28.675+0530][gc,phases   ] GC(34)   Pre Evacuate Collection Set: 0.3ms
[2024-08-22T12:59:28.675+0530][gc,phases   ] GC(34)   Merge Heap Roots: 0.3ms
[2024-08-22T12:59:28.675+0530][gc,phases   ] GC(34)   Evacuate Collection Set: 5.4ms
[2024-08-22T12:59:28.675+0530][gc,phases   ] GC(34)   Post Evacuate Collection Set: 2.1ms
[2024-08-22T12:59:28.675+0530][gc,phases   ] GC(34)   Other: 0.6ms
[2024-08-22T12:59:28.675+0530][gc,heap     ] GC(34) Eden regions: 610->0(610)
[2024-08-22T12:59:28.675+0530][gc,heap     ] GC(34) Survivor regions: 4->4(77)
[2024-08-22T12:59:28.675+0530][gc,heap     ] GC(34) Old regions: 18->18
[2024-08-22T12:59:28.675+0530][gc,heap     ] GC(34) Archive regions: 2->2
[2024-08-22T12:59:28.675+0530][gc,heap     ] GC(34) Humongous regions: 129->129
[2024-08-22T12:59:28.676+0530][gc,metaspace] GC(34) Metaspace: 42105K(42560K)->42105K(42560K) NonClass: 37358K(37568K)->37358K(37568K) Class: 4747K(4992K)->4747K(4992K)
[2024-08-22T12:59:28.676+0530][gc          ] GC(34) Pause Young (Normal) (G1 Evacuation Pause) 760M->151M(1024M) 9.242ms
[2024-08-22T12:59:28.676+0530][gc,cpu      ] GC(34) User=0.04s Sys=0.01s Real=0.01s
[2024-08-22T13:00:46.439+0530][gc,start    ] GC(35) Pause Young (Normal) (G1 Evacuation Pause)
[2024-08-22T13:00:46.439+0530][gc,task     ] GC(35) Using 8 workers of 8 for evacuation
[2024-08-22T13:00:46.446+0530][gc,phases   ] GC(35)   Pre Evacuate Collection Set: 0.2ms
[2024-08-22T13:00:46.446+0530][gc,phases   ] GC(35)   Merge Heap Roots: 0.2ms
[2024-08-22T13:00:46.446+0530][gc,phases   ] GC(35)   Evacuate Collection Set: 4.6ms
[2024-08-22T13:00:46.446+0530][gc,phases   ] GC(35)   Post Evacuate Collection Set: 0.8ms
[2024-08-22T13:00:46.446+0530][gc,phases   ] GC(35)   Other: 0.4ms
[2024-08-22T13:00:46.446+0530][gc,heap     ] GC(35) Eden regions: 610->0(611)
[2024-08-22T13:00:46.446+0530][gc,heap     ] GC(35) Survivor regions: 4->3(77)
[2024-08-22T13:00:46.446+0530][gc,heap     ] GC(35) Old regions: 18->18
[2024-08-22T13:00:46.446+0530][gc,heap     ] GC(35) Archive regions: 2->2
[2024-08-22T13:00:46.446+0530][gc,heap     ] GC(35) Humongous regions: 129->129
[2024-08-22T13:00:46.446+0530][gc,metaspace] GC(35) Metaspace: 42105K(42560K)->42105K(42560K) NonClass: 37358K(37568K)->37358K(37568K) Class: 4747K(4992K)->4747K(4992K)
[2024-08-22T13:00:46.446+0530][gc          ] GC(35) Pause Young (Normal) (G1 Evacuation Pause) 761M->150M(1024M) 6.512ms
[2024-08-22T13:00:46.446+0530][gc,cpu      ] GC(35) User=0.02s Sys=0.00s Real=0.01s
[2024-08-22T13:01:28.780+0530][gc,start    ] GC(36) Pause Young (Normal) (G1 Evacuation Pause)
[2024-08-22T13:01:28.780+0530][gc,task     ] GC(36) Using 8 workers of 8 for evacuation
[2024-08-22T13:01:28.783+0530][gc,phases   ] GC(36)   Pre Evacuate Collection Set: 0.2ms
[2024-08-22T13:01:28.783+0530][gc,phases   ] GC(36)   Merge Heap Roots: 0.1ms
[2024-08-22T13:01:28.783+0530][gc,phases   ] GC(36)   Evacuate Collection Set: 2.4ms
[2024-08-22T13:01:28.783+0530][gc,phases   ] GC(36)   Post Evacuate Collection Set: 0.6ms
[2024-08-22T13:01:28.783+0530][gc,phases   ] GC(36)   Other: 0.2ms
[2024-08-22T13:01:28.783+0530][gc,heap     ] GC(36) Eden regions: 611->0(611)
[2024-08-22T13:01:28.783+0530][gc,heap     ] GC(36) Survivor regions: 3->3(77)
[2024-08-22T13:01:28.783+0530][gc,heap     ] GC(36) Old regions: 18->18
[2024-08-22T13:01:28.784+0530][gc,heap     ] GC(36) Archive regions: 2->2
[2024-08-22T13:01:28.784+0530][gc,heap     ] GC(36) Humongous regions: 129->129
[2024-08-22T13:01:28.784+0530][gc,metaspace] GC(36) Metaspace: 42105K(42560K)->42105K(42560K) NonClass: 37358K(37568K)->37358K(37568K) Class: 4747K(4992K)->4747K(4992K)
[2024-08-22T13:01:28.784+0530][gc          ] GC(36) Pause Young (Normal) (G1 Evacuation Pause) 761M->150M(1024M) 3.594ms
[2024-08-22T13:01:28.784+0530][gc,cpu      ] GC(36) User=0.02s Sys=0.00s Real=0.00s
[2024-08-22T13:02:08.176+0530][gc,start    ] GC(37) Pause Young (Normal) (G1 Evacuation Pause)
[2024-08-22T13:02:08.176+0530][gc,task     ] GC(37) Using 8 workers of 8 for evacuation
[2024-08-22T13:02:08.181+0530][gc,phases   ] GC(37)   Pre Evacuate Collection Set: 0.2ms
[2024-08-22T13:02:08.181+0530][gc,phases   ] GC(37)   Merge Heap Roots: 0.1ms
[2024-08-22T13:02:08.181+0530][gc,phases   ] GC(37)   Evacuate Collection Set: 2.7ms
[2024-08-22T13:02:08.181+0530][gc,phases   ] GC(37)   Post Evacuate Collection Set: 1.7ms
[2024-08-22T13:02:08.181+0530][gc,phases   ] GC(37)   Other: 0.4ms
[2024-08-22T13:02:08.182+0530][gc,heap     ] GC(37) Eden regions: 611->0(611)
[2024-08-22T13:02:08.182+0530][gc,heap     ] GC(37) Survivor regions: 3->3(77)
[2024-08-22T13:02:08.182+0530][gc,heap     ] GC(37) Old regions: 18->18
[2024-08-22T13:02:08.182+0530][gc,heap     ] GC(37) Archive regions: 2->2
[2024-08-22T13:02:08.182+0530][gc,heap     ] GC(37) Humongous regions: 129->129
[2024-08-22T13:02:08.182+0530][gc,metaspace] GC(37) Metaspace: 42105K(42560K)->42105K(42560K) NonClass: 37358K(37568K)->37358K(37568K) Class: 4747K(4992K)->4747K(4992K)
[2024-08-22T13:02:08.182+0530][gc          ] GC(37) Pause Young (Normal) (G1 Evacuation Pause) 761M->150M(1024M) 6.148ms
[2024-08-22T13:02:08.182+0530][gc,cpu      ] GC(37) User=0.02s Sys=0.00s Real=0.01s
[2024-08-22T13:03:24.097+0530][gc,start    ] GC(38) Pause Young (Normal) (G1 Evacuation Pause)
[2024-08-22T13:03:24.099+0530][gc,task     ] GC(38) Using 8 workers of 8 for evacuation
[2024-08-22T13:03:24.107+0530][gc,phases   ] GC(38)   Pre Evacuate Collection Set: 0.3ms
[2024-08-22T13:03:24.107+0530][gc,phases   ] GC(38)   Merge Heap Roots: 0.2ms
[2024-08-22T13:03:24.107+0530][gc,phases   ] GC(38)   Evacuate Collection Set: 4.8ms
[2024-08-22T13:03:24.107+0530][gc,phases   ] GC(38)   Post Evacuate Collection Set: 1.4ms
[2024-08-22T13:03:24.107+0530][gc,phases   ] GC(38)   Other: 2.4ms
[2024-08-22T13:03:24.107+0530][gc,heap     ] GC(38) Eden regions: 611->0(611)
[2024-08-22T13:03:24.107+0530][gc,heap     ] GC(38) Survivor regions: 3->3(77)
[2024-08-22T13:03:24.107+0530][gc,heap     ] GC(38) Old regions: 18->18
[2024-08-22T13:03:24.107+0530][gc,heap     ] GC(38) Archive regions: 2->2
[2024-08-22T13:03:24.107+0530][gc,heap     ] GC(38) Humongous regions: 129->129
[2024-08-22T13:03:24.107+0530][gc,metaspace] GC(38) Metaspace: 42106K(42560K)->42106K(42560K) NonClass: 37359K(37568K)->37359K(37568K) Class: 4747K(4992K)->4747K(4992K)
[2024-08-22T13:03:24.107+0530][gc          ] GC(38) Pause Young (Normal) (G1 Evacuation Pause) 761M->150M(1024M) 9.477ms
[2024-08-22T13:03:24.107+0530][gc,cpu      ] GC(38) User=0.04s Sys=0.00s Real=0.01s
[2024-08-22T13:04:59.821+0530][gc,start    ] GC(39) Pause Young (Normal) (G1 Evacuation Pause)
[2024-08-22T13:04:59.823+0530][gc,task     ] GC(39) Using 8 workers of 8 for evacuation
[2024-08-22T13:04:59.829+0530][gc,phases   ] GC(39)   Pre Evacuate Collection Set: 0.2ms
[2024-08-22T13:04:59.829+0530][gc,phases   ] GC(39)   Merge Heap Roots: 0.2ms
[2024-08-22T13:04:59.829+0530][gc,phases   ] GC(39)   Evacuate Collection Set: 5.3ms
[2024-08-22T13:04:59.829+0530][gc,phases   ] GC(39)   Post Evacuate Collection Set: 0.7ms
[2024-08-22T13:04:59.829+0530][gc,phases   ] GC(39)   Other: 2.2ms
[2024-08-22T13:04:59.829+0530][gc,heap     ] GC(39) Eden regions: 611->0(611)
[2024-08-22T13:04:59.830+0530][gc,heap     ] GC(39) Survivor regions: 3->3(77)
[2024-08-22T13:04:59.830+0530][gc,heap     ] GC(39) Old regions: 18->18
[2024-08-22T13:04:59.830+0530][gc,heap     ] GC(39) Archive regions: 2->2
[2024-08-22T13:04:59.830+0530][gc,heap     ] GC(39) Humongous regions: 129->129
[2024-08-22T13:04:59.830+0530][gc,metaspace] GC(39) Metaspace: 42123K(42688K)->42123K(42688K) NonClass: 37373K(37696K)->37373K(37696K) Class: 4749K(4992K)->4749K(4992K)
[2024-08-22T13:04:59.830+0530][gc          ] GC(39) Pause Young (Normal) (G1 Evacuation Pause) 761M->150M(1024M) 8.814ms
[2024-08-22T13:04:59.830+0530][gc,cpu      ] GC(39) User=0.03s Sys=0.00s Real=0.01s
[2024-08-22T13:06:27.100+0530][gc,start    ] GC(40) Pause Young (Normal) (G1 Evacuation Pause)
[2024-08-22T13:06:27.102+0530][gc,task     ] GC(40) Using 8 workers of 8 for evacuation
[2024-08-22T13:06:27.105+0530][gc,phases   ] GC(40)   Pre Evacuate Collection Set: 0.2ms
[2024-08-22T13:06:27.106+0530][gc,phases   ] GC(40)   Merge Heap Roots: 0.1ms
[2024-08-22T13:06:27.106+0530][gc,phases   ] GC(40)   Evacuate Collection Set: 2.7ms
[2024-08-22T13:06:27.106+0530][gc,phases   ] GC(40)   Post Evacuate Collection Set: 0.5ms
[2024-08-22T13:06:27.106+0530][gc,phases   ] GC(40)   Other: 2.0ms
[2024-08-22T13:06:27.106+0530][gc,heap     ] GC(40) Eden regions: 611->0(611)
[2024-08-22T13:06:27.106+0530][gc,heap     ] GC(40) Survivor regions: 3->3(77)
[2024-08-22T13:06:27.106+0530][gc,heap     ] GC(40) Old regions: 18->18
[2024-08-22T13:06:27.106+0530][gc,heap     ] GC(40) Archive regions: 2->2
[2024-08-22T13:06:27.106+0530][gc,heap     ] GC(40) Humongous regions: 129->129
[2024-08-22T13:06:27.106+0530][gc,metaspace] GC(40) Metaspace: 42130K(42688K)->42130K(42688K) NonClass: 37381K(37696K)->37381K(37696K) Class: 4749K(4992K)->4749K(4992K)
[2024-08-22T13:06:27.106+0530][gc          ] GC(40) Pause Young (Normal) (G1 Evacuation Pause) 761M->150M(1024M) 5.663ms
[2024-08-22T13:06:27.106+0530][gc,cpu      ] GC(40) User=0.02s Sys=0.00s Real=0.00s
[2024-08-22T13:07:47.048+0530][gc,start    ] GC(41) Pause Young (Normal) (G1 Evacuation Pause)
[2024-08-22T13:07:47.049+0530][gc,task     ] GC(41) Using 8 workers of 8 for evacuation
[2024-08-22T13:07:47.052+0530][gc,phases   ] GC(41)   Pre Evacuate Collection Set: 0.1ms
[2024-08-22T13:07:47.053+0530][gc,phases   ] GC(41)   Merge Heap Roots: 0.1ms
[2024-08-22T13:07:47.053+0530][gc,phases   ] GC(41)   Evacuate Collection Set: 2.2ms
[2024-08-22T13:07:47.053+0530][gc,phases   ] GC(41)   Post Evacuate Collection Set: 0.5ms
[2024-08-22T13:07:47.053+0530][gc,phases   ] GC(41)   Other: 2.0ms
[2024-08-22T13:07:47.053+0530][gc,heap     ] GC(41) Eden regions: 611->0(611)
[2024-08-22T13:07:47.053+0530][gc,heap     ] GC(41) Survivor regions: 3->3(77)
[2024-08-22T13:07:47.053+0530][gc,heap     ] GC(41) Old regions: 18->18
[2024-08-22T13:07:47.053+0530][gc,heap     ] GC(41) Archive regions: 2->2
[2024-08-22T13:07:47.053+0530][gc,heap     ] GC(41) Humongous regions: 129->129
[2024-08-22T13:07:47.053+0530][gc,metaspace] GC(41) Metaspace: 42141K(42688K)->42141K(42688K) NonClass: 37392K(37696K)->37392K(37696K) Class: 4749K(4992K)->4749K(4992K)
[2024-08-22T13:07:47.053+0530][gc          ] GC(41) Pause Young (Normal) (G1 Evacuation Pause) 761M->150M(1024M) 5.121ms
[2024-08-22T13:07:47.053+0530][gc,cpu      ] GC(41) User=0.02s Sys=0.00s Real=0.01s
[2024-08-22T13:09:10.313+0530][gc,start    ] GC(42) Pause Young (Normal) (G1 Evacuation Pause)
[2024-08-22T13:09:10.314+0530][gc,task     ] GC(42) Using 8 workers of 8 for evacuation
[2024-08-22T13:09:10.317+0530][gc,phases   ] GC(42)   Pre Evacuate Collection Set: 0.1ms
[2024-08-22T13:09:10.317+0530][gc,phases   ] GC(42)   Merge Heap Roots: 0.1ms
[2024-08-22T13:09:10.317+0530][gc,phases   ] GC(42)   Evacuate Collection Set: 2.4ms
[2024-08-22T13:09:10.317+0530][gc,phases   ] GC(42)   Post Evacuate Collection Set: 0.5ms
[2024-08-22T13:09:10.317+0530][gc,phases   ] GC(42)   Other: 0.2ms
[2024-08-22T13:09:10.317+0530][gc,heap     ] GC(42) Eden regions: 611->0(611)
[2024-08-22T13:09:10.317+0530][gc,heap     ] GC(42) Survivor regions: 3->3(77)
[2024-08-22T13:09:10.317+0530][gc,heap     ] GC(42) Old regions: 18->18
[2024-08-22T13:09:10.317+0530][gc,heap     ] GC(42) Archive regions: 2->2
[2024-08-22T13:09:10.317+0530][gc,heap     ] GC(42) Humongous regions: 129->129
[2024-08-22T13:09:10.317+0530][gc,metaspace] GC(42) Metaspace: 42161K(42688K)->42161K(42688K) NonClass: 37408K(37696K)->37408K(37696K) Class: 4753K(4992K)->4753K(4992K)
[2024-08-22T13:09:10.317+0530][gc          ] GC(42) Pause Young (Normal) (G1 Evacuation Pause) 761M->150M(1024M) 3.503ms
[2024-08-22T13:09:10.317+0530][gc,cpu      ] GC(42) User=0.02s Sys=0.00s Real=0.00s
[2024-08-22T13:10:29.600+0530][gc,start    ] GC(43) Pause Young (Normal) (G1 Evacuation Pause)
[2024-08-22T13:10:29.600+0530][gc,task     ] GC(43) Using 8 workers of 8 for evacuation
[2024-08-22T13:10:29.603+0530][gc,phases   ] GC(43)   Pre Evacuate Collection Set: 0.1ms
[2024-08-22T13:10:29.603+0530][gc,phases   ] GC(43)   Merge Heap Roots: 0.1ms
[2024-08-22T13:10:29.603+0530][gc,phases   ] GC(43)   Evacuate Collection Set: 2.2ms
[2024-08-22T13:10:29.603+0530][gc,phases   ] GC(43)   Post Evacuate Collection Set: 0.5ms
[2024-08-22T13:10:29.603+0530][gc,phases   ] GC(43)   Other: 0.2ms
[2024-08-22T13:10:29.603+0530][gc,heap     ] GC(43) Eden regions: 611->0(611)
[2024-08-22T13:10:29.603+0530][gc,heap     ] GC(43) Survivor regions: 3->3(77)
[2024-08-22T13:10:29.603+0530][gc,heap     ] GC(43) Old regions: 18->18
[2024-08-22T13:10:29.604+0530][gc,heap     ] GC(43) Archive regions: 2->2
[2024-08-22T13:10:29.604+0530][gc,heap     ] GC(43) Humongous regions: 129->129
[2024-08-22T13:10:29.604+0530][gc,metaspace] GC(43) Metaspace: 42169K(42688K)->42169K(42688K) NonClass: 37415K(37696K)->37415K(37696K) Class: 4753K(4992K)->4753K(4992K)
[2024-08-22T13:10:29.604+0530][gc          ] GC(43) Pause Young (Normal) (G1 Evacuation Pause) 761M->150M(1024M) 3.285ms
[2024-08-22T13:10:29.604+0530][gc,cpu      ] GC(43) User=0.01s Sys=0.00s Real=0.00s
[2024-08-22T13:11:45.994+0530][gc,start    ] GC(44) Pause Young (Normal) (G1 Evacuation Pause)
[2024-08-22T13:11:45.994+0530][gc,task     ] GC(44) Using 8 workers of 8 for evacuation
[2024-08-22T13:11:45.998+0530][gc,phases   ] GC(44)   Pre Evacuate Collection Set: 0.1ms
[2024-08-22T13:11:45.998+0530][gc,phases   ] GC(44)   Merge Heap Roots: 0.1ms
[2024-08-22T13:11:45.998+0530][gc,phases   ] GC(44)   Evacuate Collection Set: 2.8ms
[2024-08-22T13:11:45.998+0530][gc,phases   ] GC(44)   Post Evacuate Collection Set: 0.7ms
[2024-08-22T13:11:45.998+0530][gc,phases   ] GC(44)   Other: 0.2ms
[2024-08-22T13:11:45.998+0530][gc,heap     ] GC(44) Eden regions: 611->0(611)
[2024-08-22T13:11:45.998+0530][gc,heap     ] GC(44) Survivor regions: 3->3(77)
[2024-08-22T13:11:45.998+0530][gc,heap     ] GC(44) Old regions: 18->18
[2024-08-22T13:11:45.998+0530][gc,heap     ] GC(44) Archive regions: 2->2
[2024-08-22T13:11:45.998+0530][gc,heap     ] GC(44) Humongous regions: 129->129
[2024-08-22T13:11:45.998+0530][gc,metaspace] GC(44) Metaspace: 42190K(42752K)->42190K(42752K) NonClass: 37437K(37760K)->37437K(37760K) Class: 4753K(4992K)->4753K(4992K)
[2024-08-22T13:11:45.998+0530][gc          ] GC(44) Pause Young (Normal) (G1 Evacuation Pause) 761M->150M(1024M) 4.150ms
[2024-08-22T13:11:45.998+0530][gc,cpu      ] GC(44) User=0.02s Sys=0.00s Real=0.00s
[2024-08-22T13:13:04.102+0530][gc,start    ] GC(45) Pause Young (Normal) (G1 Evacuation Pause)
[2024-08-22T13:13:04.102+0530][gc,task     ] GC(45) Using 8 workers of 8 for evacuation
[2024-08-22T13:13:04.105+0530][gc,phases   ] GC(45)   Pre Evacuate Collection Set: 0.1ms
[2024-08-22T13:13:04.105+0530][gc,phases   ] GC(45)   Merge Heap Roots: 0.1ms
[2024-08-22T13:13:04.105+0530][gc,phases   ] GC(45)   Evacuate Collection Set: 2.2ms
[2024-08-22T13:13:04.105+0530][gc,phases   ] GC(45)   Post Evacuate Collection Set: 0.4ms
[2024-08-22T13:13:04.105+0530][gc,phases   ] GC(45)   Other: 0.2ms
[2024-08-22T13:13:04.105+0530][gc,heap     ] GC(45) Eden regions: 611->0(611)
[2024-08-22T13:13:04.105+0530][gc,heap     ] GC(45) Survivor regions: 3->3(77)
[2024-08-22T13:13:04.105+0530][gc,heap     ] GC(45) Old regions: 18->18
[2024-08-22T13:13:04.105+0530][gc,heap     ] GC(45) Archive regions: 2->2
[2024-08-22T13:13:04.105+0530][gc,heap     ] GC(45) Humongous regions: 129->129
[2024-08-22T13:13:04.105+0530][gc,metaspace] GC(45) Metaspace: 42194K(42752K)->42194K(42752K) NonClass: 37441K(37760K)->37441K(37760K) Class: 4753K(4992K)->4753K(4992K)
[2024-08-22T13:13:04.105+0530][gc          ] GC(45) Pause Young (Normal) (G1 Evacuation Pause) 761M->150M(1024M) 3.212ms
[2024-08-22T13:13:04.105+0530][gc,cpu      ] GC(45) User=0.02s Sys=0.00s Real=0.00s
