[2024-08-22T12:07:55.808+0530][gc] Using G1
[2024-08-22T12:07:55.815+0530][gc,init] Version: 17.0.8+9-LTS-211 (release)
[2024-08-22T12:07:55.815+0530][gc,init] CPUs: 8 total, 8 available
[2024-08-22T12:07:55.815+0530][gc,init] Memory: 16384M
[2024-08-22T12:07:55.815+0530][gc,init] Large Page Support: Disabled
[2024-08-22T12:07:55.815+0530][gc,init] NUMA Support: Disabled
[2024-08-22T12:07:55.815+0530][gc,init] Compressed Oops: Enabled (Zero based)
[2024-08-22T12:07:55.815+0530][gc,init] Heap Region Size: 1M
[2024-08-22T12:07:55.815+0530][gc,init] Heap Min Capacity: 1G
[2024-08-22T12:07:55.815+0530][gc,init] Heap Initial Capacity: 1G
[2024-08-22T12:07:55.815+0530][gc,init] Heap Max Capacity: 1G
[2024-08-22T12:07:55.815+0530][gc,init] Pre-touch: Disabled
[2024-08-22T12:07:55.815+0530][gc,init] Parallel Workers: 8
[2024-08-22T12:07:55.815+0530][gc,init] Concurrent Workers: 2
[2024-08-22T12:07:55.815+0530][gc,init] Concurrent Refinement Workers: 8
[2024-08-22T12:07:55.815+0530][gc,init] Periodic GC: Disabled
[2024-08-22T12:07:55.822+0530][gc,metaspace] CDS archive(s) mapped at: [0x0000000120000000-0x0000000120be4000-0x0000000120be4000), size 12468224, SharedBaseAddress: 0x0000000120000000, ArchiveRelocationMode: 1.
[2024-08-22T12:07:55.822+0530][gc,metaspace] Compressed class space mapped at: 0x0000000121000000-0x0000000161000000, reserved size: 1073741824
[2024-08-22T12:07:55.822+0530][gc,metaspace] Narrow klass base: 0x0000000120000000, Narrow klass shift: 0, Narrow klass range: 0x100000000
[2024-08-22T12:07:57.129+0530][gc,start    ] GC(0) Pause Young (Normal) (G1 Evacuation Pause)
[2024-08-22T12:07:57.130+0530][gc,task     ] GC(0) Using 8 workers of 8 for evacuation
[2024-08-22T12:07:57.135+0530][gc,phases   ] GC(0)   Pre Evacuate Collection Set: 0.1ms
[2024-08-22T12:07:57.135+0530][gc,phases   ] GC(0)   Merge Heap Roots: 0.1ms
[2024-08-22T12:07:57.135+0530][gc,phases   ] GC(0)   Evacuate Collection Set: 4.2ms
[2024-08-22T12:07:57.135+0530][gc,phases   ] GC(0)   Post Evacuate Collection Set: 0.4ms
[2024-08-22T12:07:57.135+0530][gc,phases   ] GC(0)   Other: 0.6ms
[2024-08-22T12:07:57.135+0530][gc,heap     ] GC(0) Eden regions: 51->0(44)
[2024-08-22T12:07:57.135+0530][gc,heap     ] GC(0) Survivor regions: 0->7(7)
[2024-08-22T12:07:57.135+0530][gc,heap     ] GC(0) Old regions: 0->1
[2024-08-22T12:07:57.135+0530][gc,heap     ] GC(0) Archive regions: 2->2
[2024-08-22T12:07:57.135+0530][gc,heap     ] GC(0) Humongous regions: 0->0
[2024-08-22T12:07:57.135+0530][gc,metaspace] GC(0) Metaspace: 18266K(18432K)->18266K(18432K) NonClass: 16080K(16192K)->16080K(16192K) Class: 2185K(2240K)->2185K(2240K)
[2024-08-22T12:07:57.135+0530][gc          ] GC(0) Pause Young (Normal) (G1 Evacuation Pause) 51M->8M(1024M) 5.641ms
[2024-08-22T12:07:57.135+0530][gc,cpu      ] GC(0) User=0.03s Sys=0.01s Real=0.01s
[2024-08-22T12:07:57.390+0530][gc,start    ] GC(1) Pause Young (Concurrent Start) (Metadata GC Threshold)
[2024-08-22T12:07:57.391+0530][gc,task     ] GC(1) Using 8 workers of 8 for evacuation
[2024-08-22T12:07:57.396+0530][gc,phases   ] GC(1)   Pre Evacuate Collection Set: 0.1ms
[2024-08-22T12:07:57.396+0530][gc,phases   ] GC(1)   Merge Heap Roots: 0.1ms
[2024-08-22T12:07:57.396+0530][gc,phases   ] GC(1)   Evacuate Collection Set: 4.3ms
[2024-08-22T12:07:57.396+0530][gc,phases   ] GC(1)   Post Evacuate Collection Set: 0.5ms
[2024-08-22T12:07:57.396+0530][gc,phases   ] GC(1)   Other: 0.2ms
[2024-08-22T12:07:57.396+0530][gc,heap     ] GC(1) Eden regions: 13->0(49)
[2024-08-22T12:07:57.396+0530][gc,heap     ] GC(1) Survivor regions: 7->2(7)
[2024-08-22T12:07:57.396+0530][gc,heap     ] GC(1) Old regions: 1->9
[2024-08-22T12:07:57.396+0530][gc,heap     ] GC(1) Archive regions: 2->2
[2024-08-22T12:07:57.396+0530][gc,heap     ] GC(1) Humongous regions: 0->0
[2024-08-22T12:07:57.396+0530][gc,metaspace] GC(1) Metaspace: 21280K(21504K)->21280K(21504K) NonClass: 18712K(18816K)->18712K(18816K) Class: 2567K(2688K)->2567K(2688K)
[2024-08-22T12:07:57.396+0530][gc          ] GC(1) Pause Young (Concurrent Start) (Metadata GC Threshold) 21M->10M(1024M) 5.319ms
[2024-08-22T12:07:57.396+0530][gc,cpu      ] GC(1) User=0.02s Sys=0.01s Real=0.00s
[2024-08-22T12:07:57.396+0530][gc          ] GC(2) Concurrent Mark Cycle
[2024-08-22T12:07:57.396+0530][gc,marking  ] GC(2) Concurrent Clear Claimed Marks
[2024-08-22T12:07:57.396+0530][gc,marking  ] GC(2) Concurrent Clear Claimed Marks 0.017ms
[2024-08-22T12:07:57.396+0530][gc,marking  ] GC(2) Concurrent Scan Root Regions
[2024-08-22T12:07:57.399+0530][gc,marking  ] GC(2) Concurrent Scan Root Regions 2.705ms
[2024-08-22T12:07:57.399+0530][gc,marking  ] GC(2) Concurrent Mark
[2024-08-22T12:07:57.399+0530][gc,marking  ] GC(2) Concurrent Mark From Roots
[2024-08-22T12:07:57.399+0530][gc,task     ] GC(2) Using 2 workers of 2 for marking
[2024-08-22T12:07:57.400+0530][gc,marking  ] GC(2) Concurrent Mark From Roots 1.475ms
[2024-08-22T12:07:57.400+0530][gc,marking  ] GC(2) Concurrent Preclean
[2024-08-22T12:07:57.400+0530][gc,marking  ] GC(2) Concurrent Preclean 0.059ms
[2024-08-22T12:07:57.400+0530][gc,start    ] GC(2) Pause Remark
[2024-08-22T12:07:57.402+0530][gc          ] GC(2) Pause Remark 11M->11M(1024M) 1.487ms
[2024-08-22T12:07:57.402+0530][gc,cpu      ] GC(2) User=0.01s Sys=0.00s Real=0.00s
[2024-08-22T12:07:57.402+0530][gc,marking  ] GC(2) Concurrent Mark 3.315ms
[2024-08-22T12:07:57.402+0530][gc,marking  ] GC(2) Concurrent Rebuild Remembered Sets
[2024-08-22T12:07:57.404+0530][gc,marking  ] GC(2) Concurrent Rebuild Remembered Sets 2.268ms
[2024-08-22T12:07:57.405+0530][gc,start    ] GC(2) Pause Cleanup
[2024-08-22T12:07:57.405+0530][gc          ] GC(2) Pause Cleanup 11M->11M(1024M) 0.175ms
[2024-08-22T12:07:57.405+0530][gc,cpu      ] GC(2) User=0.00s Sys=0.00s Real=0.00s
[2024-08-22T12:07:57.405+0530][gc,marking  ] GC(2) Concurrent Cleanup for Next Mark
[2024-08-22T12:07:57.409+0530][gc,marking  ] GC(2) Concurrent Cleanup for Next Mark 4.464ms
[2024-08-22T12:07:57.409+0530][gc          ] GC(2) Concurrent Mark Cycle 13.385ms
[2024-08-22T12:07:58.101+0530][gc,start    ] GC(3) Pause Young (Normal) (G1 Evacuation Pause)
[2024-08-22T12:07:58.102+0530][gc,task     ] GC(3) Using 8 workers of 8 for evacuation
[2024-08-22T12:07:58.107+0530][gc,phases   ] GC(3)   Pre Evacuate Collection Set: 0.1ms
[2024-08-22T12:07:58.107+0530][gc,phases   ] GC(3)   Merge Heap Roots: 0.1ms
[2024-08-22T12:07:58.107+0530][gc,phases   ] GC(3)   Evacuate Collection Set: 4.9ms
[2024-08-22T12:07:58.107+0530][gc,phases   ] GC(3)   Post Evacuate Collection Set: 0.4ms
[2024-08-22T12:07:58.107+0530][gc,phases   ] GC(3)   Other: 0.2ms
[2024-08-22T12:07:58.107+0530][gc,heap     ] GC(3) Eden regions: 49->0(44)
[2024-08-22T12:07:58.107+0530][gc,heap     ] GC(3) Survivor regions: 2->7(7)
[2024-08-22T12:07:58.107+0530][gc,heap     ] GC(3) Old regions: 9->9
[2024-08-22T12:07:58.107+0530][gc,heap     ] GC(3) Archive regions: 2->2
[2024-08-22T12:07:58.107+0530][gc,heap     ] GC(3) Humongous regions: 129->129
[2024-08-22T12:07:58.107+0530][gc,metaspace] GC(3) Metaspace: 32797K(33024K)->32797K(33024K) NonClass: 29186K(29312K)->29186K(29312K) Class: 3610K(3712K)->3610K(3712K)
[2024-08-22T12:07:58.107+0530][gc          ] GC(3) Pause Young (Normal) (G1 Evacuation Pause) 188M->144M(1024M) 5.750ms
[2024-08-22T12:07:58.107+0530][gc,cpu      ] GC(3) User=0.03s Sys=0.00s Real=0.00s
[2024-08-22T12:07:59.231+0530][gc,start    ] GC(4) Pause Young (Concurrent Start) (Metadata GC Threshold)
[2024-08-22T12:07:59.232+0530][gc,task     ] GC(4) Using 8 workers of 8 for evacuation
[2024-08-22T12:07:59.239+0530][gc,phases   ] GC(4)   Pre Evacuate Collection Set: 0.2ms
[2024-08-22T12:07:59.239+0530][gc,phases   ] GC(4)   Merge Heap Roots: 0.1ms
[2024-08-22T12:07:59.239+0530][gc,phases   ] GC(4)   Evacuate Collection Set: 6.2ms
[2024-08-22T12:07:59.239+0530][gc,phases   ] GC(4)   Post Evacuate Collection Set: 0.4ms
[2024-08-22T12:07:59.239+0530][gc,phases   ] GC(4)   Other: 0.2ms
[2024-08-22T12:07:59.239+0530][gc,heap     ] GC(4) Eden regions: 14->0(49)
[2024-08-22T12:07:59.239+0530][gc,heap     ] GC(4) Survivor regions: 7->2(7)
[2024-08-22T12:07:59.239+0530][gc,heap     ] GC(4) Old regions: 9->14
[2024-08-22T12:07:59.239+0530][gc,heap     ] GC(4) Archive regions: 2->2
[2024-08-22T12:07:59.239+0530][gc,heap     ] GC(4) Humongous regions: 129->129
[2024-08-22T12:07:59.239+0530][gc,metaspace] GC(4) Metaspace: 35684K(35968K)->35684K(35968K) NonClass: 31597K(31744K)->31597K(31744K) Class: 4086K(4224K)->4086K(4224K)
[2024-08-22T12:07:59.239+0530][gc          ] GC(4) Pause Young (Concurrent Start) (Metadata GC Threshold) 157M->145M(1024M) 7.261ms
[2024-08-22T12:07:59.239+0530][gc,cpu      ] GC(4) User=0.04s Sys=0.01s Real=0.00s
[2024-08-22T12:07:59.239+0530][gc          ] GC(5) Concurrent Mark Cycle
[2024-08-22T12:07:59.239+0530][gc,marking  ] GC(5) Concurrent Clear Claimed Marks
[2024-08-22T12:07:59.239+0530][gc,marking  ] GC(5) Concurrent Clear Claimed Marks 0.027ms
[2024-08-22T12:07:59.239+0530][gc,marking  ] GC(5) Concurrent Scan Root Regions
[2024-08-22T12:07:59.243+0530][gc,marking  ] GC(5) Concurrent Scan Root Regions 3.764ms
[2024-08-22T12:07:59.243+0530][gc,marking  ] GC(5) Concurrent Mark
[2024-08-22T12:07:59.243+0530][gc,marking  ] GC(5) Concurrent Mark From Roots
[2024-08-22T12:07:59.243+0530][gc,task     ] GC(5) Using 2 workers of 2 for marking
[2024-08-22T12:07:59.250+0530][gc,marking  ] GC(5) Concurrent Mark From Roots 7.009ms
[2024-08-22T12:07:59.250+0530][gc,marking  ] GC(5) Concurrent Preclean
[2024-08-22T12:07:59.250+0530][gc,marking  ] GC(5) Concurrent Preclean 0.109ms
[2024-08-22T12:07:59.250+0530][gc,start    ] GC(5) Pause Remark
[2024-08-22T12:07:59.251+0530][gc          ] GC(5) Pause Remark 145M->145M(1024M) 1.178ms
[2024-08-22T12:07:59.251+0530][gc,cpu      ] GC(5) User=0.01s Sys=0.00s Real=0.00s
[2024-08-22T12:07:59.251+0530][gc,marking  ] GC(5) Concurrent Mark 8.587ms
[2024-08-22T12:07:59.251+0530][gc,marking  ] GC(5) Concurrent Rebuild Remembered Sets
[2024-08-22T12:07:59.260+0530][gc,marking  ] GC(5) Concurrent Rebuild Remembered Sets 9.148ms
[2024-08-22T12:07:59.261+0530][gc,start    ] GC(5) Pause Cleanup
[2024-08-22T12:07:59.261+0530][gc          ] GC(5) Pause Cleanup 145M->145M(1024M) 0.168ms
[2024-08-22T12:07:59.261+0530][gc,cpu      ] GC(5) User=0.00s Sys=0.00s Real=0.00s
[2024-08-22T12:07:59.261+0530][gc,marking  ] GC(5) Concurrent Cleanup for Next Mark
[2024-08-22T12:07:59.269+0530][gc,marking  ] GC(5) Concurrent Cleanup for Next Mark 8.215ms
[2024-08-22T12:07:59.269+0530][gc          ] GC(5) Concurrent Mark Cycle 30.312ms
[2024-08-22T12:08:56.197+0530][gc,start    ] GC(6) Pause Young (Prepare Mixed) (G1 Evacuation Pause)
[2024-08-22T12:08:56.197+0530][gc,task     ] GC(6) Using 8 workers of 8 for evacuation
[2024-08-22T12:08:56.203+0530][gc,phases   ] GC(6)   Pre Evacuate Collection Set: 0.2ms
[2024-08-22T12:08:56.203+0530][gc,phases   ] GC(6)   Merge Heap Roots: 0.1ms
[2024-08-22T12:08:56.203+0530][gc,phases   ] GC(6)   Evacuate Collection Set: 4.9ms
[2024-08-22T12:08:56.203+0530][gc,phases   ] GC(6)   Post Evacuate Collection Set: 0.7ms
[2024-08-22T12:08:56.203+0530][gc,phases   ] GC(6)   Other: 0.2ms
[2024-08-22T12:08:56.203+0530][gc,heap     ] GC(6) Eden regions: 49->0(48)
[2024-08-22T12:08:56.203+0530][gc,heap     ] GC(6) Survivor regions: 2->3(7)
[2024-08-22T12:08:56.204+0530][gc,heap     ] GC(6) Old regions: 14->14
[2024-08-22T12:08:56.204+0530][gc,heap     ] GC(6) Archive regions: 2->2
[2024-08-22T12:08:56.204+0530][gc,heap     ] GC(6) Humongous regions: 129->129
[2024-08-22T12:08:56.204+0530][gc,metaspace] GC(6) Metaspace: 40515K(40960K)->40515K(40960K) NonClass: 35687K(35904K)->35687K(35904K) Class: 4828K(5056K)->4828K(5056K)
[2024-08-22T12:08:56.204+0530][gc          ] GC(6) Pause Young (Prepare Mixed) (G1 Evacuation Pause) 194M->146M(1024M) 6.329ms
[2024-08-22T12:08:56.204+0530][gc,cpu      ] GC(6) User=0.03s Sys=0.00s Real=0.01s
[2024-08-22T12:09:37.736+0530][gc,start    ] GC(7) Pause Young (Mixed) (G1 Evacuation Pause)
[2024-08-22T12:09:37.736+0530][gc,task     ] GC(7) Using 8 workers of 8 for evacuation
[2024-08-22T12:09:37.741+0530][gc,phases   ] GC(7)   Pre Evacuate Collection Set: 0.1ms
[2024-08-22T12:09:37.741+0530][gc,phases   ] GC(7)   Merge Heap Roots: 0.1ms
[2024-08-22T12:09:37.741+0530][gc,phases   ] GC(7)   Evacuate Collection Set: 4.3ms
[2024-08-22T12:09:37.741+0530][gc,phases   ] GC(7)   Post Evacuate Collection Set: 0.4ms
[2024-08-22T12:09:37.741+0530][gc,phases   ] GC(7)   Other: 0.1ms
[2024-08-22T12:09:37.741+0530][gc,heap     ] GC(7) Eden regions: 48->0(47)
[2024-08-22T12:09:37.741+0530][gc,heap     ] GC(7) Survivor regions: 3->4(7)
[2024-08-22T12:09:37.741+0530][gc,heap     ] GC(7) Old regions: 14->14
[2024-08-22T12:09:37.741+0530][gc,heap     ] GC(7) Archive regions: 2->2
[2024-08-22T12:09:37.741+0530][gc,heap     ] GC(7) Humongous regions: 129->129
[2024-08-22T12:09:37.741+0530][gc,metaspace] GC(7) Metaspace: 40580K(41024K)->40580K(41024K) NonClass: 35744K(35968K)->35744K(35968K) Class: 4836K(5056K)->4836K(5056K)
[2024-08-22T12:09:37.741+0530][gc          ] GC(7) Pause Young (Mixed) (G1 Evacuation Pause) 194M->146M(1024M) 5.189ms
[2024-08-22T12:09:37.741+0530][gc,cpu      ] GC(7) User=0.02s Sys=0.00s Real=0.01s
[2024-08-22T12:09:48.325+0530][gc,start    ] GC(8) Pause Young (Normal) (G1 Evacuation Pause)
[2024-08-22T12:09:48.325+0530][gc,task     ] GC(8) Using 8 workers of 8 for evacuation
[2024-08-22T12:09:48.329+0530][gc,phases   ] GC(8)   Pre Evacuate Collection Set: 0.1ms
[2024-08-22T12:09:48.329+0530][gc,phases   ] GC(8)   Merge Heap Roots: 0.1ms
[2024-08-22T12:09:48.329+0530][gc,phases   ] GC(8)   Evacuate Collection Set: 3.6ms
[2024-08-22T12:09:48.329+0530][gc,phases   ] GC(8)   Post Evacuate Collection Set: 0.5ms
[2024-08-22T12:09:48.329+0530][gc,phases   ] GC(8)   Other: 0.2ms
[2024-08-22T12:09:48.329+0530][gc,heap     ] GC(8) Eden regions: 47->0(49)
[2024-08-22T12:09:48.329+0530][gc,heap     ] GC(8) Survivor regions: 4->3(7)
[2024-08-22T12:09:48.329+0530][gc,heap     ] GC(8) Old regions: 14->14
[2024-08-22T12:09:48.329+0530][gc,heap     ] GC(8) Archive regions: 2->2
[2024-08-22T12:09:48.329+0530][gc,heap     ] GC(8) Humongous regions: 129->129
[2024-08-22T12:09:48.329+0530][gc,metaspace] GC(8) Metaspace: 40580K(41024K)->40580K(41024K) NonClass: 35744K(35968K)->35744K(35968K) Class: 4836K(5056K)->4836K(5056K)
[2024-08-22T12:09:48.329+0530][gc          ] GC(8) Pause Young (Normal) (G1 Evacuation Pause) 193M->146M(1024M) 4.660ms
[2024-08-22T12:09:48.329+0530][gc,cpu      ] GC(8) User=0.02s Sys=0.00s Real=0.00s
[2024-08-22T12:10:00.985+0530][gc,start    ] GC(9) Pause Young (Normal) (G1 Evacuation Pause)
[2024-08-22T12:10:00.985+0530][gc,task     ] GC(9) Using 8 workers of 8 for evacuation
[2024-08-22T12:10:00.990+0530][gc,phases   ] GC(9)   Pre Evacuate Collection Set: 0.2ms
[2024-08-22T12:10:00.990+0530][gc,phases   ] GC(9)   Merge Heap Roots: 0.1ms
[2024-08-22T12:10:00.990+0530][gc,phases   ] GC(9)   Evacuate Collection Set: 3.7ms
[2024-08-22T12:10:00.990+0530][gc,phases   ] GC(9)   Post Evacuate Collection Set: 0.7ms
[2024-08-22T12:10:00.990+0530][gc,phases   ] GC(9)   Other: 0.3ms
[2024-08-22T12:10:00.990+0530][gc,heap     ] GC(9) Eden regions: 49->0(65)
[2024-08-22T12:10:00.990+0530][gc,heap     ] GC(9) Survivor regions: 3->3(7)
[2024-08-22T12:10:00.990+0530][gc,heap     ] GC(9) Old regions: 14->14
[2024-08-22T12:10:00.991+0530][gc,heap     ] GC(9) Archive regions: 2->2
[2024-08-22T12:10:00.991+0530][gc,heap     ] GC(9) Humongous regions: 129->129
[2024-08-22T12:10:00.991+0530][gc,metaspace] GC(9) Metaspace: 40585K(41088K)->40585K(41088K) NonClass: 35748K(36032K)->35748K(36032K) Class: 4836K(5056K)->4836K(5056K)
[2024-08-22T12:10:00.991+0530][gc          ] GC(9) Pause Young (Normal) (G1 Evacuation Pause) 195M->146M(1024M) 5.163ms
[2024-08-22T12:10:00.991+0530][gc,cpu      ] GC(9) User=0.03s Sys=0.00s Real=0.01s
[2024-08-22T12:10:16.954+0530][gc,start    ] GC(10) Pause Young (Normal) (G1 Evacuation Pause)
[2024-08-22T12:10:16.954+0530][gc,task     ] GC(10) Using 8 workers of 8 for evacuation
[2024-08-22T12:10:16.981+0530][gc,mmu      ] GC(10) MMU target violated: 21.0ms (20.0ms/21.0ms)
[2024-08-22T12:10:16.991+0530][gc,phases   ] GC(10)   Pre Evacuate Collection Set: 1.2ms
[2024-08-22T12:10:16.991+0530][gc,phases   ] GC(10)   Merge Heap Roots: 2.9ms
[2024-08-22T12:10:16.991+0530][gc,phases   ] GC(10)   Evacuate Collection Set: 22.1ms
[2024-08-22T12:10:16.991+0530][gc,phases   ] GC(10)   Post Evacuate Collection Set: 0.6ms
[2024-08-22T12:10:16.992+0530][gc,phases   ] GC(10)   Other: 10.0ms
[2024-08-22T12:10:16.992+0530][gc,heap     ] GC(10) Eden regions: 65->0(99)
[2024-08-22T12:10:16.992+0530][gc,heap     ] GC(10) Survivor regions: 3->4(9)
[2024-08-22T12:10:16.992+0530][gc,heap     ] GC(10) Old regions: 14->14
[2024-08-22T12:10:16.992+0530][gc,heap     ] GC(10) Archive regions: 2->2
[2024-08-22T12:10:16.992+0530][gc,heap     ] GC(10) Humongous regions: 129->129
[2024-08-22T12:10:16.992+0530][gc,metaspace] GC(10) Metaspace: 40756K(41216K)->40756K(41216K) NonClass: 35907K(36160K)->35907K(36160K) Class: 4848K(5056K)->4848K(5056K)
[2024-08-22T12:10:16.992+0530][gc          ] GC(10) Pause Young (Normal) (G1 Evacuation Pause) 211M->147M(1024M) 37.697ms
[2024-08-22T12:10:16.992+0530][gc,cpu      ] GC(10) User=0.04s Sys=0.01s Real=0.04s
[2024-08-22T12:10:31.969+0530][gc,start    ] GC(11) Pause Young (Normal) (G1 Evacuation Pause)
[2024-08-22T12:10:31.969+0530][gc,task     ] GC(11) Using 8 workers of 8 for evacuation
[2024-08-22T12:10:31.979+0530][gc,phases   ] GC(11)   Pre Evacuate Collection Set: 0.2ms
[2024-08-22T12:10:31.980+0530][gc,phases   ] GC(11)   Merge Heap Roots: 0.1ms
[2024-08-22T12:10:31.980+0530][gc,phases   ] GC(11)   Evacuate Collection Set: 8.9ms
[2024-08-22T12:10:31.980+0530][gc,phases   ] GC(11)   Post Evacuate Collection Set: 0.8ms
[2024-08-22T12:10:31.980+0530][gc,phases   ] GC(11)   Other: 0.3ms
[2024-08-22T12:10:31.980+0530][gc,heap     ] GC(11) Eden regions: 99->0(44)
[2024-08-22T12:10:31.980+0530][gc,heap     ] GC(11) Survivor regions: 4->7(13)
[2024-08-22T12:10:31.980+0530][gc,heap     ] GC(11) Old regions: 14->14
[2024-08-22T12:10:31.980+0530][gc,heap     ] GC(11) Archive regions: 2->2
[2024-08-22T12:10:31.980+0530][gc,heap     ] GC(11) Humongous regions: 129->129
[2024-08-22T12:10:31.980+0530][gc,metaspace] GC(11) Metaspace: 43647K(44288K)->43647K(44288K) NonClass: 38386K(38720K)->38386K(38720K) Class: 5260K(5568K)->5260K(5568K)
[2024-08-22T12:10:31.980+0530][gc          ] GC(11) Pause Young (Normal) (G1 Evacuation Pause) 246M->150M(1024M) 10.453ms
[2024-08-22T12:10:31.980+0530][gc,cpu      ] GC(11) User=0.04s Sys=0.01s Real=0.02s
[2024-08-22T12:10:36.566+0530][gc,start    ] GC(12) Pause Young (Normal) (G1 Evacuation Pause)
[2024-08-22T12:10:36.566+0530][gc,task     ] GC(12) Using 8 workers of 8 for evacuation
[2024-08-22T12:10:36.578+0530][gc,phases   ] GC(12)   Pre Evacuate Collection Set: 0.2ms
[2024-08-22T12:10:36.578+0530][gc,phases   ] GC(12)   Merge Heap Roots: 0.1ms
[2024-08-22T12:10:36.578+0530][gc,phases   ] GC(12)   Evacuate Collection Set: 10.2ms
[2024-08-22T12:10:36.578+0530][gc,phases   ] GC(12)   Post Evacuate Collection Set: 0.9ms
[2024-08-22T12:10:36.578+0530][gc,phases   ] GC(12)   Other: 0.3ms
[2024-08-22T12:10:36.578+0530][gc,heap     ] GC(12) Eden regions: 44->0(107)
[2024-08-22T12:10:36.578+0530][gc,heap     ] GC(12) Survivor regions: 7->4(7)
[2024-08-22T12:10:36.578+0530][gc,heap     ] GC(12) Old regions: 14->17
[2024-08-22T12:10:36.578+0530][gc,heap     ] GC(12) Archive regions: 2->2
[2024-08-22T12:10:36.578+0530][gc,heap     ] GC(12) Humongous regions: 129->129
[2024-08-22T12:10:36.578+0530][gc,metaspace] GC(12) Metaspace: 43667K(44288K)->43667K(44288K) NonClass: 38404K(38720K)->38404K(38720K) Class: 5263K(5568K)->5263K(5568K)
[2024-08-22T12:10:36.578+0530][gc          ] GC(12) Pause Young (Normal) (G1 Evacuation Pause) 194M->150M(1024M) 11.974ms
[2024-08-22T12:10:36.578+0530][gc,cpu      ] GC(12) User=0.05s Sys=0.00s Real=0.01s
[2024-08-22T12:10:49.269+0530][gc,start    ] GC(13) Pause Young (Normal) (G1 Evacuation Pause)
[2024-08-22T12:10:49.269+0530][gc,task     ] GC(13) Using 8 workers of 8 for evacuation
[2024-08-22T12:10:49.276+0530][gc,phases   ] GC(13)   Pre Evacuate Collection Set: 0.2ms
[2024-08-22T12:10:49.276+0530][gc,phases   ] GC(13)   Merge Heap Roots: 0.1ms
[2024-08-22T12:10:49.276+0530][gc,phases   ] GC(13)   Evacuate Collection Set: 5.8ms
[2024-08-22T12:10:49.276+0530][gc,phases   ] GC(13)   Post Evacuate Collection Set: 0.4ms
[2024-08-22T12:10:49.276+0530][gc,phases   ] GC(13)   Other: 0.2ms
[2024-08-22T12:10:49.276+0530][gc,heap     ] GC(13) Eden regions: 107->0(153)
[2024-08-22T12:10:49.276+0530][gc,heap     ] GC(13) Survivor regions: 4->4(14)
[2024-08-22T12:10:49.276+0530][gc,heap     ] GC(13) Old regions: 17->17
[2024-08-22T12:10:49.276+0530][gc,heap     ] GC(13) Archive regions: 2->2
[2024-08-22T12:10:49.276+0530][gc,heap     ] GC(13) Humongous regions: 129->129
[2024-08-22T12:10:49.276+0530][gc,metaspace] GC(13) Metaspace: 43773K(44416K)->43773K(44416K) NonClass: 38499K(38848K)->38499K(38848K) Class: 5274K(5568K)->5274K(5568K)
[2024-08-22T12:10:49.276+0530][gc          ] GC(13) Pause Young (Normal) (G1 Evacuation Pause) 257M->150M(1024M) 6.981ms
[2024-08-22T12:10:49.276+0530][gc,cpu      ] GC(13) User=0.03s Sys=0.00s Real=0.01s
[2024-08-22T12:11:07.229+0530][gc,start    ] GC(14) Pause Young (Normal) (G1 Evacuation Pause)
[2024-08-22T12:11:07.229+0530][gc,task     ] GC(14) Using 8 workers of 8 for evacuation
[2024-08-22T12:11:07.234+0530][gc,phases   ] GC(14)   Pre Evacuate Collection Set: 0.1ms
[2024-08-22T12:11:07.234+0530][gc,phases   ] GC(14)   Merge Heap Roots: 0.1ms
[2024-08-22T12:11:07.234+0530][gc,phases   ] GC(14)   Evacuate Collection Set: 3.8ms
[2024-08-22T12:11:07.234+0530][gc,phases   ] GC(14)   Post Evacuate Collection Set: 0.4ms
[2024-08-22T12:11:07.234+0530][gc,phases   ] GC(14)   Other: 0.2ms
[2024-08-22T12:11:07.234+0530][gc,heap     ] GC(14) Eden regions: 153->0(279)
[2024-08-22T12:11:07.234+0530][gc,heap     ] GC(14) Survivor regions: 4->5(20)
[2024-08-22T12:11:07.234+0530][gc,heap     ] GC(14) Old regions: 17->17
[2024-08-22T12:11:07.234+0530][gc,heap     ] GC(14) Archive regions: 2->2
[2024-08-22T12:11:07.234+0530][gc,heap     ] GC(14) Humongous regions: 129->129
[2024-08-22T12:11:07.234+0530][gc,metaspace] GC(14) Metaspace: 43820K(44416K)->43820K(44416K) NonClass: 38545K(38848K)->38545K(38848K) Class: 5274K(5568K)->5274K(5568K)
[2024-08-22T12:11:07.234+0530][gc          ] GC(14) Pause Young (Normal) (G1 Evacuation Pause) 303M->150M(1024M) 4.631ms
[2024-08-22T12:11:07.234+0530][gc,cpu      ] GC(14) User=0.02s Sys=0.00s Real=0.01s
[2024-08-22T12:11:41.746+0530][gc,start    ] GC(15) Pause Young (Normal) (G1 Evacuation Pause)
[2024-08-22T12:11:41.746+0530][gc,task     ] GC(15) Using 8 workers of 8 for evacuation
[2024-08-22T12:11:41.752+0530][gc,phases   ] GC(15)   Pre Evacuate Collection Set: 0.1ms
[2024-08-22T12:11:41.752+0530][gc,phases   ] GC(15)   Merge Heap Roots: 0.1ms
[2024-08-22T12:11:41.752+0530][gc,phases   ] GC(15)   Evacuate Collection Set: 5.2ms
[2024-08-22T12:11:41.752+0530][gc,phases   ] GC(15)   Post Evacuate Collection Set: 0.4ms
[2024-08-22T12:11:41.752+0530][gc,phases   ] GC(15)   Other: 0.2ms
[2024-08-22T12:11:41.752+0530][gc,heap     ] GC(15) Eden regions: 279->0(539)
[2024-08-22T12:11:41.752+0530][gc,heap     ] GC(15) Survivor regions: 5->5(36)
[2024-08-22T12:11:41.752+0530][gc,heap     ] GC(15) Old regions: 17->17
[2024-08-22T12:11:41.752+0530][gc,heap     ] GC(15) Archive regions: 2->2
[2024-08-22T12:11:41.752+0530][gc,heap     ] GC(15) Humongous regions: 129->129
[2024-08-22T12:11:41.752+0530][gc,metaspace] GC(15) Metaspace: 43904K(44544K)->43904K(44544K) NonClass: 38630K(38976K)->38630K(38976K) Class: 5274K(5568K)->5274K(5568K)
[2024-08-22T12:11:41.752+0530][gc          ] GC(15) Pause Young (Normal) (G1 Evacuation Pause) 429M->151M(1024M) 6.177ms
[2024-08-22T12:11:41.752+0530][gc,cpu      ] GC(15) User=0.03s Sys=0.01s Real=0.01s
[2024-08-22T12:12:51.413+0530][gc,start    ] GC(16) Pause Young (Normal) (G1 Evacuation Pause)
[2024-08-22T12:12:51.413+0530][gc,task     ] GC(16) Using 8 workers of 8 for evacuation
[2024-08-22T12:12:51.427+0530][gc,phases   ] GC(16)   Pre Evacuate Collection Set: 0.3ms
[2024-08-22T12:12:51.427+0530][gc,phases   ] GC(16)   Merge Heap Roots: 0.3ms
[2024-08-22T12:12:51.427+0530][gc,phases   ] GC(16)   Evacuate Collection Set: 12.0ms
[2024-08-22T12:12:51.427+0530][gc,phases   ] GC(16)   Post Evacuate Collection Set: 0.8ms
[2024-08-22T12:12:51.427+0530][gc,phases   ] GC(16)   Other: 0.6ms
[2024-08-22T12:12:51.427+0530][gc,heap     ] GC(16) Eden regions: 539->0(541)
[2024-08-22T12:12:51.427+0530][gc,heap     ] GC(16) Survivor regions: 5->7(68)
[2024-08-22T12:12:51.427+0530][gc,heap     ] GC(16) Old regions: 17->17
[2024-08-22T12:12:51.427+0530][gc,heap     ] GC(16) Archive regions: 2->2
[2024-08-22T12:12:51.427+0530][gc,heap     ] GC(16) Humongous regions: 129->129
[2024-08-22T12:12:51.427+0530][gc,metaspace] GC(16) Metaspace: 44049K(44672K)->44049K(44672K) NonClass: 38774K(39104K)->38774K(39104K) Class: 5274K(5568K)->5274K(5568K)
[2024-08-22T12:12:51.427+0530][gc          ] GC(16) Pause Young (Normal) (G1 Evacuation Pause) 690M->152M(1024M) 14.103ms
[2024-08-22T12:12:51.427+0530][gc,cpu      ] GC(16) User=0.05s Sys=0.01s Real=0.01s
[2024-08-22T12:13:59.505+0530][gc,start    ] GC(17) Pause Young (Normal) (G1 Evacuation Pause)
[2024-08-22T12:13:59.505+0530][gc,task     ] GC(17) Using 8 workers of 8 for evacuation
[2024-08-22T12:13:59.512+0530][gc,phases   ] GC(17)   Pre Evacuate Collection Set: 0.1ms
[2024-08-22T12:13:59.512+0530][gc,phases   ] GC(17)   Merge Heap Roots: 0.1ms
[2024-08-22T12:13:59.512+0530][gc,phases   ] GC(17)   Evacuate Collection Set: 5.7ms
[2024-08-22T12:13:59.512+0530][gc,phases   ] GC(17)   Post Evacuate Collection Set: 0.6ms
[2024-08-22T12:13:59.512+0530][gc,phases   ] GC(17)   Other: 0.2ms
[2024-08-22T12:13:59.512+0530][gc,heap     ] GC(17) Eden regions: 541->0(607)
[2024-08-22T12:13:59.512+0530][gc,heap     ] GC(17) Survivor regions: 7->7(69)
[2024-08-22T12:13:59.512+0530][gc,heap     ] GC(17) Old regions: 17->17
[2024-08-22T12:13:59.512+0530][gc,heap     ] GC(17) Archive regions: 2->2
[2024-08-22T12:13:59.512+0530][gc,heap     ] GC(17) Humongous regions: 129->129
[2024-08-22T12:13:59.512+0530][gc,metaspace] GC(17) Metaspace: 44146K(44736K)->44146K(44736K) NonClass: 38865K(39168K)->38865K(39168K) Class: 5281K(5568K)->5281K(5568K)
[2024-08-22T12:13:59.512+0530][gc          ] GC(17) Pause Young (Normal) (G1 Evacuation Pause) 693M->153M(1024M) 6.933ms
[2024-08-22T12:13:59.512+0530][gc,cpu      ] GC(17) User=0.04s Sys=0.01s Real=0.01s
[2024-08-22T12:15:43.433+0530][gc,start    ] GC(18) Pause Young (Normal) (G1 Evacuation Pause)
[2024-08-22T12:15:43.434+0530][gc,task     ] GC(18) Using 8 workers of 8 for evacuation
[2024-08-22T12:15:43.441+0530][gc,phases   ] GC(18)   Pre Evacuate Collection Set: 0.1ms
[2024-08-22T12:15:43.441+0530][gc,phases   ] GC(18)   Merge Heap Roots: 0.1ms
[2024-08-22T12:15:43.441+0530][gc,phases   ] GC(18)   Evacuate Collection Set: 6.6ms
[2024-08-22T12:15:43.441+0530][gc,phases   ] GC(18)   Post Evacuate Collection Set: 0.5ms
[2024-08-22T12:15:43.441+0530][gc,phases   ] GC(18)   Other: 0.2ms
[2024-08-22T12:15:43.441+0530][gc,heap     ] GC(18) Eden regions: 607->0(605)
[2024-08-22T12:15:43.441+0530][gc,heap     ] GC(18) Survivor regions: 7->9(77)
[2024-08-22T12:15:43.441+0530][gc,heap     ] GC(18) Old regions: 17->17
[2024-08-22T12:15:43.441+0530][gc,heap     ] GC(18) Archive regions: 2->2
[2024-08-22T12:15:43.441+0530][gc,heap     ] GC(18) Humongous regions: 129->129
[2024-08-22T12:15:43.441+0530][gc,metaspace] GC(18) Metaspace: 44245K(44864K)->44245K(44864K) NonClass: 38949K(39296K)->38949K(39296K) Class: 5295K(5568K)->5295K(5568K)
[2024-08-22T12:15:43.441+0530][gc          ] GC(18) Pause Young (Normal) (G1 Evacuation Pause) 760M->155M(1024M) 7.771ms
[2024-08-22T12:15:43.441+0530][gc,cpu      ] GC(18) User=0.04s Sys=0.01s Real=0.01s
[2024-08-22T12:17:04.254+0530][gc,start    ] GC(19) Pause Young (Normal) (G1 Evacuation Pause)
[2024-08-22T12:17:04.254+0530][gc,task     ] GC(19) Using 8 workers of 8 for evacuation
[2024-08-22T12:17:04.262+0530][gc,phases   ] GC(19)   Pre Evacuate Collection Set: 0.1ms
[2024-08-22T12:17:04.262+0530][gc,phases   ] GC(19)   Merge Heap Roots: 0.2ms
[2024-08-22T12:17:04.262+0530][gc,phases   ] GC(19)   Evacuate Collection Set: 7.1ms
[2024-08-22T12:17:04.262+0530][gc,phases   ] GC(19)   Post Evacuate Collection Set: 0.6ms
[2024-08-22T12:17:04.262+0530][gc,phases   ] GC(19)   Other: 0.2ms
[2024-08-22T12:17:04.262+0530][gc,heap     ] GC(19) Eden regions: 605->0(604)
[2024-08-22T12:17:04.262+0530][gc,heap     ] GC(19) Survivor regions: 9->10(77)
[2024-08-22T12:17:04.262+0530][gc,heap     ] GC(19) Old regions: 17->17
[2024-08-22T12:17:04.262+0530][gc,heap     ] GC(19) Archive regions: 2->2
[2024-08-22T12:17:04.262+0530][gc,heap     ] GC(19) Humongous regions: 129->129
[2024-08-22T12:17:04.262+0530][gc,metaspace] GC(19) Metaspace: 44277K(44864K)->44277K(44864K) NonClass: 38980K(39296K)->38980K(39296K) Class: 5296K(5568K)->5296K(5568K)
[2024-08-22T12:17:04.262+0530][gc          ] GC(19) Pause Young (Normal) (G1 Evacuation Pause) 760M->156M(1024M) 8.400ms
[2024-08-22T12:17:04.263+0530][gc,cpu      ] GC(19) User=0.06s Sys=0.01s Real=0.01s
[2024-08-22T12:18:25.245+0530][gc,start    ] GC(20) Pause Young (Normal) (G1 Evacuation Pause)
[2024-08-22T12:18:25.245+0530][gc,task     ] GC(20) Using 8 workers of 8 for evacuation
[2024-08-22T12:18:25.253+0530][gc,phases   ] GC(20)   Pre Evacuate Collection Set: 0.1ms
[2024-08-22T12:18:25.253+0530][gc,phases   ] GC(20)   Merge Heap Roots: 0.2ms
[2024-08-22T12:18:25.253+0530][gc,phases   ] GC(20)   Evacuate Collection Set: 6.9ms
[2024-08-22T12:18:25.253+0530][gc,phases   ] GC(20)   Post Evacuate Collection Set: 0.6ms
[2024-08-22T12:18:25.253+0530][gc,phases   ] GC(20)   Other: 0.2ms
[2024-08-22T12:18:25.253+0530][gc,heap     ] GC(20) Eden regions: 604->0(603)
[2024-08-22T12:18:25.253+0530][gc,heap     ] GC(20) Survivor regions: 10->11(77)
[2024-08-22T12:18:25.253+0530][gc,heap     ] GC(20) Old regions: 17->17
[2024-08-22T12:18:25.253+0530][gc,heap     ] GC(20) Archive regions: 2->2
[2024-08-22T12:18:25.253+0530][gc,heap     ] GC(20) Humongous regions: 129->129
[2024-08-22T12:18:25.253+0530][gc,metaspace] GC(20) Metaspace: 44371K(45056K)->44371K(45056K) NonClass: 39055K(39424K)->39055K(39424K) Class: 5315K(5632K)->5315K(5632K)
[2024-08-22T12:18:25.253+0530][gc          ] GC(20) Pause Young (Normal) (G1 Evacuation Pause) 760M->157M(1024M) 8.070ms
[2024-08-22T12:18:25.253+0530][gc,cpu      ] GC(20) User=0.05s Sys=0.01s Real=0.01s
[2024-08-22T12:24:07.244+0530][gc,start    ] GC(21) Pause Young (Normal) (G1 Evacuation Pause)
[2024-08-22T12:24:07.244+0530][gc,task     ] GC(21) Using 8 workers of 8 for evacuation
[2024-08-22T12:24:07.256+0530][gc,phases   ] GC(21)   Pre Evacuate Collection Set: 0.2ms
[2024-08-22T12:24:07.256+0530][gc,phases   ] GC(21)   Merge Heap Roots: 0.2ms
[2024-08-22T12:24:07.256+0530][gc,phases   ] GC(21)   Evacuate Collection Set: 10.6ms
[2024-08-22T12:24:07.256+0530][gc,phases   ] GC(21)   Post Evacuate Collection Set: 0.6ms
[2024-08-22T12:24:07.256+0530][gc,phases   ] GC(21)   Other: 0.3ms
[2024-08-22T12:24:07.256+0530][gc,heap     ] GC(21) Eden regions: 603->0(600)
[2024-08-22T12:24:07.256+0530][gc,heap     ] GC(21) Survivor regions: 11->14(77)
[2024-08-22T12:24:07.256+0530][gc,heap     ] GC(21) Old regions: 17->17
[2024-08-22T12:24:07.256+0530][gc,heap     ] GC(21) Archive regions: 2->2
[2024-08-22T12:24:07.256+0530][gc,heap     ] GC(21) Humongous regions: 129->129
[2024-08-22T12:24:07.256+0530][gc,metaspace] GC(21) Metaspace: 44541K(45184K)->44541K(45184K) NonClass: 39223K(39552K)->39223K(39552K) Class: 5318K(5632K)->5318K(5632K)
[2024-08-22T12:24:07.256+0530][gc          ] GC(21) Pause Young (Normal) (G1 Evacuation Pause) 760M->160M(1024M) 12.082ms
[2024-08-22T12:24:07.256+0530][gc,cpu      ] GC(21) User=0.08s Sys=0.00s Real=0.01s
[2024-08-22T12:35:56.130+0530][gc,start    ] GC(22) Pause Young (Normal) (G1 Evacuation Pause)
[2024-08-22T12:35:56.130+0530][gc,task     ] GC(22) Using 8 workers of 8 for evacuation
[2024-08-22T12:35:56.153+0530][gc,mmu      ] GC(22) MMU target violated: 21.0ms (20.0ms/21.0ms)
[2024-08-22T12:35:56.153+0530][gc,phases   ] GC(22)   Pre Evacuate Collection Set: 0.4ms
[2024-08-22T12:35:56.153+0530][gc,phases   ] GC(22)   Merge Heap Roots: 0.3ms
[2024-08-22T12:35:56.153+0530][gc,phases   ] GC(22)   Evacuate Collection Set: 21.0ms
[2024-08-22T12:35:56.153+0530][gc,phases   ] GC(22)   Post Evacuate Collection Set: 0.9ms
[2024-08-22T12:35:56.153+0530][gc,phases   ] GC(22)   Other: 0.5ms
[2024-08-22T12:35:56.153+0530][gc,heap     ] GC(22) Eden regions: 600->0(435)
[2024-08-22T12:35:56.153+0530][gc,heap     ] GC(22) Survivor regions: 14->17(77)
[2024-08-22T12:35:56.153+0530][gc,heap     ] GC(22) Old regions: 17->17
[2024-08-22T12:35:56.153+0530][gc,heap     ] GC(22) Archive regions: 2->2
[2024-08-22T12:35:56.153+0530][gc,heap     ] GC(22) Humongous regions: 129->129
[2024-08-22T12:35:56.153+0530][gc,metaspace] GC(22) Metaspace: 44806K(45504K)->44806K(45504K) NonClass: 39483K(39872K)->39483K(39872K) Class: 5323K(5632K)->5323K(5632K)
[2024-08-22T12:35:56.153+0530][gc          ] GC(22) Pause Young (Normal) (G1 Evacuation Pause) 760M->163M(1024M) 23.158ms
[2024-08-22T12:35:56.153+0530][gc,cpu      ] GC(22) User=0.11s Sys=0.00s Real=0.02s
[2024-08-22T12:36:02.765+0530][gc,start    ] GC(23) Pause Young (Normal) (G1 Evacuation Pause)
[2024-08-22T12:36:02.765+0530][gc,task     ] GC(23) Using 8 workers of 8 for evacuation
[2024-08-22T12:36:02.796+0530][gc,mmu      ] GC(23) MMU target violated: 21.0ms (20.0ms/21.0ms)
[2024-08-22T12:36:02.796+0530][gc,phases   ] GC(23)   Pre Evacuate Collection Set: 0.8ms
[2024-08-22T12:36:02.796+0530][gc,phases   ] GC(23)   Merge Heap Roots: 0.5ms
[2024-08-22T12:36:02.796+0530][gc,phases   ] GC(23)   Evacuate Collection Set: 23.3ms
[2024-08-22T12:36:02.797+0530][gc,phases   ] GC(23)   Post Evacuate Collection Set: 6.1ms
[2024-08-22T12:36:02.797+0530][gc,phases   ] GC(23)   Other: 0.8ms
[2024-08-22T12:36:02.797+0530][gc,heap     ] GC(23) Eden regions: 435->0(31)
[2024-08-22T12:36:02.797+0530][gc,heap     ] GC(23) Survivor regions: 17->20(57)
[2024-08-22T12:36:02.797+0530][gc,heap     ] GC(23) Old regions: 17->17
[2024-08-22T12:36:02.797+0530][gc,heap     ] GC(23) Archive regions: 2->2
[2024-08-22T12:36:02.797+0530][gc,heap     ] GC(23) Humongous regions: 129->129
[2024-08-22T12:36:02.797+0530][gc,metaspace] GC(23) Metaspace: 44806K(45504K)->44806K(45504K) NonClass: 39483K(39872K)->39483K(39872K) Class: 5323K(5632K)->5323K(5632K)
[2024-08-22T12:36:02.797+0530][gc          ] GC(23) Pause Young (Normal) (G1 Evacuation Pause) 598M->166M(1024M) 32.215ms
[2024-08-22T12:36:02.797+0530][gc,cpu      ] GC(23) User=0.10s Sys=0.00s Real=0.03s
[2024-08-22T12:36:03.287+0530][gc,start    ] GC(24) Pause Young (Normal) (G1 Evacuation Pause)
[2024-08-22T12:36:03.287+0530][gc,task     ] GC(24) Using 8 workers of 8 for evacuation
[2024-08-22T12:36:03.336+0530][gc,mmu      ] GC(24) MMU target violated: 21.0ms (20.0ms/21.0ms)
[2024-08-22T12:36:03.336+0530][gc,phases   ] GC(24)   Pre Evacuate Collection Set: 0.2ms
[2024-08-22T12:36:03.336+0530][gc,phases   ] GC(24)   Merge Heap Roots: 0.1ms
[2024-08-22T12:36:03.336+0530][gc,phases   ] GC(24)   Evacuate Collection Set: 47.1ms
[2024-08-22T12:36:03.336+0530][gc,phases   ] GC(24)   Post Evacuate Collection Set: 1.5ms
[2024-08-22T12:36:03.337+0530][gc,phases   ] GC(24)   Other: 0.4ms
[2024-08-22T12:36:03.337+0530][gc,heap     ] GC(24) Eden regions: 31->0(87)
[2024-08-22T12:36:03.337+0530][gc,heap     ] GC(24) Survivor regions: 20->5(7)
[2024-08-22T12:36:03.337+0530][gc,heap     ] GC(24) Old regions: 17->31
[2024-08-22T12:36:03.337+0530][gc,heap     ] GC(24) Archive regions: 2->2
[2024-08-22T12:36:03.337+0530][gc,heap     ] GC(24) Humongous regions: 129->129
[2024-08-22T12:36:03.337+0530][gc,metaspace] GC(24) Metaspace: 44806K(45504K)->44806K(45504K) NonClass: 39483K(39872K)->39483K(39872K) Class: 5323K(5632K)->5323K(5632K)
[2024-08-22T12:36:03.337+0530][gc          ] GC(24) Pause Young (Normal) (G1 Evacuation Pause) 197M->165M(1024M) 49.645ms
[2024-08-22T12:36:03.337+0530][gc,cpu      ] GC(24) User=0.12s Sys=0.02s Real=0.05s
[2024-08-22T12:36:04.732+0530][gc,start    ] GC(25) Pause Young (Normal) (G1 Evacuation Pause)
[2024-08-22T12:36:04.732+0530][gc,task     ] GC(25) Using 8 workers of 8 for evacuation
[2024-08-22T12:36:04.739+0530][gc,phases   ] GC(25)   Pre Evacuate Collection Set: 0.2ms
[2024-08-22T12:36:04.739+0530][gc,phases   ] GC(25)   Merge Heap Roots: 0.2ms
[2024-08-22T12:36:04.739+0530][gc,phases   ] GC(25)   Evacuate Collection Set: 5.6ms
[2024-08-22T12:36:04.739+0530][gc,phases   ] GC(25)   Post Evacuate Collection Set: 0.9ms
[2024-08-22T12:36:04.739+0530][gc,phases   ] GC(25)   Other: 0.4ms
[2024-08-22T12:36:04.739+0530][gc,heap     ] GC(25) Eden regions: 87->0(139)
[2024-08-22T12:36:04.739+0530][gc,heap     ] GC(25) Survivor regions: 5->5(12)
[2024-08-22T12:36:04.739+0530][gc,heap     ] GC(25) Old regions: 31->31
[2024-08-22T12:36:04.739+0530][gc,heap     ] GC(25) Archive regions: 2->2
[2024-08-22T12:36:04.739+0530][gc,heap     ] GC(25) Humongous regions: 129->129
[2024-08-22T12:36:04.739+0530][gc,metaspace] GC(25) Metaspace: 44809K(45504K)->44809K(45504K) NonClass: 39486K(39872K)->39486K(39872K) Class: 5323K(5632K)->5323K(5632K)
[2024-08-22T12:36:04.740+0530][gc          ] GC(25) Pause Young (Normal) (G1 Evacuation Pause) 252M->164M(1024M) 7.822ms
[2024-08-22T12:36:04.740+0530][gc,cpu      ] GC(25) User=0.04s Sys=0.00s Real=0.01s
[2024-08-22T12:36:06.349+0530][gc,start    ] GC(26) Pause Young (Normal) (G1 Evacuation Pause)
[2024-08-22T12:36:06.349+0530][gc,task     ] GC(26) Using 8 workers of 8 for evacuation
[2024-08-22T12:36:06.354+0530][gc,phases   ] GC(26)   Pre Evacuate Collection Set: 0.1ms
[2024-08-22T12:36:06.354+0530][gc,phases   ] GC(26)   Merge Heap Roots: 0.1ms
[2024-08-22T12:36:06.354+0530][gc,phases   ] GC(26)   Evacuate Collection Set: 4.4ms
[2024-08-22T12:36:06.354+0530][gc,phases   ] GC(26)   Post Evacuate Collection Set: 0.5ms
[2024-08-22T12:36:06.354+0530][gc,phases   ] GC(26)   Other: 0.2ms
[2024-08-22T12:36:06.354+0530][gc,heap     ] GC(26) Eden regions: 139->0(231)
[2024-08-22T12:36:06.354+0530][gc,heap     ] GC(26) Survivor regions: 5->5(18)
[2024-08-22T12:36:06.354+0530][gc,heap     ] GC(26) Old regions: 31->31
[2024-08-22T12:36:06.354+0530][gc,heap     ] GC(26) Archive regions: 2->2
[2024-08-22T12:36:06.354+0530][gc,heap     ] GC(26) Humongous regions: 129->129
[2024-08-22T12:36:06.354+0530][gc,metaspace] GC(26) Metaspace: 44809K(45504K)->44809K(45504K) NonClass: 39486K(39872K)->39486K(39872K) Class: 5323K(5632K)->5323K(5632K)
[2024-08-22T12:36:06.354+0530][gc          ] GC(26) Pause Young (Normal) (G1 Evacuation Pause) 303M->165M(1024M) 5.441ms
[2024-08-22T12:36:06.354+0530][gc,cpu      ] GC(26) User=0.03s Sys=0.00s Real=0.01s
[2024-08-22T12:36:09.237+0530][gc,start    ] GC(27) Pause Young (Normal) (G1 Evacuation Pause)
[2024-08-22T12:36:09.237+0530][gc,task     ] GC(27) Using 8 workers of 8 for evacuation
[2024-08-22T12:36:09.241+0530][gc,phases   ] GC(27)   Pre Evacuate Collection Set: 0.2ms
[2024-08-22T12:36:09.241+0530][gc,phases   ] GC(27)   Merge Heap Roots: 0.1ms
[2024-08-22T12:36:09.241+0530][gc,phases   ] GC(27)   Evacuate Collection Set: 3.1ms
[2024-08-22T12:36:09.241+0530][gc,phases   ] GC(27)   Post Evacuate Collection Set: 0.5ms
[2024-08-22T12:36:09.241+0530][gc,phases   ] GC(27)   Other: 0.3ms
[2024-08-22T12:36:09.241+0530][gc,heap     ] GC(27) Eden regions: 223->0(428)
[2024-08-22T12:36:09.241+0530][gc,heap     ] GC(27) Survivor regions: 5->3(29)
[2024-08-22T12:36:09.241+0530][gc,heap     ] GC(27) Old regions: 31->31
[2024-08-22T12:36:09.241+0530][gc,heap     ] GC(27) Archive regions: 2->2
[2024-08-22T12:36:09.241+0530][gc,heap     ] GC(27) Humongous regions: 129->129
[2024-08-22T12:36:09.241+0530][gc,metaspace] GC(27) Metaspace: 44809K(45504K)->44809K(45504K) NonClass: 39486K(39872K)->39486K(39872K) Class: 5323K(5632K)->5323K(5632K)
[2024-08-22T12:36:09.241+0530][gc          ] GC(27) Pause Young (Normal) (G1 Evacuation Pause) 388M->162M(1024M) 4.527ms
[2024-08-22T12:36:09.241+0530][gc,cpu      ] GC(27) User=0.02s Sys=0.00s Real=0.01s
[2024-08-22T12:36:14.852+0530][gc,start    ] GC(28) Pause Young (Normal) (G1 Evacuation Pause)
[2024-08-22T12:36:14.852+0530][gc,task     ] GC(28) Using 8 workers of 8 for evacuation
[2024-08-22T12:36:14.864+0530][gc,phases   ] GC(28)   Pre Evacuate Collection Set: 0.1ms
[2024-08-22T12:36:14.864+0530][gc,phases   ] GC(28)   Merge Heap Roots: 0.1ms
[2024-08-22T12:36:14.864+0530][gc,phases   ] GC(28)   Evacuate Collection Set: 8.4ms
[2024-08-22T12:36:14.864+0530][gc,phases   ] GC(28)   Post Evacuate Collection Set: 3.6ms
[2024-08-22T12:36:14.864+0530][gc,phases   ] GC(28)   Other: 0.2ms
[2024-08-22T12:36:14.864+0530][gc,heap     ] GC(28) Eden regions: 428->0(368)
[2024-08-22T12:36:14.865+0530][gc,heap     ] GC(28) Survivor regions: 3->7(54)
[2024-08-22T12:36:14.865+0530][gc,heap     ] GC(28) Old regions: 31->31
[2024-08-22T12:36:14.865+0530][gc,heap     ] GC(28) Archive regions: 2->2
[2024-08-22T12:36:14.865+0530][gc,heap     ] GC(28) Humongous regions: 129->129
[2024-08-22T12:36:14.865+0530][gc,metaspace] GC(28) Metaspace: 44809K(45504K)->44809K(45504K) NonClass: 39486K(39872K)->39486K(39872K) Class: 5323K(5632K)->5323K(5632K)
[2024-08-22T12:36:14.865+0530][gc          ] GC(28) Pause Young (Normal) (G1 Evacuation Pause) 590M->167M(1024M) 12.885ms
[2024-08-22T12:36:14.865+0530][gc,cpu      ] GC(28) User=0.04s Sys=0.00s Real=0.01s
[2024-08-22T12:36:54.269+0530][gc,start    ] GC(29) Pause Young (Normal) (G1 Evacuation Pause)
[2024-08-22T12:36:54.271+0530][gc,task     ] GC(29) Using 8 workers of 8 for evacuation
[2024-08-22T12:36:54.282+0530][gc,phases   ] GC(29)   Pre Evacuate Collection Set: 0.2ms
[2024-08-22T12:36:54.282+0530][gc,phases   ] GC(29)   Merge Heap Roots: 0.2ms
[2024-08-22T12:36:54.282+0530][gc,phases   ] GC(29)   Evacuate Collection Set: 9.5ms
[2024-08-22T12:36:54.282+0530][gc,phases   ] GC(29)   Post Evacuate Collection Set: 0.7ms
[2024-08-22T12:36:54.282+0530][gc,phases   ] GC(29)   Other: 2.3ms
[2024-08-22T12:36:54.282+0530][gc,heap     ] GC(29) Eden regions: 368->0(389)
[2024-08-22T12:36:54.282+0530][gc,heap     ] GC(29) Survivor regions: 7->9(47)
[2024-08-22T12:36:54.282+0530][gc,heap     ] GC(29) Old regions: 31->31
[2024-08-22T12:36:54.282+0530][gc,heap     ] GC(29) Archive regions: 2->2
[2024-08-22T12:36:54.282+0530][gc,heap     ] GC(29) Humongous regions: 129->129
[2024-08-22T12:36:54.282+0530][gc,metaspace] GC(29) Metaspace: 44811K(45504K)->44811K(45504K) NonClass: 39488K(39872K)->39488K(39872K) Class: 5323K(5632K)->5323K(5632K)
[2024-08-22T12:36:54.282+0530][gc          ] GC(29) Pause Young (Normal) (G1 Evacuation Pause) 535M->169M(1024M) 13.251ms
[2024-08-22T12:36:54.282+0530][gc,cpu      ] GC(29) User=0.07s Sys=0.00s Real=0.02s
[2024-08-22T12:37:22.338+0530][gc,start    ] GC(30) Pause Young (Normal) (G1 Evacuation Pause)
[2024-08-22T12:37:22.340+0530][gc,task     ] GC(30) Using 8 workers of 8 for evacuation
[2024-08-22T12:37:22.360+0530][gc,mmu      ] GC(30) MMU target violated: 20.1ms (20.0ms/21.0ms)
[2024-08-22T12:37:22.360+0530][gc,phases   ] GC(30)   Pre Evacuate Collection Set: 0.3ms
[2024-08-22T12:37:22.360+0530][gc,phases   ] GC(30)   Merge Heap Roots: 0.2ms
[2024-08-22T12:37:22.360+0530][gc,phases   ] GC(30)   Evacuate Collection Set: 17.9ms
[2024-08-22T12:37:22.360+0530][gc,phases   ] GC(30)   Post Evacuate Collection Set: 1.6ms
[2024-08-22T12:37:22.360+0530][gc,phases   ] GC(30)   Other: 2.5ms
[2024-08-22T12:37:22.360+0530][gc,heap     ] GC(30) Eden regions: 389->0(263)
[2024-08-22T12:37:22.360+0530][gc,heap     ] GC(30) Survivor regions: 9->10(50)
[2024-08-22T12:37:22.361+0530][gc,heap     ] GC(30) Old regions: 31->31
[2024-08-22T12:37:22.361+0530][gc,heap     ] GC(30) Archive regions: 2->2
[2024-08-22T12:37:22.361+0530][gc,heap     ] GC(30) Humongous regions: 129->129
[2024-08-22T12:37:22.361+0530][gc,metaspace] GC(30) Metaspace: 44813K(45504K)->44813K(45504K) NonClass: 39489K(39872K)->39489K(39872K) Class: 5323K(5632K)->5323K(5632K)
[2024-08-22T12:37:22.361+0530][gc          ] GC(30) Pause Young (Normal) (G1 Evacuation Pause) 558M->170M(1024M) 23.174ms
[2024-08-22T12:37:22.361+0530][gc,cpu      ] GC(30) User=0.09s Sys=0.00s Real=0.03s
[2024-08-22T12:37:29.192+0530][gc,start    ] GC(31) Pause Young (Normal) (G1 Evacuation Pause)
[2024-08-22T12:37:29.192+0530][gc,task     ] GC(31) Using 8 workers of 8 for evacuation
[2024-08-22T12:37:29.209+0530][gc,phases   ] GC(31)   Pre Evacuate Collection Set: 0.3ms
[2024-08-22T12:37:29.209+0530][gc,phases   ] GC(31)   Merge Heap Roots: 0.2ms
[2024-08-22T12:37:29.209+0530][gc,phases   ] GC(31)   Evacuate Collection Set: 14.9ms
[2024-08-22T12:37:29.209+0530][gc,phases   ] GC(31)   Post Evacuate Collection Set: 0.9ms
[2024-08-22T12:37:29.209+0530][gc,phases   ] GC(31)   Other: 0.6ms
[2024-08-22T12:37:29.209+0530][gc,heap     ] GC(31) Eden regions: 263->0(348)
[2024-08-22T12:37:29.209+0530][gc,heap     ] GC(31) Survivor regions: 10->8(35)
[2024-08-22T12:37:29.209+0530][gc,heap     ] GC(31) Old regions: 31->31
[2024-08-22T12:37:29.209+0530][gc,heap     ] GC(31) Archive regions: 2->2
[2024-08-22T12:37:29.209+0530][gc,heap     ] GC(31) Humongous regions: 129->129
[2024-08-22T12:37:29.209+0530][gc,metaspace] GC(31) Metaspace: 44820K(45504K)->44820K(45504K) NonClass: 39497K(39872K)->39497K(39872K) Class: 5323K(5632K)->5323K(5632K)
[2024-08-22T12:37:29.209+0530][gc          ] GC(31) Pause Young (Normal) (G1 Evacuation Pause) 433M->168M(1024M) 17.195ms
[2024-08-22T12:37:29.209+0530][gc,cpu      ] GC(31) User=0.08s Sys=0.00s Real=0.01s
[2024-08-22T12:37:38.119+0530][gc,start    ] GC(32) Pause Young (Normal) (G1 Evacuation Pause)
[2024-08-22T12:37:38.119+0530][gc,task     ] GC(32) Using 8 workers of 8 for evacuation
[2024-08-22T12:37:38.135+0530][gc,phases   ] GC(32)   Pre Evacuate Collection Set: 0.2ms
[2024-08-22T12:37:38.135+0530][gc,phases   ] GC(32)   Merge Heap Roots: 0.2ms
[2024-08-22T12:37:38.135+0530][gc,phases   ] GC(32)   Evacuate Collection Set: 15.2ms
[2024-08-22T12:37:38.135+0530][gc,phases   ] GC(32)   Post Evacuate Collection Set: 0.7ms
[2024-08-22T12:37:38.136+0530][gc,phases   ] GC(32)   Other: 0.4ms
[2024-08-22T12:37:38.136+0530][gc,heap     ] GC(32) Eden regions: 348->0(49)
[2024-08-22T12:37:38.136+0530][gc,heap     ] GC(32) Survivor regions: 8->13(45)
[2024-08-22T12:37:38.136+0530][gc,heap     ] GC(32) Old regions: 31->31
[2024-08-22T12:37:38.136+0530][gc,heap     ] GC(32) Archive regions: 2->2
[2024-08-22T12:37:38.136+0530][gc,heap     ] GC(32) Humongous regions: 129->129
[2024-08-22T12:37:38.136+0530][gc,metaspace] GC(32) Metaspace: 44820K(45504K)->44820K(45504K) NonClass: 39497K(39872K)->39497K(39872K) Class: 5323K(5632K)->5323K(5632K)
[2024-08-22T12:37:38.136+0530][gc          ] GC(32) Pause Young (Normal) (G1 Evacuation Pause) 516M->173M(1024M) 17.231ms
[2024-08-22T12:37:38.136+0530][gc,cpu      ] GC(32) User=0.10s Sys=0.00s Real=0.02s
[2024-08-22T12:37:39.503+0530][gc,start    ] GC(33) Pause Young (Normal) (G1 Evacuation Pause)
[2024-08-22T12:37:39.503+0530][gc,task     ] GC(33) Using 8 workers of 8 for evacuation
[2024-08-22T12:37:39.532+0530][gc,mmu      ] GC(33) MMU target violated: 21.0ms (20.0ms/21.0ms)
[2024-08-22T12:37:39.532+0530][gc,phases   ] GC(33)   Pre Evacuate Collection Set: 0.2ms
[2024-08-22T12:37:39.532+0530][gc,phases   ] GC(33)   Merge Heap Roots: 0.2ms
[2024-08-22T12:37:39.532+0530][gc,phases   ] GC(33)   Evacuate Collection Set: 27.1ms
[2024-08-22T12:37:39.532+0530][gc,phases   ] GC(33)   Post Evacuate Collection Set: 1.2ms
[2024-08-22T12:37:39.532+0530][gc,phases   ] GC(33)   Other: 0.6ms
[2024-08-22T12:37:39.532+0530][gc,heap     ] GC(33) Eden regions: 49->0(351)
[2024-08-22T12:37:39.533+0530][gc,heap     ] GC(33) Survivor regions: 13->5(8)
[2024-08-22T12:37:39.533+0530][gc,heap     ] GC(33) Old regions: 31->39
[2024-08-22T12:37:39.533+0530][gc,heap     ] GC(33) Archive regions: 2->2
[2024-08-22T12:37:39.533+0530][gc,heap     ] GC(33) Humongous regions: 129->129
[2024-08-22T12:37:39.533+0530][gc,metaspace] GC(33) Metaspace: 44821K(45504K)->44821K(45504K) NonClass: 39498K(39872K)->39498K(39872K) Class: 5323K(5632K)->5323K(5632K)
[2024-08-22T12:37:39.533+0530][gc          ] GC(33) Pause Young (Normal) (G1 Evacuation Pause) 222M->173M(1024M) 29.739ms
[2024-08-22T12:37:39.533+0530][gc,cpu      ] GC(33) User=0.11s Sys=0.02s Real=0.03s
[2024-08-22T12:37:48.275+0530][gc,start    ] GC(34) Pause Young (Normal) (G1 Evacuation Pause)
[2024-08-22T12:37:48.276+0530][gc,task     ] GC(34) Using 8 workers of 8 for evacuation
[2024-08-22T12:37:48.284+0530][gc,phases   ] GC(34)   Pre Evacuate Collection Set: 0.3ms
[2024-08-22T12:37:48.284+0530][gc,phases   ] GC(34)   Merge Heap Roots: 0.2ms
[2024-08-22T12:37:48.284+0530][gc,phases   ] GC(34)   Evacuate Collection Set: 7.1ms
[2024-08-22T12:37:48.284+0530][gc,phases   ] GC(34)   Post Evacuate Collection Set: 0.7ms
[2024-08-22T12:37:48.284+0530][gc,phases   ] GC(34)   Other: 0.3ms
[2024-08-22T12:37:48.284+0530][gc,heap     ] GC(34) Eden regions: 351->0(468)
[2024-08-22T12:37:48.284+0530][gc,heap     ] GC(34) Survivor regions: 5->6(45)
[2024-08-22T12:37:48.284+0530][gc,heap     ] GC(34) Old regions: 39->39
[2024-08-22T12:37:48.284+0530][gc,heap     ] GC(34) Archive regions: 2->2
[2024-08-22T12:37:48.284+0530][gc,heap     ] GC(34) Humongous regions: 129->129
[2024-08-22T12:37:48.284+0530][gc,metaspace] GC(34) Metaspace: 44821K(45504K)->44821K(45504K) NonClass: 39498K(39872K)->39498K(39872K) Class: 5323K(5632K)->5323K(5632K)
[2024-08-22T12:37:48.285+0530][gc          ] GC(34) Pause Young (Normal) (G1 Evacuation Pause) 524M->174M(1024M) 9.090ms
[2024-08-22T12:37:48.285+0530][gc,cpu      ] GC(34) User=0.06s Sys=0.01s Real=0.01s
[2024-08-22T12:37:59.721+0530][gc,start    ] GC(35) Pause Young (Normal) (G1 Evacuation Pause)
[2024-08-22T12:37:59.721+0530][gc,task     ] GC(35) Using 8 workers of 8 for evacuation
[2024-08-22T12:37:59.727+0530][gc,phases   ] GC(35)   Pre Evacuate Collection Set: 0.2ms
[2024-08-22T12:37:59.727+0530][gc,phases   ] GC(35)   Merge Heap Roots: 0.2ms
[2024-08-22T12:37:59.728+0530][gc,phases   ] GC(35)   Evacuate Collection Set: 5.4ms
[2024-08-22T12:37:59.728+0530][gc,phases   ] GC(35)   Post Evacuate Collection Set: 0.7ms
[2024-08-22T12:37:59.728+0530][gc,phases   ] GC(35)   Other: 0.3ms
[2024-08-22T12:37:59.728+0530][gc,heap     ] GC(35) Eden regions: 468->0(611)
[2024-08-22T12:37:59.728+0530][gc,heap     ] GC(35) Survivor regions: 6->3(60)
[2024-08-22T12:37:59.728+0530][gc,heap     ] GC(35) Old regions: 39->39
[2024-08-22T12:37:59.728+0530][gc,heap     ] GC(35) Archive regions: 2->2
[2024-08-22T12:37:59.728+0530][gc,heap     ] GC(35) Humongous regions: 129->129
[2024-08-22T12:37:59.728+0530][gc,metaspace] GC(35) Metaspace: 44824K(45504K)->44824K(45504K) NonClass: 39501K(39872K)->39501K(39872K) Class: 5323K(5632K)->5323K(5632K)
[2024-08-22T12:37:59.728+0530][gc          ] GC(35) Pause Young (Normal) (G1 Evacuation Pause) 642M->171M(1024M) 7.242ms
[2024-08-22T12:37:59.728+0530][gc,cpu      ] GC(35) User=0.04s Sys=0.00s Real=0.00s
[2024-08-22T12:38:15.685+0530][gc,start    ] GC(36) Pause Young (Normal) (G1 Evacuation Pause)
[2024-08-22T12:38:15.685+0530][gc,task     ] GC(36) Using 8 workers of 8 for evacuation
[2024-08-22T12:38:15.704+0530][gc,phases   ] GC(36)   Pre Evacuate Collection Set: 0.3ms
[2024-08-22T12:38:15.704+0530][gc,phases   ] GC(36)   Merge Heap Roots: 0.3ms
[2024-08-22T12:38:15.704+0530][gc,phases   ] GC(36)   Evacuate Collection Set: 16.9ms
[2024-08-22T12:38:15.704+0530][gc,phases   ] GC(36)   Post Evacuate Collection Set: 1.3ms
[2024-08-22T12:38:15.704+0530][gc,phases   ] GC(36)   Other: 0.5ms
[2024-08-22T12:38:15.704+0530][gc,heap     ] GC(36) Eden regions: 611->0(608)
[2024-08-22T12:38:15.704+0530][gc,heap     ] GC(36) Survivor regions: 3->6(77)
[2024-08-22T12:38:15.704+0530][gc,heap     ] GC(36) Old regions: 39->39
[2024-08-22T12:38:15.704+0530][gc,heap     ] GC(36) Archive regions: 2->2
[2024-08-22T12:38:15.704+0530][gc,heap     ] GC(36) Humongous regions: 129->129
[2024-08-22T12:38:15.704+0530][gc,metaspace] GC(36) Metaspace: 44835K(45504K)->44835K(45504K) NonClass: 39512K(39872K)->39512K(39872K) Class: 5323K(5632K)->5323K(5632K)
[2024-08-22T12:38:15.704+0530][gc          ] GC(36) Pause Young (Normal) (G1 Evacuation Pause) 782M->174M(1024M) 19.678ms
[2024-08-22T12:38:15.705+0530][gc,cpu      ] GC(36) User=0.08s Sys=0.01s Real=0.02s
[2024-08-22T12:38:31.057+0530][gc,start    ] GC(37) Pause Young (Normal) (G1 Evacuation Pause)
[2024-08-22T12:38:31.057+0530][gc,task     ] GC(37) Using 8 workers of 8 for evacuation
[2024-08-22T12:38:31.072+0530][gc,phases   ] GC(37)   Pre Evacuate Collection Set: 0.2ms
[2024-08-22T12:38:31.072+0530][gc,phases   ] GC(37)   Merge Heap Roots: 0.4ms
[2024-08-22T12:38:31.073+0530][gc,phases   ] GC(37)   Evacuate Collection Set: 11.9ms
[2024-08-22T12:38:31.073+0530][gc,phases   ] GC(37)   Post Evacuate Collection Set: 2.5ms
[2024-08-22T12:38:31.073+0530][gc,phases   ] GC(37)   Other: 0.3ms
[2024-08-22T12:38:31.073+0530][gc,heap     ] GC(37) Eden regions: 608->0(609)
[2024-08-22T12:38:31.073+0530][gc,heap     ] GC(37) Survivor regions: 6->5(77)
[2024-08-22T12:38:31.073+0530][gc,heap     ] GC(37) Old regions: 39->39
[2024-08-22T12:38:31.073+0530][gc,heap     ] GC(37) Archive regions: 2->2
[2024-08-22T12:38:31.073+0530][gc,heap     ] GC(37) Humongous regions: 129->129
[2024-08-22T12:38:31.073+0530][gc,metaspace] GC(37) Metaspace: 44835K(45504K)->44835K(45504K) NonClass: 39512K(39872K)->39512K(39872K) Class: 5323K(5632K)->5323K(5632K)
[2024-08-22T12:38:31.073+0530][gc          ] GC(37) Pause Young (Normal) (G1 Evacuation Pause) 782M->173M(1024M) 16.244ms
[2024-08-22T12:38:31.073+0530][gc,cpu      ] GC(37) User=0.06s Sys=0.00s Real=0.02s
[2024-08-22T12:38:44.511+0530][gc,start    ] GC(38) Pause Young (Normal) (G1 Evacuation Pause)
[2024-08-22T12:38:44.513+0530][gc,task     ] GC(38) Using 8 workers of 8 for evacuation
[2024-08-22T12:38:44.531+0530][gc,phases   ] GC(38)   Pre Evacuate Collection Set: 0.2ms
[2024-08-22T12:38:44.531+0530][gc,phases   ] GC(38)   Merge Heap Roots: 0.3ms
[2024-08-22T12:38:44.531+0530][gc,phases   ] GC(38)   Evacuate Collection Set: 15.7ms
[2024-08-22T12:38:44.531+0530][gc,phases   ] GC(38)   Post Evacuate Collection Set: 1.6ms
[2024-08-22T12:38:44.531+0530][gc,phases   ] GC(38)   Other: 2.3ms
[2024-08-22T12:38:44.531+0530][gc,heap     ] GC(38) Eden regions: 609->0(607)
[2024-08-22T12:38:44.531+0530][gc,heap     ] GC(38) Survivor regions: 5->7(77)
[2024-08-22T12:38:44.531+0530][gc,heap     ] GC(38) Old regions: 39->39
[2024-08-22T12:38:44.531+0530][gc,heap     ] GC(38) Archive regions: 2->2
[2024-08-22T12:38:44.531+0530][gc,heap     ] GC(38) Humongous regions: 129->129
[2024-08-22T12:38:44.531+0530][gc,metaspace] GC(38) Metaspace: 44837K(45504K)->44837K(45504K) NonClass: 39513K(39872K)->39513K(39872K) Class: 5323K(5632K)->5323K(5632K)
[2024-08-22T12:38:44.531+0530][gc          ] GC(38) Pause Young (Normal) (G1 Evacuation Pause) 782M->175M(1024M) 20.436ms
[2024-08-22T12:38:44.531+0530][gc,cpu      ] GC(38) User=0.09s Sys=0.00s Real=0.02s
[2024-08-22T12:38:57.918+0530][gc,start    ] GC(39) Pause Young (Normal) (G1 Evacuation Pause)
[2024-08-22T12:38:57.920+0530][gc,task     ] GC(39) Using 8 workers of 8 for evacuation
[2024-08-22T12:38:57.941+0530][gc,mmu      ] GC(39) MMU target violated: 21.0ms (20.0ms/21.0ms)
[2024-08-22T12:38:57.941+0530][gc,phases   ] GC(39)   Pre Evacuate Collection Set: 0.3ms
[2024-08-22T12:38:57.941+0530][gc,phases   ] GC(39)   Merge Heap Roots: 0.3ms
[2024-08-22T12:38:57.941+0530][gc,phases   ] GC(39)   Evacuate Collection Set: 19.7ms
[2024-08-22T12:38:57.941+0530][gc,phases   ] GC(39)   Post Evacuate Collection Set: 0.9ms
[2024-08-22T12:38:57.942+0530][gc,phases   ] GC(39)   Other: 2.4ms
[2024-08-22T12:38:57.942+0530][gc,heap     ] GC(39) Eden regions: 603->0(214)
[2024-08-22T12:38:57.942+0530][gc,heap     ] GC(39) Survivor regions: 7->10(77)
[2024-08-22T12:38:57.942+0530][gc,heap     ] GC(39) Old regions: 39->39
[2024-08-22T12:38:57.942+0530][gc,heap     ] GC(39) Archive regions: 2->2
[2024-08-22T12:38:57.942+0530][gc,heap     ] GC(39) Humongous regions: 129->129
[2024-08-22T12:38:57.942+0530][gc,metaspace] GC(39) Metaspace: 44837K(45504K)->44837K(45504K) NonClass: 39513K(39872K)->39513K(39872K) Class: 5323K(5632K)->5323K(5632K)
[2024-08-22T12:38:57.942+0530][gc          ] GC(39) Pause Young (Normal) (G1 Evacuation Pause) 778M->177M(1024M) 23.854ms
[2024-08-22T12:38:57.942+0530][gc,cpu      ] GC(39) User=0.10s Sys=0.01s Real=0.03s
[2024-08-22T12:39:01.532+0530][gc,start    ] GC(40) Pause Young (Normal) (G1 Evacuation Pause)
[2024-08-22T12:39:01.532+0530][gc,task     ] GC(40) Using 8 workers of 8 for evacuation
[2024-08-22T12:39:01.554+0530][gc,mmu      ] GC(40) MMU target violated: 21.0ms (20.0ms/21.0ms)
[2024-08-22T12:39:01.554+0530][gc,phases   ] GC(40)   Pre Evacuate Collection Set: 0.3ms
[2024-08-22T12:39:01.555+0530][gc,phases   ] GC(40)   Merge Heap Roots: 0.3ms
[2024-08-22T12:39:01.555+0530][gc,phases   ] GC(40)   Evacuate Collection Set: 20.4ms
[2024-08-22T12:39:01.555+0530][gc,phases   ] GC(40)   Post Evacuate Collection Set: 0.6ms
[2024-08-22T12:39:01.555+0530][gc,phases   ] GC(40)   Other: 0.5ms
[2024-08-22T12:39:01.555+0530][gc,heap     ] GC(40) Eden regions: 143->0(284)
[2024-08-22T12:39:01.555+0530][gc,heap     ] GC(40) Survivor regions: 10->10(20)
[2024-08-22T12:39:01.555+0530][gc,heap     ] GC(40) Old regions: 39->39
[2024-08-22T12:39:01.555+0530][gc,heap     ] GC(40) Archive regions: 2->2
[2024-08-22T12:39:01.555+0530][gc,heap     ] GC(40) Humongous regions: 129->129
[2024-08-22T12:39:01.555+0530][gc,metaspace] GC(40) Metaspace: 44838K(45504K)->44838K(45504K) NonClass: 39515K(39872K)->39515K(39872K) Class: 5323K(5632K)->5323K(5632K)
[2024-08-22T12:39:01.555+0530][gc          ] GC(40) Pause Young (Normal) (G1 Evacuation Pause) 320M->178M(1024M) 22.597ms
[2024-08-22T12:39:01.555+0530][gc,cpu      ] GC(40) User=0.07s Sys=0.00s Real=0.02s
[2024-08-22T12:39:07.020+0530][gc,start    ] GC(41) Pause Young (Normal) (G1 Evacuation Pause)
[2024-08-22T12:39:07.022+0530][gc,task     ] GC(41) Using 8 workers of 8 for evacuation
[2024-08-22T12:39:07.039+0530][gc,phases   ] GC(41)   Pre Evacuate Collection Set: 0.2ms
[2024-08-22T12:39:07.039+0530][gc,phases   ] GC(41)   Merge Heap Roots: 0.2ms
[2024-08-22T12:39:07.039+0530][gc,phases   ] GC(41)   Evacuate Collection Set: 15.1ms
[2024-08-22T12:39:07.039+0530][gc,phases   ] GC(41)   Post Evacuate Collection Set: 0.8ms
[2024-08-22T12:39:07.039+0530][gc,phases   ] GC(41)   Other: 2.3ms
[2024-08-22T12:39:07.039+0530][gc,heap     ] GC(41) Eden regions: 284->0(453)
[2024-08-22T12:39:07.039+0530][gc,heap     ] GC(41) Survivor regions: 10->10(37)
[2024-08-22T12:39:07.039+0530][gc,heap     ] GC(41) Old regions: 39->39
[2024-08-22T12:39:07.039+0530][gc,heap     ] GC(41) Archive regions: 2->2
[2024-08-22T12:39:07.039+0530][gc,heap     ] GC(41) Humongous regions: 129->129
[2024-08-22T12:39:07.039+0530][gc,metaspace] GC(41) Metaspace: 44838K(45504K)->44838K(45504K) NonClass: 39515K(39872K)->39515K(39872K) Class: 5323K(5632K)->5323K(5632K)
[2024-08-22T12:39:07.039+0530][gc          ] GC(41) Pause Young (Normal) (G1 Evacuation Pause) 462M->178M(1024M) 18.954ms
[2024-08-22T12:39:07.039+0530][gc,cpu      ] GC(41) User=0.09s Sys=0.00s Real=0.01s
[2024-08-22T12:39:15.471+0530][gc,start    ] GC(42) Pause Young (Normal) (G1 Evacuation Pause)
[2024-08-22T12:39:15.471+0530][gc,task     ] GC(42) Using 8 workers of 8 for evacuation
[2024-08-22T12:39:15.498+0530][gc,mmu      ] GC(42) MMU target violated: 21.0ms (20.0ms/21.0ms)
[2024-08-22T12:39:15.499+0530][gc,phases   ] GC(42)   Pre Evacuate Collection Set: 0.4ms
[2024-08-22T12:39:15.499+0530][gc,phases   ] GC(42)   Merge Heap Roots: 0.4ms
[2024-08-22T12:39:15.499+0530][gc,phases   ] GC(42)   Evacuate Collection Set: 24.2ms
[2024-08-22T12:39:15.499+0530][gc,phases   ] GC(42)   Post Evacuate Collection Set: 2.1ms
[2024-08-22T12:39:15.499+0530][gc,phases   ] GC(42)   Other: 0.8ms
[2024-08-22T12:39:15.499+0530][gc,heap     ] GC(42) Eden regions: 395->0(39)
[2024-08-22T12:39:15.499+0530][gc,heap     ] GC(42) Survivor regions: 10->12(51)
[2024-08-22T12:39:15.499+0530][gc,heap     ] GC(42) Old regions: 39->39
[2024-08-22T12:39:15.499+0530][gc,heap     ] GC(42) Archive regions: 2->2
[2024-08-22T12:39:15.499+0530][gc,heap     ] GC(42) Humongous regions: 129->129
[2024-08-22T12:39:15.499+0530][gc,metaspace] GC(42) Metaspace: 44839K(45504K)->44839K(45504K) NonClass: 39515K(39872K)->39515K(39872K) Class: 5323K(5632K)->5323K(5632K)
[2024-08-22T12:39:15.499+0530][gc          ] GC(42) Pause Young (Normal) (G1 Evacuation Pause) 573M->180M(1024M) 28.478ms
[2024-08-22T12:39:15.500+0530][gc,cpu      ] GC(42) User=0.13s Sys=0.00s Real=0.03s
[2024-08-22T12:39:16.587+0530][gc,start    ] GC(43) Pause Young (Normal) (G1 Evacuation Pause)
[2024-08-22T12:39:16.588+0530][gc,task     ] GC(43) Using 8 workers of 8 for evacuation
[2024-08-22T12:39:16.609+0530][gc,mmu      ] GC(43) MMU target violated: 21.0ms (20.0ms/21.0ms)
[2024-08-22T12:39:16.609+0530][gc,phases   ] GC(43)   Pre Evacuate Collection Set: 0.4ms
[2024-08-22T12:39:16.609+0530][gc,phases   ] GC(43)   Merge Heap Roots: 0.2ms
[2024-08-22T12:39:16.609+0530][gc,phases   ] GC(43)   Evacuate Collection Set: 19.7ms
[2024-08-22T12:39:16.609+0530][gc,phases   ] GC(43)   Post Evacuate Collection Set: 0.6ms
[2024-08-22T12:39:16.609+0530][gc,phases   ] GC(43)   Other: 1.1ms
[2024-08-22T12:39:16.610+0530][gc,heap     ] GC(43) Eden regions: 39->0(610)
[2024-08-22T12:39:16.610+0530][gc,heap     ] GC(43) Survivor regions: 12->4(7)
[2024-08-22T12:39:16.610+0530][gc,heap     ] GC(43) Old regions: 39->46
[2024-08-22T12:39:16.610+0530][gc,heap     ] GC(43) Archive regions: 2->2
[2024-08-22T12:39:16.610+0530][gc,heap     ] GC(43) Humongous regions: 129->129
[2024-08-22T12:39:16.610+0530][gc,metaspace] GC(43) Metaspace: 44840K(45504K)->44840K(45504K) NonClass: 39517K(39872K)->39517K(39872K) Class: 5323K(5632K)->5323K(5632K)
[2024-08-22T12:39:16.610+0530][gc          ] GC(43) Pause Young (Normal) (G1 Evacuation Pause) 219M->179M(1024M) 22.417ms
[2024-08-22T12:39:16.610+0530][gc,cpu      ] GC(43) User=0.10s Sys=0.02s Real=0.03s
[2024-08-22T12:39:29.740+0530][gc,start    ] GC(44) Pause Young (Normal) (G1 Evacuation Pause)
[2024-08-22T12:39:29.742+0530][gc,task     ] GC(44) Using 8 workers of 8 for evacuation
[2024-08-22T12:39:29.755+0530][gc,phases   ] GC(44)   Pre Evacuate Collection Set: 0.2ms
[2024-08-22T12:39:29.755+0530][gc,phases   ] GC(44)   Merge Heap Roots: 0.3ms
[2024-08-22T12:39:29.755+0530][gc,phases   ] GC(44)   Evacuate Collection Set: 9.3ms
[2024-08-22T12:39:29.755+0530][gc,phases   ] GC(44)   Post Evacuate Collection Set: 2.6ms
[2024-08-22T12:39:29.755+0530][gc,phases   ] GC(44)   Other: 2.3ms
[2024-08-22T12:39:29.755+0530][gc,heap     ] GC(44) Eden regions: 610->0(608)
[2024-08-22T12:39:29.755+0530][gc,heap     ] GC(44) Survivor regions: 4->6(77)
[2024-08-22T12:39:29.755+0530][gc,heap     ] GC(44) Old regions: 46->46
[2024-08-22T12:39:29.755+0530][gc,heap     ] GC(44) Archive regions: 2->2
[2024-08-22T12:39:29.755+0530][gc,heap     ] GC(44) Humongous regions: 129->129
[2024-08-22T12:39:29.755+0530][gc,metaspace] GC(44) Metaspace: 44841K(45504K)->44841K(45504K) NonClass: 39517K(39872K)->39517K(39872K) Class: 5323K(5632K)->5323K(5632K)
[2024-08-22T12:39:29.756+0530][gc          ] GC(44) Pause Young (Normal) (G1 Evacuation Pause) 789M->181M(1024M) 15.261ms
[2024-08-22T12:39:29.756+0530][gc,cpu      ] GC(44) User=0.06s Sys=0.00s Real=0.01s
[2024-08-22T12:39:43.058+0530][gc,start    ] GC(45) Pause Young (Normal) (G1 Evacuation Pause)
[2024-08-22T12:39:43.058+0530][gc,task     ] GC(45) Using 8 workers of 8 for evacuation
[2024-08-22T12:39:43.068+0530][gc,phases   ] GC(45)   Pre Evacuate Collection Set: 0.2ms
[2024-08-22T12:39:43.068+0530][gc,phases   ] GC(45)   Merge Heap Roots: 0.2ms
[2024-08-22T12:39:43.068+0530][gc,phases   ] GC(45)   Evacuate Collection Set: 7.9ms
[2024-08-22T12:39:43.068+0530][gc,phases   ] GC(45)   Post Evacuate Collection Set: 0.8ms
[2024-08-22T12:39:43.068+0530][gc,phases   ] GC(45)   Other: 0.5ms
[2024-08-22T12:39:43.068+0530][gc,heap     ] GC(45) Eden regions: 608->0(609)
[2024-08-22T12:39:43.068+0530][gc,heap     ] GC(45) Survivor regions: 6->5(77)
[2024-08-22T12:39:43.068+0530][gc,heap     ] GC(45) Old regions: 46->46
[2024-08-22T12:39:43.068+0530][gc,heap     ] GC(45) Archive regions: 2->2
[2024-08-22T12:39:43.068+0530][gc,heap     ] GC(45) Humongous regions: 129->129
[2024-08-22T12:39:43.068+0530][gc,metaspace] GC(45) Metaspace: 44841K(45504K)->44841K(45504K) NonClass: 39517K(39872K)->39517K(39872K) Class: 5323K(5632K)->5323K(5632K)
[2024-08-22T12:39:43.068+0530][gc          ] GC(45) Pause Young (Normal) (G1 Evacuation Pause) 789M->180M(1024M) 10.090ms
[2024-08-22T12:39:43.068+0530][gc,cpu      ] GC(45) User=0.04s Sys=0.00s Real=0.01s
[2024-08-22T12:39:55.791+0530][gc,start    ] GC(46) Pause Young (Normal) (G1 Evacuation Pause)
[2024-08-22T12:39:55.793+0530][gc,task     ] GC(46) Using 8 workers of 8 for evacuation
[2024-08-22T12:39:55.803+0530][gc,phases   ] GC(46)   Pre Evacuate Collection Set: 0.2ms
[2024-08-22T12:39:55.803+0530][gc,phases   ] GC(46)   Merge Heap Roots: 0.3ms
[2024-08-22T12:39:55.803+0530][gc,phases   ] GC(46)   Evacuate Collection Set: 8.1ms
[2024-08-22T12:39:55.803+0530][gc,phases   ] GC(46)   Post Evacuate Collection Set: 0.7ms
[2024-08-22T12:39:55.803+0530][gc,phases   ] GC(46)   Other: 2.5ms
[2024-08-22T12:39:55.803+0530][gc,heap     ] GC(46) Eden regions: 609->0(608)
[2024-08-22T12:39:55.803+0530][gc,heap     ] GC(46) Survivor regions: 5->6(77)
[2024-08-22T12:39:55.803+0530][gc,heap     ] GC(46) Old regions: 46->46
[2024-08-22T12:39:55.803+0530][gc,heap     ] GC(46) Archive regions: 2->2
[2024-08-22T12:39:55.803+0530][gc,heap     ] GC(46) Humongous regions: 129->129
[2024-08-22T12:39:55.803+0530][gc,metaspace] GC(46) Metaspace: 44845K(45504K)->44845K(45504K) NonClass: 39521K(39872K)->39521K(39872K) Class: 5323K(5632K)->5323K(5632K)
[2024-08-22T12:39:55.803+0530][gc          ] GC(46) Pause Young (Normal) (G1 Evacuation Pause) 789M->181M(1024M) 12.067ms
[2024-08-22T12:39:55.803+0530][gc,cpu      ] GC(46) User=0.06s Sys=0.00s Real=0.01s
[2024-08-22T12:40:09.377+0530][gc,start    ] GC(47) Pause Young (Normal) (G1 Evacuation Pause)
[2024-08-22T12:40:09.379+0530][gc,task     ] GC(47) Using 8 workers of 8 for evacuation
[2024-08-22T12:40:09.395+0530][gc,phases   ] GC(47)   Pre Evacuate Collection Set: 0.3ms
[2024-08-22T12:40:09.395+0530][gc,phases   ] GC(47)   Merge Heap Roots: 0.3ms
[2024-08-22T12:40:09.395+0530][gc,phases   ] GC(47)   Evacuate Collection Set: 13.5ms
[2024-08-22T12:40:09.395+0530][gc,phases   ] GC(47)   Post Evacuate Collection Set: 1.6ms
[2024-08-22T12:40:09.395+0530][gc,phases   ] GC(47)   Other: 2.2ms
[2024-08-22T12:40:09.395+0530][gc,heap     ] GC(47) Eden regions: 608->0(607)
[2024-08-22T12:40:09.395+0530][gc,heap     ] GC(47) Survivor regions: 6->7(77)
[2024-08-22T12:40:09.395+0530][gc,heap     ] GC(47) Old regions: 46->46
[2024-08-22T12:40:09.395+0530][gc,heap     ] GC(47) Archive regions: 2->2
[2024-08-22T12:40:09.395+0530][gc,heap     ] GC(47) Humongous regions: 129->129
[2024-08-22T12:40:09.395+0530][gc,metaspace] GC(47) Metaspace: 44852K(45504K)->44852K(45504K) NonClass: 39528K(39872K)->39528K(39872K) Class: 5323K(5632K)->5323K(5632K)
[2024-08-22T12:40:09.395+0530][gc          ] GC(47) Pause Young (Normal) (G1 Evacuation Pause) 789M->182M(1024M) 18.180ms
[2024-08-22T12:40:09.395+0530][gc,cpu      ] GC(47) User=0.08s Sys=0.00s Real=0.02s
[2024-08-22T12:40:21.790+0530][gc,start    ] GC(48) Pause Young (Normal) (G1 Evacuation Pause)
[2024-08-22T12:40:21.790+0530][gc,task     ] GC(48) Using 8 workers of 8 for evacuation
[2024-08-22T12:40:21.811+0530][gc,mmu      ] GC(48) MMU target violated: 20.1ms (20.0ms/21.0ms)
[2024-08-22T12:40:21.811+0530][gc,phases   ] GC(48)   Pre Evacuate Collection Set: 0.4ms
[2024-08-22T12:40:21.811+0530][gc,phases   ] GC(48)   Merge Heap Roots: 0.3ms
[2024-08-22T12:40:21.811+0530][gc,phases   ] GC(48)   Evacuate Collection Set: 18.1ms
[2024-08-22T12:40:21.811+0530][gc,phases   ] GC(48)   Post Evacuate Collection Set: 1.3ms
[2024-08-22T12:40:21.811+0530][gc,phases   ] GC(48)   Other: 0.5ms
[2024-08-22T12:40:21.811+0530][gc,heap     ] GC(48) Eden regions: 607->0(605)
[2024-08-22T12:40:21.811+0530][gc,heap     ] GC(48) Survivor regions: 7->9(77)
[2024-08-22T12:40:21.811+0530][gc,heap     ] GC(48) Old regions: 46->46
[2024-08-22T12:40:21.811+0530][gc,heap     ] GC(48) Archive regions: 2->2
[2024-08-22T12:40:21.811+0530][gc,heap     ] GC(48) Humongous regions: 129->129
[2024-08-22T12:40:21.811+0530][gc,metaspace] GC(48) Metaspace: 44855K(45504K)->44855K(45504K) NonClass: 39532K(39872K)->39532K(39872K) Class: 5323K(5632K)->5323K(5632K)
[2024-08-22T12:40:21.811+0530][gc          ] GC(48) Pause Young (Normal) (G1 Evacuation Pause) 789M->184M(1024M) 21.141ms
[2024-08-22T12:40:21.812+0530][gc,cpu      ] GC(48) User=0.09s Sys=0.00s Real=0.02s
[2024-08-22T12:40:34.192+0530][gc,start    ] GC(49) Pause Young (Normal) (G1 Evacuation Pause)
[2024-08-22T12:40:34.192+0530][gc,task     ] GC(49) Using 8 workers of 8 for evacuation
[2024-08-22T12:40:34.211+0530][gc,phases   ] GC(49)   Pre Evacuate Collection Set: 0.3ms
[2024-08-22T12:40:34.211+0530][gc,phases   ] GC(49)   Merge Heap Roots: 0.5ms
[2024-08-22T12:40:34.212+0530][gc,phases   ] GC(49)   Evacuate Collection Set: 17.6ms
[2024-08-22T12:40:34.212+0530][gc,phases   ] GC(49)   Post Evacuate Collection Set: 1.0ms
[2024-08-22T12:40:34.212+0530][gc,phases   ] GC(49)   Other: 0.4ms
[2024-08-22T12:40:34.212+0530][gc,heap     ] GC(49) Eden regions: 605->0(604)
[2024-08-22T12:40:34.212+0530][gc,heap     ] GC(49) Survivor regions: 9->10(77)
[2024-08-22T12:40:34.212+0530][gc,heap     ] GC(49) Old regions: 46->46
[2024-08-22T12:40:34.212+0530][gc,heap     ] GC(49) Archive regions: 2->2
[2024-08-22T12:40:34.212+0530][gc,heap     ] GC(49) Humongous regions: 129->129
[2024-08-22T12:40:34.212+0530][gc,metaspace] GC(49) Metaspace: 44855K(45504K)->44855K(45504K) NonClass: 39532K(39872K)->39532K(39872K) Class: 5323K(5632K)->5323K(5632K)
[2024-08-22T12:40:34.212+0530][gc          ] GC(49) Pause Young (Normal) (G1 Evacuation Pause) 789M->185M(1024M) 20.385ms
[2024-08-22T12:40:34.212+0530][gc,cpu      ] GC(49) User=0.09s Sys=0.00s Real=0.02s
[2024-08-22T12:40:49.622+0530][gc,start    ] GC(50) Pause Young (Normal) (G1 Evacuation Pause)
[2024-08-22T12:40:49.622+0530][gc,task     ] GC(50) Using 8 workers of 8 for evacuation
[2024-08-22T12:40:49.638+0530][gc,phases   ] GC(50)   Pre Evacuate Collection Set: 0.4ms
[2024-08-22T12:40:49.638+0530][gc,phases   ] GC(50)   Merge Heap Roots: 0.4ms
[2024-08-22T12:40:49.638+0530][gc,phases   ] GC(50)   Evacuate Collection Set: 13.2ms
[2024-08-22T12:40:49.638+0530][gc,phases   ] GC(50)   Post Evacuate Collection Set: 1.2ms
[2024-08-22T12:40:49.638+0530][gc,phases   ] GC(50)   Other: 0.5ms
[2024-08-22T12:40:49.638+0530][gc,heap     ] GC(50) Eden regions: 604->0(606)
[2024-08-22T12:40:49.638+0530][gc,heap     ] GC(50) Survivor regions: 10->8(77)
[2024-08-22T12:40:49.638+0530][gc,heap     ] GC(50) Old regions: 46->46
[2024-08-22T12:40:49.638+0530][gc,heap     ] GC(50) Archive regions: 2->2
[2024-08-22T12:40:49.638+0530][gc,heap     ] GC(50) Humongous regions: 129->129
[2024-08-22T12:40:49.638+0530][gc,metaspace] GC(50) Metaspace: 44862K(45504K)->44862K(45504K) NonClass: 39539K(39872K)->39539K(39872K) Class: 5323K(5632K)->5323K(5632K)
[2024-08-22T12:40:49.638+0530][gc          ] GC(50) Pause Young (Normal) (G1 Evacuation Pause) 789M->183M(1024M) 15.926ms
[2024-08-22T12:40:49.638+0530][gc,cpu      ] GC(50) User=0.09s Sys=0.00s Real=0.01s
[2024-08-22T12:41:05.043+0530][gc,start    ] GC(51) Pause Young (Normal) (G1 Evacuation Pause)
[2024-08-22T12:41:05.043+0530][gc,task     ] GC(51) Using 8 workers of 8 for evacuation
[2024-08-22T12:41:05.062+0530][gc,phases   ] GC(51)   Pre Evacuate Collection Set: 0.2ms
[2024-08-22T12:41:05.062+0530][gc,phases   ] GC(51)   Merge Heap Roots: 0.2ms
[2024-08-22T12:41:05.062+0530][gc,phases   ] GC(51)   Evacuate Collection Set: 16.4ms
[2024-08-22T12:41:05.062+0530][gc,phases   ] GC(51)   Post Evacuate Collection Set: 1.4ms
[2024-08-22T12:41:05.062+0530][gc,phases   ] GC(51)   Other: 0.3ms
[2024-08-22T12:41:05.062+0530][gc,heap     ] GC(51) Eden regions: 606->0(604)
[2024-08-22T12:41:05.062+0530][gc,heap     ] GC(51) Survivor regions: 8->10(77)
[2024-08-22T12:41:05.062+0530][gc,heap     ] GC(51) Old regions: 46->46
[2024-08-22T12:41:05.062+0530][gc,heap     ] GC(51) Archive regions: 2->2
[2024-08-22T12:41:05.062+0530][gc,heap     ] GC(51) Humongous regions: 129->129
[2024-08-22T12:41:05.062+0530][gc,metaspace] GC(51) Metaspace: 44862K(45504K)->44862K(45504K) NonClass: 39539K(39872K)->39539K(39872K) Class: 5323K(5632K)->5323K(5632K)
[2024-08-22T12:41:05.062+0530][gc          ] GC(51) Pause Young (Normal) (G1 Evacuation Pause) 789M->185M(1024M) 18.964ms
[2024-08-22T12:41:05.062+0530][gc,cpu      ] GC(51) User=0.10s Sys=0.01s Real=0.02s
[2024-08-22T12:41:19.968+0530][gc,start    ] GC(52) Pause Young (Normal) (G1 Evacuation Pause)
[2024-08-22T12:41:19.968+0530][gc,task     ] GC(52) Using 8 workers of 8 for evacuation
[2024-08-22T12:41:19.991+0530][gc,mmu      ] GC(52) MMU target violated: 21.0ms (20.0ms/21.0ms)
[2024-08-22T12:41:19.991+0530][gc,phases   ] GC(52)   Pre Evacuate Collection Set: 0.2ms
[2024-08-22T12:41:19.992+0530][gc,phases   ] GC(52)   Merge Heap Roots: 0.3ms
[2024-08-22T12:41:19.992+0530][gc,phases   ] GC(52)   Evacuate Collection Set: 20.5ms
[2024-08-22T12:41:19.992+0530][gc,phases   ] GC(52)   Post Evacuate Collection Set: 1.8ms
[2024-08-22T12:41:19.992+0530][gc,phases   ] GC(52)   Other: 0.6ms
[2024-08-22T12:41:19.992+0530][gc,heap     ] GC(52) Eden regions: 604->0(48)
[2024-08-22T12:41:19.992+0530][gc,heap     ] GC(52) Survivor regions: 10->12(77)
[2024-08-22T12:41:19.992+0530][gc,heap     ] GC(52) Old regions: 46->46
[2024-08-22T12:41:19.992+0530][gc,heap     ] GC(52) Archive regions: 2->2
[2024-08-22T12:41:19.992+0530][gc,heap     ] GC(52) Humongous regions: 129->129
[2024-08-22T12:41:19.992+0530][gc,metaspace] GC(52) Metaspace: 44871K(45504K)->44871K(45504K) NonClass: 39547K(39872K)->39547K(39872K) Class: 5323K(5632K)->5323K(5632K)
[2024-08-22T12:41:19.992+0530][gc          ] GC(52) Pause Young (Normal) (G1 Evacuation Pause) 789M->187M(1024M) 23.781ms
[2024-08-22T12:41:19.992+0530][gc,cpu      ] GC(52) User=0.12s Sys=0.00s Real=0.03s
[2024-08-22T12:41:21.065+0530][gc,start    ] GC(53) Pause Young (Normal) (G1 Evacuation Pause)
[2024-08-22T12:41:21.065+0530][gc,task     ] GC(53) Using 8 workers of 8 for evacuation
[2024-08-22T12:41:21.099+0530][gc,mmu      ] GC(53) MMU target violated: 21.0ms (20.0ms/21.0ms)
[2024-08-22T12:41:21.099+0530][gc,phases   ] GC(53)   Pre Evacuate Collection Set: 0.4ms
[2024-08-22T12:41:21.099+0530][gc,phases   ] GC(53)   Merge Heap Roots: 0.3ms
[2024-08-22T12:41:21.100+0530][gc,phases   ] GC(53)   Evacuate Collection Set: 31.9ms
[2024-08-22T12:41:21.100+0530][gc,phases   ] GC(53)   Post Evacuate Collection Set: 1.3ms
[2024-08-22T12:41:21.100+0530][gc,phases   ] GC(53)   Other: 0.6ms
[2024-08-22T12:41:21.100+0530][gc,heap     ] GC(53) Eden regions: 48->0(610)
[2024-08-22T12:41:21.100+0530][gc,heap     ] GC(53) Survivor regions: 12->4(8)
[2024-08-22T12:41:21.100+0530][gc,heap     ] GC(53) Old regions: 46->54
[2024-08-22T12:41:21.100+0530][gc,heap     ] GC(53) Archive regions: 2->2
[2024-08-22T12:41:21.100+0530][gc,heap     ] GC(53) Humongous regions: 129->129
[2024-08-22T12:41:21.100+0530][gc,metaspace] GC(53) Metaspace: 44871K(45504K)->44871K(45504K) NonClass: 39547K(39872K)->39547K(39872K) Class: 5323K(5632K)->5323K(5632K)
[2024-08-22T12:41:21.100+0530][gc          ] GC(53) Pause Young (Normal) (G1 Evacuation Pause) 235M->187M(1024M) 35.211ms
[2024-08-22T12:41:21.100+0530][gc,cpu      ] GC(53) User=0.10s Sys=0.03s Real=0.04s
[2024-08-22T12:41:32.388+0530][gc,start    ] GC(54) Pause Young (Normal) (G1 Evacuation Pause)
[2024-08-22T12:41:32.388+0530][gc,task     ] GC(54) Using 8 workers of 8 for evacuation
[2024-08-22T12:41:32.400+0530][gc,phases   ] GC(54)   Pre Evacuate Collection Set: 0.3ms
[2024-08-22T12:41:32.400+0530][gc,phases   ] GC(54)   Merge Heap Roots: 0.3ms
[2024-08-22T12:41:32.400+0530][gc,phases   ] GC(54)   Evacuate Collection Set: 10.1ms
[2024-08-22T12:41:32.400+0530][gc,phases   ] GC(54)   Post Evacuate Collection Set: 1.0ms
[2024-08-22T12:41:32.400+0530][gc,phases   ] GC(54)   Other: 0.5ms
[2024-08-22T12:41:32.400+0530][gc,heap     ] GC(54) Eden regions: 610->0(609)
[2024-08-22T12:41:32.400+0530][gc,heap     ] GC(54) Survivor regions: 4->5(77)
[2024-08-22T12:41:32.401+0530][gc,heap     ] GC(54) Old regions: 54->54
[2024-08-22T12:41:32.401+0530][gc,heap     ] GC(54) Archive regions: 2->2
[2024-08-22T12:41:32.401+0530][gc,heap     ] GC(54) Humongous regions: 129->129
[2024-08-22T12:41:32.401+0530][gc,metaspace] GC(54) Metaspace: 44871K(45504K)->44871K(45504K) NonClass: 39547K(39872K)->39547K(39872K) Class: 5323K(5632K)->5323K(5632K)
[2024-08-22T12:41:32.401+0530][gc          ] GC(54) Pause Young (Normal) (G1 Evacuation Pause) 797M->188M(1024M) 13.023ms
[2024-08-22T12:41:32.401+0530][gc,cpu      ] GC(54) User=0.06s Sys=0.00s Real=0.02s
[2024-08-22T12:41:43.581+0530][gc,start    ] GC(55) Pause Young (Normal) (G1 Evacuation Pause)
[2024-08-22T12:41:43.581+0530][gc,task     ] GC(55) Using 8 workers of 8 for evacuation
[2024-08-22T12:41:43.595+0530][gc,phases   ] GC(55)   Pre Evacuate Collection Set: 0.3ms
[2024-08-22T12:41:43.595+0530][gc,phases   ] GC(55)   Merge Heap Roots: 0.6ms
[2024-08-22T12:41:43.595+0530][gc,phases   ] GC(55)   Evacuate Collection Set: 11.3ms
[2024-08-22T12:41:43.595+0530][gc,phases   ] GC(55)   Post Evacuate Collection Set: 1.6ms
[2024-08-22T12:41:43.595+0530][gc,phases   ] GC(55)   Other: 0.5ms
[2024-08-22T12:41:43.595+0530][gc,heap     ] GC(55) Eden regions: 609->0(610)
[2024-08-22T12:41:43.595+0530][gc,heap     ] GC(55) Survivor regions: 5->4(77)
[2024-08-22T12:41:43.595+0530][gc,heap     ] GC(55) Old regions: 54->54
[2024-08-22T12:41:43.595+0530][gc,heap     ] GC(55) Archive regions: 2->2
[2024-08-22T12:41:43.595+0530][gc,heap     ] GC(55) Humongous regions: 129->129
[2024-08-22T12:41:43.595+0530][gc,metaspace] GC(55) Metaspace: 44878K(45504K)->44878K(45504K) NonClass: 39555K(39872K)->39555K(39872K) Class: 5323K(5632K)->5323K(5632K)
[2024-08-22T12:41:43.595+0530][gc          ] GC(55) Pause Young (Normal) (G1 Evacuation Pause) 797M->187M(1024M) 14.559ms
[2024-08-22T12:41:43.596+0530][gc,cpu      ] GC(55) User=0.06s Sys=0.00s Real=0.01s
[2024-08-22T12:41:54.342+0530][gc,start    ] GC(56) Pause Young (Normal) (G1 Evacuation Pause)
[2024-08-22T12:41:54.342+0530][gc,task     ] GC(56) Using 8 workers of 8 for evacuation
[2024-08-22T12:41:54.357+0530][gc,phases   ] GC(56)   Pre Evacuate Collection Set: 0.2ms
[2024-08-22T12:41:54.357+0530][gc,phases   ] GC(56)   Merge Heap Roots: 0.2ms
[2024-08-22T12:41:54.357+0530][gc,phases   ] GC(56)   Evacuate Collection Set: 12.5ms
[2024-08-22T12:41:54.357+0530][gc,phases   ] GC(56)   Post Evacuate Collection Set: 1.5ms
[2024-08-22T12:41:54.357+0530][gc,phases   ] GC(56)   Other: 0.4ms
[2024-08-22T12:41:54.357+0530][gc,heap     ] GC(56) Eden regions: 610->0(608)
[2024-08-22T12:41:54.357+0530][gc,heap     ] GC(56) Survivor regions: 4->6(77)
[2024-08-22T12:41:54.357+0530][gc,heap     ] GC(56) Old regions: 54->54
[2024-08-22T12:41:54.357+0530][gc,heap     ] GC(56) Archive regions: 2->2
[2024-08-22T12:41:54.357+0530][gc,heap     ] GC(56) Humongous regions: 129->129
[2024-08-22T12:41:54.357+0530][gc,metaspace] GC(56) Metaspace: 44878K(45504K)->44878K(45504K) NonClass: 39555K(39872K)->39555K(39872K) Class: 5323K(5632K)->5323K(5632K)
[2024-08-22T12:41:54.357+0530][gc          ] GC(56) Pause Young (Normal) (G1 Evacuation Pause) 797M->188M(1024M) 15.558ms
[2024-08-22T12:41:54.358+0530][gc,cpu      ] GC(56) User=0.07s Sys=0.00s Real=0.01s
[2024-08-22T12:42:04.258+0530][gc,start    ] GC(57) Pause Young (Normal) (G1 Evacuation Pause)
[2024-08-22T12:42:04.258+0530][gc,task     ] GC(57) Using 8 workers of 8 for evacuation
[2024-08-22T12:42:04.271+0530][gc,phases   ] GC(57)   Pre Evacuate Collection Set: 0.2ms
[2024-08-22T12:42:04.271+0530][gc,phases   ] GC(57)   Merge Heap Roots: 0.2ms
[2024-08-22T12:42:04.271+0530][gc,phases   ] GC(57)   Evacuate Collection Set: 11.1ms
[2024-08-22T12:42:04.271+0530][gc,phases   ] GC(57)   Post Evacuate Collection Set: 0.9ms
[2024-08-22T12:42:04.271+0530][gc,phases   ] GC(57)   Other: 0.3ms
[2024-08-22T12:42:04.271+0530][gc,heap     ] GC(57) Eden regions: 608->0(606)
[2024-08-22T12:42:04.271+0530][gc,heap     ] GC(57) Survivor regions: 6->8(77)
[2024-08-22T12:42:04.271+0530][gc,heap     ] GC(57) Old regions: 54->54
[2024-08-22T12:42:04.271+0530][gc,heap     ] GC(57) Archive regions: 2->2
[2024-08-22T12:42:04.271+0530][gc,heap     ] GC(57) Humongous regions: 129->129
[2024-08-22T12:42:04.271+0530][gc,metaspace] GC(57) Metaspace: 44889K(45568K)->44889K(45568K) NonClass: 39566K(39936K)->39566K(39936K) Class: 5323K(5632K)->5323K(5632K)
[2024-08-22T12:42:04.271+0530][gc          ] GC(57) Pause Young (Normal) (G1 Evacuation Pause) 796M->191M(1024M) 13.190ms
[2024-08-22T12:42:04.271+0530][gc,cpu      ] GC(57) User=0.07s Sys=0.01s Real=0.02s
[2024-08-22T12:42:14.309+0530][gc,start    ] GC(58) Pause Young (Normal) (G1 Evacuation Pause)
[2024-08-22T12:42:14.310+0530][gc,task     ] GC(58) Using 8 workers of 8 for evacuation
[2024-08-22T12:42:14.320+0530][gc,phases   ] GC(58)   Pre Evacuate Collection Set: 0.2ms
[2024-08-22T12:42:14.320+0530][gc,phases   ] GC(58)   Merge Heap Roots: 0.2ms
[2024-08-22T12:42:14.320+0530][gc,phases   ] GC(58)   Evacuate Collection Set: 8.0ms
[2024-08-22T12:42:14.320+0530][gc,phases   ] GC(58)   Post Evacuate Collection Set: 1.6ms
[2024-08-22T12:42:14.320+0530][gc,phases   ] GC(58)   Other: 0.4ms
[2024-08-22T12:42:14.320+0530][gc,heap     ] GC(58) Eden regions: 606->0(607)
[2024-08-22T12:42:14.320+0530][gc,heap     ] GC(58) Survivor regions: 8->7(77)
[2024-08-22T12:42:14.320+0530][gc,heap     ] GC(58) Old regions: 54->54
[2024-08-22T12:42:14.320+0530][gc,heap     ] GC(58) Archive regions: 2->2
[2024-08-22T12:42:14.320+0530][gc,heap     ] GC(58) Humongous regions: 129->129
[2024-08-22T12:42:14.320+0530][gc,metaspace] GC(58) Metaspace: 44890K(45568K)->44890K(45568K) NonClass: 39567K(39936K)->39567K(39936K) Class: 5323K(5632K)->5323K(5632K)
[2024-08-22T12:42:14.320+0530][gc          ] GC(58) Pause Young (Normal) (G1 Evacuation Pause) 797M->189M(1024M) 10.933ms
[2024-08-22T12:42:14.320+0530][gc,cpu      ] GC(58) User=0.06s Sys=0.01s Real=0.02s
[2024-08-22T12:42:25.182+0530][gc,start    ] GC(59) Pause Young (Normal) (G1 Evacuation Pause)
[2024-08-22T12:42:25.182+0530][gc,task     ] GC(59) Using 8 workers of 8 for evacuation
[2024-08-22T12:42:25.196+0530][gc,phases   ] GC(59)   Pre Evacuate Collection Set: 0.1ms
[2024-08-22T12:42:25.196+0530][gc,phases   ] GC(59)   Merge Heap Roots: 0.1ms
[2024-08-22T12:42:25.196+0530][gc,phases   ] GC(59)   Evacuate Collection Set: 12.3ms
[2024-08-22T12:42:25.196+0530][gc,phases   ] GC(59)   Post Evacuate Collection Set: 1.1ms
[2024-08-22T12:42:25.196+0530][gc,phases   ] GC(59)   Other: 0.4ms
[2024-08-22T12:42:25.197+0530][gc,heap     ] GC(59) Eden regions: 607->0(605)
[2024-08-22T12:42:25.197+0530][gc,heap     ] GC(59) Survivor regions: 7->9(77)
[2024-08-22T12:42:25.198+0530][gc,heap     ] GC(59) Old regions: 54->54
[2024-08-22T12:42:25.198+0530][gc,heap     ] GC(59) Archive regions: 2->2
[2024-08-22T12:42:25.198+0530][gc,heap     ] GC(59) Humongous regions: 129->129
[2024-08-22T12:42:25.198+0530][gc,metaspace] GC(59) Metaspace: 44890K(45568K)->44890K(45568K) NonClass: 39567K(39936K)->39567K(39936K) Class: 5323K(5632K)->5323K(5632K)
[2024-08-22T12:42:25.198+0530][gc          ] GC(59) Pause Young (Normal) (G1 Evacuation Pause) 796M->191M(1024M) 15.973ms
[2024-08-22T12:42:25.198+0530][gc,cpu      ] GC(59) User=0.06s Sys=0.00s Real=0.01s
[2024-08-22T12:42:32.734+0530][gc,start    ] GC(60) Pause Young (Normal) (G1 Evacuation Pause)
[2024-08-22T12:42:32.734+0530][gc,task     ] GC(60) Using 8 workers of 8 for evacuation
[2024-08-22T12:42:32.742+0530][gc,phases   ] GC(60)   Pre Evacuate Collection Set: 0.2ms
[2024-08-22T12:42:32.742+0530][gc,phases   ] GC(60)   Merge Heap Roots: 0.2ms
[2024-08-22T12:42:32.742+0530][gc,phases   ] GC(60)   Evacuate Collection Set: 6.3ms
[2024-08-22T12:42:32.742+0530][gc,phases   ] GC(60)   Post Evacuate Collection Set: 0.6ms
[2024-08-22T12:42:32.742+0530][gc,phases   ] GC(60)   Other: 0.3ms
[2024-08-22T12:42:32.742+0530][gc,heap     ] GC(60) Eden regions: 605->0(607)
[2024-08-22T12:42:32.742+0530][gc,heap     ] GC(60) Survivor regions: 9->7(77)
[2024-08-22T12:42:32.742+0530][gc,heap     ] GC(60) Old regions: 54->54
[2024-08-22T12:42:32.742+0530][gc,heap     ] GC(60) Archive regions: 2->2
[2024-08-22T12:42:32.742+0530][gc,heap     ] GC(60) Humongous regions: 129->129
[2024-08-22T12:42:32.742+0530][gc,metaspace] GC(60) Metaspace: 44902K(45568K)->44902K(45568K) NonClass: 39578K(39936K)->39578K(39936K) Class: 5323K(5632K)->5323K(5632K)
[2024-08-22T12:42:32.742+0530][gc          ] GC(60) Pause Young (Normal) (G1 Evacuation Pause) 796M->189M(1024M) 7.625ms
[2024-08-22T12:42:32.742+0530][gc,cpu      ] GC(60) User=0.05s Sys=0.00s Real=0.01s
[2024-08-22T12:42:39.499+0530][gc,start    ] GC(61) Pause Young (Normal) (G1 Evacuation Pause)
[2024-08-22T12:42:39.499+0530][gc,task     ] GC(61) Using 8 workers of 8 for evacuation
[2024-08-22T12:42:39.507+0530][gc,phases   ] GC(61)   Pre Evacuate Collection Set: 0.2ms
[2024-08-22T12:42:39.507+0530][gc,phases   ] GC(61)   Merge Heap Roots: 0.2ms
[2024-08-22T12:42:39.508+0530][gc,phases   ] GC(61)   Evacuate Collection Set: 7.5ms
[2024-08-22T12:42:39.508+0530][gc,phases   ] GC(61)   Post Evacuate Collection Set: 0.6ms
[2024-08-22T12:42:39.508+0530][gc,phases   ] GC(61)   Other: 0.3ms
[2024-08-22T12:42:39.508+0530][gc,heap     ] GC(61) Eden regions: 607->0(605)
[2024-08-22T12:42:39.508+0530][gc,heap     ] GC(61) Survivor regions: 7->9(77)
[2024-08-22T12:42:39.508+0530][gc,heap     ] GC(61) Old regions: 54->54
[2024-08-22T12:42:39.508+0530][gc,heap     ] GC(61) Archive regions: 2->2
[2024-08-22T12:42:39.508+0530][gc,heap     ] GC(61) Humongous regions: 129->129
[2024-08-22T12:42:39.508+0530][gc,metaspace] GC(61) Metaspace: 44902K(45568K)->44902K(45568K) NonClass: 39578K(39936K)->39578K(39936K) Class: 5323K(5632K)->5323K(5632K)
[2024-08-22T12:42:39.508+0530][gc          ] GC(61) Pause Young (Normal) (G1 Evacuation Pause) 796M->191M(1024M) 8.839ms
[2024-08-22T12:42:39.508+0530][gc,cpu      ] GC(61) User=0.05s Sys=0.00s Real=0.01s
[2024-08-22T12:42:46.659+0530][gc,start    ] GC(62) Pause Young (Normal) (G1 Evacuation Pause)
[2024-08-22T12:42:46.659+0530][gc,task     ] GC(62) Using 8 workers of 8 for evacuation
[2024-08-22T12:42:46.673+0530][gc,phases   ] GC(62)   Pre Evacuate Collection Set: 0.2ms
[2024-08-22T12:42:46.673+0530][gc,phases   ] GC(62)   Merge Heap Roots: 0.2ms
[2024-08-22T12:42:46.673+0530][gc,phases   ] GC(62)   Evacuate Collection Set: 12.2ms
[2024-08-22T12:42:46.673+0530][gc,phases   ] GC(62)   Post Evacuate Collection Set: 0.7ms
[2024-08-22T12:42:46.673+0530][gc,phases   ] GC(62)   Other: 0.5ms
[2024-08-22T12:42:46.673+0530][gc,heap     ] GC(62) Eden regions: 605->0(603)
[2024-08-22T12:42:46.673+0530][gc,heap     ] GC(62) Survivor regions: 9->11(77)
[2024-08-22T12:42:46.673+0530][gc,heap     ] GC(62) Old regions: 54->54
[2024-08-22T12:42:46.673+0530][gc,heap     ] GC(62) Archive regions: 2->2
[2024-08-22T12:42:46.673+0530][gc,heap     ] GC(62) Humongous regions: 129->129
[2024-08-22T12:42:46.673+0530][gc,metaspace] GC(62) Metaspace: 44902K(45568K)->44902K(45568K) NonClass: 39578K(39936K)->39578K(39936K) Class: 5323K(5632K)->5323K(5632K)
[2024-08-22T12:42:46.673+0530][gc          ] GC(62) Pause Young (Normal) (G1 Evacuation Pause) 796M->193M(1024M) 14.240ms
[2024-08-22T12:42:46.673+0530][gc,cpu      ] GC(62) User=0.07s Sys=0.00s Real=0.02s
[2024-08-22T12:42:53.875+0530][gc,start    ] GC(63) Pause Young (Normal) (G1 Evacuation Pause)
[2024-08-22T12:42:53.875+0530][gc,task     ] GC(63) Using 8 workers of 8 for evacuation
[2024-08-22T12:42:53.883+0530][gc,phases   ] GC(63)   Pre Evacuate Collection Set: 0.2ms
[2024-08-22T12:42:53.883+0530][gc,phases   ] GC(63)   Merge Heap Roots: 0.2ms
[2024-08-22T12:42:53.883+0530][gc,phases   ] GC(63)   Evacuate Collection Set: 7.5ms
[2024-08-22T12:42:53.883+0530][gc,phases   ] GC(63)   Post Evacuate Collection Set: 0.7ms
[2024-08-22T12:42:53.883+0530][gc,phases   ] GC(63)   Other: 0.2ms
[2024-08-22T12:42:53.883+0530][gc,heap     ] GC(63) Eden regions: 603->0(605)
[2024-08-22T12:42:53.883+0530][gc,heap     ] GC(63) Survivor regions: 11->9(77)
[2024-08-22T12:42:53.883+0530][gc,heap     ] GC(63) Old regions: 54->54
[2024-08-22T12:42:53.883+0530][gc,heap     ] GC(63) Archive regions: 2->2
[2024-08-22T12:42:53.883+0530][gc,heap     ] GC(63) Humongous regions: 129->129
[2024-08-22T12:42:53.883+0530][gc,metaspace] GC(63) Metaspace: 44902K(45568K)->44902K(45568K) NonClass: 39578K(39936K)->39578K(39936K) Class: 5323K(5632K)->5323K(5632K)
[2024-08-22T12:42:53.883+0530][gc          ] GC(63) Pause Young (Normal) (G1 Evacuation Pause) 796M->192M(1024M) 8.839ms
[2024-08-22T12:42:53.884+0530][gc,cpu      ] GC(63) User=0.06s Sys=0.00s Real=0.01s
[2024-08-22T12:52:54.815+0530][gc,start    ] GC(64) Pause Young (Normal) (G1 Evacuation Pause)
[2024-08-22T12:52:54.817+0530][gc,task     ] GC(64) Using 8 workers of 8 for evacuation
[2024-08-22T12:52:54.853+0530][gc,mmu      ] GC(64) MMU target violated: 21.0ms (20.0ms/21.0ms)
[2024-08-22T12:52:54.853+0530][gc,phases   ] GC(64)   Pre Evacuate Collection Set: 0.2ms
[2024-08-22T12:52:54.853+0530][gc,phases   ] GC(64)   Merge Heap Roots: 0.3ms
[2024-08-22T12:52:54.853+0530][gc,phases   ] GC(64)   Evacuate Collection Set: 34.5ms
[2024-08-22T12:52:54.853+0530][gc,phases   ] GC(64)   Post Evacuate Collection Set: 1.0ms
[2024-08-22T12:52:54.853+0530][gc,phases   ] GC(64)   Other: 2.2ms
[2024-08-22T12:52:54.853+0530][gc,heap     ] GC(64) Eden regions: 605->0(34)
[2024-08-22T12:52:54.853+0530][gc,heap     ] GC(64) Survivor regions: 9->17(77)
[2024-08-22T12:52:54.853+0530][gc,heap     ] GC(64) Old regions: 54->54
[2024-08-22T12:52:54.853+0530][gc,heap     ] GC(64) Archive regions: 2->2
[2024-08-22T12:52:54.853+0530][gc,heap     ] GC(64) Humongous regions: 129->129
[2024-08-22T12:52:54.853+0530][gc,metaspace] GC(64) Metaspace: 44956K(45568K)->44956K(45568K) NonClass: 39633K(39936K)->39633K(39936K) Class: 5323K(5632K)->5323K(5632K)
[2024-08-22T12:52:54.853+0530][gc          ] GC(64) Pause Young (Normal) (G1 Evacuation Pause) 797M->199M(1024M) 38.465ms
[2024-08-22T12:52:54.853+0530][gc,cpu      ] GC(64) User=0.11s Sys=0.03s Real=0.04s
[2024-08-22T12:52:55.363+0530][gc,start    ] GC(65) Pause Young (Normal) (G1 Evacuation Pause)
[2024-08-22T12:52:55.363+0530][gc,task     ] GC(65) Using 8 workers of 8 for evacuation
[2024-08-22T12:52:55.402+0530][gc,mmu      ] GC(65) MMU target violated: 21.0ms (20.0ms/21.0ms)
[2024-08-22T12:52:55.402+0530][gc,phases   ] GC(65)   Pre Evacuate Collection Set: 0.1ms
[2024-08-22T12:52:55.402+0530][gc,phases   ] GC(65)   Merge Heap Roots: 0.1ms
[2024-08-22T12:52:55.402+0530][gc,phases   ] GC(65)   Evacuate Collection Set: 36.7ms
[2024-08-22T12:52:55.402+0530][gc,phases   ] GC(65)   Post Evacuate Collection Set: 1.2ms
[2024-08-22T12:52:55.402+0530][gc,phases   ] GC(65)   Other: 0.5ms
[2024-08-22T12:52:55.402+0530][gc,heap     ] GC(65) Eden regions: 34->0(158)
[2024-08-22T12:52:55.402+0530][gc,heap     ] GC(65) Survivor regions: 17->5(7)
[2024-08-22T12:52:55.402+0530][gc,heap     ] GC(65) Old regions: 54->70
[2024-08-22T12:52:55.402+0530][gc,heap     ] GC(65) Archive regions: 2->2
[2024-08-22T12:52:55.402+0530][gc,heap     ] GC(65) Humongous regions: 129->129
[2024-08-22T12:52:55.403+0530][gc,metaspace] GC(65) Metaspace: 44956K(45568K)->44956K(45568K) NonClass: 39633K(39936K)->39633K(39936K) Class: 5323K(5632K)->5323K(5632K)
[2024-08-22T12:52:55.403+0530][gc          ] GC(65) Pause Young (Normal) (G1 Evacuation Pause) 233M->203M(1024M) 39.180ms
[2024-08-22T12:52:55.403+0530][gc,cpu      ] GC(65) User=0.12s Sys=0.05s Real=0.04s
[2024-08-22T12:52:57.746+0530][gc,start    ] GC(66) Pause Young (Normal) (G1 Evacuation Pause)
[2024-08-22T12:52:57.746+0530][gc,task     ] GC(66) Using 8 workers of 8 for evacuation
[2024-08-22T12:52:57.755+0530][gc,phases   ] GC(66)   Pre Evacuate Collection Set: 0.1ms
[2024-08-22T12:52:57.755+0530][gc,phases   ] GC(66)   Merge Heap Roots: 0.1ms
[2024-08-22T12:52:57.755+0530][gc,phases   ] GC(66)   Evacuate Collection Set: 8.1ms
[2024-08-22T12:52:57.755+0530][gc,phases   ] GC(66)   Post Evacuate Collection Set: 0.4ms
[2024-08-22T12:52:57.755+0530][gc,phases   ] GC(66)   Other: 0.2ms
[2024-08-22T12:52:57.755+0530][gc,heap     ] GC(66) Eden regions: 158->0(151)
[2024-08-22T12:52:57.755+0530][gc,heap     ] GC(66) Survivor regions: 5->8(21)
[2024-08-22T12:52:57.755+0530][gc,heap     ] GC(66) Old regions: 70->70
[2024-08-22T12:52:57.755+0530][gc,heap     ] GC(66) Archive regions: 2->2
[2024-08-22T12:52:57.755+0530][gc,heap     ] GC(66) Humongous regions: 129->129
[2024-08-22T12:52:57.755+0530][gc,metaspace] GC(66) Metaspace: 44956K(45568K)->44956K(45568K) NonClass: 39633K(39936K)->39633K(39936K) Class: 5323K(5632K)->5323K(5632K)
[2024-08-22T12:52:57.755+0530][gc          ] GC(66) Pause Young (Normal) (G1 Evacuation Pause) 361M->206M(1024M) 9.280ms
[2024-08-22T12:52:57.755+0530][gc,cpu      ] GC(66) User=0.05s Sys=0.00s Real=0.01s
[2024-08-22T12:52:59.915+0530][gc,start    ] GC(67) Pause Young (Normal) (G1 Evacuation Pause)
[2024-08-22T12:52:59.915+0530][gc,task     ] GC(67) Using 8 workers of 8 for evacuation
[2024-08-22T12:52:59.922+0530][gc,phases   ] GC(67)   Pre Evacuate Collection Set: 0.2ms
[2024-08-22T12:52:59.922+0530][gc,phases   ] GC(67)   Merge Heap Roots: 0.1ms
[2024-08-22T12:52:59.922+0530][gc,phases   ] GC(67)   Evacuate Collection Set: 5.8ms
[2024-08-22T12:52:59.922+0530][gc,phases   ] GC(67)   Post Evacuate Collection Set: 0.4ms
[2024-08-22T12:52:59.922+0530][gc,phases   ] GC(67)   Other: 0.5ms
[2024-08-22T12:52:59.922+0530][gc,heap     ] GC(67) Eden regions: 151->0(274)
[2024-08-22T12:52:59.922+0530][gc,heap     ] GC(67) Survivor regions: 8->6(20)
[2024-08-22T12:52:59.922+0530][gc,heap     ] GC(67) Old regions: 70->70
[2024-08-22T12:52:59.922+0530][gc,heap     ] GC(67) Archive regions: 2->2
[2024-08-22T12:52:59.922+0530][gc,heap     ] GC(67) Humongous regions: 129->129
[2024-08-22T12:52:59.922+0530][gc,metaspace] GC(67) Metaspace: 44956K(45568K)->44956K(45568K) NonClass: 39633K(39936K)->39633K(39936K) Class: 5323K(5632K)->5323K(5632K)
[2024-08-22T12:52:59.922+0530][gc          ] GC(67) Pause Young (Normal) (G1 Evacuation Pause) 357M->204M(1024M) 7.168ms
[2024-08-22T12:52:59.923+0530][gc,cpu      ] GC(67) User=0.03s Sys=0.00s Real=0.01s
[2024-08-22T12:53:03.698+0530][gc,start    ] GC(68) Pause Young (Normal) (G1 Evacuation Pause)
[2024-08-22T12:53:03.700+0530][gc,task     ] GC(68) Using 8 workers of 8 for evacuation
[2024-08-22T12:53:03.715+0530][gc,phases   ] GC(68)   Pre Evacuate Collection Set: 0.2ms
[2024-08-22T12:53:03.715+0530][gc,phases   ] GC(68)   Merge Heap Roots: 0.2ms
[2024-08-22T12:53:03.715+0530][gc,phases   ] GC(68)   Evacuate Collection Set: 13.0ms
[2024-08-22T12:53:03.715+0530][gc,phases   ] GC(68)   Post Evacuate Collection Set: 0.9ms
[2024-08-22T12:53:03.715+0530][gc,phases   ] GC(68)   Other: 2.5ms
[2024-08-22T12:53:03.715+0530][gc,heap     ] GC(68) Eden regions: 274->0(172)
[2024-08-22T12:53:03.715+0530][gc,heap     ] GC(68) Survivor regions: 6->11(35)
[2024-08-22T12:53:03.715+0530][gc,heap     ] GC(68) Old regions: 70->70
[2024-08-22T12:53:03.715+0530][gc,heap     ] GC(68) Archive regions: 2->2
[2024-08-22T12:53:03.715+0530][gc,heap     ] GC(68) Humongous regions: 129->129
[2024-08-22T12:53:03.715+0530][gc,metaspace] GC(68) Metaspace: 44956K(45568K)->44956K(45568K) NonClass: 39633K(39936K)->39633K(39936K) Class: 5323K(5632K)->5323K(5632K)
[2024-08-22T12:53:03.715+0530][gc          ] GC(68) Pause Young (Normal) (G1 Evacuation Pause) 478M->209M(1024M) 16.886ms
[2024-08-22T12:53:03.715+0530][gc,cpu      ] GC(68) User=0.09s Sys=0.00s Real=0.02s
[2024-08-22T12:53:06.083+0530][gc,start    ] GC(69) Pause Young (Normal) (G1 Evacuation Pause)
[2024-08-22T12:53:06.083+0530][gc,task     ] GC(69) Using 8 workers of 8 for evacuation
[2024-08-22T12:53:06.091+0530][gc,phases   ] GC(69)   Pre Evacuate Collection Set: 0.2ms
[2024-08-22T12:53:06.092+0530][gc,phases   ] GC(69)   Merge Heap Roots: 0.2ms
[2024-08-22T12:53:06.092+0530][gc,phases   ] GC(69)   Evacuate Collection Set: 7.2ms
[2024-08-22T12:53:06.092+0530][gc,phases   ] GC(69)   Post Evacuate Collection Set: 0.4ms
[2024-08-22T12:53:06.092+0530][gc,phases   ] GC(69)   Other: 0.2ms
[2024-08-22T12:53:06.092+0530][gc,heap     ] GC(69) Eden regions: 172->0(343)
[2024-08-22T12:53:06.092+0530][gc,heap     ] GC(69) Survivor regions: 11->9(23)
[2024-08-22T12:53:06.092+0530][gc,heap     ] GC(69) Old regions: 70->70
[2024-08-22T12:53:06.092+0530][gc,heap     ] GC(69) Archive regions: 2->2
[2024-08-22T12:53:06.092+0530][gc,heap     ] GC(69) Humongous regions: 129->129
[2024-08-22T12:53:06.092+0530][gc,metaspace] GC(69) Metaspace: 44956K(45568K)->44956K(45568K) NonClass: 39633K(39936K)->39633K(39936K) Class: 5323K(5632K)->5323K(5632K)
[2024-08-22T12:53:06.092+0530][gc          ] GC(69) Pause Young (Normal) (G1 Evacuation Pause) 381M->208M(1024M) 8.285ms
[2024-08-22T12:53:06.092+0530][gc,cpu      ] GC(69) User=0.04s Sys=0.00s Real=0.01s
[2024-08-22T12:53:10.637+0530][gc,start    ] GC(70) Pause Young (Normal) (G1 Evacuation Pause)
[2024-08-22T12:53:10.637+0530][gc,task     ] GC(70) Using 8 workers of 8 for evacuation
[2024-08-22T12:53:10.650+0530][gc,phases   ] GC(70)   Pre Evacuate Collection Set: 0.3ms
[2024-08-22T12:53:10.650+0530][gc,phases   ] GC(70)   Merge Heap Roots: 0.2ms
[2024-08-22T12:53:10.650+0530][gc,phases   ] GC(70)   Evacuate Collection Set: 11.2ms
[2024-08-22T12:53:10.650+0530][gc,phases   ] GC(70)   Post Evacuate Collection Set: 1.3ms
[2024-08-22T12:53:10.650+0530][gc,phases   ] GC(70)   Other: 0.3ms
[2024-08-22T12:53:10.650+0530][gc,heap     ] GC(70) Eden regions: 343->0(401)
[2024-08-22T12:53:10.650+0530][gc,heap     ] GC(70) Survivor regions: 9->9(44)
[2024-08-22T12:53:10.651+0530][gc,heap     ] GC(70) Old regions: 70->70
[2024-08-22T12:53:10.651+0530][gc,heap     ] GC(70) Archive regions: 2->2
[2024-08-22T12:53:10.651+0530][gc,heap     ] GC(70) Humongous regions: 129->129
[2024-08-22T12:53:10.651+0530][gc,metaspace] GC(70) Metaspace: 44959K(45568K)->44959K(45568K) NonClass: 39635K(39936K)->39635K(39936K) Class: 5323K(5632K)->5323K(5632K)
[2024-08-22T12:53:10.651+0530][gc          ] GC(70) Pause Young (Normal) (G1 Evacuation Pause) 551M->208M(1024M) 13.686ms
[2024-08-22T12:53:10.651+0530][gc,cpu      ] GC(70) User=0.07s Sys=0.00s Real=0.02s
[2024-08-22T12:53:16.682+0530][gc,start    ] GC(71) Pause Young (Normal) (G1 Evacuation Pause)
[2024-08-22T12:53:16.682+0530][gc,task     ] GC(71) Using 8 workers of 8 for evacuation
[2024-08-22T12:53:16.698+0530][gc,phases   ] GC(71)   Pre Evacuate Collection Set: 0.2ms
[2024-08-22T12:53:16.698+0530][gc,phases   ] GC(71)   Merge Heap Roots: 0.2ms
[2024-08-22T12:53:16.698+0530][gc,phases   ] GC(71)   Evacuate Collection Set: 13.6ms
[2024-08-22T12:53:16.698+0530][gc,phases   ] GC(71)   Post Evacuate Collection Set: 1.4ms
[2024-08-22T12:53:16.698+0530][gc,phases   ] GC(71)   Other: 0.4ms
[2024-08-22T12:53:16.698+0530][gc,heap     ] GC(71) Eden regions: 401->0(260)
[2024-08-22T12:53:16.698+0530][gc,heap     ] GC(71) Survivor regions: 9->13(52)
[2024-08-22T12:53:16.698+0530][gc,heap     ] GC(71) Old regions: 70->70
[2024-08-22T12:53:16.698+0530][gc,heap     ] GC(71) Archive regions: 2->2
[2024-08-22T12:53:16.698+0530][gc,heap     ] GC(71) Humongous regions: 129->129
[2024-08-22T12:53:16.698+0530][gc,metaspace] GC(71) Metaspace: 44959K(45568K)->44959K(45568K) NonClass: 39635K(39936K)->39635K(39936K) Class: 5323K(5632K)->5323K(5632K)
[2024-08-22T12:53:16.698+0530][gc          ] GC(71) Pause Young (Normal) (G1 Evacuation Pause) 609M->212M(1024M) 16.398ms
[2024-08-22T12:53:16.698+0530][gc,cpu      ] GC(71) User=0.09s Sys=0.01s Real=0.01s
[2024-08-22T12:53:20.925+0530][gc,start    ] GC(72) Pause Young (Normal) (G1 Evacuation Pause)
[2024-08-22T12:53:20.925+0530][gc,task     ] GC(72) Using 8 workers of 8 for evacuation
[2024-08-22T12:53:20.944+0530][gc,phases   ] GC(72)   Pre Evacuate Collection Set: 0.2ms
[2024-08-22T12:53:20.944+0530][gc,phases   ] GC(72)   Merge Heap Roots: 0.2ms
[2024-08-22T12:53:20.944+0530][gc,phases   ] GC(72)   Evacuate Collection Set: 17.0ms
[2024-08-22T12:53:20.944+0530][gc,phases   ] GC(72)   Post Evacuate Collection Set: 1.0ms
[2024-08-22T12:53:20.944+0530][gc,phases   ] GC(72)   Other: 0.4ms
[2024-08-22T12:53:20.944+0530][gc,heap     ] GC(72) Eden regions: 257->0(274)
[2024-08-22T12:53:20.944+0530][gc,heap     ] GC(72) Survivor regions: 13->12(34)
[2024-08-22T12:53:20.944+0530][gc,heap     ] GC(72) Old regions: 70->70
[2024-08-22T12:53:20.945+0530][gc,heap     ] GC(72) Archive regions: 2->2
[2024-08-22T12:53:20.945+0530][gc,heap     ] GC(72) Humongous regions: 129->129
[2024-08-22T12:53:20.945+0530][gc,metaspace] GC(72) Metaspace: 44959K(45568K)->44959K(45568K) NonClass: 39635K(39936K)->39635K(39936K) Class: 5323K(5632K)->5323K(5632K)
[2024-08-22T12:53:20.945+0530][gc          ] GC(72) Pause Young (Normal) (G1 Evacuation Pause) 469M->211M(1024M) 19.410ms
[2024-08-22T12:53:20.945+0530][gc,cpu      ] GC(72) User=0.11s Sys=0.01s Real=0.02s
[2024-08-22T12:53:25.585+0530][gc,start    ] GC(73) Pause Young (Normal) (G1 Evacuation Pause)
[2024-08-22T12:53:25.587+0530][gc,task     ] GC(73) Using 8 workers of 8 for evacuation
[2024-08-22T12:53:25.610+0530][gc,mmu      ] GC(73) MMU target violated: 21.0ms (20.0ms/21.0ms)
[2024-08-22T12:53:25.610+0530][gc,phases   ] GC(73)   Pre Evacuate Collection Set: 0.2ms
[2024-08-22T12:53:25.610+0530][gc,phases   ] GC(73)   Merge Heap Roots: 0.2ms
[2024-08-22T12:53:25.610+0530][gc,phases   ] GC(73)   Evacuate Collection Set: 21.1ms
[2024-08-22T12:53:25.610+0530][gc,phases   ] GC(73)   Post Evacuate Collection Set: 1.2ms
[2024-08-22T12:53:25.610+0530][gc,phases   ] GC(73)   Other: 2.2ms
[2024-08-22T12:53:25.610+0530][gc,heap     ] GC(73) Eden regions: 265->0(44)
[2024-08-22T12:53:25.610+0530][gc,heap     ] GC(73) Survivor regions: 12->15(35)
[2024-08-22T12:53:25.610+0530][gc,heap     ] GC(73) Old regions: 70->70
[2024-08-22T12:53:25.610+0530][gc,heap     ] GC(73) Archive regions: 2->2
[2024-08-22T12:53:25.610+0530][gc,heap     ] GC(73) Humongous regions: 129->129
[2024-08-22T12:53:25.610+0530][gc,metaspace] GC(73) Metaspace: 44959K(45568K)->44959K(45568K) NonClass: 39635K(39936K)->39635K(39936K) Class: 5323K(5632K)->5323K(5632K)
[2024-08-22T12:53:25.610+0530][gc          ] GC(73) Pause Young (Normal) (G1 Evacuation Pause) 476M->214M(1024M) 25.461ms
[2024-08-22T12:53:25.610+0530][gc,cpu      ] GC(73) User=0.12s Sys=0.00s Real=0.03s
[2024-08-22T12:53:26.397+0530][gc,start    ] GC(74) Pause Young (Normal) (G1 Evacuation Pause)
[2024-08-22T12:53:26.397+0530][gc,task     ] GC(74) Using 8 workers of 8 for evacuation
[2024-08-22T12:53:26.437+0530][gc,mmu      ] GC(74) MMU target violated: 21.0ms (20.0ms/21.0ms)
[2024-08-22T12:53:26.437+0530][gc,phases   ] GC(74)   Pre Evacuate Collection Set: 0.4ms
[2024-08-22T12:53:26.437+0530][gc,phases   ] GC(74)   Merge Heap Roots: 0.5ms
[2024-08-22T12:53:26.437+0530][gc,phases   ] GC(74)   Evacuate Collection Set: 37.3ms
[2024-08-22T12:53:26.437+0530][gc,phases   ] GC(74)   Post Evacuate Collection Set: 1.7ms
[2024-08-22T12:53:26.438+0530][gc,phases   ] GC(74)   Other: 0.8ms
[2024-08-22T12:53:26.438+0530][gc,heap     ] GC(74) Eden regions: 42->0(385)
[2024-08-22T12:53:26.438+0530][gc,heap     ] GC(74) Survivor regions: 15->3(8)
[2024-08-22T12:53:26.438+0530][gc,heap     ] GC(74) Old regions: 70->80
[2024-08-22T12:53:26.438+0530][gc,heap     ] GC(74) Archive regions: 2->2
[2024-08-22T12:53:26.438+0530][gc,heap     ] GC(74) Humongous regions: 129->129
[2024-08-22T12:53:26.438+0530][gc,metaspace] GC(74) Metaspace: 44959K(45568K)->44959K(45568K) NonClass: 39635K(39936K)->39635K(39936K) Class: 5323K(5632K)->5323K(5632K)
[2024-08-22T12:53:26.438+0530][gc          ] GC(74) Pause Young (Normal) (G1 Evacuation Pause) 256M->212M(1024M) 41.202ms
[2024-08-22T12:53:26.438+0530][gc,cpu      ] GC(74) User=0.12s Sys=0.03s Real=0.04s
[2024-08-22T12:53:32.757+0530][gc,start    ] GC(75) Pause Young (Normal) (G1 Evacuation Pause)
[2024-08-22T12:53:32.757+0530][gc,task     ] GC(75) Using 8 workers of 8 for evacuation
[2024-08-22T12:53:32.770+0530][gc,phases   ] GC(75)   Pre Evacuate Collection Set: 0.2ms
[2024-08-22T12:53:32.770+0530][gc,phases   ] GC(75)   Merge Heap Roots: 0.2ms
[2024-08-22T12:53:32.770+0530][gc,phases   ] GC(75)   Evacuate Collection Set: 10.0ms
[2024-08-22T12:53:32.770+0530][gc,phases   ] GC(75)   Post Evacuate Collection Set: 2.0ms
[2024-08-22T12:53:32.770+0530][gc,phases   ] GC(75)   Other: 0.3ms
[2024-08-22T12:53:32.770+0530][gc,heap     ] GC(75) Eden regions: 385->0(414)
[2024-08-22T12:53:32.770+0530][gc,heap     ] GC(75) Survivor regions: 3->4(49)
[2024-08-22T12:53:32.771+0530][gc,heap     ] GC(75) Old regions: 80->80
[2024-08-22T12:53:32.771+0530][gc,heap     ] GC(75) Archive regions: 2->2
[2024-08-22T12:53:32.771+0530][gc,heap     ] GC(75) Humongous regions: 129->129
[2024-08-22T12:53:32.771+0530][gc,metaspace] GC(75) Metaspace: 44961K(45568K)->44961K(45568K) NonClass: 39638K(39936K)->39638K(39936K) Class: 5323K(5632K)->5323K(5632K)
[2024-08-22T12:53:32.771+0530][gc          ] GC(75) Pause Young (Normal) (G1 Evacuation Pause) 597M->212M(1024M) 13.726ms
[2024-08-22T12:53:32.771+0530][gc,cpu      ] GC(75) User=0.05s Sys=0.01s Real=0.02s
[2024-08-22T12:53:39.388+0530][gc,start    ] GC(76) Pause Young (Normal) (G1 Evacuation Pause)
[2024-08-22T12:53:39.388+0530][gc,task     ] GC(76) Using 8 workers of 8 for evacuation
[2024-08-22T12:53:39.395+0530][gc,phases   ] GC(76)   Pre Evacuate Collection Set: 0.2ms
[2024-08-22T12:53:39.395+0530][gc,phases   ] GC(76)   Merge Heap Roots: 0.2ms
[2024-08-22T12:53:39.396+0530][gc,phases   ] GC(76)   Evacuate Collection Set: 4.9ms
[2024-08-22T12:53:39.396+0530][gc,phases   ] GC(76)   Post Evacuate Collection Set: 1.2ms
[2024-08-22T12:53:39.396+0530][gc,phases   ] GC(76)   Other: 0.5ms
[2024-08-22T12:53:39.396+0530][gc,heap     ] GC(76) Eden regions: 397->0(587)
[2024-08-22T12:53:39.396+0530][gc,heap     ] GC(76) Survivor regions: 4->3(51)
[2024-08-22T12:53:39.396+0530][gc,heap     ] GC(76) Old regions: 80->80
[2024-08-22T12:53:39.396+0530][gc,heap     ] GC(76) Archive regions: 2->2
[2024-08-22T12:53:39.396+0530][gc,heap     ] GC(76) Humongous regions: 129->129
[2024-08-22T12:53:39.396+0530][gc,metaspace] GC(76) Metaspace: 44961K(45568K)->44961K(45568K) NonClass: 39638K(39936K)->39638K(39936K) Class: 5323K(5632K)->5323K(5632K)
[2024-08-22T12:53:39.396+0530][gc          ] GC(76) Pause Young (Normal) (G1 Evacuation Pause) 609M->211M(1024M) 7.784ms
[2024-08-22T12:53:39.396+0530][gc,cpu      ] GC(76) User=0.03s Sys=0.00s Real=0.01s
[2024-08-22T12:53:49.103+0530][gc,start    ] GC(77) Pause Young (Normal) (G1 Evacuation Pause)
[2024-08-22T12:53:49.105+0530][gc,task     ] GC(77) Using 8 workers of 8 for evacuation
[2024-08-22T12:53:49.113+0530][gc,phases   ] GC(77)   Pre Evacuate Collection Set: 0.2ms
[2024-08-22T12:53:49.113+0530][gc,phases   ] GC(77)   Merge Heap Roots: 0.2ms
[2024-08-22T12:53:49.113+0530][gc,phases   ] GC(77)   Evacuate Collection Set: 5.8ms
[2024-08-22T12:53:49.113+0530][gc,phases   ] GC(77)   Post Evacuate Collection Set: 1.5ms
[2024-08-22T12:53:49.113+0530][gc,phases   ] GC(77)   Other: 2.3ms
[2024-08-22T12:53:49.113+0530][gc,heap     ] GC(77) Eden regions: 587->0(610)
[2024-08-22T12:53:49.113+0530][gc,heap     ] GC(77) Survivor regions: 3->4(74)
[2024-08-22T12:53:49.113+0530][gc,heap     ] GC(77) Old regions: 80->80
[2024-08-22T12:53:49.113+0530][gc,heap     ] GC(77) Archive regions: 2->2
[2024-08-22T12:53:49.113+0530][gc,heap     ] GC(77) Humongous regions: 129->129
[2024-08-22T12:53:49.113+0530][gc,metaspace] GC(77) Metaspace: 44969K(45568K)->44969K(45568K) NonClass: 39645K(39936K)->39645K(39936K) Class: 5323K(5632K)->5323K(5632K)
[2024-08-22T12:53:49.113+0530][gc          ] GC(77) Pause Young (Normal) (G1 Evacuation Pause) 798M->212M(1024M) 10.116ms
[2024-08-22T12:53:49.113+0530][gc,cpu      ] GC(77) User=0.05s Sys=0.01s Real=0.01s
[2024-08-22T12:53:58.970+0530][gc,start    ] GC(78) Pause Young (Normal) (G1 Evacuation Pause)
[2024-08-22T12:53:58.970+0530][gc,task     ] GC(78) Using 8 workers of 8 for evacuation
[2024-08-22T12:53:58.982+0530][gc,phases   ] GC(78)   Pre Evacuate Collection Set: 0.3ms
[2024-08-22T12:53:58.982+0530][gc,phases   ] GC(78)   Merge Heap Roots: 0.3ms
[2024-08-22T12:53:58.982+0530][gc,phases   ] GC(78)   Evacuate Collection Set: 9.8ms
[2024-08-22T12:53:58.982+0530][gc,phases   ] GC(78)   Post Evacuate Collection Set: 1.1ms
[2024-08-22T12:53:58.982+0530][gc,phases   ] GC(78)   Other: 0.5ms
[2024-08-22T12:53:58.982+0530][gc,heap     ] GC(78) Eden regions: 610->0(608)
[2024-08-22T12:53:58.982+0530][gc,heap     ] GC(78) Survivor regions: 4->6(77)
[2024-08-22T12:53:58.982+0530][gc,heap     ] GC(78) Old regions: 80->80
[2024-08-22T12:53:58.982+0530][gc,heap     ] GC(78) Archive regions: 2->2
[2024-08-22T12:53:58.982+0530][gc,heap     ] GC(78) Humongous regions: 129->129
[2024-08-22T12:53:58.982+0530][gc,metaspace] GC(78) Metaspace: 44969K(45568K)->44969K(45568K) NonClass: 39645K(39936K)->39645K(39936K) Class: 5323K(5632K)->5323K(5632K)
[2024-08-22T12:53:58.982+0530][gc          ] GC(78) Pause Young (Normal) (G1 Evacuation Pause) 822M->214M(1024M) 12.316ms
[2024-08-22T12:53:58.982+0530][gc,cpu      ] GC(78) User=0.07s Sys=0.00s Real=0.01s
[2024-08-22T12:54:07.921+0530][gc,start    ] GC(79) Pause Young (Normal) (G1 Evacuation Pause)
[2024-08-22T12:54:07.921+0530][gc,task     ] GC(79) Using 8 workers of 8 for evacuation
[2024-08-22T12:54:07.936+0530][gc,phases   ] GC(79)   Pre Evacuate Collection Set: 0.1ms
[2024-08-22T12:54:07.936+0530][gc,phases   ] GC(79)   Merge Heap Roots: 0.3ms
[2024-08-22T12:54:07.936+0530][gc,phases   ] GC(79)   Evacuate Collection Set: 12.6ms
[2024-08-22T12:54:07.936+0530][gc,phases   ] GC(79)   Post Evacuate Collection Set: 1.4ms
[2024-08-22T12:54:07.936+0530][gc,phases   ] GC(79)   Other: 0.2ms
[2024-08-22T12:54:07.936+0530][gc,heap     ] GC(79) Eden regions: 608->0(440)
[2024-08-22T12:54:07.936+0530][gc,heap     ] GC(79) Survivor regions: 6->9(77)
[2024-08-22T12:54:07.936+0530][gc,heap     ] GC(79) Old regions: 80->80
[2024-08-22T12:54:07.936+0530][gc,heap     ] GC(79) Archive regions: 2->2
[2024-08-22T12:54:07.936+0530][gc,heap     ] GC(79) Humongous regions: 129->129
[2024-08-22T12:54:07.936+0530][gc,metaspace] GC(79) Metaspace: 44969K(45568K)->44969K(45568K) NonClass: 39645K(39936K)->39645K(39936K) Class: 5323K(5632K)->5323K(5632K)
[2024-08-22T12:54:07.936+0530][gc          ] GC(79) Pause Young (Normal) (G1 Evacuation Pause) 822M->217M(1024M) 15.026ms
[2024-08-22T12:54:07.936+0530][gc,cpu      ] GC(79) User=0.08s Sys=0.00s Real=0.01s
[2024-08-22T12:54:14.638+0530][gc,start    ] GC(80) Pause Young (Normal) (G1 Evacuation Pause)
[2024-08-22T12:54:14.639+0530][gc,task     ] GC(80) Using 8 workers of 8 for evacuation
[2024-08-22T12:54:14.648+0530][gc,phases   ] GC(80)   Pre Evacuate Collection Set: 0.3ms
[2024-08-22T12:54:14.648+0530][gc,phases   ] GC(80)   Merge Heap Roots: 0.2ms
[2024-08-22T12:54:14.648+0530][gc,phases   ] GC(80)   Evacuate Collection Set: 7.8ms
[2024-08-22T12:54:14.648+0530][gc,phases   ] GC(80)   Post Evacuate Collection Set: 0.7ms
[2024-08-22T12:54:14.648+0530][gc,phases   ] GC(80)   Other: 0.4ms
[2024-08-22T12:54:14.648+0530][gc,heap     ] GC(80) Eden regions: 440->0(608)
[2024-08-22T12:54:14.648+0530][gc,heap     ] GC(80) Survivor regions: 9->6(57)
[2024-08-22T12:54:14.648+0530][gc,heap     ] GC(80) Old regions: 80->80
[2024-08-22T12:54:14.648+0530][gc,heap     ] GC(80) Archive regions: 2->2
[2024-08-22T12:54:14.648+0530][gc,heap     ] GC(80) Humongous regions: 129->129
[2024-08-22T12:54:14.648+0530][gc,metaspace] GC(80) Metaspace: 44970K(45568K)->44970K(45568K) NonClass: 39647K(39936K)->39647K(39936K) Class: 5323K(5632K)->5323K(5632K)
[2024-08-22T12:54:14.648+0530][gc          ] GC(80) Pause Young (Normal) (G1 Evacuation Pause) 657M->214M(1024M) 9.518ms
[2024-08-22T12:54:14.648+0530][gc,cpu      ] GC(80) User=0.06s Sys=0.00s Real=0.01s
[2024-08-22T12:54:24.249+0530][gc,start    ] GC(81) Pause Young (Normal) (G1 Evacuation Pause)
[2024-08-22T12:54:24.249+0530][gc,task     ] GC(81) Using 8 workers of 8 for evacuation
[2024-08-22T12:54:24.261+0530][gc,phases   ] GC(81)   Pre Evacuate Collection Set: 0.2ms
[2024-08-22T12:54:24.261+0530][gc,phases   ] GC(81)   Merge Heap Roots: 0.2ms
[2024-08-22T12:54:24.261+0530][gc,phases   ] GC(81)   Evacuate Collection Set: 10.8ms
[2024-08-22T12:54:24.261+0530][gc,phases   ] GC(81)   Post Evacuate Collection Set: 0.8ms
[2024-08-22T12:54:24.262+0530][gc,phases   ] GC(81)   Other: 0.2ms
[2024-08-22T12:54:24.262+0530][gc,heap     ] GC(81) Eden regions: 608->0(606)
[2024-08-22T12:54:24.262+0530][gc,heap     ] GC(81) Survivor regions: 6->8(77)
[2024-08-22T12:54:24.262+0530][gc,heap     ] GC(81) Old regions: 80->80
[2024-08-22T12:54:24.262+0530][gc,heap     ] GC(81) Archive regions: 2->2
[2024-08-22T12:54:24.262+0530][gc,heap     ] GC(81) Humongous regions: 129->129
[2024-08-22T12:54:24.262+0530][gc,metaspace] GC(81) Metaspace: 44972K(45632K)->44972K(45632K) NonClass: 39648K(40000K)->39648K(40000K) Class: 5323K(5632K)->5323K(5632K)
[2024-08-22T12:54:24.262+0530][gc          ] GC(81) Pause Young (Normal) (G1 Evacuation Pause) 822M->216M(1024M) 12.684ms
[2024-08-22T12:54:24.262+0530][gc,cpu      ] GC(81) User=0.06s Sys=0.00s Real=0.02s
[2024-08-22T12:54:34.451+0530][gc,start    ] GC(82) Pause Young (Normal) (G1 Evacuation Pause)
[2024-08-22T12:54:34.451+0530][gc,task     ] GC(82) Using 8 workers of 8 for evacuation
[2024-08-22T12:54:34.464+0530][gc,phases   ] GC(82)   Pre Evacuate Collection Set: 0.2ms
[2024-08-22T12:54:34.464+0530][gc,phases   ] GC(82)   Merge Heap Roots: 0.2ms
[2024-08-22T12:54:34.464+0530][gc,phases   ] GC(82)   Evacuate Collection Set: 11.7ms
[2024-08-22T12:54:34.464+0530][gc,phases   ] GC(82)   Post Evacuate Collection Set: 0.8ms
[2024-08-22T12:54:34.464+0530][gc,phases   ] GC(82)   Other: 0.5ms
[2024-08-22T12:54:34.464+0530][gc,heap     ] GC(82) Eden regions: 606->0(604)
[2024-08-22T12:54:34.464+0530][gc,heap     ] GC(82) Survivor regions: 8->10(77)
[2024-08-22T12:54:34.464+0530][gc,heap     ] GC(82) Old regions: 80->80
[2024-08-22T12:54:34.464+0530][gc,heap     ] GC(82) Archive regions: 2->2
[2024-08-22T12:54:34.464+0530][gc,heap     ] GC(82) Humongous regions: 129->129
[2024-08-22T12:54:34.464+0530][gc,metaspace] GC(82) Metaspace: 44972K(45632K)->44972K(45632K) NonClass: 39649K(40000K)->39649K(40000K) Class: 5323K(5632K)->5323K(5632K)
[2024-08-22T12:54:34.465+0530][gc          ] GC(82) Pause Young (Normal) (G1 Evacuation Pause) 822M->219M(1024M) 13.613ms
[2024-08-22T12:54:34.465+0530][gc,cpu      ] GC(82) User=0.07s Sys=0.00s Real=0.01s
[2024-08-22T12:54:40.410+0530][gc,start    ] GC(83) Pause Young (Normal) (G1 Evacuation Pause)
[2024-08-22T12:54:40.410+0530][gc,task     ] GC(83) Using 8 workers of 8 for evacuation
[2024-08-22T12:54:40.418+0530][gc,phases   ] GC(83)   Pre Evacuate Collection Set: 0.2ms
[2024-08-22T12:54:40.418+0530][gc,phases   ] GC(83)   Merge Heap Roots: 0.2ms
[2024-08-22T12:54:40.418+0530][gc,phases   ] GC(83)   Evacuate Collection Set: 6.3ms
[2024-08-22T12:54:40.418+0530][gc,phases   ] GC(83)   Post Evacuate Collection Set: 0.5ms
[2024-08-22T12:54:40.418+0530][gc,phases   ] GC(83)   Other: 0.2ms
[2024-08-22T12:54:40.418+0530][gc,heap     ] GC(83) Eden regions: 604->0(606)
[2024-08-22T12:54:40.418+0530][gc,heap     ] GC(83) Survivor regions: 10->8(77)
[2024-08-22T12:54:40.418+0530][gc,heap     ] GC(83) Old regions: 80->80
[2024-08-22T12:54:40.418+0530][gc,heap     ] GC(83) Archive regions: 2->2
[2024-08-22T12:54:40.418+0530][gc,heap     ] GC(83) Humongous regions: 129->129
[2024-08-22T12:54:40.418+0530][gc,metaspace] GC(83) Metaspace: 44973K(45632K)->44973K(45632K) NonClass: 39649K(40000K)->39649K(40000K) Class: 5323K(5632K)->5323K(5632K)
[2024-08-22T12:54:40.418+0530][gc          ] GC(83) Pause Young (Normal) (G1 Evacuation Pause) 823M->217M(1024M) 7.591ms
[2024-08-22T12:54:40.418+0530][gc,cpu      ] GC(83) User=0.04s Sys=0.00s Real=0.00s
[2024-08-22T12:54:46.096+0530][gc,start    ] GC(84) Pause Young (Normal) (G1 Evacuation Pause)
[2024-08-22T12:54:46.096+0530][gc,task     ] GC(84) Using 8 workers of 8 for evacuation
[2024-08-22T12:54:46.106+0530][gc,phases   ] GC(84)   Pre Evacuate Collection Set: 0.2ms
[2024-08-22T12:54:46.106+0530][gc,phases   ] GC(84)   Merge Heap Roots: 0.2ms
[2024-08-22T12:54:46.106+0530][gc,phases   ] GC(84)   Evacuate Collection Set: 8.7ms
[2024-08-22T12:54:46.106+0530][gc,phases   ] GC(84)   Post Evacuate Collection Set: 0.8ms
[2024-08-22T12:54:46.106+0530][gc,phases   ] GC(84)   Other: 0.3ms
[2024-08-22T12:54:46.106+0530][gc,heap     ] GC(84) Eden regions: 606->0(603)
[2024-08-22T12:54:46.106+0530][gc,heap     ] GC(84) Survivor regions: 8->11(77)
[2024-08-22T12:54:46.106+0530][gc,heap     ] GC(84) Old regions: 80->80
[2024-08-22T12:54:46.106+0530][gc,heap     ] GC(84) Archive regions: 2->2
[2024-08-22T12:54:46.106+0530][gc,heap     ] GC(84) Humongous regions: 129->129
[2024-08-22T12:54:46.106+0530][gc,metaspace] GC(84) Metaspace: 44973K(45632K)->44973K(45632K) NonClass: 39649K(40000K)->39649K(40000K) Class: 5323K(5632K)->5323K(5632K)
[2024-08-22T12:54:46.106+0530][gc          ] GC(84) Pause Young (Normal) (G1 Evacuation Pause) 823M->219M(1024M) 10.408ms
[2024-08-22T12:54:46.106+0530][gc,cpu      ] GC(84) User=0.06s Sys=0.00s Real=0.01s
[2024-08-22T12:54:51.738+0530][gc,start    ] GC(85) Pause Young (Normal) (G1 Evacuation Pause)
[2024-08-22T12:54:51.738+0530][gc,task     ] GC(85) Using 8 workers of 8 for evacuation
[2024-08-22T12:54:51.748+0530][gc,phases   ] GC(85)   Pre Evacuate Collection Set: 0.1ms
[2024-08-22T12:54:51.748+0530][gc,phases   ] GC(85)   Merge Heap Roots: 0.2ms
[2024-08-22T12:54:51.748+0530][gc,phases   ] GC(85)   Evacuate Collection Set: 9.2ms
[2024-08-22T12:54:51.748+0530][gc,phases   ] GC(85)   Post Evacuate Collection Set: 0.6ms
[2024-08-22T12:54:51.748+0530][gc,phases   ] GC(85)   Other: 0.2ms
[2024-08-22T12:54:51.748+0530][gc,heap     ] GC(85) Eden regions: 603->0(601)
[2024-08-22T12:54:51.748+0530][gc,heap     ] GC(85) Survivor regions: 11->13(77)
[2024-08-22T12:54:51.748+0530][gc,heap     ] GC(85) Old regions: 80->80
[2024-08-22T12:54:51.748+0530][gc,heap     ] GC(85) Archive regions: 2->2
[2024-08-22T12:54:51.748+0530][gc,heap     ] GC(85) Humongous regions: 129->129
[2024-08-22T12:54:51.748+0530][gc,metaspace] GC(85) Metaspace: 44973K(45632K)->44973K(45632K) NonClass: 39649K(40000K)->39649K(40000K) Class: 5323K(5632K)->5323K(5632K)
[2024-08-22T12:54:51.748+0530][gc          ] GC(85) Pause Young (Normal) (G1 Evacuation Pause) 822M->222M(1024M) 10.435ms
[2024-08-22T12:54:51.748+0530][gc,cpu      ] GC(85) User=0.07s Sys=0.00s Real=0.01s
[2024-08-22T12:54:57.418+0530][gc,start    ] GC(86) Pause Young (Normal) (G1 Evacuation Pause)
[2024-08-22T12:54:57.418+0530][gc,task     ] GC(86) Using 8 workers of 8 for evacuation
[2024-08-22T12:54:57.426+0530][gc,phases   ] GC(86)   Pre Evacuate Collection Set: 0.1ms
[2024-08-22T12:54:57.426+0530][gc,phases   ] GC(86)   Merge Heap Roots: 0.1ms
[2024-08-22T12:54:57.426+0530][gc,phases   ] GC(86)   Evacuate Collection Set: 7.5ms
[2024-08-22T12:54:57.426+0530][gc,phases   ] GC(86)   Post Evacuate Collection Set: 0.5ms
[2024-08-22T12:54:57.426+0530][gc,phases   ] GC(86)   Other: 0.2ms
[2024-08-22T12:54:57.426+0530][gc,heap     ] GC(86) Eden regions: 601->0(602)
[2024-08-22T12:54:57.426+0530][gc,heap     ] GC(86) Survivor regions: 13->12(77)
[2024-08-22T12:54:57.426+0530][gc,heap     ] GC(86) Old regions: 80->80
[2024-08-22T12:54:57.426+0530][gc,heap     ] GC(86) Archive regions: 2->2
[2024-08-22T12:54:57.426+0530][gc,heap     ] GC(86) Humongous regions: 129->129
[2024-08-22T12:54:57.426+0530][gc,metaspace] GC(86) Metaspace: 44973K(45632K)->44973K(45632K) NonClass: 39649K(40000K)->39649K(40000K) Class: 5323K(5632K)->5323K(5632K)
[2024-08-22T12:54:57.426+0530][gc          ] GC(86) Pause Young (Normal) (G1 Evacuation Pause) 823M->220M(1024M) 8.579ms
[2024-08-22T12:54:57.426+0530][gc,cpu      ] GC(86) User=0.06s Sys=0.00s Real=0.01s
[2024-08-22T12:55:03.081+0530][gc,start    ] GC(87) Pause Young (Normal) (G1 Evacuation Pause)
[2024-08-22T12:55:03.081+0530][gc,task     ] GC(87) Using 8 workers of 8 for evacuation
[2024-08-22T12:55:03.094+0530][gc,phases   ] GC(87)   Pre Evacuate Collection Set: 0.1ms
[2024-08-22T12:55:03.095+0530][gc,phases   ] GC(87)   Merge Heap Roots: 0.2ms
[2024-08-22T12:55:03.095+0530][gc,phases   ] GC(87)   Evacuate Collection Set: 12.4ms
[2024-08-22T12:55:03.095+0530][gc,phases   ] GC(87)   Post Evacuate Collection Set: 0.5ms
[2024-08-22T12:55:03.095+0530][gc,phases   ] GC(87)   Other: 0.2ms
[2024-08-22T12:55:03.095+0530][gc,heap     ] GC(87) Eden regions: 602->0(600)
[2024-08-22T12:55:03.095+0530][gc,heap     ] GC(87) Survivor regions: 12->14(77)
[2024-08-22T12:55:03.095+0530][gc,heap     ] GC(87) Old regions: 80->80
[2024-08-22T12:55:03.095+0530][gc,heap     ] GC(87) Archive regions: 2->2
[2024-08-22T12:55:03.095+0530][gc,heap     ] GC(87) Humongous regions: 129->129
[2024-08-22T12:55:03.095+0530][gc,metaspace] GC(87) Metaspace: 44973K(45632K)->44973K(45632K) NonClass: 39650K(40000K)->39650K(40000K) Class: 5323K(5632K)->5323K(5632K)
[2024-08-22T12:55:03.095+0530][gc          ] GC(87) Pause Young (Normal) (G1 Evacuation Pause) 822M->223M(1024M) 13.557ms
[2024-08-22T12:55:03.095+0530][gc,cpu      ] GC(87) User=0.07s Sys=0.00s Real=0.01s
[2024-08-22T12:55:08.912+0530][gc,start    ] GC(88) Pause Young (Normal) (G1 Evacuation Pause)
[2024-08-22T12:55:08.912+0530][gc,task     ] GC(88) Using 8 workers of 8 for evacuation
[2024-08-22T12:55:08.923+0530][gc,phases   ] GC(88)   Pre Evacuate Collection Set: 0.2ms
[2024-08-22T12:55:08.923+0530][gc,phases   ] GC(88)   Merge Heap Roots: 0.2ms
[2024-08-22T12:55:08.923+0530][gc,phases   ] GC(88)   Evacuate Collection Set: 9.7ms
[2024-08-22T12:55:08.923+0530][gc,phases   ] GC(88)   Post Evacuate Collection Set: 0.6ms
[2024-08-22T12:55:08.923+0530][gc,phases   ] GC(88)   Other: 0.2ms
[2024-08-22T12:55:08.923+0530][gc,heap     ] GC(88) Eden regions: 600->0(601)
[2024-08-22T12:55:08.923+0530][gc,heap     ] GC(88) Survivor regions: 14->13(77)
[2024-08-22T12:55:08.923+0530][gc,heap     ] GC(88) Old regions: 80->80
[2024-08-22T12:55:08.923+0530][gc,heap     ] GC(88) Archive regions: 2->2
[2024-08-22T12:55:08.923+0530][gc,heap     ] GC(88) Humongous regions: 129->129
[2024-08-22T12:55:08.923+0530][gc,metaspace] GC(88) Metaspace: 44973K(45632K)->44973K(45632K) NonClass: 39650K(40000K)->39650K(40000K) Class: 5323K(5632K)->5323K(5632K)
[2024-08-22T12:55:08.923+0530][gc          ] GC(88) Pause Young (Normal) (G1 Evacuation Pause) 823M->222M(1024M) 11.072ms
[2024-08-22T12:55:08.923+0530][gc,cpu      ] GC(88) User=0.06s Sys=0.00s Real=0.01s
[2024-08-22T12:55:14.572+0530][gc,start    ] GC(89) Pause Young (Normal) (G1 Evacuation Pause)
[2024-08-22T12:55:14.572+0530][gc,task     ] GC(89) Using 8 workers of 8 for evacuation
[2024-08-22T12:55:14.585+0530][gc,phases   ] GC(89)   Pre Evacuate Collection Set: 0.1ms
[2024-08-22T12:55:14.585+0530][gc,phases   ] GC(89)   Merge Heap Roots: 0.2ms
[2024-08-22T12:55:14.585+0530][gc,phases   ] GC(89)   Evacuate Collection Set: 11.7ms
[2024-08-22T12:55:14.585+0530][gc,phases   ] GC(89)   Post Evacuate Collection Set: 0.6ms
[2024-08-22T12:55:14.585+0530][gc,phases   ] GC(89)   Other: 0.3ms
[2024-08-22T12:55:14.585+0530][gc,heap     ] GC(89) Eden regions: 601->0(599)
[2024-08-22T12:55:14.585+0530][gc,heap     ] GC(89) Survivor regions: 13->15(77)
[2024-08-22T12:55:14.585+0530][gc,heap     ] GC(89) Old regions: 80->80
[2024-08-22T12:55:14.585+0530][gc,heap     ] GC(89) Archive regions: 2->2
[2024-08-22T12:55:14.585+0530][gc,heap     ] GC(89) Humongous regions: 129->129
[2024-08-22T12:55:14.585+0530][gc,metaspace] GC(89) Metaspace: 44975K(45632K)->44975K(45632K) NonClass: 39651K(40000K)->39651K(40000K) Class: 5323K(5632K)->5323K(5632K)
[2024-08-22T12:55:14.585+0530][gc          ] GC(89) Pause Young (Normal) (G1 Evacuation Pause) 823M->224M(1024M) 13.024ms
[2024-08-22T12:55:14.585+0530][gc,cpu      ] GC(89) User=0.08s Sys=0.00s Real=0.01s
[2024-08-22T12:55:20.328+0530][gc,start    ] GC(90) Pause Young (Normal) (G1 Evacuation Pause)
[2024-08-22T12:55:20.328+0530][gc,task     ] GC(90) Using 8 workers of 8 for evacuation
[2024-08-22T12:55:20.340+0530][gc,phases   ] GC(90)   Pre Evacuate Collection Set: 0.1ms
[2024-08-22T12:55:20.341+0530][gc,phases   ] GC(90)   Merge Heap Roots: 0.2ms
[2024-08-22T12:55:20.341+0530][gc,phases   ] GC(90)   Evacuate Collection Set: 11.6ms
[2024-08-22T12:55:20.341+0530][gc,phases   ] GC(90)   Post Evacuate Collection Set: 0.7ms
[2024-08-22T12:55:20.341+0530][gc,phases   ] GC(90)   Other: 0.2ms
[2024-08-22T12:55:20.341+0530][gc,heap     ] GC(90) Eden regions: 599->0(600)
[2024-08-22T12:55:20.341+0530][gc,heap     ] GC(90) Survivor regions: 15->14(77)
[2024-08-22T12:55:20.341+0530][gc,heap     ] GC(90) Old regions: 80->81
[2024-08-22T12:55:20.341+0530][gc,heap     ] GC(90) Archive regions: 2->2
[2024-08-22T12:55:20.341+0530][gc,heap     ] GC(90) Humongous regions: 129->129
[2024-08-22T12:55:20.341+0530][gc,metaspace] GC(90) Metaspace: 44975K(45632K)->44975K(45632K) NonClass: 39651K(40000K)->39651K(40000K) Class: 5323K(5632K)->5323K(5632K)
[2024-08-22T12:55:20.341+0530][gc          ] GC(90) Pause Young (Normal) (G1 Evacuation Pause) 823M->223M(1024M) 12.923ms
[2024-08-22T12:55:20.341+0530][gc,cpu      ] GC(90) User=0.08s Sys=0.01s Real=0.02s
[2024-08-22T12:55:26.355+0530][gc,start    ] GC(91) Pause Young (Normal) (G1 Evacuation Pause)
[2024-08-22T12:55:26.355+0530][gc,task     ] GC(91) Using 8 workers of 8 for evacuation
[2024-08-22T12:55:26.365+0530][gc,phases   ] GC(91)   Pre Evacuate Collection Set: 0.1ms
[2024-08-22T12:55:26.365+0530][gc,phases   ] GC(91)   Merge Heap Roots: 0.1ms
[2024-08-22T12:55:26.365+0530][gc,phases   ] GC(91)   Evacuate Collection Set: 9.7ms
[2024-08-22T12:55:26.365+0530][gc,phases   ] GC(91)   Post Evacuate Collection Set: 0.5ms
[2024-08-22T12:55:26.365+0530][gc,phases   ] GC(91)   Other: 0.3ms
[2024-08-22T12:55:26.365+0530][gc,heap     ] GC(91) Eden regions: 600->0(600)
[2024-08-22T12:55:26.365+0530][gc,heap     ] GC(91) Survivor regions: 14->14(77)
[2024-08-22T12:55:26.365+0530][gc,heap     ] GC(91) Old regions: 81->82
[2024-08-22T12:55:26.365+0530][gc,heap     ] GC(91) Archive regions: 2->2
[2024-08-22T12:55:26.365+0530][gc,heap     ] GC(91) Humongous regions: 129->129
[2024-08-22T12:55:26.365+0530][gc,metaspace] GC(91) Metaspace: 44975K(45632K)->44975K(45632K) NonClass: 39651K(40000K)->39651K(40000K) Class: 5323K(5632K)->5323K(5632K)
[2024-08-22T12:55:26.365+0530][gc          ] GC(91) Pause Young (Normal) (G1 Evacuation Pause) 823M->224M(1024M) 10.908ms
[2024-08-22T12:55:26.366+0530][gc,cpu      ] GC(91) User=0.07s Sys=0.00s Real=0.01s
[2024-08-22T12:55:33.334+0530][gc,start    ] GC(92) Pause Young (Normal) (G1 Evacuation Pause)
[2024-08-22T12:55:33.336+0530][gc,task     ] GC(92) Using 8 workers of 8 for evacuation
[2024-08-22T12:55:33.345+0530][gc,phases   ] GC(92)   Pre Evacuate Collection Set: 0.1ms
[2024-08-22T12:55:33.345+0530][gc,phases   ] GC(92)   Merge Heap Roots: 0.1ms
[2024-08-22T12:55:33.345+0530][gc,phases   ] GC(92)   Evacuate Collection Set: 8.3ms
[2024-08-22T12:55:33.345+0530][gc,phases   ] GC(92)   Post Evacuate Collection Set: 0.5ms
[2024-08-22T12:55:33.345+0530][gc,phases   ] GC(92)   Other: 2.1ms
[2024-08-22T12:55:33.345+0530][gc,heap     ] GC(92) Eden regions: 600->0(601)
[2024-08-22T12:55:33.345+0530][gc,heap     ] GC(92) Survivor regions: 14->13(77)
[2024-08-22T12:55:33.345+0530][gc,heap     ] GC(92) Old regions: 82->83
[2024-08-22T12:55:33.345+0530][gc,heap     ] GC(92) Archive regions: 2->2
[2024-08-22T12:55:33.345+0530][gc,heap     ] GC(92) Humongous regions: 129->129
[2024-08-22T12:55:33.345+0530][gc,metaspace] GC(92) Metaspace: 44975K(45632K)->44975K(45632K) NonClass: 39651K(40000K)->39651K(40000K) Class: 5323K(5632K)->5323K(5632K)
[2024-08-22T12:55:33.345+0530][gc          ] GC(92) Pause Young (Normal) (G1 Evacuation Pause) 824M->224M(1024M) 11.357ms
[2024-08-22T12:55:33.345+0530][gc,cpu      ] GC(92) User=0.07s Sys=0.00s Real=0.01s
[2024-08-22T12:55:40.156+0530][gc,start    ] GC(93) Pause Young (Normal) (G1 Evacuation Pause)
[2024-08-22T12:55:40.156+0530][gc,task     ] GC(93) Using 8 workers of 8 for evacuation
[2024-08-22T12:55:40.165+0530][gc,phases   ] GC(93)   Pre Evacuate Collection Set: 0.1ms
[2024-08-22T12:55:40.165+0530][gc,phases   ] GC(93)   Merge Heap Roots: 0.2ms
[2024-08-22T12:55:40.165+0530][gc,phases   ] GC(93)   Evacuate Collection Set: 8.2ms
[2024-08-22T12:55:40.165+0530][gc,phases   ] GC(93)   Post Evacuate Collection Set: 0.6ms
[2024-08-22T12:55:40.165+0530][gc,phases   ] GC(93)   Other: 0.3ms
[2024-08-22T12:55:40.165+0530][gc,heap     ] GC(93) Eden regions: 601->0(601)
[2024-08-22T12:55:40.165+0530][gc,heap     ] GC(93) Survivor regions: 13->13(77)
[2024-08-22T12:55:40.165+0530][gc,heap     ] GC(93) Old regions: 83->83
[2024-08-22T12:55:40.165+0530][gc,heap     ] GC(93) Archive regions: 2->2
[2024-08-22T12:55:40.165+0530][gc,heap     ] GC(93) Humongous regions: 129->129
[2024-08-22T12:55:40.165+0530][gc,metaspace] GC(93) Metaspace: 44977K(45632K)->44977K(45632K) NonClass: 39654K(40000K)->39654K(40000K) Class: 5323K(5632K)->5323K(5632K)
[2024-08-22T12:55:40.165+0530][gc          ] GC(93) Pause Young (Normal) (G1 Evacuation Pause) 825M->225M(1024M) 9.426ms
[2024-08-22T12:55:40.165+0530][gc,cpu      ] GC(93) User=0.06s Sys=0.01s Real=0.01s
[2024-08-22T12:55:46.719+0530][gc,start    ] GC(94) Pause Young (Normal) (G1 Evacuation Pause)
[2024-08-22T12:55:46.721+0530][gc,task     ] GC(94) Using 8 workers of 8 for evacuation
[2024-08-22T12:55:46.739+0530][gc,phases   ] GC(94)   Pre Evacuate Collection Set: 0.2ms
[2024-08-22T12:55:46.739+0530][gc,phases   ] GC(94)   Merge Heap Roots: 0.2ms
[2024-08-22T12:55:46.739+0530][gc,phases   ] GC(94)   Evacuate Collection Set: 16.5ms
[2024-08-22T12:55:46.739+0530][gc,phases   ] GC(94)   Post Evacuate Collection Set: 0.6ms
[2024-08-22T12:55:46.739+0530][gc,phases   ] GC(94)   Other: 2.1ms
[2024-08-22T12:55:46.739+0530][gc,heap     ] GC(94) Eden regions: 601->0(600)
[2024-08-22T12:55:46.739+0530][gc,heap     ] GC(94) Survivor regions: 13->14(77)
[2024-08-22T12:55:46.739+0530][gc,heap     ] GC(94) Old regions: 83->84
[2024-08-22T12:55:46.739+0530][gc,heap     ] GC(94) Archive regions: 2->2
[2024-08-22T12:55:46.739+0530][gc,heap     ] GC(94) Humongous regions: 129->129
[2024-08-22T12:55:46.739+0530][gc,metaspace] GC(94) Metaspace: 44977K(45632K)->44977K(45632K) NonClass: 39654K(40000K)->39654K(40000K) Class: 5323K(5632K)->5323K(5632K)
[2024-08-22T12:55:46.739+0530][gc          ] GC(94) Pause Young (Normal) (G1 Evacuation Pause) 826M->227M(1024M) 19.760ms
[2024-08-22T12:55:46.739+0530][gc,cpu      ] GC(94) User=0.10s Sys=0.01s Real=0.02s
[2024-08-22T12:55:53.641+0530][gc,start    ] GC(95) Pause Young (Normal) (G1 Evacuation Pause)
[2024-08-22T12:55:53.641+0530][gc,task     ] GC(95) Using 8 workers of 8 for evacuation
[2024-08-22T12:55:53.650+0530][gc,phases   ] GC(95)   Pre Evacuate Collection Set: 0.1ms
[2024-08-22T12:55:53.650+0530][gc,phases   ] GC(95)   Merge Heap Roots: 0.2ms
[2024-08-22T12:55:53.650+0530][gc,phases   ] GC(95)   Evacuate Collection Set: 7.7ms
[2024-08-22T12:55:53.650+0530][gc,phases   ] GC(95)   Post Evacuate Collection Set: 0.6ms
[2024-08-22T12:55:53.650+0530][gc,phases   ] GC(95)   Other: 0.2ms
[2024-08-22T12:55:53.650+0530][gc,heap     ] GC(95) Eden regions: 600->0(605)
[2024-08-22T12:55:53.650+0530][gc,heap     ] GC(95) Survivor regions: 14->9(77)
[2024-08-22T12:55:53.650+0530][gc,heap     ] GC(95) Old regions: 84->85
[2024-08-22T12:55:53.650+0530][gc,heap     ] GC(95) Archive regions: 2->2
[2024-08-22T12:55:53.650+0530][gc,heap     ] GC(95) Humongous regions: 129->129
[2024-08-22T12:55:53.650+0530][gc,metaspace] GC(95) Metaspace: 44977K(45632K)->44977K(45632K) NonClass: 39654K(40000K)->39654K(40000K) Class: 5323K(5632K)->5323K(5632K)
[2024-08-22T12:55:53.650+0530][gc          ] GC(95) Pause Young (Normal) (G1 Evacuation Pause) 827M->223M(1024M) 8.972ms
[2024-08-22T12:55:53.650+0530][gc,cpu      ] GC(95) User=0.06s Sys=0.00s Real=0.01s
[2024-08-22T12:56:00.974+0530][gc,start    ] GC(96) Pause Young (Normal) (G1 Evacuation Pause)
[2024-08-22T12:56:00.976+0530][gc,task     ] GC(96) Using 8 workers of 8 for evacuation
[2024-08-22T12:56:00.986+0530][gc,phases   ] GC(96)   Pre Evacuate Collection Set: 0.2ms
[2024-08-22T12:56:00.987+0530][gc,phases   ] GC(96)   Merge Heap Roots: 0.3ms
[2024-08-22T12:56:00.987+0530][gc,phases   ] GC(96)   Evacuate Collection Set: 9.4ms
[2024-08-22T12:56:00.987+0530][gc,phases   ] GC(96)   Post Evacuate Collection Set: 0.8ms
[2024-08-22T12:56:00.987+0530][gc,phases   ] GC(96)   Other: 2.1ms
[2024-08-22T12:56:00.987+0530][gc,heap     ] GC(96) Eden regions: 605->0(604)
[2024-08-22T12:56:00.987+0530][gc,heap     ] GC(96) Survivor regions: 9->10(77)
[2024-08-22T12:56:00.987+0530][gc,heap     ] GC(96) Old regions: 85->86
[2024-08-22T12:56:00.987+0530][gc,heap     ] GC(96) Archive regions: 2->2
[2024-08-22T12:56:00.987+0530][gc,heap     ] GC(96) Humongous regions: 129->129
[2024-08-22T12:56:00.987+0530][gc,metaspace] GC(96) Metaspace: 44979K(45632K)->44979K(45632K) NonClass: 39655K(40000K)->39655K(40000K) Class: 5323K(5632K)->5323K(5632K)
[2024-08-22T12:56:00.987+0530][gc          ] GC(96) Pause Young (Normal) (G1 Evacuation Pause) 828M->224M(1024M) 13.022ms
[2024-08-22T12:56:00.987+0530][gc,cpu      ] GC(96) User=0.06s Sys=0.00s Real=0.01s
[2024-08-22T12:56:08.280+0530][gc,start    ] GC(97) Pause Young (Normal) (G1 Evacuation Pause)
[2024-08-22T12:56:08.280+0530][gc,task     ] GC(97) Using 8 workers of 8 for evacuation
[2024-08-22T12:56:08.289+0530][gc,phases   ] GC(97)   Pre Evacuate Collection Set: 0.1ms
[2024-08-22T12:56:08.289+0530][gc,phases   ] GC(97)   Merge Heap Roots: 0.2ms
[2024-08-22T12:56:08.289+0530][gc,phases   ] GC(97)   Evacuate Collection Set: 7.8ms
[2024-08-22T12:56:08.289+0530][gc,phases   ] GC(97)   Post Evacuate Collection Set: 0.5ms
[2024-08-22T12:56:08.289+0530][gc,phases   ] GC(97)   Other: 0.3ms
[2024-08-22T12:56:08.289+0530][gc,heap     ] GC(97) Eden regions: 604->0(604)
[2024-08-22T12:56:08.289+0530][gc,heap     ] GC(97) Survivor regions: 10->10(77)
[2024-08-22T12:56:08.289+0530][gc,heap     ] GC(97) Old regions: 86->87
[2024-08-22T12:56:08.289+0530][gc,heap     ] GC(97) Archive regions: 2->2
[2024-08-22T12:56:08.289+0530][gc,heap     ] GC(97) Humongous regions: 129->129
[2024-08-22T12:56:08.289+0530][gc,metaspace] GC(97) Metaspace: 44979K(45632K)->44979K(45632K) NonClass: 39655K(40000K)->39655K(40000K) Class: 5323K(5632K)->5323K(5632K)
[2024-08-22T12:56:08.289+0530][gc          ] GC(97) Pause Young (Normal) (G1 Evacuation Pause) 828M->225M(1024M) 9.084ms
[2024-08-22T12:56:08.289+0530][gc,cpu      ] GC(97) User=0.06s Sys=0.00s Real=0.00s
[2024-08-22T12:56:15.217+0530][gc,start    ] GC(98) Pause Young (Normal) (G1 Evacuation Pause)
[2024-08-22T12:56:15.217+0530][gc,task     ] GC(98) Using 8 workers of 8 for evacuation
[2024-08-22T12:56:15.227+0530][gc,phases   ] GC(98)   Pre Evacuate Collection Set: 0.1ms
[2024-08-22T12:56:15.227+0530][gc,phases   ] GC(98)   Merge Heap Roots: 0.1ms
[2024-08-22T12:56:15.227+0530][gc,phases   ] GC(98)   Evacuate Collection Set: 8.6ms
[2024-08-22T12:56:15.227+0530][gc,phases   ] GC(98)   Post Evacuate Collection Set: 0.6ms
[2024-08-22T12:56:15.227+0530][gc,phases   ] GC(98)   Other: 0.2ms
[2024-08-22T12:56:15.227+0530][gc,heap     ] GC(98) Eden regions: 604->0(602)
[2024-08-22T12:56:15.227+0530][gc,heap     ] GC(98) Survivor regions: 10->12(77)
[2024-08-22T12:56:15.227+0530][gc,heap     ] GC(98) Old regions: 87->87
[2024-08-22T12:56:15.227+0530][gc,heap     ] GC(98) Archive regions: 2->2
[2024-08-22T12:56:15.227+0530][gc,heap     ] GC(98) Humongous regions: 129->129
[2024-08-22T12:56:15.227+0530][gc,metaspace] GC(98) Metaspace: 44980K(45632K)->44980K(45632K) NonClass: 39657K(40000K)->39657K(40000K) Class: 5323K(5632K)->5323K(5632K)
[2024-08-22T12:56:15.227+0530][gc          ] GC(98) Pause Young (Normal) (G1 Evacuation Pause) 829M->228M(1024M) 9.734ms
[2024-08-22T12:56:15.227+0530][gc,cpu      ] GC(98) User=0.06s Sys=0.01s Real=0.01s
[2024-08-22T12:56:21.734+0530][gc,start    ] GC(99) Pause Young (Normal) (G1 Evacuation Pause)
[2024-08-22T12:56:21.734+0530][gc,task     ] GC(99) Using 8 workers of 8 for evacuation
[2024-08-22T12:56:21.746+0530][gc,phases   ] GC(99)   Pre Evacuate Collection Set: 0.2ms
[2024-08-22T12:56:21.746+0530][gc,phases   ] GC(99)   Merge Heap Roots: 0.2ms
[2024-08-22T12:56:21.746+0530][gc,phases   ] GC(99)   Evacuate Collection Set: 10.5ms
[2024-08-22T12:56:21.746+0530][gc,phases   ] GC(99)   Post Evacuate Collection Set: 0.7ms
[2024-08-22T12:56:21.746+0530][gc,phases   ] GC(99)   Other: 0.2ms
[2024-08-22T12:56:21.746+0530][gc,heap     ] GC(99) Eden regions: 602->0(605)
[2024-08-22T12:56:21.746+0530][gc,heap     ] GC(99) Survivor regions: 12->9(77)
[2024-08-22T12:56:21.746+0530][gc,heap     ] GC(99) Old regions: 87->88
[2024-08-22T12:56:21.746+0530][gc,heap     ] GC(99) Archive regions: 2->2
[2024-08-22T12:56:21.746+0530][gc,heap     ] GC(99) Humongous regions: 129->129
[2024-08-22T12:56:21.746+0530][gc,metaspace] GC(99) Metaspace: 44980K(45632K)->44980K(45632K) NonClass: 39657K(40000K)->39657K(40000K) Class: 5323K(5632K)->5323K(5632K)
[2024-08-22T12:56:21.746+0530][gc          ] GC(99) Pause Young (Normal) (G1 Evacuation Pause) 830M->225M(1024M) 11.990ms
[2024-08-22T12:56:21.746+0530][gc,cpu      ] GC(99) User=0.06s Sys=0.00s Real=0.01s
[2024-08-22T12:56:29.001+0530][gc,start    ] GC(100) Pause Young (Normal) (G1 Evacuation Pause)
[2024-08-22T12:56:29.002+0530][gc,task     ] GC(100) Using 8 workers of 8 for evacuation
[2024-08-22T12:56:29.015+0530][gc,phases   ] GC(100)   Pre Evacuate Collection Set: 0.1ms
[2024-08-22T12:56:29.015+0530][gc,phases   ] GC(100)   Merge Heap Roots: 0.2ms
[2024-08-22T12:56:29.015+0530][gc,phases   ] GC(100)   Evacuate Collection Set: 11.5ms
[2024-08-22T12:56:29.015+0530][gc,phases   ] GC(100)   Post Evacuate Collection Set: 1.2ms
[2024-08-22T12:56:29.015+0530][gc,phases   ] GC(100)   Other: 0.3ms
[2024-08-22T12:56:29.015+0530][gc,heap     ] GC(100) Eden regions: 605->0(604)
[2024-08-22T12:56:29.015+0530][gc,heap     ] GC(100) Survivor regions: 9->10(77)
[2024-08-22T12:56:29.015+0530][gc,heap     ] GC(100) Old regions: 88->88
[2024-08-22T12:56:29.015+0530][gc,heap     ] GC(100) Archive regions: 2->2
[2024-08-22T12:56:29.015+0530][gc,heap     ] GC(100) Humongous regions: 129->129
[2024-08-22T12:56:29.015+0530][gc,metaspace] GC(100) Metaspace: 44980K(45632K)->44980K(45632K) NonClass: 39657K(40000K)->39657K(40000K) Class: 5323K(5632K)->5323K(5632K)
[2024-08-22T12:56:29.015+0530][gc          ] GC(100) Pause Young (Normal) (G1 Evacuation Pause) 830M->227M(1024M) 13.758ms
[2024-08-22T12:56:29.015+0530][gc,cpu      ] GC(100) User=0.08s Sys=0.00s Real=0.01s
[2024-08-22T12:56:36.155+0530][gc,start    ] GC(101) Pause Young (Normal) (G1 Evacuation Pause)
[2024-08-22T12:56:36.155+0530][gc,task     ] GC(101) Using 8 workers of 8 for evacuation
[2024-08-22T12:56:36.163+0530][gc,phases   ] GC(101)   Pre Evacuate Collection Set: 0.1ms
[2024-08-22T12:56:36.163+0530][gc,phases   ] GC(101)   Merge Heap Roots: 0.2ms
[2024-08-22T12:56:36.163+0530][gc,phases   ] GC(101)   Evacuate Collection Set: 6.7ms
[2024-08-22T12:56:36.163+0530][gc,phases   ] GC(101)   Post Evacuate Collection Set: 0.6ms
[2024-08-22T12:56:36.163+0530][gc,phases   ] GC(101)   Other: 0.2ms
[2024-08-22T12:56:36.163+0530][gc,heap     ] GC(101) Eden regions: 604->0(606)
[2024-08-22T12:56:36.163+0530][gc,heap     ] GC(101) Survivor regions: 10->8(77)
[2024-08-22T12:56:36.163+0530][gc,heap     ] GC(101) Old regions: 88->89
[2024-08-22T12:56:36.163+0530][gc,heap     ] GC(101) Archive regions: 2->2
[2024-08-22T12:56:36.163+0530][gc,heap     ] GC(101) Humongous regions: 129->129
[2024-08-22T12:56:36.163+0530][gc,metaspace] GC(101) Metaspace: 44980K(45632K)->44980K(45632K) NonClass: 39657K(40000K)->39657K(40000K) Class: 5323K(5632K)->5323K(5632K)
[2024-08-22T12:56:36.163+0530][gc          ] GC(101) Pause Young (Normal) (G1 Evacuation Pause) 831M->226M(1024M) 7.866ms
[2024-08-22T12:56:36.163+0530][gc,cpu      ] GC(101) User=0.05s Sys=0.00s Real=0.01s
[2024-08-22T12:56:43.723+0530][gc,start    ] GC(102) Pause Young (Normal) (G1 Evacuation Pause)
[2024-08-22T12:56:43.723+0530][gc,task     ] GC(102) Using 8 workers of 8 for evacuation
[2024-08-22T12:56:43.736+0530][gc,phases   ] GC(102)   Pre Evacuate Collection Set: 0.4ms
[2024-08-22T12:56:43.736+0530][gc,phases   ] GC(102)   Merge Heap Roots: 0.4ms
[2024-08-22T12:56:43.736+0530][gc,phases   ] GC(102)   Evacuate Collection Set: 11.3ms
[2024-08-22T12:56:43.736+0530][gc,phases   ] GC(102)   Post Evacuate Collection Set: 0.8ms
[2024-08-22T12:56:43.736+0530][gc,phases   ] GC(102)   Other: 0.5ms
[2024-08-22T12:56:43.736+0530][gc,heap     ] GC(102) Eden regions: 606->0(605)
[2024-08-22T12:56:43.736+0530][gc,heap     ] GC(102) Survivor regions: 8->9(77)
[2024-08-22T12:56:43.736+0530][gc,heap     ] GC(102) Old regions: 89->89
[2024-08-22T12:56:43.736+0530][gc,heap     ] GC(102) Archive regions: 2->2
[2024-08-22T12:56:43.736+0530][gc,heap     ] GC(102) Humongous regions: 129->129
[2024-08-22T12:56:43.736+0530][gc,metaspace] GC(102) Metaspace: 44981K(45632K)->44981K(45632K) NonClass: 39658K(40000K)->39658K(40000K) Class: 5323K(5632K)->5323K(5632K)
[2024-08-22T12:56:43.736+0530][gc          ] GC(102) Pause Young (Normal) (G1 Evacuation Pause) 832M->227M(1024M) 13.624ms
[2024-08-22T12:56:43.736+0530][gc,cpu      ] GC(102) User=0.08s Sys=0.01s Real=0.01s
[2024-08-22T12:56:52.282+0530][gc,start    ] GC(103) Pause Young (Normal) (G1 Evacuation Pause)
[2024-08-22T12:56:52.282+0530][gc,task     ] GC(103) Using 8 workers of 8 for evacuation
[2024-08-22T12:56:52.293+0530][gc,phases   ] GC(103)   Pre Evacuate Collection Set: 0.1ms
[2024-08-22T12:56:52.293+0530][gc,phases   ] GC(103)   Merge Heap Roots: 0.2ms
[2024-08-22T12:56:52.293+0530][gc,phases   ] GC(103)   Evacuate Collection Set: 10.1ms
[2024-08-22T12:56:52.293+0530][gc,phases   ] GC(103)   Post Evacuate Collection Set: 0.6ms
[2024-08-22T12:56:52.293+0530][gc,phases   ] GC(103)   Other: 0.5ms
[2024-08-22T12:56:52.293+0530][gc,heap     ] GC(103) Eden regions: 605->0(602)
[2024-08-22T12:56:52.293+0530][gc,heap     ] GC(103) Survivor regions: 9->12(77)
[2024-08-22T12:56:52.293+0530][gc,heap     ] GC(103) Old regions: 89->90
[2024-08-22T12:56:52.293+0530][gc,heap     ] GC(103) Archive regions: 2->2
[2024-08-22T12:56:52.293+0530][gc,heap     ] GC(103) Humongous regions: 129->129
[2024-08-22T12:56:52.293+0530][gc,metaspace] GC(103) Metaspace: 44981K(45632K)->44981K(45632K) NonClass: 39658K(40000K)->39658K(40000K) Class: 5323K(5632K)->5323K(5632K)
[2024-08-22T12:56:52.293+0530][gc          ] GC(103) Pause Young (Normal) (G1 Evacuation Pause) 832M->230M(1024M) 11.685ms
[2024-08-22T12:56:52.293+0530][gc,cpu      ] GC(103) User=0.07s Sys=0.00s Real=0.01s
[2024-08-22T12:57:00.196+0530][gc,start    ] GC(104) Pause Young (Normal) (G1 Evacuation Pause)
[2024-08-22T12:57:00.196+0530][gc,task     ] GC(104) Using 8 workers of 8 for evacuation
[2024-08-22T12:57:00.207+0530][gc,phases   ] GC(104)   Pre Evacuate Collection Set: 0.2ms
[2024-08-22T12:57:00.208+0530][gc,phases   ] GC(104)   Merge Heap Roots: 0.3ms
[2024-08-22T12:57:00.208+0530][gc,phases   ] GC(104)   Evacuate Collection Set: 9.8ms
[2024-08-22T12:57:00.208+0530][gc,phases   ] GC(104)   Post Evacuate Collection Set: 0.7ms
[2024-08-22T12:57:00.208+0530][gc,phases   ] GC(104)   Other: 0.3ms
[2024-08-22T12:57:00.208+0530][gc,heap     ] GC(104) Eden regions: 602->0(607)
[2024-08-22T12:57:00.208+0530][gc,heap     ] GC(104) Survivor regions: 12->7(77)
[2024-08-22T12:57:00.208+0530][gc,heap     ] GC(104) Old regions: 90->90
[2024-08-22T12:57:00.208+0530][gc,heap     ] GC(104) Archive regions: 2->2
[2024-08-22T12:57:00.208+0530][gc,heap     ] GC(104) Humongous regions: 129->129
[2024-08-22T12:57:00.208+0530][gc,metaspace] GC(104) Metaspace: 44981K(45632K)->44981K(45632K) NonClass: 39658K(40000K)->39658K(40000K) Class: 5323K(5632K)->5323K(5632K)
[2024-08-22T12:57:00.208+0530][gc          ] GC(104) Pause Young (Normal) (G1 Evacuation Pause) 832M->226M(1024M) 11.702ms
[2024-08-22T12:57:00.208+0530][gc,cpu      ] GC(104) User=0.07s Sys=0.00s Real=0.01s
[2024-08-22T12:57:07.671+0530][gc,start    ] GC(105) Pause Young (Normal) (G1 Evacuation Pause)
[2024-08-22T12:57:07.671+0530][gc,task     ] GC(105) Using 8 workers of 8 for evacuation
[2024-08-22T12:57:07.683+0530][gc,phases   ] GC(105)   Pre Evacuate Collection Set: 0.2ms
[2024-08-22T12:57:07.684+0530][gc,phases   ] GC(105)   Merge Heap Roots: 0.2ms
[2024-08-22T12:57:07.684+0530][gc,phases   ] GC(105)   Evacuate Collection Set: 10.6ms
[2024-08-22T12:57:07.684+0530][gc,phases   ] GC(105)   Post Evacuate Collection Set: 0.8ms
[2024-08-22T12:57:07.684+0530][gc,phases   ] GC(105)   Other: 0.3ms
[2024-08-22T12:57:07.684+0530][gc,heap     ] GC(105) Eden regions: 607->0(604)
[2024-08-22T12:57:07.684+0530][gc,heap     ] GC(105) Survivor regions: 7->10(77)
[2024-08-22T12:57:07.684+0530][gc,heap     ] GC(105) Old regions: 90->91
[2024-08-22T12:57:07.684+0530][gc,heap     ] GC(105) Archive regions: 2->2
[2024-08-22T12:57:07.684+0530][gc,heap     ] GC(105) Humongous regions: 129->129
[2024-08-22T12:57:07.684+0530][gc,metaspace] GC(105) Metaspace: 44981K(45632K)->44981K(45632K) NonClass: 39658K(40000K)->39658K(40000K) Class: 5323K(5632K)->5323K(5632K)
[2024-08-22T12:57:07.684+0530][gc          ] GC(105) Pause Young (Normal) (G1 Evacuation Pause) 833M->230M(1024M) 12.338ms
[2024-08-22T12:57:07.684+0530][gc,cpu      ] GC(105) User=0.06s Sys=0.00s Real=0.01s
[2024-08-22T12:57:15.011+0530][gc,start    ] GC(106) Pause Young (Normal) (G1 Evacuation Pause)
[2024-08-22T12:57:15.012+0530][gc,task     ] GC(106) Using 8 workers of 8 for evacuation
[2024-08-22T12:57:15.021+0530][gc,phases   ] GC(106)   Pre Evacuate Collection Set: 0.1ms
[2024-08-22T12:57:15.021+0530][gc,phases   ] GC(106)   Merge Heap Roots: 0.2ms
[2024-08-22T12:57:15.021+0530][gc,phases   ] GC(106)   Evacuate Collection Set: 8.0ms
[2024-08-22T12:57:15.021+0530][gc,phases   ] GC(106)   Post Evacuate Collection Set: 0.7ms
[2024-08-22T12:57:15.021+0530][gc,phases   ] GC(106)   Other: 0.5ms
[2024-08-22T12:57:15.021+0530][gc,heap     ] GC(106) Eden regions: 604->0(605)
[2024-08-22T12:57:15.021+0530][gc,heap     ] GC(106) Survivor regions: 10->9(77)
[2024-08-22T12:57:15.021+0530][gc,heap     ] GC(106) Old regions: 91->91
[2024-08-22T12:57:15.021+0530][gc,heap     ] GC(106) Archive regions: 2->2
[2024-08-22T12:57:15.021+0530][gc,heap     ] GC(106) Humongous regions: 129->129
[2024-08-22T12:57:15.021+0530][gc,metaspace] GC(106) Metaspace: 44984K(45632K)->44984K(45632K) NonClass: 39660K(40000K)->39660K(40000K) Class: 5323K(5632K)->5323K(5632K)
[2024-08-22T12:57:15.021+0530][gc          ] GC(106) Pause Young (Normal) (G1 Evacuation Pause) 834M->229M(1024M) 9.618ms
[2024-08-22T12:57:15.021+0530][gc,cpu      ] GC(106) User=0.07s Sys=0.00s Real=0.01s
[2024-08-22T12:58:11.317+0530][gc,start    ] GC(107) Pause Young (Normal) (G1 Evacuation Pause)
[2024-08-22T12:58:11.317+0530][gc,task     ] GC(107) Using 8 workers of 8 for evacuation
[2024-08-22T12:58:11.349+0530][gc,mmu      ] GC(107) MMU target violated: 21.0ms (20.0ms/21.0ms)
[2024-08-22T12:58:11.349+0530][gc,phases   ] GC(107)   Pre Evacuate Collection Set: 0.4ms
[2024-08-22T12:58:11.350+0530][gc,phases   ] GC(107)   Merge Heap Roots: 0.4ms
[2024-08-22T12:58:11.350+0530][gc,phases   ] GC(107)   Evacuate Collection Set: 28.9ms
[2024-08-22T12:58:11.350+0530][gc,phases   ] GC(107)   Post Evacuate Collection Set: 2.3ms
[2024-08-22T12:58:11.350+0530][gc,phases   ] GC(107)   Other: 0.7ms
[2024-08-22T12:58:11.350+0530][gc,heap     ] GC(107) Eden regions: 605->0(417)
[2024-08-22T12:58:11.350+0530][gc,heap     ] GC(107) Survivor regions: 9->12(77)
[2024-08-22T12:58:11.350+0530][gc,heap     ] GC(107) Old regions: 91->92
[2024-08-22T12:58:11.350+0530][gc,heap     ] GC(107) Archive regions: 2->2
[2024-08-22T12:58:11.350+0530][gc,heap     ] GC(107) Humongous regions: 129->129
[2024-08-22T12:58:11.350+0530][gc,metaspace] GC(107) Metaspace: 45001K(45632K)->45001K(45632K) NonClass: 39677K(40000K)->39677K(40000K) Class: 5324K(5632K)->5324K(5632K)
[2024-08-22T12:58:11.350+0530][gc          ] GC(107) Pause Young (Normal) (G1 Evacuation Pause) 834M->232M(1024M) 33.147ms
[2024-08-22T12:58:11.350+0530][gc,cpu      ] GC(107) User=0.14s Sys=0.01s Real=0.04s
[2024-08-22T12:58:18.182+0530][gc,start    ] GC(108) Pause Young (Normal) (G1 Evacuation Pause)
[2024-08-22T12:58:18.182+0530][gc,task     ] GC(108) Using 8 workers of 8 for evacuation
[2024-08-22T12:58:18.206+0530][gc,mmu      ] GC(108) MMU target violated: 21.0ms (20.0ms/21.0ms)
[2024-08-22T12:58:18.206+0530][gc,phases   ] GC(108)   Pre Evacuate Collection Set: 0.2ms
[2024-08-22T12:58:18.206+0530][gc,phases   ] GC(108)   Merge Heap Roots: 0.3ms
[2024-08-22T12:58:18.206+0530][gc,phases   ] GC(108)   Evacuate Collection Set: 22.0ms
[2024-08-22T12:58:18.206+0530][gc,phases   ] GC(108)   Post Evacuate Collection Set: 1.4ms
[2024-08-22T12:58:18.206+0530][gc,phases   ] GC(108)   Other: 0.6ms
[2024-08-22T12:58:18.206+0530][gc,heap     ] GC(108) Eden regions: 259->0(53)
[2024-08-22T12:58:18.206+0530][gc,heap     ] GC(108) Survivor regions: 12->12(34)
[2024-08-22T12:58:18.206+0530][gc,heap     ] GC(108) Old regions: 92->92
[2024-08-22T12:58:18.206+0530][gc,heap     ] GC(108) Archive regions: 2->2
[2024-08-22T12:58:18.206+0530][gc,heap     ] GC(108) Humongous regions: 129->129
[2024-08-22T12:58:18.206+0530][gc,metaspace] GC(108) Metaspace: 45001K(45632K)->45001K(45632K) NonClass: 39677K(40000K)->39677K(40000K) Class: 5324K(5632K)->5324K(5632K)
[2024-08-22T12:58:18.206+0530][gc          ] GC(108) Pause Young (Normal) (G1 Evacuation Pause) 491M->232M(1024M) 24.911ms
[2024-08-22T12:58:18.206+0530][gc,cpu      ] GC(108) User=0.13s Sys=0.00s Real=0.02s
[2024-08-22T12:58:19.273+0530][gc,start    ] GC(109) Pause Young (Normal) (G1 Evacuation Pause)
[2024-08-22T12:58:19.273+0530][gc,task     ] GC(109) Using 8 workers of 8 for evacuation
[2024-08-22T12:58:19.310+0530][gc,mmu      ] GC(109) MMU target violated: 21.0ms (20.0ms/21.0ms)
[2024-08-22T12:58:19.310+0530][gc,phases   ] GC(109)   Pre Evacuate Collection Set: 0.2ms
[2024-08-22T12:58:19.310+0530][gc,phases   ] GC(109)   Merge Heap Roots: 0.3ms
[2024-08-22T12:58:19.310+0530][gc,phases   ] GC(109)   Evacuate Collection Set: 35.8ms
[2024-08-22T12:58:19.310+0530][gc,phases   ] GC(109)   Post Evacuate Collection Set: 0.8ms
[2024-08-22T12:58:19.310+0530][gc,phases   ] GC(109)   Other: 0.5ms
[2024-08-22T12:58:19.310+0530][gc,heap     ] GC(109) Eden regions: 46->0(610)
[2024-08-22T12:58:19.311+0530][gc,heap     ] GC(109) Survivor regions: 12->4(8)
[2024-08-22T12:58:19.311+0530][gc,heap     ] GC(109) Old regions: 92->98
[2024-08-22T12:58:19.311+0530][gc,heap     ] GC(109) Archive regions: 2->2
[2024-08-22T12:58:19.311+0530][gc,heap     ] GC(109) Humongous regions: 129->129
[2024-08-22T12:58:19.311+0530][gc,metaspace] GC(109) Metaspace: 45001K(45632K)->45001K(45632K) NonClass: 39677K(40000K)->39677K(40000K) Class: 5324K(5632K)->5324K(5632K)
[2024-08-22T12:58:19.311+0530][gc          ] GC(109) Pause Young (Normal) (G1 Evacuation Pause) 278M->231M(1024M) 38.225ms
[2024-08-22T12:58:19.311+0530][gc,cpu      ] GC(109) User=0.11s Sys=0.02s Real=0.04s
[2024-08-22T12:58:37.878+0530][gc,start    ] GC(110) Pause Young (Normal) (G1 Evacuation Pause)
[2024-08-22T12:58:37.878+0530][gc,task     ] GC(110) Using 8 workers of 8 for evacuation
[2024-08-22T12:58:37.883+0530][gc,phases   ] GC(110)   Pre Evacuate Collection Set: 0.1ms
[2024-08-22T12:58:37.883+0530][gc,phases   ] GC(110)   Merge Heap Roots: 0.2ms
[2024-08-22T12:58:37.883+0530][gc,phases   ] GC(110)   Evacuate Collection Set: 4.6ms
[2024-08-22T12:58:37.883+0530][gc,phases   ] GC(110)   Post Evacuate Collection Set: 0.6ms
[2024-08-22T12:58:37.883+0530][gc,phases   ] GC(110)   Other: 0.2ms
[2024-08-22T12:58:37.883+0530][gc,heap     ] GC(110) Eden regions: 610->0(610)
[2024-08-22T12:58:37.883+0530][gc,heap     ] GC(110) Survivor regions: 4->4(77)
[2024-08-22T12:58:37.884+0530][gc,heap     ] GC(110) Old regions: 98->98
[2024-08-22T12:58:37.884+0530][gc,heap     ] GC(110) Archive regions: 2->2
[2024-08-22T12:58:37.884+0530][gc,heap     ] GC(110) Humongous regions: 129->129
[2024-08-22T12:58:37.884+0530][gc,metaspace] GC(110) Metaspace: 45002K(45632K)->45002K(45632K) NonClass: 39677K(40000K)->39677K(40000K) Class: 5324K(5632K)->5324K(5632K)
[2024-08-22T12:58:37.884+0530][gc          ] GC(110) Pause Young (Normal) (G1 Evacuation Pause) 841M->231M(1024M) 5.976ms
[2024-08-22T12:58:37.884+0530][gc,cpu      ] GC(110) User=0.03s Sys=0.00s Real=0.01s
[2024-08-22T12:59:32.391+0530][gc,start    ] GC(111) Pause Young (Normal) (G1 Evacuation Pause)
[2024-08-22T12:59:32.391+0530][gc,task     ] GC(111) Using 8 workers of 8 for evacuation
[2024-08-22T12:59:32.412+0530][gc,mmu      ] GC(111) MMU target violated: 20.6ms (20.0ms/21.0ms)
[2024-08-22T12:59:32.412+0530][gc,phases   ] GC(111)   Pre Evacuate Collection Set: 0.4ms
[2024-08-22T12:59:32.412+0530][gc,phases   ] GC(111)   Merge Heap Roots: 0.6ms
[2024-08-22T12:59:32.412+0530][gc,phases   ] GC(111)   Evacuate Collection Set: 18.6ms
[2024-08-22T12:59:32.413+0530][gc,phases   ] GC(111)   Post Evacuate Collection Set: 1.0ms
[2024-08-22T12:59:32.413+0530][gc,phases   ] GC(111)   Other: 0.7ms
[2024-08-22T12:59:32.413+0530][gc,heap     ] GC(111) Eden regions: 610->0(377)
[2024-08-22T12:59:32.413+0530][gc,heap     ] GC(111) Survivor regions: 4->8(77)
[2024-08-22T12:59:32.413+0530][gc,heap     ] GC(111) Old regions: 98->98
[2024-08-22T12:59:32.413+0530][gc,heap     ] GC(111) Archive regions: 2->2
[2024-08-22T12:59:32.413+0530][gc,heap     ] GC(111) Humongous regions: 129->129
[2024-08-22T12:59:32.413+0530][gc,metaspace] GC(111) Metaspace: 45018K(45632K)->45018K(45632K) NonClass: 39692K(40000K)->39692K(40000K) Class: 5326K(5632K)->5326K(5632K)
[2024-08-22T12:59:32.413+0530][gc          ] GC(111) Pause Young (Normal) (G1 Evacuation Pause) 841M->235M(1024M) 21.842ms
[2024-08-22T12:59:32.413+0530][gc,cpu      ] GC(111) User=0.10s Sys=0.00s Real=0.02s
[2024-08-22T12:59:42.437+0530][gc,start    ] GC(112) Pause Young (Normal) (G1 Evacuation Pause)
[2024-08-22T12:59:42.437+0530][gc,task     ] GC(112) Using 8 workers of 8 for evacuation
[2024-08-22T12:59:42.453+0530][gc,phases   ] GC(112)   Pre Evacuate Collection Set: 0.3ms
[2024-08-22T12:59:42.453+0530][gc,phases   ] GC(112)   Merge Heap Roots: 0.3ms
[2024-08-22T12:59:42.453+0530][gc,phases   ] GC(112)   Evacuate Collection Set: 12.9ms
[2024-08-22T12:59:42.453+0530][gc,phases   ] GC(112)   Post Evacuate Collection Set: 2.3ms
[2024-08-22T12:59:42.453+0530][gc,phases   ] GC(112)   Other: 0.6ms
[2024-08-22T12:59:42.453+0530][gc,heap     ] GC(112) Eden regions: 377->0(607)
[2024-08-22T12:59:42.453+0530][gc,heap     ] GC(112) Survivor regions: 8->7(49)
[2024-08-22T12:59:42.453+0530][gc,heap     ] GC(112) Old regions: 98->98
[2024-08-22T12:59:42.453+0530][gc,heap     ] GC(112) Archive regions: 2->2
[2024-08-22T12:59:42.453+0530][gc,heap     ] GC(112) Humongous regions: 129->129
[2024-08-22T12:59:42.454+0530][gc,metaspace] GC(112) Metaspace: 45022K(45632K)->45022K(45632K) NonClass: 39696K(40000K)->39696K(40000K) Class: 5326K(5632K)->5326K(5632K)
[2024-08-22T12:59:42.454+0530][gc          ] GC(112) Pause Young (Normal) (G1 Evacuation Pause) 612M->234M(1024M) 17.000ms
[2024-08-22T12:59:42.454+0530][gc,cpu      ] GC(112) User=0.08s Sys=0.00s Real=0.02s
[2024-08-22T13:00:33.071+0530][gc,start    ] GC(113) Pause Young (Normal) (G1 Evacuation Pause)
[2024-08-22T13:00:33.071+0530][gc,task     ] GC(113) Using 8 workers of 8 for evacuation
[2024-08-22T13:00:33.080+0530][gc,phases   ] GC(113)   Pre Evacuate Collection Set: 0.1ms
[2024-08-22T13:00:33.080+0530][gc,phases   ] GC(113)   Merge Heap Roots: 0.1ms
[2024-08-22T13:00:33.080+0530][gc,phases   ] GC(113)   Evacuate Collection Set: 7.6ms
[2024-08-22T13:00:33.080+0530][gc,phases   ] GC(113)   Post Evacuate Collection Set: 0.6ms
[2024-08-22T13:00:33.080+0530][gc,phases   ] GC(113)   Other: 0.2ms
[2024-08-22T13:00:33.080+0530][gc,heap     ] GC(113) Eden regions: 582->0(410)
[2024-08-22T13:00:33.080+0530][gc,heap     ] GC(113) Survivor regions: 7->10(74)
[2024-08-22T13:00:33.080+0530][gc,heap     ] GC(113) Old regions: 98->98
[2024-08-22T13:00:33.080+0530][gc,heap     ] GC(113) Archive regions: 2->2
[2024-08-22T13:00:33.080+0530][gc,heap     ] GC(113) Humongous regions: 129->129
[2024-08-22T13:00:33.080+0530][gc,metaspace] GC(113) Metaspace: 45027K(45632K)->45027K(45632K) NonClass: 39701K(40000K)->39701K(40000K) Class: 5326K(5632K)->5326K(5632K)
[2024-08-22T13:00:33.080+0530][gc          ] GC(113) Pause Young (Normal) (G1 Evacuation Pause) 816M->237M(1024M) 8.707ms
[2024-08-22T13:00:33.080+0530][gc,cpu      ] GC(113) User=0.06s Sys=0.00s Real=0.01s
[2024-08-22T13:00:37.245+0530][gc,start    ] GC(114) Pause Young (Normal) (G1 Evacuation Pause)
[2024-08-22T13:00:37.246+0530][gc,task     ] GC(114) Using 8 workers of 8 for evacuation
[2024-08-22T13:00:37.255+0530][gc,phases   ] GC(114)   Pre Evacuate Collection Set: 0.1ms
[2024-08-22T13:00:37.255+0530][gc,phases   ] GC(114)   Merge Heap Roots: 0.2ms
[2024-08-22T13:00:37.255+0530][gc,phases   ] GC(114)   Evacuate Collection Set: 8.5ms
[2024-08-22T13:00:37.255+0530][gc,phases   ] GC(114)   Post Evacuate Collection Set: 0.5ms
[2024-08-22T13:00:37.255+0530][gc,phases   ] GC(114)   Other: 0.2ms
[2024-08-22T13:00:37.255+0530][gc,heap     ] GC(114) Eden regions: 410->0(606)
[2024-08-22T13:00:37.255+0530][gc,heap     ] GC(114) Survivor regions: 10->8(53)
[2024-08-22T13:00:37.255+0530][gc,heap     ] GC(114) Old regions: 98->98
[2024-08-22T13:00:37.255+0530][gc,heap     ] GC(114) Archive regions: 2->2
[2024-08-22T13:00:37.255+0530][gc,heap     ] GC(114) Humongous regions: 129->129
[2024-08-22T13:00:37.255+0530][gc,metaspace] GC(114) Metaspace: 45027K(45632K)->45027K(45632K) NonClass: 39701K(40000K)->39701K(40000K) Class: 5326K(5632K)->5326K(5632K)
[2024-08-22T13:00:37.255+0530][gc          ] GC(114) Pause Young (Normal) (G1 Evacuation Pause) 647M->235M(1024M) 9.831ms
[2024-08-22T13:00:37.255+0530][gc,cpu      ] GC(114) User=0.05s Sys=0.01s Real=0.01s
[2024-08-22T13:00:43.269+0530][gc,start    ] GC(115) Pause Young (Normal) (G1 Evacuation Pause)
[2024-08-22T13:00:43.270+0530][gc,task     ] GC(115) Using 8 workers of 8 for evacuation
[2024-08-22T13:00:43.279+0530][gc,phases   ] GC(115)   Pre Evacuate Collection Set: 0.1ms
[2024-08-22T13:00:43.279+0530][gc,phases   ] GC(115)   Merge Heap Roots: 0.1ms
[2024-08-22T13:00:43.279+0530][gc,phases   ] GC(115)   Evacuate Collection Set: 8.4ms
[2024-08-22T13:00:43.279+0530][gc,phases   ] GC(115)   Post Evacuate Collection Set: 0.5ms
[2024-08-22T13:00:43.279+0530][gc,phases   ] GC(115)   Other: 0.2ms
[2024-08-22T13:00:43.279+0530][gc,heap     ] GC(115) Eden regions: 606->0(603)
[2024-08-22T13:00:43.279+0530][gc,heap     ] GC(115) Survivor regions: 8->11(77)
[2024-08-22T13:00:43.279+0530][gc,heap     ] GC(115) Old regions: 98->98
[2024-08-22T13:00:43.279+0530][gc,heap     ] GC(115) Archive regions: 2->2
[2024-08-22T13:00:43.279+0530][gc,heap     ] GC(115) Humongous regions: 129->129
[2024-08-22T13:00:43.279+0530][gc,metaspace] GC(115) Metaspace: 45028K(45632K)->45028K(45632K) NonClass: 39702K(40000K)->39702K(40000K) Class: 5326K(5632K)->5326K(5632K)
[2024-08-22T13:00:43.279+0530][gc          ] GC(115) Pause Young (Normal) (G1 Evacuation Pause) 841M->238M(1024M) 9.543ms
[2024-08-22T13:00:43.279+0530][gc,cpu      ] GC(115) User=0.07s Sys=0.00s Real=0.01s
[2024-08-22T13:00:53.564+0530][gc,start    ] GC(116) Pause Young (Normal) (G1 Evacuation Pause)
[2024-08-22T13:00:53.565+0530][gc,task     ] GC(116) Using 8 workers of 8 for evacuation
[2024-08-22T13:00:53.593+0530][gc,mmu      ] GC(116) MMU target violated: 21.0ms (20.0ms/21.0ms)
[2024-08-22T13:00:53.594+0530][gc,phases   ] GC(116)   Pre Evacuate Collection Set: 0.4ms
[2024-08-22T13:00:53.594+0530][gc,phases   ] GC(116)   Merge Heap Roots: 0.4ms
[2024-08-22T13:00:53.594+0530][gc,phases   ] GC(116)   Evacuate Collection Set: 25.8ms
[2024-08-22T13:00:53.594+0530][gc,phases   ] GC(116)   Post Evacuate Collection Set: 2.0ms
[2024-08-22T13:00:53.594+0530][gc,phases   ] GC(116)   Other: 0.8ms
[2024-08-22T13:00:53.594+0530][gc,heap     ] GC(116) Eden regions: 603->0(38)
[2024-08-22T13:00:53.594+0530][gc,heap     ] GC(116) Survivor regions: 11->13(77)
[2024-08-22T13:00:53.594+0530][gc,heap     ] GC(116) Old regions: 98->98
[2024-08-22T13:00:53.594+0530][gc,heap     ] GC(116) Archive regions: 2->2
[2024-08-22T13:00:53.594+0530][gc,heap     ] GC(116) Humongous regions: 129->129
[2024-08-22T13:00:53.594+0530][gc,metaspace] GC(116) Metaspace: 45028K(45632K)->45028K(45632K) NonClass: 39702K(40000K)->39702K(40000K) Class: 5326K(5632K)->5326K(5632K)
[2024-08-22T13:00:53.594+0530][gc          ] GC(116) Pause Young (Normal) (G1 Evacuation Pause) 841M->240M(1024M) 29.851ms
[2024-08-22T13:00:53.595+0530][gc,cpu      ] GC(116) User=0.13s Sys=0.01s Real=0.03s
[2024-08-22T13:00:54.285+0530][gc,start    ] GC(117) Pause Young (Normal) (G1 Evacuation Pause)
[2024-08-22T13:00:54.286+0530][gc,task     ] GC(117) Using 8 workers of 8 for evacuation
[2024-08-22T13:00:54.311+0530][gc,mmu      ] GC(117) MMU target violated: 21.0ms (20.0ms/21.0ms)
[2024-08-22T13:00:54.311+0530][gc,phases   ] GC(117)   Pre Evacuate Collection Set: 0.7ms
[2024-08-22T13:00:54.311+0530][gc,phases   ] GC(117)   Merge Heap Roots: 0.5ms
[2024-08-22T13:00:54.311+0530][gc,phases   ] GC(117)   Evacuate Collection Set: 23.1ms
[2024-08-22T13:00:54.311+0530][gc,phases   ] GC(117)   Post Evacuate Collection Set: 0.6ms
[2024-08-22T13:00:54.311+0530][gc,phases   ] GC(117)   Other: 0.8ms
[2024-08-22T13:00:54.311+0530][gc,heap     ] GC(117) Eden regions: 38->0(611)
[2024-08-22T13:00:54.311+0530][gc,heap     ] GC(117) Survivor regions: 13->3(7)
[2024-08-22T13:00:54.311+0530][gc,heap     ] GC(117) Old regions: 98->107
[2024-08-22T13:00:54.311+0530][gc,heap     ] GC(117) Archive regions: 2->2
[2024-08-22T13:00:54.311+0530][gc,heap     ] GC(117) Humongous regions: 129->129
[2024-08-22T13:00:54.311+0530][gc,metaspace] GC(117) Metaspace: 45028K(45632K)->45028K(45632K) NonClass: 39702K(40000K)->39702K(40000K) Class: 5326K(5632K)->5326K(5632K)
[2024-08-22T13:00:54.311+0530][gc          ] GC(117) Pause Young (Normal) (G1 Evacuation Pause) 278M->238M(1024M) 26.066ms
[2024-08-22T13:00:54.311+0530][gc,cpu      ] GC(117) User=0.11s Sys=0.03s Real=0.03s
[2024-08-22T13:01:03.835+0530][gc,start    ] GC(118) Pause Young (Normal) (G1 Evacuation Pause)
[2024-08-22T13:01:03.835+0530][gc,task     ] GC(118) Using 8 workers of 8 for evacuation
[2024-08-22T13:01:03.839+0530][gc,phases   ] GC(118)   Pre Evacuate Collection Set: 0.1ms
[2024-08-22T13:01:03.839+0530][gc,phases   ] GC(118)   Merge Heap Roots: 0.1ms
[2024-08-22T13:01:03.839+0530][gc,phases   ] GC(118)   Evacuate Collection Set: 3.0ms
[2024-08-22T13:01:03.839+0530][gc,phases   ] GC(118)   Post Evacuate Collection Set: 0.5ms
[2024-08-22T13:01:03.839+0530][gc,phases   ] GC(118)   Other: 0.2ms
[2024-08-22T13:01:03.839+0530][gc,heap     ] GC(118) Eden regions: 611->0(612)
[2024-08-22T13:01:03.839+0530][gc,heap     ] GC(118) Survivor regions: 3->2(77)
[2024-08-22T13:01:03.839+0530][gc,heap     ] GC(118) Old regions: 107->107
[2024-08-22T13:01:03.839+0530][gc,heap     ] GC(118) Archive regions: 2->2
[2024-08-22T13:01:03.839+0530][gc,heap     ] GC(118) Humongous regions: 129->129
[2024-08-22T13:01:03.839+0530][gc,metaspace] GC(118) Metaspace: 45028K(45632K)->45028K(45632K) NonClass: 39702K(40000K)->39702K(40000K) Class: 5326K(5632K)->5326K(5632K)
[2024-08-22T13:01:03.839+0530][gc          ] GC(118) Pause Young (Normal) (G1 Evacuation Pause) 849M->238M(1024M) 4.122ms
[2024-08-22T13:01:03.839+0530][gc,cpu      ] GC(118) User=0.03s Sys=0.00s Real=0.00s
[2024-08-22T13:01:09.714+0530][gc,start    ] GC(119) Pause Young (Normal) (G1 Evacuation Pause)
[2024-08-22T13:01:09.714+0530][gc,task     ] GC(119) Using 8 workers of 8 for evacuation
[2024-08-22T13:01:09.720+0530][gc,phases   ] GC(119)   Pre Evacuate Collection Set: 0.1ms
[2024-08-22T13:01:09.720+0530][gc,phases   ] GC(119)   Merge Heap Roots: 0.1ms
[2024-08-22T13:01:09.720+0530][gc,phases   ] GC(119)   Evacuate Collection Set: 5.1ms
[2024-08-22T13:01:09.720+0530][gc,phases   ] GC(119)   Post Evacuate Collection Set: 0.6ms
[2024-08-22T13:01:09.720+0530][gc,phases   ] GC(119)   Other: 0.2ms
[2024-08-22T13:01:09.720+0530][gc,heap     ] GC(119) Eden regions: 612->0(608)
[2024-08-22T13:01:09.720+0530][gc,heap     ] GC(119) Survivor regions: 2->6(77)
[2024-08-22T13:01:09.720+0530][gc,heap     ] GC(119) Old regions: 107->107
[2024-08-22T13:01:09.720+0530][gc,heap     ] GC(119) Archive regions: 2->2
[2024-08-22T13:01:09.720+0530][gc,heap     ] GC(119) Humongous regions: 129->129
[2024-08-22T13:01:09.720+0530][gc,metaspace] GC(119) Metaspace: 45028K(45632K)->45028K(45632K) NonClass: 39702K(40000K)->39702K(40000K) Class: 5326K(5632K)->5326K(5632K)
[2024-08-22T13:01:09.720+0530][gc          ] GC(119) Pause Young (Normal) (G1 Evacuation Pause) 850M->242M(1024M) 6.255ms
[2024-08-22T13:01:09.720+0530][gc,cpu      ] GC(119) User=0.04s Sys=0.00s Real=0.01s
[2024-08-22T13:01:18.149+0530][gc,start    ] GC(120) Pause Young (Normal) (G1 Evacuation Pause)
[2024-08-22T13:01:18.149+0530][gc,task     ] GC(120) Using 8 workers of 8 for evacuation
[2024-08-22T13:01:18.163+0530][gc,phases   ] GC(120)   Pre Evacuate Collection Set: 0.2ms
[2024-08-22T13:01:18.163+0530][gc,phases   ] GC(120)   Merge Heap Roots: 0.3ms
[2024-08-22T13:01:18.163+0530][gc,phases   ] GC(120)   Evacuate Collection Set: 12.3ms
[2024-08-22T13:01:18.163+0530][gc,phases   ] GC(120)   Post Evacuate Collection Set: 1.4ms
[2024-08-22T13:01:18.163+0530][gc,phases   ] GC(120)   Other: 0.3ms
[2024-08-22T13:01:18.163+0530][gc,heap     ] GC(120) Eden regions: 608->0(608)
[2024-08-22T13:01:18.163+0530][gc,heap     ] GC(120) Survivor regions: 6->6(77)
[2024-08-22T13:01:18.163+0530][gc,heap     ] GC(120) Old regions: 107->107
[2024-08-22T13:01:18.163+0530][gc,heap     ] GC(120) Archive regions: 2->2
[2024-08-22T13:01:18.164+0530][gc,heap     ] GC(120) Humongous regions: 129->129
[2024-08-22T13:01:18.164+0530][gc,metaspace] GC(120) Metaspace: 45028K(45632K)->45028K(45632K) NonClass: 39702K(40000K)->39702K(40000K) Class: 5326K(5632K)->5326K(5632K)
[2024-08-22T13:01:18.164+0530][gc          ] GC(120) Pause Young (Normal) (G1 Evacuation Pause) 850M->241M(1024M) 14.985ms
[2024-08-22T13:01:18.164+0530][gc,cpu      ] GC(120) User=0.08s Sys=0.00s Real=0.02s
[2024-08-22T13:01:26.597+0530][gc,start    ] GC(121) Pause Young (Normal) (G1 Evacuation Pause)
[2024-08-22T13:01:26.597+0530][gc,task     ] GC(121) Using 8 workers of 8 for evacuation
[2024-08-22T13:01:26.605+0530][gc,phases   ] GC(121)   Pre Evacuate Collection Set: 0.2ms
[2024-08-22T13:01:26.605+0530][gc,phases   ] GC(121)   Merge Heap Roots: 0.2ms
[2024-08-22T13:01:26.605+0530][gc,phases   ] GC(121)   Evacuate Collection Set: 6.5ms
[2024-08-22T13:01:26.605+0530][gc,phases   ] GC(121)   Post Evacuate Collection Set: 0.9ms
[2024-08-22T13:01:26.605+0530][gc,phases   ] GC(121)   Other: 0.2ms
[2024-08-22T13:01:26.605+0530][gc,heap     ] GC(121) Eden regions: 608->0(607)
[2024-08-22T13:01:26.605+0530][gc,heap     ] GC(121) Survivor regions: 6->7(77)
[2024-08-22T13:01:26.605+0530][gc,heap     ] GC(121) Old regions: 107->107
[2024-08-22T13:01:26.605+0530][gc,heap     ] GC(121) Archive regions: 2->2
[2024-08-22T13:01:26.605+0530][gc,heap     ] GC(121) Humongous regions: 129->129
[2024-08-22T13:01:26.605+0530][gc,metaspace] GC(121) Metaspace: 45028K(45632K)->45028K(45632K) NonClass: 39702K(40000K)->39702K(40000K) Class: 5326K(5632K)->5326K(5632K)
[2024-08-22T13:01:26.605+0530][gc          ] GC(121) Pause Young (Normal) (G1 Evacuation Pause) 849M->242M(1024M) 8.392ms
[2024-08-22T13:01:26.605+0530][gc,cpu      ] GC(121) User=0.05s Sys=0.00s Real=0.01s
[2024-08-22T13:01:35.852+0530][gc,start    ] GC(122) Pause Young (Normal) (G1 Evacuation Pause)
[2024-08-22T13:01:35.852+0530][gc,task     ] GC(122) Using 8 workers of 8 for evacuation
[2024-08-22T13:01:35.863+0530][gc,phases   ] GC(122)   Pre Evacuate Collection Set: 0.1ms
[2024-08-22T13:01:35.863+0530][gc,phases   ] GC(122)   Merge Heap Roots: 0.2ms
[2024-08-22T13:01:35.863+0530][gc,phases   ] GC(122)   Evacuate Collection Set: 10.0ms
[2024-08-22T13:01:35.863+0530][gc,phases   ] GC(122)   Post Evacuate Collection Set: 0.8ms
[2024-08-22T13:01:35.863+0530][gc,phases   ] GC(122)   Other: 0.2ms
[2024-08-22T13:01:35.863+0530][gc,heap     ] GC(122) Eden regions: 607->0(606)
[2024-08-22T13:01:35.863+0530][gc,heap     ] GC(122) Survivor regions: 7->8(77)
[2024-08-22T13:01:35.863+0530][gc,heap     ] GC(122) Old regions: 107->107
[2024-08-22T13:01:35.863+0530][gc,heap     ] GC(122) Archive regions: 2->2
[2024-08-22T13:01:35.864+0530][gc,heap     ] GC(122) Humongous regions: 129->129
[2024-08-22T13:01:35.864+0530][gc,metaspace] GC(122) Metaspace: 45028K(45632K)->45028K(45632K) NonClass: 39702K(40000K)->39702K(40000K) Class: 5326K(5632K)->5326K(5632K)
[2024-08-22T13:01:35.864+0530][gc          ] GC(122) Pause Young (Normal) (G1 Evacuation Pause) 849M->244M(1024M) 11.675ms
[2024-08-22T13:01:35.864+0530][gc,cpu      ] GC(122) User=0.07s Sys=0.00s Real=0.01s
[2024-08-22T13:01:42.426+0530][gc,start    ] GC(123) Pause Young (Normal) (G1 Evacuation Pause)
[2024-08-22T13:01:42.426+0530][gc,task     ] GC(123) Using 8 workers of 8 for evacuation
[2024-08-22T13:01:42.434+0530][gc,phases   ] GC(123)   Pre Evacuate Collection Set: 0.2ms
[2024-08-22T13:01:42.434+0530][gc,phases   ] GC(123)   Merge Heap Roots: 0.2ms
[2024-08-22T13:01:42.434+0530][gc,phases   ] GC(123)   Evacuate Collection Set: 7.0ms
[2024-08-22T13:01:42.434+0530][gc,phases   ] GC(123)   Post Evacuate Collection Set: 0.6ms
[2024-08-22T13:01:42.434+0530][gc,phases   ] GC(123)   Other: 0.2ms
[2024-08-22T13:01:42.434+0530][gc,heap     ] GC(123) Eden regions: 606->0(605)
[2024-08-22T13:01:42.434+0530][gc,heap     ] GC(123) Survivor regions: 8->9(77)
[2024-08-22T13:01:42.434+0530][gc,heap     ] GC(123) Old regions: 107->107
[2024-08-22T13:01:42.434+0530][gc,heap     ] GC(123) Archive regions: 2->2
[2024-08-22T13:01:42.434+0530][gc,heap     ] GC(123) Humongous regions: 129->129
[2024-08-22T13:01:42.434+0530][gc,metaspace] GC(123) Metaspace: 45029K(45632K)->45029K(45632K) NonClass: 39703K(40000K)->39703K(40000K) Class: 5326K(5632K)->5326K(5632K)
[2024-08-22T13:01:42.434+0530][gc          ] GC(123) Pause Young (Normal) (G1 Evacuation Pause) 850M->245M(1024M) 8.436ms
[2024-08-22T13:01:42.434+0530][gc,cpu      ] GC(123) User=0.06s Sys=0.00s Real=0.01s
[2024-08-22T13:01:49.086+0530][gc,start    ] GC(124) Pause Young (Normal) (G1 Evacuation Pause)
[2024-08-22T13:01:49.086+0530][gc,task     ] GC(124) Using 8 workers of 8 for evacuation
[2024-08-22T13:01:49.095+0530][gc,phases   ] GC(124)   Pre Evacuate Collection Set: 0.1ms
[2024-08-22T13:01:49.095+0530][gc,phases   ] GC(124)   Merge Heap Roots: 0.2ms
[2024-08-22T13:01:49.095+0530][gc,phases   ] GC(124)   Evacuate Collection Set: 8.3ms
[2024-08-22T13:01:49.095+0530][gc,phases   ] GC(124)   Post Evacuate Collection Set: 0.6ms
[2024-08-22T13:01:49.095+0530][gc,phases   ] GC(124)   Other: 0.2ms
[2024-08-22T13:01:49.095+0530][gc,heap     ] GC(124) Eden regions: 605->0(606)
[2024-08-22T13:01:49.095+0530][gc,heap     ] GC(124) Survivor regions: 9->8(77)
[2024-08-22T13:01:49.095+0530][gc,heap     ] GC(124) Old regions: 107->107
[2024-08-22T13:01:49.095+0530][gc,heap     ] GC(124) Archive regions: 2->2
[2024-08-22T13:01:49.095+0530][gc,heap     ] GC(124) Humongous regions: 129->129
[2024-08-22T13:01:49.095+0530][gc,metaspace] GC(124) Metaspace: 45029K(45632K)->45029K(45632K) NonClass: 39703K(40000K)->39703K(40000K) Class: 5326K(5632K)->5326K(5632K)
[2024-08-22T13:01:49.095+0530][gc          ] GC(124) Pause Young (Normal) (G1 Evacuation Pause) 850M->244M(1024M) 9.669ms
[2024-08-22T13:01:49.095+0530][gc,cpu      ] GC(124) User=0.06s Sys=0.00s Real=0.01s
[2024-08-22T13:01:56.409+0530][gc,start    ] GC(125) Pause Young (Normal) (G1 Evacuation Pause)
[2024-08-22T13:01:56.409+0530][gc,task     ] GC(125) Using 8 workers of 8 for evacuation
[2024-08-22T13:01:56.421+0530][gc,phases   ] GC(125)   Pre Evacuate Collection Set: 0.1ms
[2024-08-22T13:01:56.421+0530][gc,phases   ] GC(125)   Merge Heap Roots: 0.2ms
[2024-08-22T13:01:56.421+0530][gc,phases   ] GC(125)   Evacuate Collection Set: 9.9ms
[2024-08-22T13:01:56.421+0530][gc,phases   ] GC(125)   Post Evacuate Collection Set: 1.5ms
[2024-08-22T13:01:56.421+0530][gc,phases   ] GC(125)   Other: 0.2ms
[2024-08-22T13:01:56.421+0530][gc,heap     ] GC(125) Eden regions: 606->0(607)
[2024-08-22T13:01:56.421+0530][gc,heap     ] GC(125) Survivor regions: 8->7(77)
[2024-08-22T13:01:56.421+0530][gc,heap     ] GC(125) Old regions: 107->107
[2024-08-22T13:01:56.421+0530][gc,heap     ] GC(125) Archive regions: 2->2
[2024-08-22T13:01:56.421+0530][gc,heap     ] GC(125) Humongous regions: 129->129
[2024-08-22T13:01:56.421+0530][gc,metaspace] GC(125) Metaspace: 45029K(45632K)->45029K(45632K) NonClass: 39703K(40000K)->39703K(40000K) Class: 5326K(5632K)->5326K(5632K)
[2024-08-22T13:01:56.421+0530][gc          ] GC(125) Pause Young (Normal) (G1 Evacuation Pause) 850M->243M(1024M) 12.188ms
[2024-08-22T13:01:56.422+0530][gc,cpu      ] GC(125) User=0.06s Sys=0.00s Real=0.02s
[2024-08-22T13:02:04.682+0530][gc,start    ] GC(126) Pause Young (Normal) (G1 Evacuation Pause)
[2024-08-22T13:02:04.682+0530][gc,task     ] GC(126) Using 8 workers of 8 for evacuation
[2024-08-22T13:02:04.695+0530][gc,phases   ] GC(126)   Pre Evacuate Collection Set: 0.2ms
[2024-08-22T13:02:04.695+0530][gc,phases   ] GC(126)   Merge Heap Roots: 0.2ms
[2024-08-22T13:02:04.696+0530][gc,phases   ] GC(126)   Evacuate Collection Set: 10.7ms
[2024-08-22T13:02:04.696+0530][gc,phases   ] GC(126)   Post Evacuate Collection Set: 2.5ms
[2024-08-22T13:02:04.696+0530][gc,phases   ] GC(126)   Other: 0.4ms
[2024-08-22T13:02:04.696+0530][gc,heap     ] GC(126) Eden regions: 607->0(605)
[2024-08-22T13:02:04.696+0530][gc,heap     ] GC(126) Survivor regions: 7->9(77)
[2024-08-22T13:02:04.696+0530][gc,heap     ] GC(126) Old regions: 107->107
[2024-08-22T13:02:04.696+0530][gc,heap     ] GC(126) Archive regions: 2->2
[2024-08-22T13:02:04.697+0530][gc,heap     ] GC(126) Humongous regions: 129->129
[2024-08-22T13:02:04.697+0530][gc,metaspace] GC(126) Metaspace: 45029K(45632K)->45029K(45632K) NonClass: 39703K(40000K)->39703K(40000K) Class: 5326K(5632K)->5326K(5632K)
[2024-08-22T13:02:04.697+0530][gc          ] GC(126) Pause Young (Normal) (G1 Evacuation Pause) 850M->245M(1024M) 15.364ms
[2024-08-22T13:02:04.697+0530][gc,cpu      ] GC(126) User=0.07s Sys=0.00s Real=0.01s
[2024-08-22T13:02:12.452+0530][gc,start    ] GC(127) Pause Young (Normal) (G1 Evacuation Pause)
[2024-08-22T13:02:12.452+0530][gc,task     ] GC(127) Using 8 workers of 8 for evacuation
[2024-08-22T13:02:12.462+0530][gc,phases   ] GC(127)   Pre Evacuate Collection Set: 0.1ms
[2024-08-22T13:02:12.462+0530][gc,phases   ] GC(127)   Merge Heap Roots: 0.2ms
[2024-08-22T13:02:12.462+0530][gc,phases   ] GC(127)   Evacuate Collection Set: 9.5ms
[2024-08-22T13:02:12.462+0530][gc,phases   ] GC(127)   Post Evacuate Collection Set: 0.8ms
[2024-08-22T13:02:12.462+0530][gc,phases   ] GC(127)   Other: 0.2ms
[2024-08-22T13:02:12.463+0530][gc,heap     ] GC(127) Eden regions: 605->0(604)
[2024-08-22T13:02:12.463+0530][gc,heap     ] GC(127) Survivor regions: 9->10(77)
[2024-08-22T13:02:12.463+0530][gc,heap     ] GC(127) Old regions: 107->107
[2024-08-22T13:02:12.463+0530][gc,heap     ] GC(127) Archive regions: 2->2
[2024-08-22T13:02:12.463+0530][gc,heap     ] GC(127) Humongous regions: 129->129
[2024-08-22T13:02:12.463+0530][gc,metaspace] GC(127) Metaspace: 45029K(45632K)->45029K(45632K) NonClass: 39703K(40000K)->39703K(40000K) Class: 5326K(5632K)->5326K(5632K)
[2024-08-22T13:02:12.463+0530][gc          ] GC(127) Pause Young (Normal) (G1 Evacuation Pause) 850M->245M(1024M) 11.098ms
[2024-08-22T13:02:12.463+0530][gc,cpu      ] GC(127) User=0.06s Sys=0.00s Real=0.01s
[2024-08-22T13:02:24.246+0530][gc,start    ] GC(128) Pause Young (Normal) (G1 Evacuation Pause)
[2024-08-22T13:02:24.246+0530][gc,task     ] GC(128) Using 8 workers of 8 for evacuation
[2024-08-22T13:02:24.258+0530][gc,phases   ] GC(128)   Pre Evacuate Collection Set: 0.1ms
[2024-08-22T13:02:24.258+0530][gc,phases   ] GC(128)   Merge Heap Roots: 0.2ms
[2024-08-22T13:02:24.258+0530][gc,phases   ] GC(128)   Evacuate Collection Set: 11.1ms
[2024-08-22T13:02:24.258+0530][gc,phases   ] GC(128)   Post Evacuate Collection Set: 0.7ms
[2024-08-22T13:02:24.258+0530][gc,phases   ] GC(128)   Other: 0.4ms
[2024-08-22T13:02:24.258+0530][gc,heap     ] GC(128) Eden regions: 604->0(603)
[2024-08-22T13:02:24.258+0530][gc,heap     ] GC(128) Survivor regions: 10->11(77)
[2024-08-22T13:02:24.258+0530][gc,heap     ] GC(128) Old regions: 107->107
[2024-08-22T13:02:24.258+0530][gc,heap     ] GC(128) Archive regions: 2->2
[2024-08-22T13:02:24.258+0530][gc,heap     ] GC(128) Humongous regions: 129->129
[2024-08-22T13:02:24.258+0530][gc,metaspace] GC(128) Metaspace: 45030K(45632K)->45030K(45632K) NonClass: 39704K(40000K)->39704K(40000K) Class: 5326K(5632K)->5326K(5632K)
[2024-08-22T13:02:24.258+0530][gc          ] GC(128) Pause Young (Normal) (G1 Evacuation Pause) 849M->247M(1024M) 12.809ms
[2024-08-22T13:02:24.259+0530][gc,cpu      ] GC(128) User=0.07s Sys=0.00s Real=0.01s
[2024-08-22T13:03:53.292+0530][gc,start    ] GC(129) Pause Young (Normal) (G1 Evacuation Pause)
[2024-08-22T13:03:53.294+0530][gc,task     ] GC(129) Using 8 workers of 8 for evacuation
[2024-08-22T13:03:53.315+0530][gc,mmu      ] GC(129) MMU target violated: 20.7ms (20.0ms/21.0ms)
[2024-08-22T13:03:53.315+0530][gc,phases   ] GC(129)   Pre Evacuate Collection Set: 2.4ms
[2024-08-22T13:03:53.315+0530][gc,phases   ] GC(129)   Merge Heap Roots: 1.1ms
[2024-08-22T13:03:53.315+0530][gc,phases   ] GC(129)   Evacuate Collection Set: 14.5ms
[2024-08-22T13:03:53.315+0530][gc,phases   ] GC(129)   Post Evacuate Collection Set: 2.7ms
[2024-08-22T13:03:53.315+0530][gc,phases   ] GC(129)   Other: 2.5ms
[2024-08-22T13:03:53.315+0530][gc,heap     ] GC(129) Eden regions: 603->0(604)
[2024-08-22T13:03:53.315+0530][gc,heap     ] GC(129) Survivor regions: 11->10(77)
[2024-08-22T13:03:53.315+0530][gc,heap     ] GC(129) Old regions: 107->107
[2024-08-22T13:03:53.315+0530][gc,heap     ] GC(129) Archive regions: 2->2
[2024-08-22T13:03:53.315+0530][gc,heap     ] GC(129) Humongous regions: 129->129
[2024-08-22T13:03:53.315+0530][gc,metaspace] GC(129) Metaspace: 45067K(45760K)->45067K(45760K) NonClass: 39733K(40128K)->39733K(40128K) Class: 5333K(5632K)->5333K(5632K)
[2024-08-22T13:03:53.316+0530][gc          ] GC(129) Pause Young (Normal) (G1 Evacuation Pause) 850M->246M(1024M) 23.580ms
[2024-08-22T13:03:53.316+0530][gc,cpu      ] GC(129) User=0.11s Sys=0.01s Real=0.02s
[2024-08-22T13:05:06.138+0530][gc,start    ] GC(130) Pause Young (Normal) (G1 Evacuation Pause)
[2024-08-22T13:05:06.138+0530][gc,task     ] GC(130) Using 8 workers of 8 for evacuation
[2024-08-22T13:05:06.154+0530][gc,phases   ] GC(130)   Pre Evacuate Collection Set: 0.2ms
[2024-08-22T13:05:06.155+0530][gc,phases   ] GC(130)   Merge Heap Roots: 0.2ms
[2024-08-22T13:05:06.155+0530][gc,phases   ] GC(130)   Evacuate Collection Set: 14.7ms
[2024-08-22T13:05:06.155+0530][gc,phases   ] GC(130)   Post Evacuate Collection Set: 1.1ms
[2024-08-22T13:05:06.155+0530][gc,phases   ] GC(130)   Other: 0.2ms
[2024-08-22T13:05:06.155+0530][gc,heap     ] GC(130) Eden regions: 604->0(601)
[2024-08-22T13:05:06.155+0530][gc,heap     ] GC(130) Survivor regions: 10->13(77)
[2024-08-22T13:05:06.155+0530][gc,heap     ] GC(130) Old regions: 107->107
[2024-08-22T13:05:06.155+0530][gc,heap     ] GC(130) Archive regions: 2->2
[2024-08-22T13:05:06.155+0530][gc,heap     ] GC(130) Humongous regions: 129->129
[2024-08-22T13:05:06.155+0530][gc,metaspace] GC(130) Metaspace: 45087K(45760K)->45087K(45760K) NonClass: 39749K(40128K)->39749K(40128K) Class: 5338K(5632K)->5338K(5632K)
[2024-08-22T13:05:06.155+0530][gc          ] GC(130) Pause Young (Normal) (G1 Evacuation Pause) 850M->249M(1024M) 16.601ms
[2024-08-22T13:05:06.155+0530][gc,cpu      ] GC(130) User=0.11s Sys=0.00s Real=0.02s
[2024-08-22T13:06:23.253+0530][gc,start    ] GC(131) Pause Young (Normal) (G1 Evacuation Pause)
[2024-08-22T13:06:23.255+0530][gc,task     ] GC(131) Using 8 workers of 8 for evacuation
[2024-08-22T13:06:23.266+0530][gc,phases   ] GC(131)   Pre Evacuate Collection Set: 0.1ms
[2024-08-22T13:06:23.266+0530][gc,phases   ] GC(131)   Merge Heap Roots: 0.1ms
[2024-08-22T13:06:23.266+0530][gc,phases   ] GC(131)   Evacuate Collection Set: 10.4ms
[2024-08-22T13:06:23.266+0530][gc,phases   ] GC(131)   Post Evacuate Collection Set: 0.5ms
[2024-08-22T13:06:23.266+0530][gc,phases   ] GC(131)   Other: 2.0ms
[2024-08-22T13:06:23.266+0530][gc,heap     ] GC(131) Eden regions: 601->0(402)
[2024-08-22T13:06:23.266+0530][gc,heap     ] GC(131) Survivor regions: 13->16(77)
[2024-08-22T13:06:23.266+0530][gc,heap     ] GC(131) Old regions: 107->107
[2024-08-22T13:06:23.266+0530][gc,heap     ] GC(131) Archive regions: 2->2
[2024-08-22T13:06:23.266+0530][gc,heap     ] GC(131) Humongous regions: 129->129
[2024-08-22T13:06:23.266+0530][gc,metaspace] GC(131) Metaspace: 45099K(45760K)->45099K(45760K) NonClass: 39761K(40128K)->39761K(40128K) Class: 5338K(5632K)->5338K(5632K)
[2024-08-22T13:06:23.266+0530][gc          ] GC(131) Pause Young (Normal) (G1 Evacuation Pause) 850M->252M(1024M) 13.328ms
[2024-08-22T13:06:23.266+0530][gc,cpu      ] GC(131) User=0.08s Sys=0.00s Real=0.01s
[2024-08-22T13:07:13.988+0530][gc,start    ] GC(132) Pause Young (Normal) (G1 Evacuation Pause)
[2024-08-22T13:07:13.990+0530][gc,task     ] GC(132) Using 8 workers of 8 for evacuation
[2024-08-22T13:07:14.002+0530][gc,phases   ] GC(132)   Pre Evacuate Collection Set: 0.1ms
[2024-08-22T13:07:14.002+0530][gc,phases   ] GC(132)   Merge Heap Roots: 0.1ms
[2024-08-22T13:07:14.002+0530][gc,phases   ] GC(132)   Evacuate Collection Set: 11.0ms
[2024-08-22T13:07:14.002+0530][gc,phases   ] GC(132)   Post Evacuate Collection Set: 0.4ms
[2024-08-22T13:07:14.002+0530][gc,phases   ] GC(132)   Other: 1.9ms
[2024-08-22T13:07:14.002+0530][gc,heap     ] GC(132) Eden regions: 402->0(414)
[2024-08-22T13:07:14.002+0530][gc,heap     ] GC(132) Survivor regions: 16->18(53)
[2024-08-22T13:07:14.002+0530][gc,heap     ] GC(132) Old regions: 107->107
[2024-08-22T13:07:14.002+0530][gc,heap     ] GC(132) Archive regions: 2->2
[2024-08-22T13:07:14.002+0530][gc,heap     ] GC(132) Humongous regions: 129->129
[2024-08-22T13:07:14.002+0530][gc,metaspace] GC(132) Metaspace: 45110K(45760K)->45110K(45760K) NonClass: 39772K(40128K)->39772K(40128K) Class: 5338K(5632K)->5338K(5632K)
[2024-08-22T13:07:14.002+0530][gc          ] GC(132) Pause Young (Normal) (G1 Evacuation Pause) 654M->254M(1024M) 13.807ms
[2024-08-22T13:07:14.002+0530][gc,cpu      ] GC(132) User=0.08s Sys=0.00s Real=0.02s
[2024-08-22T13:08:04.562+0530][gc,start    ] GC(133) Pause Young (Normal) (G1 Evacuation Pause)
[2024-08-22T13:08:04.562+0530][gc,task     ] GC(133) Using 8 workers of 8 for evacuation
[2024-08-22T13:08:04.577+0530][gc,phases   ] GC(133)   Pre Evacuate Collection Set: 0.1ms
[2024-08-22T13:08:04.577+0530][gc,phases   ] GC(133)   Merge Heap Roots: 0.2ms
[2024-08-22T13:08:04.577+0530][gc,phases   ] GC(133)   Evacuate Collection Set: 13.8ms
[2024-08-22T13:08:04.577+0530][gc,phases   ] GC(133)   Post Evacuate Collection Set: 0.6ms
[2024-08-22T13:08:04.577+0530][gc,phases   ] GC(133)   Other: 0.2ms
[2024-08-22T13:08:04.577+0530][gc,heap     ] GC(133) Eden regions: 388->0(130)
[2024-08-22T13:08:04.577+0530][gc,heap     ] GC(133) Survivor regions: 18->23(51)
[2024-08-22T13:08:04.577+0530][gc,heap     ] GC(133) Old regions: 107->108
[2024-08-22T13:08:04.577+0530][gc,heap     ] GC(133) Archive regions: 2->2
[2024-08-22T13:08:04.577+0530][gc,heap     ] GC(133) Humongous regions: 129->129
[2024-08-22T13:08:04.577+0530][gc,metaspace] GC(133) Metaspace: 45125K(45760K)->45125K(45760K) NonClass: 39783K(40128K)->39783K(40128K) Class: 5341K(5632K)->5341K(5632K)
[2024-08-22T13:08:04.577+0530][gc          ] GC(133) Pause Young (Normal) (G1 Evacuation Pause) 642M->260M(1024M) 15.115ms
[2024-08-22T13:08:04.577+0530][gc,cpu      ] GC(133) User=0.12s Sys=0.00s Real=0.01s
[2024-08-22T13:08:10.797+0530][gc,start    ] GC(134) Pause Young (Normal) (G1 Evacuation Pause)
[2024-08-22T13:08:10.797+0530][gc,task     ] GC(134) Using 8 workers of 8 for evacuation
[2024-08-22T13:08:10.816+0530][gc,phases   ] GC(134)   Pre Evacuate Collection Set: 0.2ms
[2024-08-22T13:08:10.816+0530][gc,phases   ] GC(134)   Merge Heap Roots: 0.2ms
[2024-08-22T13:08:10.817+0530][gc,phases   ] GC(134)   Evacuate Collection Set: 18.4ms
[2024-08-22T13:08:10.817+0530][gc,phases   ] GC(134)   Post Evacuate Collection Set: 0.3ms
[2024-08-22T13:08:10.817+0530][gc,phases   ] GC(134)   Other: 0.2ms
[2024-08-22T13:08:10.817+0530][gc,heap     ] GC(134) Eden regions: 52->0(610)
[2024-08-22T13:08:10.817+0530][gc,heap     ] GC(134) Survivor regions: 23->4(10)
[2024-08-22T13:08:10.817+0530][gc,heap     ] GC(134) Old regions: 108->129
[2024-08-22T13:08:10.817+0530][gc,heap     ] GC(134) Archive regions: 2->2
[2024-08-22T13:08:10.817+0530][gc,heap     ] GC(134) Humongous regions: 129->129
[2024-08-22T13:08:10.817+0530][gc,metaspace] GC(134) Metaspace: 45125K(45760K)->45125K(45760K) NonClass: 39783K(40128K)->39783K(40128K) Class: 5341K(5632K)->5341K(5632K)
[2024-08-22T13:08:10.817+0530][gc          ] GC(134) Pause Young (Normal) (G1 Evacuation Pause) 312M->262M(1024M) 19.476ms
[2024-08-22T13:08:10.817+0530][gc,cpu      ] GC(134) User=0.11s Sys=0.03s Real=0.02s
[2024-08-22T13:09:33.713+0530][gc,start    ] GC(135) Pause Young (Normal) (G1 Evacuation Pause)
[2024-08-22T13:09:33.713+0530][gc,task     ] GC(135) Using 8 workers of 8 for evacuation
[2024-08-22T13:09:33.718+0530][gc,phases   ] GC(135)   Pre Evacuate Collection Set: 0.1ms
[2024-08-22T13:09:33.718+0530][gc,phases   ] GC(135)   Merge Heap Roots: 0.2ms
[2024-08-22T13:09:33.718+0530][gc,phases   ] GC(135)   Evacuate Collection Set: 4.4ms
[2024-08-22T13:09:33.718+0530][gc,phases   ] GC(135)   Post Evacuate Collection Set: 0.5ms
[2024-08-22T13:09:33.718+0530][gc,phases   ] GC(135)   Other: 0.3ms
[2024-08-22T13:09:33.718+0530][gc,heap     ] GC(135) Eden regions: 610->0(610)
[2024-08-22T13:09:33.718+0530][gc,heap     ] GC(135) Survivor regions: 4->4(77)
[2024-08-22T13:09:33.718+0530][gc,heap     ] GC(135) Old regions: 129->129
[2024-08-22T13:09:33.718+0530][gc,heap     ] GC(135) Archive regions: 2->2
[2024-08-22T13:09:33.718+0530][gc,heap     ] GC(135) Humongous regions: 129->129
[2024-08-22T13:09:33.719+0530][gc,metaspace] GC(135) Metaspace: 45129K(45760K)->45129K(45760K) NonClass: 39788K(40128K)->39788K(40128K) Class: 5341K(5632K)->5341K(5632K)
[2024-08-22T13:09:33.719+0530][gc          ] GC(135) Pause Young (Normal) (G1 Evacuation Pause) 872M->262M(1024M) 5.677ms
[2024-08-22T13:09:33.719+0530][gc,cpu      ] GC(135) User=0.04s Sys=0.00s Real=0.00s
[2024-08-22T13:10:52.621+0530][gc,start    ] GC(136) Pause Young (Normal) (G1 Evacuation Pause)
[2024-08-22T13:10:52.621+0530][gc,task     ] GC(136) Using 8 workers of 8 for evacuation
[2024-08-22T13:10:52.630+0530][gc,phases   ] GC(136)   Pre Evacuate Collection Set: 0.1ms
[2024-08-22T13:10:52.630+0530][gc,phases   ] GC(136)   Merge Heap Roots: 0.1ms
[2024-08-22T13:10:52.630+0530][gc,phases   ] GC(136)   Evacuate Collection Set: 7.8ms
[2024-08-22T13:10:52.630+0530][gc,phases   ] GC(136)   Post Evacuate Collection Set: 0.7ms
[2024-08-22T13:10:52.630+0530][gc,phases   ] GC(136)   Other: 0.3ms
[2024-08-22T13:10:52.630+0530][gc,heap     ] GC(136) Eden regions: 610->0(606)
[2024-08-22T13:10:52.630+0530][gc,heap     ] GC(136) Survivor regions: 4->8(77)
[2024-08-22T13:10:52.630+0530][gc,heap     ] GC(136) Old regions: 129->129
[2024-08-22T13:10:52.630+0530][gc,heap     ] GC(136) Archive regions: 2->2
[2024-08-22T13:10:52.630+0530][gc,heap     ] GC(136) Humongous regions: 129->129
[2024-08-22T13:10:52.630+0530][gc,metaspace] GC(136) Metaspace: 45141K(45760K)->45141K(45760K) NonClass: 39799K(40128K)->39799K(40128K) Class: 5341K(5632K)->5341K(5632K)
[2024-08-22T13:10:52.630+0530][gc          ] GC(136) Pause Young (Normal) (G1 Evacuation Pause) 872M->265M(1024M) 9.242ms
[2024-08-22T13:10:52.630+0530][gc,cpu      ] GC(136) User=0.04s Sys=0.00s Real=0.01s
[2024-08-22T13:12:06.474+0530][gc,start    ] GC(137) Pause Young (Normal) (G1 Evacuation Pause)
[2024-08-22T13:12:06.475+0530][gc,task     ] GC(137) Using 8 workers of 8 for evacuation
[2024-08-22T13:12:06.485+0530][gc,phases   ] GC(137)   Pre Evacuate Collection Set: 0.2ms
[2024-08-22T13:12:06.485+0530][gc,phases   ] GC(137)   Merge Heap Roots: 0.2ms
[2024-08-22T13:12:06.485+0530][gc,phases   ] GC(137)   Evacuate Collection Set: 9.3ms
[2024-08-22T13:12:06.485+0530][gc,phases   ] GC(137)   Post Evacuate Collection Set: 0.8ms
[2024-08-22T13:12:06.485+0530][gc,phases   ] GC(137)   Other: 0.4ms
[2024-08-22T13:12:06.486+0530][gc,heap     ] GC(137) Eden regions: 606->0(603)
[2024-08-22T13:12:06.486+0530][gc,heap     ] GC(137) Survivor regions: 8->11(77)
[2024-08-22T13:12:06.486+0530][gc,heap     ] GC(137) Old regions: 129->129
[2024-08-22T13:12:06.486+0530][gc,heap     ] GC(137) Archive regions: 2->2
[2024-08-22T13:12:06.486+0530][gc,heap     ] GC(137) Humongous regions: 129->129
[2024-08-22T13:12:06.486+0530][gc,metaspace] GC(137) Metaspace: 45153K(45824K)->45153K(45824K) NonClass: 39812K(40192K)->39812K(40192K) Class: 5341K(5632K)->5341K(5632K)
[2024-08-22T13:12:06.486+0530][gc          ] GC(137) Pause Young (Normal) (G1 Evacuation Pause) 871M->269M(1024M) 11.358ms
[2024-08-22T13:12:06.486+0530][gc,cpu      ] GC(137) User=0.06s Sys=0.00s Real=0.01s
[2024-08-22T13:13:23.407+0530][gc,start    ] GC(138) Pause Young (Normal) (G1 Evacuation Pause)
[2024-08-22T13:13:23.407+0530][gc,task     ] GC(138) Using 8 workers of 8 for evacuation
[2024-08-22T13:13:23.417+0530][gc,phases   ] GC(138)   Pre Evacuate Collection Set: 0.1ms
[2024-08-22T13:13:23.417+0530][gc,phases   ] GC(138)   Merge Heap Roots: 0.1ms
[2024-08-22T13:13:23.417+0530][gc,phases   ] GC(138)   Evacuate Collection Set: 9.5ms
[2024-08-22T13:13:23.417+0530][gc,phases   ] GC(138)   Post Evacuate Collection Set: 0.6ms
[2024-08-22T13:13:23.417+0530][gc,phases   ] GC(138)   Other: 0.2ms
[2024-08-22T13:13:23.417+0530][gc,heap     ] GC(138) Eden regions: 603->0(600)
[2024-08-22T13:13:23.417+0530][gc,heap     ] GC(138) Survivor regions: 11->14(77)
[2024-08-22T13:13:23.417+0530][gc,heap     ] GC(138) Old regions: 129->129
[2024-08-22T13:13:23.417+0530][gc,heap     ] GC(138) Archive regions: 2->2
[2024-08-22T13:13:23.417+0530][gc,heap     ] GC(138) Humongous regions: 129->129
[2024-08-22T13:13:23.417+0530][gc,metaspace] GC(138) Metaspace: 45170K(45824K)->45170K(45824K) NonClass: 39829K(40192K)->39829K(40192K) Class: 5341K(5632K)->5341K(5632K)
[2024-08-22T13:13:23.417+0530][gc          ] GC(138) Pause Young (Normal) (G1 Evacuation Pause) 872M->272M(1024M) 10.821ms
[2024-08-22T13:13:23.417+0530][gc,cpu      ] GC(138) User=0.07s Sys=0.00s Real=0.01s
[2024-08-22T13:36:57.283+0530][gc,start    ] GC(139) Pause Young (Normal) (G1 Evacuation Pause)
[2024-08-22T13:36:57.283+0530][gc,task     ] GC(139) Using 8 workers of 8 for evacuation
[2024-08-22T13:36:57.303+0530][gc,phases   ] GC(139)   Pre Evacuate Collection Set: 0.1ms
[2024-08-22T13:36:57.303+0530][gc,phases   ] GC(139)   Merge Heap Roots: 0.1ms
[2024-08-22T13:36:57.303+0530][gc,phases   ] GC(139)   Evacuate Collection Set: 18.6ms
[2024-08-22T13:36:57.303+0530][gc,phases   ] GC(139)   Post Evacuate Collection Set: 0.6ms
[2024-08-22T13:36:57.303+0530][gc,phases   ] GC(139)   Other: 0.2ms
[2024-08-22T13:36:57.303+0530][gc,heap     ] GC(139) Eden regions: 600->0(102)
[2024-08-22T13:36:57.303+0530][gc,heap     ] GC(139) Survivor regions: 14->24(77)
[2024-08-22T13:36:57.303+0530][gc,heap     ] GC(139) Old regions: 129->129
[2024-08-22T13:36:57.303+0530][gc,heap     ] GC(139) Archive regions: 2->2
[2024-08-22T13:36:57.303+0530][gc,heap     ] GC(139) Humongous regions: 129->129
[2024-08-22T13:36:57.303+0530][gc,metaspace] GC(139) Metaspace: 45237K(45888K)->45237K(45888K) NonClass: 39895K(40256K)->39895K(40256K) Class: 5341K(5632K)->5341K(5632K)
[2024-08-22T13:36:57.303+0530][gc          ] GC(139) Pause Young (Normal) (G1 Evacuation Pause) 872M->282M(1024M) 19.830ms
[2024-08-22T13:36:57.303+0530][gc,cpu      ] GC(139) User=0.11s Sys=0.01s Real=0.02s
[2024-08-22T13:44:00.372+0530][gc,start    ] GC(140) Pause Young (Normal) (G1 Evacuation Pause)
[2024-08-22T13:44:00.373+0530][gc,task     ] GC(140) Using 8 workers of 8 for evacuation
[2024-08-22T13:44:00.405+0530][gc,mmu      ] GC(140) MMU target violated: 21.0ms (20.0ms/21.0ms)
[2024-08-22T13:44:00.406+0530][gc,phases   ] GC(140)   Pre Evacuate Collection Set: 0.3ms
[2024-08-22T13:44:00.406+0530][gc,phases   ] GC(140)   Merge Heap Roots: 0.1ms
[2024-08-22T13:44:00.406+0530][gc,phases   ] GC(140)   Evacuate Collection Set: 31.5ms
[2024-08-22T13:44:00.406+0530][gc,phases   ] GC(140)   Post Evacuate Collection Set: 0.5ms
[2024-08-22T13:44:00.406+0530][gc,phases   ] GC(140)   Other: 0.6ms
[2024-08-22T13:44:00.406+0530][gc,heap     ] GC(140) Eden regions: 102->0(606)
[2024-08-22T13:44:00.406+0530][gc,heap     ] GC(140) Survivor regions: 24->8(16)
[2024-08-22T13:44:00.406+0530][gc,heap     ] GC(140) Old regions: 129->152
[2024-08-22T13:44:00.406+0530][gc,heap     ] GC(140) Archive regions: 2->2
[2024-08-22T13:44:00.406+0530][gc,heap     ] GC(140) Humongous regions: 129->129
[2024-08-22T13:44:00.406+0530][gc,metaspace] GC(140) Metaspace: 45272K(45888K)->45272K(45888K) NonClass: 39930K(40256K)->39930K(40256K) Class: 5341K(5632K)->5341K(5632K)
[2024-08-22T13:44:00.406+0530][gc          ] GC(140) Pause Young (Normal) (G1 Evacuation Pause) 384M->289M(1024M) 33.154ms
[2024-08-22T13:44:00.406+0530][gc,cpu      ] GC(140) User=0.16s Sys=0.07s Real=0.03s
